C:/Users/salem/Downloads/slave_workspace/STM32CubeExpansion_LRWAN_V2.1.0/Projects/B-L072Z-LRWAN1/Applications/SubGHz_Phy/SubGHz_Phy_PingPong/SubGHz_Phy/App/subghz_phy_app.c:473:13:ESP32_Cmd_Process	152	static
C:/Users/salem/Downloads/slave_workspace/STM32CubeExpansion_LRWAN_V2.1.0/Projects/B-L072Z-LRWAN1/Applications/SubGHz_Phy/SubGHz_Phy_PingPong/SubGHz_Phy/App/subghz_phy_app.c:365:13:Slave_Process	320	static
C:/Users/salem/Downloads/slave_workspace/STM32CubeExpansion_LRWAN_V2.1.0/Projects/B-L072Z-LRWAN1/Applications/SubGHz_Phy/SubGHz_Phy_PingPong/SubGHz_Phy/App/subghz_phy_app.c:504:13:OnledEvent	8	static
C:/Users/salem/Downloads/slave_workspace/STM32CubeExpansion_LRWAN_V2.1.0/Projects/B-L072Z-LRWAN1/Applications/SubGHz_Phy/SubGHz_Phy_PingPong/SubGHz_Phy/App/subghz_phy_app.c:350:13:OnRxError	8	static
C:/Users/salem/Downloads/slave_workspace/STM32CubeExpansion_LRWAN_V2.1.0/Projects/B-L072Z-LRWAN1/Applications/SubGHz_Phy/SubGHz_Phy_PingPong/SubGHz_Phy/App/subghz_phy_app.c:337:13:OnRxTimeout	8	static
C:/Users/salem/Downloads/slave_workspace/STM32CubeExpansion_LRWAN_V2.1.0/Projects/B-L072Z-LRWAN1/Applications/SubGHz_Phy/SubGHz_Phy_PingPong/SubGHz_Phy/App/subghz_phy_app.c:322:13:OnTxTimeout	8	static
C:/Users/salem/Downloads/slave_workspace/STM32CubeExpansion_LRWAN_V2.1.0/Projects/B-L072Z-LRWAN1/Applications/SubGHz_Phy/SubGHz_Phy_PingPong/SubGHz_Phy/App/subghz_phy_app.c:285:13:OnRxDone	24	static
C:/Users/salem/Downloads/slave_workspace/STM32CubeExpansion_LRWAN_V2.1.0/Projects/B-L072Z-LRWAN1/Applications/SubGHz_Phy/SubGHz_Phy_PingPong/SubGHz_Phy/App/subghz_phy_app.c:272:13:OnTxDone	8	static
C:/Users/salem/Downloads/slave_workspace/STM32CubeExpansion_LRWAN_V2.1.0/Projects/B-L072Z-LRWAN1/Applications/SubGHz_Phy/SubGHz_Phy_PingPong/SubGHz_Phy/App/subghz_phy_app.c:122:6:SubghzApp_Init	120	static
