../Application/Core/fatfs_sd_card.c:42:13:SPI_TxBuffer	16	static
../Application/Core/fatfs_sd_card.c:35:13:SPI_TxByte	16	static
../Application/Core/fatfs_sd_card.c:21:13:SELECT	8	static
../Application/Core/fatfs_sd_card.c:28:13:DESELECT	8	static
../Application/Core/fatfs_sd_card.c:49:16:SPI_RxByte	24	static
../Application/Core/fatfs_sd_card.c:87:13:SD_PowerOn	16	static
../Application/Core/fatfs_sd_card.c:71:16:SD_ReadyWait	8	static
../Application/Core/fatfs_sd_card.c:166:13:SD_TxDataBlock	16	static
../Application/Core/fatfs_sd_card.c:208:13:SD_SendCmd	16	static
../Application/Core/fatfs_sd_card.c:137:13:SD_RxDataBlock	16	static
../Application/Core/fatfs_sd_card.c:247:9:SD_disk_initialize	32	static
../Application/Core/fatfs_sd_card.c:347:9:SD_disk_status	0	static
../Application/Core/fatfs_sd_card.c:354:9:SD_disk_read	16	static
../Application/Core/fatfs_sd_card.c:396:9:SD_disk_write	24	static
../Application/Core/fatfs_sd_card.c:451:9:SD_disk_ioctl	32	static
