19:29:11 **** Build of configuration Debug for project cmwx1zzabz_0xx ****
make all 
arm-none-eabi-gcc "../Application/Core/esp32_uart.c" -mcpu=cortex-m0plus -std=gnu11 -g3 -DSTM32L072xx -DCMWX1ZZABZ0XX -c -I../../../SubGHz_Phy/App -I../../../SubGHz_Phy/Target -I../../../Core/Inc -I../../../../../../../../Utilities/misc -I../../../../../../../../Utilities/timer -I../../../../../../../../Utilities/trace/adv_trace -I../../../../../../../../Utilities/lpm/tiny_lpm -I../../../../../../../../Utilities/sequencer -I../../../../../../../../Drivers/BSP/B-L072Z-LRWAN1 -I../../../../../../../../Drivers/BSP/CMWX1ZZABZ_0xx -I../../../../../../../../Drivers/STM32L0xx_HAL_Driver/Inc -I../../../../../../../../Drivers/CMSIS/Device/ST/STM32L0xx/Include -I../../../../../../../../Drivers/CMSIS/Include -I../../../../../../../../Middlewares/Third_Party/SubGHz_Phy -I../../../../../../../../Middlewares/Third_Party/SubGHz_Phy/sx1276 -Os -ffunction-sections -Wall -fstack-usage -fcyclomatic-complexity -MMD -MP -MF"Application/Core/esp32_uart.d" -MT"Application/Core/esp32_uart.o" --specs=nano.specs -mfloat-abi=soft -mthumb -o "Application/Core/esp32_uart.o"
../Application/Core/esp32_uart.c: In function 'ESP32_UART_Init':
../Application/Core/esp32_uart.c:50:9: warning: implicit declaration of function 'Error_Handler' [-Wimplicit-function-declaration]
   50 |         Error_Handler();
      |         ^~~~~~~~~~~~~
arm-none-eabi-gcc "C:/Users/salem/Downloads/slave_workspace/STM32CubeExpansion_LRWAN_V2.1.0/Projects/B-L072Z-LRWAN1/Applications/SubGHz_Phy/SubGHz_Phy_PingPong/Core/Src/usart.c" -mcpu=cortex-m0plus -std=gnu11 -g3 -DSTM32L072xx -DCMWX1ZZABZ0XX -c -I../../../SubGHz_Phy/App -I../../../SubGHz_Phy/Target -I../../../Core/Inc -I../../../../../../../../Utilities/misc -I../../../../../../../../Utilities/timer -I../../../../../../../../Utilities/trace/adv_trace -I../../../../../../../../Utilities/lpm/tiny_lpm -I../../../../../../../../Utilities/sequencer -I../../../../../../../../Drivers/BSP/B-L072Z-LRWAN1 -I../../../../../../../../Drivers/BSP/CMWX1ZZABZ_0xx -I../../../../../../../../Drivers/STM32L0xx_HAL_Driver/Inc -I../../../../../../../../Drivers/CMSIS/Device/ST/STM32L0xx/Include -I../../../../../../../../Drivers/CMSIS/Include -I../../../../../../../../Middlewares/Third_Party/SubGHz_Phy -I../../../../../../../../Middlewares/Third_Party/SubGHz_Phy/sx1276 -Os -ffunction-sections -Wall -fstack-usage -fcyclomatic-complexity -MMD -MP -MF"Application/Core/usart.d" -MT"Application/Core/usart.o" --specs=nano.specs -mfloat-abi=soft -mthumb -o "Application/Core/usart.o"
arm-none-eabi-gcc "C:/Users/salem/Downloads/slave_workspace/STM32CubeExpansion_LRWAN_V2.1.0/Projects/B-L072Z-LRWAN1/Applications/SubGHz_Phy/SubGHz_Phy_PingPong/Core/Src/usart_if.c" -mcpu=cortex-m0plus -std=gnu11 -g3 -DSTM32L072xx -DCMWX1ZZABZ0XX -c -I../../../SubGHz_Phy/App -I../../../SubGHz_Phy/Target -I../../../Core/Inc -I../../../../../../../../Utilities/misc -I../../../../../../../../Utilities/timer -I../../../../../../../../Utilities/trace/adv_trace -I../../../../../../../../Utilities/lpm/tiny_lpm -I../../../../../../../../Utilities/sequencer -I../../../../../../../../Drivers/BSP/B-L072Z-LRWAN1 -I../../../../../../../../Drivers/BSP/CMWX1ZZABZ_0xx -I../../../../../../../../Drivers/STM32L0xx_HAL_Driver/Inc -I../../../../../../../../Drivers/CMSIS/Device/ST/STM32L0xx/Include -I../../../../../../../../Drivers/CMSIS/Include -I../../../../../../../../Middlewares/Third_Party/SubGHz_Phy -I../../../../../../../../Middlewares/Third_Party/SubGHz_Phy/sx1276 -Os -ffunction-sections -Wall -fstack-usage -fcyclomatic-complexity -MMD -MP -MF"Application/Core/usart_if.d" -MT"Application/Core/usart_if.o" --specs=nano.specs -mfloat-abi=soft -mthumb -o "Application/Core/usart_if.o"
arm-none-eabi-gcc "C:/Users/salem/Downloads/slave_workspace/STM32CubeExpansion_LRWAN_V2.1.0/Projects/B-L072Z-LRWAN1/Applications/SubGHz_Phy/SubGHz_Phy_PingPong/SubGHz_Phy/App/subghz_phy_app.c" -mcpu=cortex-m0plus -std=gnu11 -g3 -DSTM32L072xx -DCMWX1ZZABZ0XX -c -I../../../SubGHz_Phy/App -I../../../SubGHz_Phy/Target -I../../../Core/Inc -I../../../../../../../../Utilities/misc -I../../../../../../../../Utilities/timer -I../../../../../../../../Utilities/trace/adv_trace -I../../../../../../../../Utilities/lpm/tiny_lpm -I../../../../../../../../Utilities/sequencer -I../../../../../../../../Drivers/BSP/B-L072Z-LRWAN1 -I../../../../../../../../Drivers/BSP/CMWX1ZZABZ_0xx -I../../../../../../../../Drivers/STM32L0xx_HAL_Driver/Inc -I../../../../../../../../Drivers/CMSIS/Device/ST/STM32L0xx/Include -I../../../../../../../../Drivers/CMSIS/Include -I../../../../../../../../Middlewares/Third_Party/SubGHz_Phy -I../../../../../../../../Middlewares/Third_Party/SubGHz_Phy/sx1276 -Os -ffunction-sections -Wall -fstack-usage -fcyclomatic-complexity -MMD -MP -MF"Application/App/subghz_phy_app.d" -MT"Application/App/subghz_phy_app.o" --specs=nano.specs -mfloat-abi=soft -mthumb -o "Application/App/subghz_phy_app.o"
arm-none-eabi-gcc -o "cmwx1zzabz_0xx.elf" @"objects.list"   -mcpu=cortex-m0plus -T"../STM32L072CZTx_FLASH.ld" --specs=nosys.specs -Wl,-Map="cmwx1zzabz_0xx.map" -Wl,--gc-sections -static -Wl,--no-warn-rwx-segments --specs=nano.specs -mfloat-abi=soft -mthumb -Wl,--start-group -lc -lm -Wl,--end-group
Finished building target: cmwx1zzabz_0xx.elf
 
arm-none-eabi-size  cmwx1zzabz_0xx.elf 
   text	   data	    bss	    dec	    hex	filename
  30108	    152	   4736	  34996	   88b4	cmwx1zzabz_0xx.elf
Finished building: default.size.stdout
 
arm-none-eabi-objdump -h -S cmwx1zzabz_0xx.elf  > "cmwx1zzabz_0xx.list"
Finished building: cmwx1zzabz_0xx.list
 
arm-none-eabi-objcopy  -O binary cmwx1zzabz_0xx.elf  "cmwx1zzabz_0xx.bin"
Finished building: cmwx1zzabz_0xx.bin
 

19:29:19 Build Finished. 0 errors, 1 warnings. (took 8s.152ms)

