C:/Users/salem/Downloads/master_workspace/STM32CubeExpansion_LRWAN_V2.1.0/Projects/B-L072Z-LRWAN1/Applications/SubGHz_Phy/SubGHz_Phy_PingPong/SubGHz_Phy/App/subghz_phy_app.c:632:13:SendTimerCallback	40	static
C:/Users/salem/Downloads/master_workspace/STM32CubeExpansion_LRWAN_V2.1.0/Projects/B-L072Z-LRWAN1/Applications/SubGHz_Phy/SubGHz_Phy_PingPong/SubGHz_Phy/App/subghz_phy_app.c:643:13:OnledEvent	8	static
C:/Users/salem/Downloads/master_workspace/STM32CubeExpansion_LRWAN_V2.1.0/Projects/B-L072Z-LRWAN1/Applications/SubGHz_Phy/SubGHz_Phy_PingPong/SubGHz_Phy/App/subghz_phy_app.c:411:13:OnRxError	8	static
C:/Users/salem/Downloads/master_workspace/STM32CubeExpansion_LRWAN_V2.1.0/Projects/B-L072Z-LRWAN1/Applications/SubGHz_Phy/SubGHz_Phy_PingPong/SubGHz_Phy/App/subghz_phy_app.c:398:13:OnRxTimeout	8	static
C:/Users/salem/Downloads/master_workspace/STM32CubeExpansion_LRWAN_V2.1.0/Projects/B-L072Z-LRWAN1/Applications/SubGHz_Phy/SubGHz_Phy_PingPong/SubGHz_Phy/App/subghz_phy_app.c:385:13:OnTxTimeout	8	static
C:/Users/salem/Downloads/master_workspace/STM32CubeExpansion_LRWAN_V2.1.0/Projects/B-L072Z-LRWAN1/Applications/SubGHz_Phy/SubGHz_Phy_PingPong/SubGHz_Phy/App/subghz_phy_app.c:349:13:OnRxDone	32	static
C:/Users/salem/Downloads/master_workspace/STM32CubeExpansion_LRWAN_V2.1.0/Projects/B-L072Z-LRWAN1/Applications/SubGHz_Phy/SubGHz_Phy_PingPong/SubGHz_Phy/App/subghz_phy_app.c:318:13:OnTxDone	8	static
C:/Users/salem/Downloads/master_workspace/STM32CubeExpansion_LRWAN_V2.1.0/Projects/B-L072Z-LRWAN1/Applications/SubGHz_Phy/SubGHz_Phy_PingPong/SubGHz_Phy/App/subghz_phy_app.c:189:6:SubghzApp_Init	72	static
C:/Users/salem/Downloads/master_workspace/STM32CubeExpansion_LRWAN_V2.1.0/Projects/B-L072Z-LRWAN1/Applications/SubGHz_Phy/SubGHz_Phy_PingPong/SubGHz_Phy/App/subghz_phy_app.c:665:13:SD_SaveMissedPacket	24	static
C:/Users/salem/Downloads/master_workspace/STM32CubeExpansion_LRWAN_V2.1.0/Projects/B-L072Z-LRWAN1/Applications/SubGHz_Phy/SubGHz_Phy_PingPong/SubGHz_Phy/App/subghz_phy_app.c:445:13:Master_Process	40	static
