Archive member included to satisfy reference by file (symbol)

C:/ST/STM32CubeIDE_1.18.1/STM32CubeIDE/plugins/com.st.stm32cube.ide.mcu.externaltools.gnu-tools-for-stm32.13.3.rel1.win32_1.0.0.202411081344/tools/bin/../lib/gcc/arm-none-eabi/13.3.1/../../../../arm-none-eabi/lib/thumb/v6-m/nofp\libc_nano.a(libc_a-exit.o)
                              C:/ST/STM32CubeIDE_1.18.1/STM32CubeIDE/plugins/com.st.stm32cube.ide.mcu.externaltools.gnu-tools-for-stm32.13.3.rel1.win32_1.0.0.202411081344/tools/bin/../lib/gcc/arm-none-eabi/13.3.1/../../../../arm-none-eabi/lib/thumb/v6-m/nofp/crt0.o (exit)
C:/ST/STM32CubeIDE_1.18.1/STM32CubeIDE/plugins/com.st.stm32cube.ide.mcu.externaltools.gnu-tools-for-stm32.13.3.rel1.win32_1.0.0.202411081344/tools/bin/../lib/gcc/arm-none-eabi/13.3.1/../../../../arm-none-eabi/lib/thumb/v6-m/nofp\libc_nano.a(libc_a-findfp.o)
                              C:/ST/STM32CubeIDE_1.18.1/STM32CubeIDE/plugins/com.st.stm32cube.ide.mcu.externaltools.gnu-tools-for-stm32.13.3.rel1.win32_1.0.0.202411081344/tools/bin/../lib/gcc/arm-none-eabi/13.3.1/../../../../arm-none-eabi/lib/thumb/v6-m/nofp\libc_nano.a(libc_a-exit.o) (__stdio_exit_handler)
C:/ST/STM32CubeIDE_1.18.1/STM32CubeIDE/plugins/com.st.stm32cube.ide.mcu.externaltools.gnu-tools-for-stm32.13.3.rel1.win32_1.0.0.202411081344/tools/bin/../lib/gcc/arm-none-eabi/13.3.1/../../../../arm-none-eabi/lib/thumb/v6-m/nofp\libc_nano.a(libc_a-fwalk.o)
                              C:/ST/STM32CubeIDE_1.18.1/STM32CubeIDE/plugins/com.st.stm32cube.ide.mcu.externaltools.gnu-tools-for-stm32.13.3.rel1.win32_1.0.0.202411081344/tools/bin/../lib/gcc/arm-none-eabi/13.3.1/../../../../arm-none-eabi/lib/thumb/v6-m/nofp\libc_nano.a(libc_a-findfp.o) (_fwalk_sglue)
C:/ST/STM32CubeIDE_1.18.1/STM32CubeIDE/plugins/com.st.stm32cube.ide.mcu.externaltools.gnu-tools-for-stm32.13.3.rel1.win32_1.0.0.202411081344/tools/bin/../lib/gcc/arm-none-eabi/13.3.1/../../../../arm-none-eabi/lib/thumb/v6-m/nofp\libc_nano.a(libc_a-snprintf.o)
                              ./Application/App/subghz_phy_app.o (snprintf)
C:/ST/STM32CubeIDE_1.18.1/STM32CubeIDE/plugins/com.st.stm32cube.ide.mcu.externaltools.gnu-tools-for-stm32.13.3.rel1.win32_1.0.0.202411081344/tools/bin/../lib/gcc/arm-none-eabi/13.3.1/../../../../arm-none-eabi/lib/thumb/v6-m/nofp\libc_nano.a(libc_a-stdio.o)
                              C:/ST/STM32CubeIDE_1.18.1/STM32CubeIDE/plugins/com.st.stm32cube.ide.mcu.externaltools.gnu-tools-for-stm32.13.3.rel1.win32_1.0.0.202411081344/tools/bin/../lib/gcc/arm-none-eabi/13.3.1/../../../../arm-none-eabi/lib/thumb/v6-m/nofp\libc_nano.a(libc_a-findfp.o) (__sread)
C:/ST/STM32CubeIDE_1.18.1/STM32CubeIDE/plugins/com.st.stm32cube.ide.mcu.externaltools.gnu-tools-for-stm32.13.3.rel1.win32_1.0.0.202411081344/tools/bin/../lib/gcc/arm-none-eabi/13.3.1/../../../../arm-none-eabi/lib/thumb/v6-m/nofp\libc_nano.a(libc_a-memset.o)
                              C:/ST/STM32CubeIDE_1.18.1/STM32CubeIDE/plugins/com.st.stm32cube.ide.mcu.externaltools.gnu-tools-for-stm32.13.3.rel1.win32_1.0.0.202411081344/tools/bin/../lib/gcc/arm-none-eabi/13.3.1/../../../../arm-none-eabi/lib/thumb/v6-m/nofp/crt0.o (memset)
C:/ST/STM32CubeIDE_1.18.1/STM32CubeIDE/plugins/com.st.stm32cube.ide.mcu.externaltools.gnu-tools-for-stm32.13.3.rel1.win32_1.0.0.202411081344/tools/bin/../lib/gcc/arm-none-eabi/13.3.1/../../../../arm-none-eabi/lib/thumb/v6-m/nofp\libc_nano.a(libc_a-strncmp.o)
                              ./Application/App/subghz_phy_app.o (strncmp)
C:/ST/STM32CubeIDE_1.18.1/STM32CubeIDE/plugins/com.st.stm32cube.ide.mcu.externaltools.gnu-tools-for-stm32.13.3.rel1.win32_1.0.0.202411081344/tools/bin/../lib/gcc/arm-none-eabi/13.3.1/../../../../arm-none-eabi/lib/thumb/v6-m/nofp\libc_nano.a(libc_a-closer.o)
                              C:/ST/STM32CubeIDE_1.18.1/STM32CubeIDE/plugins/com.st.stm32cube.ide.mcu.externaltools.gnu-tools-for-stm32.13.3.rel1.win32_1.0.0.202411081344/tools/bin/../lib/gcc/arm-none-eabi/13.3.1/../../../../arm-none-eabi/lib/thumb/v6-m/nofp\libc_nano.a(libc_a-stdio.o) (_close_r)
C:/ST/STM32CubeIDE_1.18.1/STM32CubeIDE/plugins/com.st.stm32cube.ide.mcu.externaltools.gnu-tools-for-stm32.13.3.rel1.win32_1.0.0.202411081344/tools/bin/../lib/gcc/arm-none-eabi/13.3.1/../../../../arm-none-eabi/lib/thumb/v6-m/nofp\libc_nano.a(libc_a-reent.o)
                              C:/ST/STM32CubeIDE_1.18.1/STM32CubeIDE/plugins/com.st.stm32cube.ide.mcu.externaltools.gnu-tools-for-stm32.13.3.rel1.win32_1.0.0.202411081344/tools/bin/../lib/gcc/arm-none-eabi/13.3.1/../../../../arm-none-eabi/lib/thumb/v6-m/nofp\libc_nano.a(libc_a-closer.o) (errno)
C:/ST/STM32CubeIDE_1.18.1/STM32CubeIDE/plugins/com.st.stm32cube.ide.mcu.externaltools.gnu-tools-for-stm32.13.3.rel1.win32_1.0.0.202411081344/tools/bin/../lib/gcc/arm-none-eabi/13.3.1/../../../../arm-none-eabi/lib/thumb/v6-m/nofp\libc_nano.a(libc_a-impure.o)
[...]
Memory Configuration

Name             Origin             Length             Attributes
FLASH            0x08000000         0x00030000         xr
RAM              0x20000000         0x00005000         xrw
*default*        0x00000000         0xffffffff

Linker script and memory map

LOAD C:/ST/STM32CubeIDE_1.18.1/STM32CubeIDE/plugins/com.st.stm32cube.ide.mcu.externaltools.gnu-tools-for-stm32.13.3.rel1.win32_1.0.0.202411081344/tools/bin/../lib/gcc/arm-none-eabi/13.3.1/thumb/v6-m/nofp/crti.o
LOAD C:/ST/STM32CubeIDE_1.18.1/STM32CubeIDE/plugins/com.st.stm32cube.ide.mcu.externaltools.gnu-tools-for-stm32.13.3.rel1.win32_1.0.0.202411081344/tools/bin/../lib/gcc/arm-none-eabi/13.3.1/thumb/v6-m/nofp/crtbegin.o
LOAD C:/ST/STM32CubeIDE_1.18.1/STM32CubeIDE/plugins/com.st.stm32cube.ide.mcu.externaltools.gnu-tools-for-stm32.13.3.rel1.win32_1.0.0.202411081344/tools/bin/../lib/gcc/arm-none-eabi/13.3.1/../../../../arm-none-eabi/lib/thumb/v6-m/nofp/crt0.o
LOAD ./Application/App/app_subghz_phy.o
LOAD ./Application/App/master_done.o
LOAD ./Application/App/subghz_phy_app.o
LOAD ./Application/Core/dma.o
LOAD ./Application/Core/fatfs_sd_card.o
LOAD ./Application/Core/main.o
LOAD ./Application/Core/rtc.o
LOAD ./Application/Core/rtc_if.o
LOAD ./Application/Core/stm32_lpm_if.o
LOAD ./Application/Core/stm32l0xx_hal_msp.o
LOAD ./Application/Core/stm32l0xx_it.o
LOAD ./Application/Core/sys_app.o
LOAD ./Application/Core/sys_debug.o
LOAD ./Application/Core/usart.o
LOAD ./Application/Core/usart_if.o
LOAD ./Application/SW4STM32/startup_stm32l072xx.o
LOAD ./Application/SW4STM32/syscalls.o
LOAD ./Application/Target/b_l072z_lrwan1_bus.o
LOAD ./Drivers/BSP/B-L072Z-LRWAN1/b-l072z-lrwan1.o
LOAD ./Drivers/BSP/CMWX1ZZABZ_0xx/cmwx1zzabz_0xx.o
LOAD ./Drivers/CMSIS/system_stm32l0xx.o
LOAD ./Drivers/STM32L0xx_HAL_Driver/stm32l0xx_hal.o
LOAD ./Drivers/STM32L0xx_HAL_Driver/stm32l0xx_hal_adc.o
LOAD ./Drivers/STM32L0xx_HAL_Driver/stm32l0xx_hal_adc_ex.o
LOAD ./Drivers/STM32L0xx_HAL_Driver/stm32l0xx_hal_cortex.o
LOAD ./Drivers/STM32L0xx_HAL_Driver/stm32l0xx_hal_dma.o
LOAD ./Drivers/STM32L0xx_HAL_Driver/stm32l0xx_hal_exti.o
LOAD ./Drivers/STM32L0xx_HAL_Driver/stm32l0xx_hal_gpio.o
LOAD ./Drivers/STM32L0xx_HAL_Driver/stm32l0xx_hal_i2c.o
LOAD ./Drivers/STM32L0xx_HAL_Driver/stm32l0xx_hal_pwr.o
LOAD ./Drivers/STM32L0xx_HAL_Driver/stm32l0xx_hal_pwr_ex.o
LOAD ./Drivers/STM32L0xx_HAL_Driver/stm32l0xx_hal_rcc.o
LOAD ./Drivers/STM32L0xx_HAL_Driver/stm32l0xx_hal_rcc_ex.o
LOAD ./Drivers/STM32L0xx_HAL_Driver/stm32l0xx_hal_rtc.o
LOAD ./Drivers/STM32L0xx_HAL_Driver/stm32l0xx_hal_rtc_ex.o
LOAD ./Drivers/STM32L0xx_HAL_Driver/stm32l0xx_hal_spi.o
LOAD ./Drivers/STM32L0xx_HAL_Driver/stm32l0xx_hal_tim.o
LOAD ./Drivers/STM32L0xx_HAL_Driver/stm32l0xx_hal_tim_ex.o
LOAD ./Drivers/STM32L0xx_HAL_Driver/stm32l0xx_hal_uart.o
LOAD ./Drivers/STM32L0xx_HAL_Driver/stm32l0xx_hal_uart_ex.o
LOAD ./FATFS/App/fatfs.o
LOAD ./FATFS/Target/user_diskio.o
LOAD ./Middlewares/SubGHz_Phy/sx1276.o
LOAD ./Middlewares/Third_Party/FatFs/src/diskio.o
LOAD ./Middlewares/Third_Party/FatFs/src/ff.o
LOAD ./Middlewares/Third_Party/FatFs/src/ff_gen_drv.o
LOAD ./Middlewares/Third_Party/FatFs/src/option/ccsbcs.o
LOAD ./Middlewares/Third_Party/FatFs/src/option/syscall.o
LOAD ./Utilities/stm32_adv_trace.o
LOAD ./Utilities/stm32_lpm.o
LOAD ./Utilities/stm32_mem.o
LOAD ./Utilities/stm32_seq.o
LOAD ./Utilities/stm32_systime.o
LOAD ./Utilities/stm32_timer.o
LOAD ./Utilities/stm32_tiny_vsnprintf.o
START GROUP
LOAD C:/ST/STM32CubeIDE_1.18.1/STM32CubeIDE/plugins/com.st.stm32cube.ide.mcu.externaltools.gnu-tools-for-stm32.13.3.rel1.win32_1.0.0.202411081344/tools/bin/../lib/gcc/arm-none-eabi/13.3.1/../../../../arm-none-eabi/lib/thumb/v6-m/nofp\libc_nano.a
LOAD C:/ST/STM32CubeIDE_1.18.1/STM32CubeIDE/plugins/com.st.stm32cube.ide.mcu.externaltools.gnu-tools-for-stm32.13.3.rel1.win32_1.0.0.202411081344/tools/bin/../lib/gcc/arm-none-eabi/13.3.1/../../../../arm-none-eabi/lib/thumb/v6-m/nofp\libm.a
END GROUP
START GROUP
LOAD C:/ST/STM32CubeIDE_1.18.1/STM32CubeIDE/plugins/com.st.stm32cube.ide.mcu.externaltools.gnu-tools-for-stm32.13.3.rel1.win32_1.0.0.202411081344/tools/bin/../lib/gcc/arm-none-eabi/13.3.1/thumb/v6-m/nofp\libgcc.a
LOAD C:/ST/STM32CubeIDE_1.18.1/STM32CubeIDE/plugins/com.st.stm32cube.ide.mcu.externaltools.gnu-tools-for-stm32.13.3.rel1.win32_1.0.0.202411081344/tools/bin/../lib/gcc/arm-none-eabi/13.3.1/../../../../arm-none-eabi/lib/thumb/v6-m/nofp\libc_nano.a
END GROUP
START GROUP
LOAD C:/ST/STM32CubeIDE_1.18.1/STM32CubeIDE/plugins/com.st.stm32cube.ide.mcu.externaltools.gnu-tools-for-stm32.13.3.rel1.win32_1.0.0.202411081344/tools/bin/../lib/gcc/arm-none-eabi/13.3.1/thumb/v6-m/nofp\libgcc.a
LOAD C:/ST/STM32CubeIDE_1.18.1/STM32CubeIDE/plugins/com.st.stm32cube.ide.mcu.externaltools.gnu-tools-for-stm32.13.3.rel1.win32_1.0.0.202411081344/tools/bin/../lib/gcc/arm-none-eabi/13.3.1/../../../../arm-none-eabi/lib/thumb/v6-m/nofp\libc_nano.a
LOAD C:/ST/STM32CubeIDE_1.18.1/STM32CubeIDE/plugins/com.st.stm32cube.ide.mcu.externaltools.gnu-tools-for-stm32.13.3.rel1.win32_1.0.0.202411081344/tools/bin/../lib/gcc/arm-none-eabi/13.3.1/../../../../arm-none-eabi/lib/thumb/v6-m/nofp\libnosys.a
END GROUP
START GROUP
LOAD C:/ST/STM32CubeIDE_1.18.1/STM32CubeIDE/plugins/com.st.stm32cube.ide.mcu.externaltools.gnu-tools-for-stm32.13.3.rel1.win32_1.0.0.202411081344/tools/bin/../lib/gcc/arm-none-eabi/13.3.1/thumb/v6-m/nofp\libgcc.a
LOAD C:/ST/STM32CubeIDE_1.18.1/STM32CubeIDE/plugins/com.st.stm32cube.ide.mcu.externaltools.gnu-tools-for-stm32.13.3.rel1.win32_1.0.0.202411081344/tools/bin/../lib/gcc/arm-none-eabi/13.3.1/../../../../arm-none-eabi/lib/thumb/v6-m/nofp\libc_nano.a
LOAD C:/ST/STM32CubeIDE_1.18.1/STM32CubeIDE/plugins/com.st.stm32cube.ide.mcu.externaltools.gnu-tools-for-stm32.13.3.rel1.win32_1.0.0.202411081344/tools/bin/../lib/gcc/arm-none-eabi/13.3.1/../../../../arm-none-eabi/lib/thumb/v6-m/nofp\libnosys.a
END GROUP
LOAD C:/ST/STM32CubeIDE_1.18.1/STM32CubeIDE/plugins/com.st.stm32cube.ide.mcu.externaltools.gnu-tools-for-stm32.13.3.rel1.win32_1.0.0.202411081344/tools/bin/../lib/gcc/arm-none-eabi/13.3.1/thumb/v6-m/nofp/crtend.o
LOAD C:/ST/STM32CubeIDE_1.18.1/STM32CubeIDE/plugins/com.st.stm32cube.ide.mcu.externaltools.gnu-tools-for-stm32.13.3.rel1.win32_1.0.0.202411081344/tools/bin/../lib/gcc/arm-none-eabi/13.3.1/thumb/v6-m/nofp/crtn.o
                0x20005000                        _estack = 0x20005000
                0x00000200                        _Min_Heap_Size = 0x200
                0x00000400                        _Min_Stack_Size = 0x400

.isr_vector     0x08000000       0xc0
                0x08000000                        . = ALIGN (0x4)
 *(.isr_vector)
 .isr_vector    0x08000000       0xc0 ./Application/SW4STM32/startup_stm32l072xx.o
                0x08000000                g_pfnVectors
                0x080000c0                        . = ALIGN (0x4)

.text           0x080000c0     0x6db0
                0x080000c0                        . = ALIGN (0x4)
 *(.text)
 .text          0x080000c0       0x48 C:/ST/STM32CubeIDE_1.18.1/STM32CubeIDE/plugins/com.st.stm32cube.ide.mcu.externaltools.gnu-tools-for-stm32.13.3.rel1.win32_1.0.0.202411081344/tools/bin/../lib/gcc/arm-none-eabi/13.3.1/thumb/v6-m/nofp/crtbegin.o
 .text          0x08000108        0xe C:/ST/STM32CubeIDE_1.18.1/STM32CubeIDE/plugins/com.st.stm32cube.ide.mcu.externaltools.gnu-tools-for-stm32.13.3.rel1.win32_1.0.0.202411081344/tools/bin/../lib/gcc/arm-none-eabi/13.3.1/../../../../arm-none-eabi/lib/thumb/v6-m/nofp\libc_nano.a(libc_a-strlen.o)
                0x08000108                strlen
 *fill*         0x08000116        0x2 
 .text          0x08000118       0x14 C:/ST/STM32CubeIDE_1.18.1/STM32CubeIDE/plugins/com.st.stm32cube.ide.mcu.externaltools.gnu-tools-for-stm32.13.3.rel1.win32_1.0.0.202411081344/tools/bin/../lib/gcc/arm-none-eabi/13.3.1/thumb/v6-m/nofp\libgcc.a(_thumb1_case_uqi.o)
                0x08000118                __gnu_thumb1_case_uqi
 .text          0x0800012c       0x14 C:/ST/STM32CubeIDE_1.18.1/STM32CubeIDE/plugins/com.st.stm32cube.ide.mcu.externaltools.gnu-tools-for-stm32.13.3.rel1.win32_1.0.0.202411081344/tools/bin/../lib/gcc/arm-none-eabi/13.3.1/thumb/v6-m/nofp\libgcc.a(_thumb1_case_shi.o)
                0x0800012c                __gnu_thumb1_case_shi
 .text          0x08000140      0x114 C:/ST/STM32CubeIDE_1.18.1/STM32CubeIDE/plugins/com.st.stm32cube.ide.mcu.externaltools.gnu-tools-for-stm32.13.3.rel1.win32_1.0.0.202411081344/tools/bin/../lib/gcc/arm-none-eabi/13.3.1/thumb/v6-m/nofp\libgcc.a(_udivsi3.o)
                0x08000140                __aeabi_uidiv
                0x08000140                __udivsi3
                0x0800024c                __aeabi_uidivmod
 .text          0x08000254      0x1d4 C:/ST/STM32CubeIDE_1.18.1/STM32CubeIDE/plugins/com.st.stm32cube.ide.mcu.externaltools.gnu-tools-for-stm32.13.3.rel1.win32_1.0.0.202411081344/tools/bin/../lib/gcc/arm-none-eabi/13.3.1/thumb/v6-m/nofp\libgcc.a(_divsi3.o)
                0x08000254                __divsi3
                0x08000254                __aeabi_idiv
                0x08000420                __aeabi_idivmod
 .text          0x08000428        0x4 C:/ST/STM32CubeIDE_1.18.1/STM32CubeIDE/plugins/com.st.stm32cube.ide.mcu.externaltools.gnu-tools-for-stm32.13.3.rel1.win32_1.0.0.202411081344/tools/bin/../lib/gcc/arm-none-eabi/13.3.1/thumb/v6-m/nofp\libgcc.a(_dvmd_tls.o)
                0x08000428                __aeabi_idiv0
                0x08000428                __aeabi_ldiv0
 .text          0x0800042c       0x40 C:/ST/STM32CubeIDE_1.18.1/STM32CubeIDE/plugins/com.st.stm32cube.ide.mcu.externaltools.gnu-tools-for-stm32.13.3.rel1.win32_1.0.0.202411081344/tools/bin/../lib/gcc/arm-none-eabi/13.3.1/thumb/v6-m/nofp\libgcc.a(_aeabi_uldivmod.o)
                0x0800042c                __aeabi_uldivmod
 .text          0x0800046c       0x5c C:/ST/STM32CubeIDE_1.18.1/STM32CubeIDE/plugins/com.st.stm32cube.ide.mcu.externaltools.gnu-tools-for-stm32.13.3.rel1.win32_1.0.0.202411081344/tools/bin/../lib/gcc/arm-none-eabi/13.3.1/thumb/v6-m/nofp\libgcc.a(_muldi3.o)
                0x0800046c                __muldi3
                0x0800046c                __aeabi_lmul
 .text          0x080004c8      0x198 C:/ST/STM32CubeIDE_1.18.1/STM32CubeIDE/plugins/com.st.stm32cube.ide.mcu.externaltools.gnu-tools-for-stm32.13.3.rel1.win32_1.0.0.202411081344/tools/bin/../lib/gcc/arm-none-eabi/13.3.1/thumb/v6-m/nofp\libgcc.a(_udivmoddi4.o)
                0x080004c8                __udivmoddi4
 .text          0x08000660       0x18 C:/ST/STM32CubeIDE_1.18.1/STM32CubeIDE/plugins/com.st.stm32cube.ide.mcu.externaltools.gnu-tools-for-stm32.13.3.rel1.win32_1.0.0.202411081344/tools/bin/../lib/gcc/arm-none-eabi/13.3.1/thumb/v6-m/nofp\libgcc.a(_clzdi2.o)
                0x08000660                __clzdi2
 .text          0x08000678       0x3c C:/ST/STM32CubeIDE_1.18.1/STM32CubeIDE/plugins/com.st.stm32cube.ide.mcu.externaltools.gnu-tools-for-stm32.13.3.rel1.win32_1.0.0.202411081344/tools/bin/../lib/gcc/arm-none-eabi/13.3.1/thumb/v6-m/nofp\libgcc.a(_clzsi2.o)
                0x08000678                __clzsi2
 *(.text*)
 .text.MX_SubGHz_Phy_Init
                0x080006b4        0xc ./Application/App/app_subghz_phy.o
                0x080006b4                MX_SubGHz_Phy_Init
 .text.MX_SubGHz_Phy_Process
                0x080006c0        0xc ./Application/App/app_subghz_phy.o
                0x080006c0                MX_SubGHz_Phy_Process
 .text.SendTimerCallback
                0x080006cc      0x114 ./Application/App/subghz_phy_app.o
 .text.OnledEvent
                0x080007e0       0x14 ./Application/App/subghz_phy_app.o
 .text.OnRxError
                0x080007f4       0x18 ./Application/App/subghz_phy_app.o
 .text.OnRxTimeout
                0x0800080c       0x18 ./Application/App/subghz_phy_app.o
 .text.OnTxTimeout
                0x08000824       0x18 ./Application/App/subghz_phy_app.o
 .text.OnRxDone
                0x0800083c       0x58 ./Application/App/subghz_phy_app.o
 .text.OnTxDone
                0x08000894       0x14 ./Application/App/subghz_phy_app.o
 .text.SubghzApp_Init
                0x080008a8      0x250 ./Application/App/subghz_phy_app.o
                0x080008a8                SubghzApp_Init
 .text.SD_SaveMissedPacket
                0x08000af8       0x1c ./Application/App/subghz_phy_app.o
                0x08000af8                SD_SaveMissedPacket
 .text.Master_Process
                0x08000b14      0x15c ./Application/App/subghz_phy_app.o
 .text.MX_DMA_Init
                0x08000c70       0x2c ./Application/Core/dma.o
                0x08000c70                MX_DMA_Init
 .text.SystemClock_Config
                0x08000c9c       0x94 ./Application/Core/main.o
                0x08000c9c                SystemClock_Config
 .text.startup.main
                0x08000d30       0x8c ./Application/Core/main.o
                0x08000d30                main
 .text.Error_Handler
                0x08000dbc        0x4 ./Application/Core/main.o
                0x08000dbc                Error_Handler
 .text.MX_RTC_Init
                0x08000dc0       0xc0 ./Application/Core/rtc.o
                0x08000dc0                MX_RTC_Init
 .text.HAL_RTC_MspInit
                0x08000e80       0x58 ./Application/Core/rtc.o
                0x08000e80                HAL_RTC_MspInit
 .text.RTC_IF_GetTimerContext
                0x08000ed8        0xc ./Application/Core/rtc_if.o
                0x08000ed8                RTC_IF_GetTimerContext
 .text.RTC_IF_GetMinimumTimeout
                0x08000ee4        0x4 ./Application/Core/rtc_if.o
                0x08000ee4                RTC_IF_GetMinimumTimeout
 .text.RTC_IF_Convert_ms2Tick
                0x08000ee8       0x10 ./Application/Core/rtc_if.o
                0x08000ee8                RTC_IF_Convert_ms2Tick
 .text.RTC_IF_Convert_Tick2ms
                0x08000ef8       0x14 ./Application/Core/rtc_if.o
                0x08000ef8                RTC_IF_Convert_Tick2ms
 .text.RTC_IF_StopTimer
                0x08000f0c       0x24 ./Application/Core/rtc_if.o
                0x08000f0c                RTC_IF_StopTimer
 .text.RTC_GetCalendarValue
                0x08000f30       0xb4 ./Application/Core/rtc_if.o
 .text.RTC_IF_SetTimerContext
                0x08000fe4       0x1c ./Application/Core/rtc_if.o
                0x08000fe4                RTC_IF_SetTimerContext
 .text.RTC_IF_GetTimerElapsedTime
                0x08001000       0x18 ./Application/Core/rtc_if.o
                0x08001000                RTC_IF_GetTimerElapsedTime
 .text.RTC_IF_StartTimer
                0x08001018      0x138 ./Application/Core/rtc_if.o
                0x08001018                RTC_IF_StartTimer
 .text.RTC_IF_GetTime
                0x08001150       0x28 ./Application/Core/rtc_if.o
                0x08001150                RTC_IF_GetTime
 .text.RTC_IF_BkUp_Write_Seconds
                0x08001178       0x14 ./Application/Core/rtc_if.o
                0x08001178                RTC_IF_BkUp_Write_Seconds
 .text.RTC_IF_BkUp_Write_SubSeconds
                0x0800118c       0x14 ./Application/Core/rtc_if.o
                0x0800118c                RTC_IF_BkUp_Write_SubSeconds
 .text.RTC_IF_BkUp_Read_Seconds
                0x080011a0       0x10 ./Application/Core/rtc_if.o
                0x080011a0                RTC_IF_BkUp_Read_Seconds
 .text.RTC_IF_BkUp_Read_SubSeconds
                0x080011b0       0x10 ./Application/Core/rtc_if.o
                0x080011b0                RTC_IF_BkUp_Read_SubSeconds
 .text.RTC_IF_Init
                0x080011c0       0x50 ./Application/Core/rtc_if.o
                0x080011c0                RTC_IF_Init
 .text.RTC_IF_GetTimerValue
                0x08001210       0x1c ./Application/Core/rtc_if.o
                0x08001210                RTC_IF_GetTimerValue
 .text.RTC_IF_DelayMs
                0x0800122c       0x26 ./Application/Core/rtc_if.o
                0x0800122c                RTC_IF_DelayMs
 .text.HAL_RTC_AlarmAEventCallback
                0x08001252        0x8 ./Application/Core/rtc_if.o
                0x08001252                HAL_RTC_AlarmAEventCallback
 .text.PWR_EnterOffMode
                0x0800125a        0x2 ./Application/Core/stm32_lpm_if.o
                0x0800125a                PWR_EnterOffMode
 .text.PWR_EnterStopMode
                0x0800125c       0x28 ./Application/Core/stm32_lpm_if.o
                0x0800125c                PWR_EnterStopMode
 .text.PWR_ExitStopMode
                0x08001284       0x50 ./Application/Core/stm32_lpm_if.o
                0x08001284                PWR_ExitStopMode
 .text.PWR_EnterSleepMode
                0x080012d4        0xc ./Application/Core/stm32_lpm_if.o
                0x080012d4                PWR_EnterSleepMode
 .text.PWR_ExitSleepMode
                0x080012e0        0x2 ./Application/Core/stm32_lpm_if.o
                0x080012e0                PWR_ExitSleepMode
 .text.PWR_ExitOffMode
                0x080012e2        0x2 ./Application/Core/stm32_lpm_if.o
                0x080012e2                PWR_ExitOffMode
 .text.HAL_MspInit
                0x080012e4       0x30 ./Application/Core/stm32l0xx_hal_msp.o
                0x080012e4                HAL_MspInit
 .text.NMI_Handler
                0x08001314        0x2 ./Application/Core/stm32l0xx_it.o
                0x08001314                NMI_Handler
 .text.HardFault_Handler
                0x08001316        0x2 ./Application/Core/stm32l0xx_it.o
                0x08001316                HardFault_Handler
 .text.SVC_Handler
                0x08001318        0x2 ./Application/Core/stm32l0xx_it.o
                0x08001318                SVC_Handler
 .text.PendSV_Handler
                0x0800131a        0x2 ./Application/Core/stm32l0xx_it.o
                0x0800131a                PendSV_Handler
 .text.SysTick_Handler
                0x0800131c        0x8 ./Application/Core/stm32l0xx_it.o
                0x0800131c                SysTick_Handler
 .text.EXTI0_1_IRQHandler
                0x08001324       0x18 ./Application/Core/stm32l0xx_it.o
                0x08001324                EXTI0_1_IRQHandler
 .text.EXTI2_3_IRQHandler
                0x0800133c        0x2 ./Application/Core/stm32l0xx_it.o
                0x0800133c                EXTI2_3_IRQHandler
 *fill*         0x0800133e        0x2 
 .text.EXTI4_15_IRQHandler
                0x08001340       0x18 ./Application/Core/stm32l0xx_it.o
                0x08001340                EXTI4_15_IRQHandler
 .text.DMA1_Channel4_5_6_7_IRQHandler
                0x08001358       0x10 ./Application/Core/stm32l0xx_it.o
                0x08001358                DMA1_Channel4_5_6_7_IRQHandler
 .text.USART2_IRQHandler
                0x08001368       0x10 ./Application/Core/stm32l0xx_it.o
                0x08001368                USART2_IRQHandler
 .text.RTC_IRQHandler
                0x08001378       0x10 ./Application/Core/stm32l0xx_it.o
                0x08001378                RTC_IRQHandler
 .text.tiny_snprintf_like.constprop.0
                0x08001388       0x1c ./Application/Core/sys_app.o
 .text.TimestampNow
                0x080013a4       0x30 ./Application/Core/sys_app.o
 .text.SystemApp_Init
                0x080013d4       0xe8 ./Application/Core/sys_app.o
                0x080013d4                SystemApp_Init
 .text.UTIL_SEQ_Idle
                0x080014bc        0x8 ./Application/Core/sys_app.o
                0x080014bc                UTIL_SEQ_Idle
 .text.UTIL_ADV_TRACE_PreSendHook
                0x080014c4        0xc ./Application/Core/sys_app.o
                0x080014c4                UTIL_ADV_TRACE_PreSendHook
 .text.UTIL_ADV_TRACE_PostSendHook
                0x080014d0        0xc ./Application/Core/sys_app.o
                0x080014d0                UTIL_ADV_TRACE_PostSendHook
 .text.HAL_InitTick
                0x080014dc        0x4 ./Application/Core/sys_app.o
                0x080014dc                HAL_InitTick
 .text.HAL_GetTick
                0x080014e0        0x8 ./Application/Core/sys_app.o
                0x080014e0                HAL_GetTick
 .text.HAL_Delay
                0x080014e8        0xc ./Application/Core/sys_app.o
                0x080014e8                HAL_Delay
 .text.DBG_ConfigForLpm
                0x080014f4       0x2c ./Application/Core/sys_debug.o
                0x080014f4                DBG_ConfigForLpm
 .text.DBG_Disable
                0x08001520       0x44 ./Application/Core/sys_debug.o
                0x08001520                DBG_Disable
 .text.DBG_ProbesInit
                0x08001564        0x2 ./Application/Core/sys_debug.o
                0x08001564                DBG_ProbesInit
 *fill*         0x08001566        0x2 
 .text.MX_USART2_UART_Init
                0x08001568       0x34 ./Application/Core/usart.o
                0x08001568                MX_USART2_UART_Init
 .text.HAL_UART_MspInit
                0x0800159c      0x108 ./Application/Core/usart.o
                0x0800159c                HAL_UART_MspInit
 .text.HAL_UART_MspDeInit
                0x080016a4       0x3c ./Application/Core/usart.o
                0x080016a4                HAL_UART_MspDeInit
 .text.vcom_Init
                0x080016e0       0x18 ./Application/Core/usart_if.o
                0x080016e0                vcom_Init
 .text.vcom_DeInit
                0x080016f8       0x34 ./Application/Core/usart_if.o
                0x080016f8                vcom_DeInit
 .text.vcom_Trace_DMA
                0x0800172c       0x18 ./Application/Core/usart_if.o
                0x0800172c                vcom_Trace_DMA
 .text.vcom_ReceiveInit
                0x08001744       0x50 ./Application/Core/usart_if.o
                0x08001744                vcom_ReceiveInit
 .text.HAL_UART_TxCpltCallback
                0x08001794       0x10 ./Application/Core/usart_if.o
                0x08001794                HAL_UART_TxCpltCallback
 .text.HAL_UART_RxCpltCallback
                0x080017a4       0x30 ./Application/Core/usart_if.o
                0x080017a4                HAL_UART_RxCpltCallback
 .text.Reset_Handler
                0x080017d4       0x50 ./Application/SW4STM32/startup_stm32l072xx.o
                0x080017d4                Reset_Handler
 .text.Default_Handler
                0x08001824        0x2 ./Application/SW4STM32/startup_stm32l072xx.o
                0x08001824                TSC_IRQHandler
                0x08001824                ADC1_COMP_IRQHandler
                0x08001824                PVD_IRQHandler
                0x08001824                I2C1_IRQHandler
                0x08001824                RCC_CRS_IRQHandler
                0x08001824                SPI1_IRQHandler
                0x08001824                TIM6_DAC_IRQHandler
                0x08001824                I2C2_IRQHandler
                0x08001824                TIM3_IRQHandler
                0x08001824                DMA1_Channel1_IRQHandler
                0x08001824                USART4_5_IRQHandler
                0x08001824                Default_Handler
                0x08001824                TIM22_IRQHandler
                0x08001824                TIM7_IRQHandler
                0x08001824                USB_IRQHandler
                0x08001824                I2C3_IRQHandler
                0x08001824                SPI2_IRQHandler
                0x08001824                TIM21_IRQHandler
                0x08001824                WWDG_IRQHandler
                0x08001824                TIM2_IRQHandler
                0x08001824                DMA1_Channel2_3_IRQHandler
                0x08001824                FLASH_IRQHandler
                0x08001824                USART1_IRQHandler
                0x08001824                RNG_LPUART1_IRQHandler
                0x08001824                LPTIM1_IRQHandler
 *fill*         0x08001826        0x2 
 .text._sbrk    0x08001828       0x34 ./Application/SW4STM32/syscalls.o
                0x08001828                _sbrk
 .text.BSP_SPI1_SendRecv
                0x0800185c       0x2c ./Application/Target/b_l072z_lrwan1_bus.o
                0x0800185c                BSP_SPI1_SendRecv
 .text.MX_SPI1_Init
                0x08001888       0x60 ./Application/Target/b_l072z_lrwan1_bus.o
                0x08001888                MX_SPI1_Init
 .text.BSP_SPI1_Init
                0x080018e8       0x80 ./Application/Target/b_l072z_lrwan1_bus.o
                0x080018e8                BSP_SPI1_Init
 .text.BSP_LED_Init
                0x08001968       0x84 ./Drivers/BSP/B-L072Z-LRWAN1/b-l072z-lrwan1.o
                0x08001968                BSP_LED_Init
 .text.BSP_LED_Toggle
                0x080019ec       0x1c ./Drivers/BSP/B-L072Z-LRWAN1/b-l072z-lrwan1.o
                0x080019ec                BSP_LED_Toggle
 .text.CMWX1ZZABZ0XX_RADIO_GetWakeUpTime
                0x08001a08        0x4 ./Drivers/BSP/CMWX1ZZABZ_0xx/cmwx1zzabz_0xx.o
                0x08001a08                CMWX1ZZABZ0XX_RADIO_GetWakeUpTime
 .text.CMWX1ZZABZ0XX_RADIO_SetXO
                0x08001a0c       0x2c ./Drivers/BSP/CMWX1ZZABZ_0xx/cmwx1zzabz_0xx.o
                0x08001a0c                CMWX1ZZABZ0XX_RADIO_SetXO
 .text.CMWX1ZZABZ0XX_RADIO_IoInit
                0x08001a38      0x1b4 ./Drivers/BSP/CMWX1ZZABZ_0xx/cmwx1zzabz_0xx.o
                0x08001a38                CMWX1ZZABZ0XX_RADIO_IoInit
 .text.CMWX1ZZABZ0XX_RADIO_IoDeInit
                0x08001bec       0xb0 ./Drivers/BSP/CMWX1ZZABZ_0xx/cmwx1zzabz_0xx.o
                0x08001bec                CMWX1ZZABZ0XX_RADIO_IoDeInit
 .text.CMWX1ZZABZ0XX_RADIO_IoIrqInit
                0x08001c9c       0x5c ./Drivers/BSP/CMWX1ZZABZ_0xx/cmwx1zzabz_0xx.o
                0x08001c9c                CMWX1ZZABZ0XX_RADIO_IoIrqInit
 .text.CMWX1ZZABZ0XX_RADIO_GetPaSelect
                0x08001cf8        0x4 ./Drivers/BSP/CMWX1ZZABZ_0xx/cmwx1zzabz_0xx.o
                0x08001cf8                CMWX1ZZABZ0XX_RADIO_GetPaSelect
 .text.CMWX1ZZABZ0XX_RADIO_SetAntSw
                0x08001cfc       0x4c ./Drivers/BSP/CMWX1ZZABZ_0xx/cmwx1zzabz_0xx.o
                0x08001cfc                CMWX1ZZABZ0XX_RADIO_SetAntSw
 .text.CMWX1ZZABZ0XX_RADIO_CheckRfFrequency
                0x08001d48        0x4 ./Drivers/BSP/CMWX1ZZABZ_0xx/cmwx1zzabz_0xx.o
                0x08001d48                CMWX1ZZABZ0XX_RADIO_CheckRfFrequency
 .text.CMWX1ZZABZ0XX_RADIO_Reset
                0x08001d4c       0x4c ./Drivers/BSP/CMWX1ZZABZ_0xx/cmwx1zzabz_0xx.o
                0x08001d4c                CMWX1ZZABZ0XX_RADIO_Reset
 .text.CMWX1ZZABZ0XX_RADIO_Bus_Init
                0x08001d98        0x8 ./Drivers/BSP/CMWX1ZZABZ_0xx/cmwx1zzabz_0xx.o
                0x08001d98                CMWX1ZZABZ0XX_RADIO_Bus_Init
 .text.CMWX1ZZABZ0XX_RADIO_SendRecv
                0x08001da0       0x1c ./Drivers/BSP/CMWX1ZZABZ_0xx/cmwx1zzabz_0xx.o
                0x08001da0                CMWX1ZZABZ0XX_RADIO_SendRecv
 .text.CMWX1ZZABZ0XX_RADIO_ChipSelect
                0x08001dbc       0x1a ./Drivers/BSP/CMWX1ZZABZ_0xx/cmwx1zzabz_0xx.o
                0x08001dbc                CMWX1ZZABZ0XX_RADIO_ChipSelect
 *fill*         0x08001dd6        0x2 
 .text.CMWX1ZZABZ0XX_RADIO_GetDio1PinState
                0x08001dd8       0x10 ./Drivers/BSP/CMWX1ZZABZ_0xx/cmwx1zzabz_0xx.o
                0x08001dd8                CMWX1ZZABZ0XX_RADIO_GetDio1PinState
 .text.SystemInit
                0x08001de8       0x5c ./Drivers/CMSIS/system_stm32l0xx.o
                0x08001de8                SystemInit
 .text.HAL_Init
                0x08001e44       0x28 ./Drivers/STM32L0xx_HAL_Driver/stm32l0xx_hal.o
                0x08001e44                HAL_Init
 .text.HAL_IncTick
                0x08001e6c       0x18 ./Drivers/STM32L0xx_HAL_Driver/stm32l0xx_hal.o
                0x08001e6c                HAL_IncTick
 .text.HAL_DBGMCU_DisableDBGSleepMode
                0x08001e84       0x10 ./Drivers/STM32L0xx_HAL_Driver/stm32l0xx_hal.o
                0x08001e84                HAL_DBGMCU_DisableDBGSleepMode
 .text.HAL_DBGMCU_DisableDBGStopMode
                0x08001e94       0x10 ./Drivers/STM32L0xx_HAL_Driver/stm32l0xx_hal.o
                0x08001e94                HAL_DBGMCU_DisableDBGStopMode
 .text.HAL_DBGMCU_DisableDBGStandbyMode
                0x08001ea4       0x10 ./Drivers/STM32L0xx_HAL_Driver/stm32l0xx_hal.o
                0x08001ea4                HAL_DBGMCU_DisableDBGStandbyMode
 .text.HAL_NVIC_SetPriority
                0x08001eb4       0x54 ./Drivers/STM32L0xx_HAL_Driver/stm32l0xx_hal_cortex.o
                0x08001eb4                HAL_NVIC_SetPriority
 .text.HAL_NVIC_EnableIRQ
                0x08001f08       0x18 ./Drivers/STM32L0xx_HAL_Driver/stm32l0xx_hal_cortex.o
                0x08001f08                HAL_NVIC_EnableIRQ
 .text.HAL_NVIC_DisableIRQ
                0x08001f20       0x20 ./Drivers/STM32L0xx_HAL_Driver/stm32l0xx_hal_cortex.o
                0x08001f20                HAL_NVIC_DisableIRQ
 .text.HAL_DMA_Init
                0x08001f40       0x88 ./Drivers/STM32L0xx_HAL_Driver/stm32l0xx_hal_dma.o
                0x08001f40                HAL_DMA_Init
 .text.HAL_DMA_DeInit
                0x08001fc8       0x60 ./Drivers/STM32L0xx_HAL_Driver/stm32l0xx_hal_dma.o
                0x08001fc8                HAL_DMA_DeInit
 .text.HAL_DMA_Start_IT
                0x08002028       0x7c ./Drivers/STM32L0xx_HAL_Driver/stm32l0xx_hal_dma.o
                0x08002028                HAL_DMA_Start_IT
 .text.HAL_DMA_Abort
                0x080020a4       0x40 ./Drivers/STM32L0xx_HAL_Driver/stm32l0xx_hal_dma.o
                0x080020a4                HAL_DMA_Abort
 .text.HAL_DMA_Abort_IT
                0x080020e4       0x46 ./Drivers/STM32L0xx_HAL_Driver/stm32l0xx_hal_dma.o
                0x080020e4                HAL_DMA_Abort_IT
 .text.HAL_DMA_IRQHandler
                0x0800212a       0x96 ./Drivers/STM32L0xx_HAL_Driver/stm32l0xx_hal_dma.o
                0x0800212a                HAL_DMA_IRQHandler
 .text.HAL_EXTI_RegisterCallback
                0x080021c0        0xe ./Drivers/STM32L0xx_HAL_Driver/stm32l0xx_hal_exti.o
                0x080021c0                HAL_EXTI_RegisterCallback
 .text.HAL_EXTI_GetHandle
                0x080021ce        0xe ./Drivers/STM32L0xx_HAL_Driver/stm32l0xx_hal_exti.o
                0x080021ce                HAL_EXTI_GetHandle
 .text.HAL_EXTI_IRQHandler
                0x080021dc       0x24 ./Drivers/STM32L0xx_HAL_Driver/stm32l0xx_hal_exti.o
                0x080021dc                HAL_EXTI_IRQHandler
 .text.HAL_GPIO_Init
                0x08002200      0x178 ./Drivers/STM32L0xx_HAL_Driver/stm32l0xx_hal_gpio.o
                0x08002200                HAL_GPIO_Init
 .text.HAL_GPIO_DeInit
                0x08002378       0xf8 ./Drivers/STM32L0xx_HAL_Driver/stm32l0xx_hal_gpio.o
                0x08002378                HAL_GPIO_DeInit
 .text.HAL_GPIO_ReadPin
                0x08002470        0xc ./Drivers/STM32L0xx_HAL_Driver/stm32l0xx_hal_gpio.o
                0x08002470                HAL_GPIO_ReadPin
 .text.HAL_GPIO_WritePin
                0x0800247c        0xc ./Drivers/STM32L0xx_HAL_Driver/stm32l0xx_hal_gpio.o
                0x0800247c                HAL_GPIO_WritePin
 .text.HAL_GPIO_TogglePin
                0x08002488       0x10 ./Drivers/STM32L0xx_HAL_Driver/stm32l0xx_hal_gpio.o
                0x08002488                HAL_GPIO_TogglePin
 .text.HAL_PWR_DisablePVD
                0x08002498       0x10 ./Drivers/STM32L0xx_HAL_Driver/stm32l0xx_hal_pwr.o
                0x08002498                HAL_PWR_DisablePVD
 .text.HAL_PWR_EnterSLEEPMode
                0x080024a8       0x70 ./Drivers/STM32L0xx_HAL_Driver/stm32l0xx_hal_pwr.o
                0x080024a8                HAL_PWR_EnterSLEEPMode
 .text.HAL_PWR_EnterSTOPMode
                0x08002518       0x78 ./Drivers/STM32L0xx_HAL_Driver/stm32l0xx_hal_pwr.o
                0x08002518                HAL_PWR_EnterSTOPMode
 .text.HAL_PWREx_EnableFastWakeUp
                0x08002590       0x14 ./Drivers/STM32L0xx_HAL_Driver/stm32l0xx_hal_pwr_ex.o
                0x08002590                HAL_PWREx_EnableFastWakeUp
 .text.HAL_PWREx_EnableUltraLowPower
                0x080025a4       0x14 ./Drivers/STM32L0xx_HAL_Driver/stm32l0xx_hal_pwr_ex.o
                0x080025a4                HAL_PWREx_EnableUltraLowPower
 .text.HAL_RCC_GetSysClockFreq
                0x080025b8       0x94 ./Drivers/STM32L0xx_HAL_Driver/stm32l0xx_hal_rcc.o
                0x080025b8                HAL_RCC_GetSysClockFreq
 .text.HAL_RCC_OscConfig
                0x0800264c      0x514 ./Drivers/STM32L0xx_HAL_Driver/stm32l0xx_hal_rcc.o
                0x0800264c                HAL_RCC_OscConfig
 .text.HAL_RCC_ClockConfig
                0x08002b60      0x19c ./Drivers/STM32L0xx_HAL_Driver/stm32l0xx_hal_rcc.o
                0x08002b60                HAL_RCC_ClockConfig
 .text.HAL_RCC_GetPCLK1Freq
                0x08002cfc       0x20 ./Drivers/STM32L0xx_HAL_Driver/stm32l0xx_hal_rcc.o
                0x08002cfc                HAL_RCC_GetPCLK1Freq
 .text.HAL_RCC_GetPCLK2Freq
                0x08002d1c       0x20 ./Drivers/STM32L0xx_HAL_Driver/stm32l0xx_hal_rcc.o
                0x08002d1c                HAL_RCC_GetPCLK2Freq
 .text.HAL_RCCEx_PeriphCLKConfig
                0x08002d3c      0x1b8 ./Drivers/STM32L0xx_HAL_Driver/stm32l0xx_hal_rcc_ex.o
                0x08002d3c                HAL_RCCEx_PeriphCLKConfig
 .text.HAL_RTC_DeactivateAlarm
                0x08002ef4       0xbc ./Drivers/STM32L0xx_HAL_Driver/stm32l0xx_hal_rtc.o
                0x08002ef4                HAL_RTC_DeactivateAlarm
 .text.HAL_RTC_AlarmIRQHandler
                0x08002fb0       0x60 ./Drivers/STM32L0xx_HAL_Driver/stm32l0xx_hal_rtc.o
                0x08002fb0                HAL_RTC_AlarmIRQHandler
 .text.HAL_RTC_WaitForSynchro
                0x08003010       0x34 ./Drivers/STM32L0xx_HAL_Driver/stm32l0xx_hal_rtc.o
                0x08003010                HAL_RTC_WaitForSynchro
 .text.RTC_EnterInitMode
                0x08003044       0x38 ./Drivers/STM32L0xx_HAL_Driver/stm32l0xx_hal_rtc.o
                0x08003044                RTC_EnterInitMode
 .text.HAL_RTC_Init
                0x0800307c       0xb8 ./Drivers/STM32L0xx_HAL_Driver/stm32l0xx_hal_rtc.o
                0x0800307c                HAL_RTC_Init
 .text.RTC_ByteToBcd2
                0x08003134       0x16 ./Drivers/STM32L0xx_HAL_Driver/stm32l0xx_hal_rtc.o
                0x08003134                RTC_ByteToBcd2
 *fill*         0x0800314a        0x2 
 .text.HAL_RTC_SetTime
                0x0800314c      0x10c ./Drivers/STM32L0xx_HAL_Driver/stm32l0xx_hal_rtc.o
                0x0800314c                HAL_RTC_SetTime
 .text.HAL_RTC_SetDate
                0x08003258       0xdc ./Drivers/STM32L0xx_HAL_Driver/stm32l0xx_hal_rtc.o
                0x08003258                HAL_RTC_SetDate
 .text.HAL_RTC_SetAlarm_IT
                0x08003334      0x1a0 ./Drivers/STM32L0xx_HAL_Driver/stm32l0xx_hal_rtc.o
                0x08003334                HAL_RTC_SetAlarm_IT
 .text.RTC_Bcd2ToByte
                0x080034d4       0x12 ./Drivers/STM32L0xx_HAL_Driver/stm32l0xx_hal_rtc.o
                0x080034d4                RTC_Bcd2ToByte
 *fill*         0x080034e6        0x2 
 .text.HAL_RTC_GetTime
                0x080034e8       0x54 ./Drivers/STM32L0xx_HAL_Driver/stm32l0xx_hal_rtc.o
                0x080034e8                HAL_RTC_GetTime
 .text.HAL_RTC_GetDate
                0x0800353c       0x44 ./Drivers/STM32L0xx_HAL_Driver/stm32l0xx_hal_rtc.o
                0x0800353c                HAL_RTC_GetDate
 .text.HAL_RTCEx_BKUPWrite
                0x08003580        0xc ./Drivers/STM32L0xx_HAL_Driver/stm32l0xx_hal_rtc_ex.o
                0x08003580                HAL_RTCEx_BKUPWrite
 .text.HAL_RTCEx_BKUPRead
                0x0800358c        0xc ./Drivers/STM32L0xx_HAL_Driver/stm32l0xx_hal_rtc_ex.o
                0x0800358c                HAL_RTCEx_BKUPRead
 .text.HAL_RTCEx_EnableBypassShadow
                0x08003598       0x34 ./Drivers/STM32L0xx_HAL_Driver/stm32l0xx_hal_rtc_ex.o
                0x08003598                HAL_RTCEx_EnableBypassShadow
 .text.HAL_RTCEx_AlarmBEventCallback
                0x080035cc        0x2 ./Drivers/STM32L0xx_HAL_Driver/stm32l0xx_hal_rtc_ex.o
                0x080035cc                HAL_RTCEx_AlarmBEventCallback
 *fill*         0x080035ce        0x2 
 .text.SPI_WaitFlagStateUntilTimeout
                0x080035d0       0xc4 ./Drivers/STM32L0xx_HAL_Driver/stm32l0xx_hal_spi.o
 .text.SPI_EndRxTxTransaction
                0x08003694       0x68 ./Drivers/STM32L0xx_HAL_Driver/stm32l0xx_hal_spi.o
 .text.HAL_SPI_MspInit
                0x080036fc        0x2 ./Drivers/STM32L0xx_HAL_Driver/stm32l0xx_hal_spi.o
                0x080036fc                HAL_SPI_MspInit
 *fill*         0x080036fe        0x2 
 .text.HAL_SPI_Init
                0x08003700       0xd0 ./Drivers/STM32L0xx_HAL_Driver/stm32l0xx_hal_spi.o
                0x08003700                HAL_SPI_Init
 .text.HAL_SPI_TransmitReceive
                0x080037d0      0x288 ./Drivers/STM32L0xx_HAL_Driver/stm32l0xx_hal_spi.o
                0x080037d0                HAL_SPI_TransmitReceive
 .text.HAL_SPI_GetState
                0x08003a58        0x8 ./Drivers/STM32L0xx_HAL_Driver/stm32l0xx_hal_spi.o
                0x08003a58                HAL_SPI_GetState
 .text.UART_EndRxTransfer
                0x08003a60       0x34 ./Drivers/STM32L0xx_HAL_Driver/stm32l0xx_hal_uart.o
 .text.HAL_UART_Transmit_DMA
                0x08003a94       0xa4 ./Drivers/STM32L0xx_HAL_Driver/stm32l0xx_hal_uart.o
                0x08003a94                HAL_UART_Transmit_DMA
 .text.UART_DMATransmitCplt
                0x08003b38       0x34 ./Drivers/STM32L0xx_HAL_Driver/stm32l0xx_hal_uart.o
 .text.HAL_UART_TxHalfCpltCallback
                0x08003b6c        0x2 ./Drivers/STM32L0xx_HAL_Driver/stm32l0xx_hal_uart.o
                0x08003b6c                HAL_UART_TxHalfCpltCallback
 .text.UART_DMATxHalfCplt
                0x08003b6e        0xa ./Drivers/STM32L0xx_HAL_Driver/stm32l0xx_hal_uart.o
 .text.HAL_UART_ErrorCallback
                0x08003b78        0x2 ./Drivers/STM32L0xx_HAL_Driver/stm32l0xx_hal_uart.o
                0x08003b78                HAL_UART_ErrorCallback
 .text.UART_DMAError
                0x08003b7a       0x52 ./Drivers/STM32L0xx_HAL_Driver/stm32l0xx_hal_uart.o
 .text.UART_DMAAbortOnError
                0x08003bcc       0x16 ./Drivers/STM32L0xx_HAL_Driver/stm32l0xx_hal_uart.o
 .text.HAL_UARTEx_RxEventCallback
                0x08003be2        0x2 ./Drivers/STM32L0xx_HAL_Driver/stm32l0xx_hal_uart.o
                0x08003be2                HAL_UARTEx_RxEventCallback
 .text.HAL_UART_IRQHandler
                0x08003be4      0x230 ./Drivers/STM32L0xx_HAL_Driver/stm32l0xx_hal_uart.o
                0x08003be4                HAL_UART_IRQHandler
 .text.UART_RxISR_8BIT
                0x08003e14       0x84 ./Drivers/STM32L0xx_HAL_Driver/stm32l0xx_hal_uart.o
 .text.UART_RxISR_16BIT
                0x08003e98       0x80 ./Drivers/STM32L0xx_HAL_Driver/stm32l0xx_hal_uart.o
 .text.UART_SetConfig
                0x08003f18      0x20c ./Drivers/STM32L0xx_HAL_Driver/stm32l0xx_hal_uart.o
                0x08003f18                UART_SetConfig
 .text.UART_AdvFeatureConfig
                0x08004124       0xd0 ./Drivers/STM32L0xx_HAL_Driver/stm32l0xx_hal_uart.o
                0x08004124                UART_AdvFeatureConfig
 .text.UART_WaitOnFlagUntilTimeout
                0x080041f4       0x8c ./Drivers/STM32L0xx_HAL_Driver/stm32l0xx_hal_uart.o
                0x080041f4                UART_WaitOnFlagUntilTimeout
 .text.UART_CheckIdleState
                0x08004280       0x64 ./Drivers/STM32L0xx_HAL_Driver/stm32l0xx_hal_uart.o
                0x08004280                UART_CheckIdleState
 .text.HAL_UART_Init
                0x080042e4       0x64 ./Drivers/STM32L0xx_HAL_Driver/stm32l0xx_hal_uart.o
                0x080042e4                HAL_UART_Init
 .text.UART_Start_Receive_IT
                0x08004348       0x94 ./Drivers/STM32L0xx_HAL_Driver/stm32l0xx_hal_uart.o
                0x08004348                UART_Start_Receive_IT
 .text.HAL_UART_Receive_IT
                0x080043dc       0x64 ./Drivers/STM32L0xx_HAL_Driver/stm32l0xx_hal_uart.o
                0x080043dc                HAL_UART_Receive_IT
 .text.HAL_UARTEx_WakeupCallback
                0x08004440        0x2 ./Drivers/STM32L0xx_HAL_Driver/stm32l0xx_hal_uart_ex.o
                0x08004440                HAL_UARTEx_WakeupCallback
 *fill*         0x08004442        0x2 
 .text.HAL_UARTEx_StopModeWakeUpSourceConfig
                0x08004444       0x8c ./Drivers/STM32L0xx_HAL_Driver/stm32l0xx_hal_uart_ex.o
                0x08004444                HAL_UARTEx_StopModeWakeUpSourceConfig
 .text.HAL_UARTEx_EnableStopMode
                0x080044d0       0x20 ./Drivers/STM32L0xx_HAL_Driver/stm32l0xx_hal_uart_ex.o
                0x080044d0                HAL_UARTEx_EnableStopMode
 .text.SX1276GetStatus
                0x080044f0        0xc ./Middlewares/SubGHz_Phy/sx1276.o
                0x080044f0                SX1276GetStatus
 .text.GetFskBandwidthRegValue
                0x080044fc       0x2c ./Middlewares/SubGHz_Phy/sx1276.o
 .text.SX1276GetTimeOnAir
                0x08004528       0xec ./Middlewares/SubGHz_Phy/sx1276.o
                0x08004528                SX1276GetTimeOnAir
 .text.SX1276GetWakeupTime
                0x08004614        0xa ./Middlewares/SubGHz_Phy/sx1276.o
                0x08004614                SX1276GetWakeupTime
 .text.SX1276WriteBuffer
                0x0800461e       0x30 ./Middlewares/SubGHz_Phy/sx1276.o
                0x0800461e                SX1276WriteBuffer
 .text.SX1276Write
                0x0800464e       0x12 ./Middlewares/SubGHz_Phy/sx1276.o
                0x0800464e                SX1276Write
 .text.SX1276SetChannel
                0x08004660       0x54 ./Middlewares/SubGHz_Phy/sx1276.o
                0x08004660                SX1276SetChannel
 .text.SX1276ReadBuffer
                0x080046b4       0x30 ./Middlewares/SubGHz_Phy/sx1276.o
                0x080046b4                SX1276ReadBuffer
 .text.SX1276Read
                0x080046e4       0x12 ./Middlewares/SubGHz_Phy/sx1276.o
                0x080046e4                SX1276Read
 *fill*         0x080046f6        0x2 
 .text.SX1276OnDio2Irq
                0x080046f8       0xc0 ./Middlewares/SubGHz_Phy/sx1276.o
 .text.SX1276OnDio4Irq
                0x080047b8       0x1c ./Middlewares/SubGHz_Phy/sx1276.o
 .text.SX1276OnDio3Irq
                0x080047d4       0x54 ./Middlewares/SubGHz_Phy/sx1276.o
 .text.SX1276SetOpMode.part.0
                0x08004828       0x56 ./Middlewares/SubGHz_Phy/sx1276.o
 *fill*         0x0800487e        0x2 
 .text.SX1276SetStby
                0x08004880       0x38 ./Middlewares/SubGHz_Phy/sx1276.o
                0x08004880                SX1276SetStby
 .text.SX1276SetRx
                0x080048b8      0x214 ./Middlewares/SubGHz_Phy/sx1276.o
                0x080048b8                SX1276SetRx
 .text.SX1276StartCad
                0x08004acc       0x34 ./Middlewares/SubGHz_Phy/sx1276.o
                0x08004acc                SX1276StartCad
 .text.SX1276ReadRssi
                0x08004b00       0x44 ./Middlewares/SubGHz_Phy/sx1276.o
                0x08004b00                SX1276ReadRssi
 .text.SX1276SetOpMode.constprop.0
                0x08004b44       0x20 ./Middlewares/SubGHz_Phy/sx1276.o
 .text.SX1276SetModem
                0x08004b64       0x6c ./Middlewares/SubGHz_Phy/sx1276.o
                0x08004b64                SX1276SetModem
 .text.SX1276SetMaxPayloadLength
                0x08004bd0       0x30 ./Middlewares/SubGHz_Phy/sx1276.o
                0x08004bd0                SX1276SetMaxPayloadLength
 .text.SX1276SetPublicNetwork
                0x08004c00       0x24 ./Middlewares/SubGHz_Phy/sx1276.o
                0x08004c00                SX1276SetPublicNetwork
 .text.SX1276SetRxConfig
                0x08004c24      0x2d8 ./Middlewares/SubGHz_Phy/sx1276.o
                0x08004c24                SX1276SetRxConfig
 .text.SX1276SetSleep
                0x08004efc       0x3c ./Middlewares/SubGHz_Phy/sx1276.o
                0x08004efc                SX1276SetSleep
 .text.SX1276IsChannelFree
                0x08004f38       0x66 ./Middlewares/SubGHz_Phy/sx1276.o
                0x08004f38                SX1276IsChannelFree
 .text.SX1276Random
                0x08004f9e       0x3c ./Middlewares/SubGHz_Phy/sx1276.o
                0x08004f9e                SX1276Random
 *fill*         0x08004fda        0x2 
 .text.SX1276SetTxConfig
                0x08004fdc      0x330 ./Middlewares/SubGHz_Phy/sx1276.o
                0x08004fdc                SX1276SetTxConfig
 .text.SX1276SetTxContinuousWave
                0x0800530c       0x80 ./Middlewares/SubGHz_Phy/sx1276.o
                0x0800530c                SX1276SetTxContinuousWave
 .text.RxChainCalibration
                0x0800538c       0x98 ./Middlewares/SubGHz_Phy/sx1276.o
 .text.SX1276Init
                0x08005424       0x9c ./Middlewares/SubGHz_Phy/sx1276.o
                0x08005424                SX1276Init
 .text.SX1276OnTimeoutIrq
                0x080054c0       0xb8 ./Middlewares/SubGHz_Phy/sx1276.o
 .text.SX1276OnDio0Irq
                0x08005578      0x250 ./Middlewares/SubGHz_Phy/sx1276.o
 .text.SX1276Send
                0x080057c8      0x194 ./Middlewares/SubGHz_Phy/sx1276.o
                0x080057c8                SX1276Send
 .text.SX1276OnDio1Irq
                0x0800595c       0xf8 ./Middlewares/SubGHz_Phy/sx1276.o
 .text.TRACE_AllocateBufer
                0x08005a54       0x68 ./Utilities/stm32_adv_trace.o
 .text.TRACE_Lock
                0x08005abc       0x18 ./Utilities/stm32_adv_trace.o
 .text.TRACE_UnLock
                0x08005ad4       0x18 ./Utilities/stm32_adv_trace.o
 .text.UTIL_ADV_TRACE_Init
                0x08005aec       0x34 ./Utilities/stm32_adv_trace.o
                0x08005aec                UTIL_ADV_TRACE_Init
 .text.UTIL_ADV_TRACE_RegisterTimeStampFunction
                0x08005b20        0xc ./Utilities/stm32_adv_trace.o
                0x08005b20                UTIL_ADV_TRACE_RegisterTimeStampFunction
 .text.UTIL_ADV_TRACE_SetVerboseLevel
                0x08005b2c        0xc ./Utilities/stm32_adv_trace.o
                0x08005b2c                UTIL_ADV_TRACE_SetVerboseLevel
 .text.TRACE_Send
                0x08005b38       0x84 ./Utilities/stm32_adv_trace.o
 .text.UTIL_ADV_TRACE_COND_FSend
                0x08005bbc       0xc8 ./Utilities/stm32_adv_trace.o
                0x08005bbc                UTIL_ADV_TRACE_COND_FSend
 .text.TRACE_TxCpltCallback
                0x08005c84       0x94 ./Utilities/stm32_adv_trace.o
 .text.UTIL_LPM_Init
                0x08005d18       0x10 ./Utilities/stm32_lpm.o
                0x08005d18                UTIL_LPM_Init
 .text.UTIL_LPM_SetStopMode
                0x08005d28       0x2c ./Utilities/stm32_lpm.o
                0x08005d28                UTIL_LPM_SetStopMode
 .text.UTIL_LPM_SetOffMode
                0x08005d54       0x2c ./Utilities/stm32_lpm.o
                0x08005d54                UTIL_LPM_SetOffMode
 .text.UTIL_LPM_GetMode
                0x08005d80       0x24 ./Utilities/stm32_lpm.o
                0x08005d80                UTIL_LPM_GetMode
 .text.UTIL_LPM_EnterLowPower
                0x08005da4       0x40 ./Utilities/stm32_lpm.o
                0x08005da4                UTIL_LPM_EnterLowPower
 .text.UTIL_MEM_cpy_8
                0x08005de4       0x12 ./Utilities/stm32_mem.o
                0x08005de4                UTIL_MEM_cpy_8
 *fill*         0x08005df6        0x2 
 .text.UTIL_MEM_set_8
                0x08005df8       0x18 ./Utilities/stm32_mem.o
                0x08005df8                UTIL_MEM_set_8
 .text.UTIL_SEQ_SetTask
                0x08005e10       0x24 ./Utilities/stm32_seq.o
                0x08005e10                UTIL_SEQ_SetTask
 .text.UTIL_SEQ_PreIdle
                0x08005e34        0x2 ./Utilities/stm32_seq.o
                0x08005e34                UTIL_SEQ_PreIdle
 .text.UTIL_SEQ_PostIdle
                0x08005e36        0x2 ./Utilities/stm32_seq.o
                0x08005e36                UTIL_SEQ_PostIdle
 .text.SEQ_BitPosition
                0x08005e38       0x40 ./Utilities/stm32_seq.o
                0x08005e38                SEQ_BitPosition
 .text.UTIL_SEQ_Run
                0x08005e78       0xcc ./Utilities/stm32_seq.o
                0x08005e78                UTIL_SEQ_Run
 .text.UTIL_SEQ_RegTask
                0x08005f44       0x20 ./Utilities/stm32_seq.o
                0x08005f44                UTIL_SEQ_RegTask
 .text.SysTimeGet
                0x08005f64       0x50 ./Utilities/stm32_systime.o
                0x08005f64                SysTimeGet
 .text.UTIL_TIMER_Init
                0x08005fb4       0x18 ./Utilities/stm32_timer.o
                0x08005fb4                UTIL_TIMER_Init
 .text.UTIL_TIMER_Create
                0x08005fcc       0x38 ./Utilities/stm32_timer.o
                0x08005fcc                UTIL_TIMER_Create
 .text.UTIL_TIMER_GetCurrentTime
                0x08006004       0x14 ./Utilities/stm32_timer.o
                0x08006004                UTIL_TIMER_GetCurrentTime
 .text.UTIL_TIMER_GetElapsedTime
                0x08006018       0x20 ./Utilities/stm32_timer.o
                0x08006018                UTIL_TIMER_GetElapsedTime
 .text.TimerExists
                0x08006038       0x1c ./Utilities/stm32_timer.o
                0x08006038                TimerExists
 .text.TimerSetTimeout
                0x08006054       0x34 ./Utilities/stm32_timer.o
                0x08006054                TimerSetTimeout
 .text.UTIL_TIMER_Stop
                0x08006088       0x60 ./Utilities/stm32_timer.o
                0x08006088                UTIL_TIMER_Stop
 .text.TimerInsertTimer
                0x080060e8       0x2c ./Utilities/stm32_timer.o
                0x080060e8                TimerInsertTimer
 .text.TimerInsertNewHeadTimer
                0x08006114       0x1c ./Utilities/stm32_timer.o
                0x08006114                TimerInsertNewHeadTimer
 .text.UTIL_TIMER_Start
                0x08006130       0x7c ./Utilities/stm32_timer.o
                0x08006130                UTIL_TIMER_Start
 .text.UTIL_TIMER_SetPeriod
                0x080061ac       0x38 ./Utilities/stm32_timer.o
                0x080061ac                UTIL_TIMER_SetPeriod
 .text.UTIL_TIMER_IRQ_Handler
                0x080061e4       0x84 ./Utilities/stm32_timer.o
                0x080061e4                UTIL_TIMER_IRQ_Handler
 .text.tiny_vsnprintf_like
                0x08006268      0x268 ./Utilities/stm32_tiny_vsnprintf.o
                0x08006268                tiny_vsnprintf_like
 .text.snprintf
                0x080064d0       0x6c C:/ST/STM32CubeIDE_1.18.1/STM32CubeIDE/plugins/com.st.stm32cube.ide.mcu.externaltools.gnu-tools-for-stm32.13.3.rel1.win32_1.0.0.202411081344/tools/bin/../lib/gcc/arm-none-eabi/13.3.1/../../../../arm-none-eabi/lib/thumb/v6-m/nofp\libc_nano.a(libc_a-snprintf.o)
                0x080064d0                sniprintf
                0x080064d0                snprintf
 .text.memset   0x0800653c       0x10 C:/ST/STM32CubeIDE_1.18.1/STM32CubeIDE/plugins/com.st.stm32cube.ide.mcu.externaltools.gnu-tools-for-stm32.13.3.rel1.win32_1.0.0.202411081344/tools/bin/../lib/gcc/arm-none-eabi/13.3.1/../../../../arm-none-eabi/lib/thumb/v6-m/nofp\libc_nano.a(libc_a-memset.o)
                0x0800653c                memset
 .text.strncmp  0x0800654c       0x22 C:/ST/STM32CubeIDE_1.18.1/STM32CubeIDE/plugins/com.st.stm32cube.ide.mcu.externaltools.gnu-tools-for-stm32.13.3.rel1.win32_1.0.0.202411081344/tools/bin/../lib/gcc/arm-none-eabi/13.3.1/../../../../arm-none-eabi/lib/thumb/v6-m/nofp\libc_nano.a(libc_a-strncmp.o)
                0x0800654c                strncmp
 *fill*         0x0800656e        0x2 
 .text.__errno  0x08006570        0xc C:/ST/STM32CubeIDE_1.18.1/STM32CubeIDE/plugins/com.st.stm32cube.ide.mcu.externaltools.gnu-tools-for-stm32.13.3.rel1.win32_1.0.0.202411081344/tools/bin/../lib/gcc/arm-none-eabi/13.3.1/../../../../arm-none-eabi/lib/thumb/v6-m/nofp\libc_nano.a(libc_a-errno.o)
                0x08006570                __errno
 .text.__libc_init_array
                0x0800657c       0x48 C:/ST/STM32CubeIDE_1.18.1/STM32CubeIDE/plugins/com.st.stm32cube.ide.mcu.externaltools.gnu-tools-for-stm32.13.3.rel1.win32_1.0.0.202411081344/tools/bin/../lib/gcc/arm-none-eabi/13.3.1/../../../../arm-none-eabi/lib/thumb/v6-m/nofp\libc_nano.a(libc_a-init.o)
                0x0800657c                __libc_init_array
 .text.__retarget_lock_acquire_recursive
                0x080065c4        0x2 C:/ST/STM32CubeIDE_1.18.1/STM32CubeIDE/plugins/com.st.stm32cube.ide.mcu.externaltools.gnu-tools-for-stm32.13.3.rel1.win32_1.0.0.202411081344/tools/bin/../lib/gcc/arm-none-eabi/13.3.1/../../../../arm-none-eabi/lib/thumb/v6-m/nofp\libc_nano.a(libc_a-lock.o)
                0x080065c4                __retarget_lock_acquire_recursive
 .text.__retarget_lock_release_recursive
                0x080065c6        0x2 C:/ST/STM32CubeIDE_1.18.1/STM32CubeIDE/plugins/com.st.stm32cube.ide.mcu.externaltools.gnu-tools-for-stm32.13.3.rel1.win32_1.0.0.202411081344/tools/bin/../lib/gcc/arm-none-eabi/13.3.1/../../../../arm-none-eabi/lib/thumb/v6-m/nofp\libc_nano.a(libc_a-lock.o)
                0x080065c6                __retarget_lock_release_recursive
 .text.memcpy   0x080065c8       0x12 C:/ST/STM32CubeIDE_1.18.1/STM32CubeIDE/plugins/com.st.stm32cube.ide.mcu.externaltools.gnu-tools-for-stm32.13.3.rel1.win32_1.0.0.202411081344/tools/bin/../lib/gcc/arm-none-eabi/13.3.1/../../../../arm-none-eabi/lib/thumb/v6-m/nofp\libc_nano.a(libc_a-memcpy-stub.o)
                0x080065c8                memcpy
 *fill*         0x080065da        0x2 
 .text._free_r  0x080065dc       0x94 C:/ST/STM32CubeIDE_1.18.1/STM32CubeIDE/plugins/com.st.stm32cube.ide.mcu.externaltools.gnu-tools-for-stm32.13.3.rel1.win32_1.0.0.202411081344/tools/bin/../lib/gcc/arm-none-eabi/13.3.1/../../../../arm-none-eabi/lib/thumb/v6-m/nofp\libc_nano.a(libc_a-freer.o)
                0x080065dc                _free_r
 .text.sbrk_aligned
                0x08006670       0x44 C:/ST/STM32CubeIDE_1.18.1/STM32CubeIDE/plugins/com.st.stm32cube.ide.mcu.externaltools.gnu-tools-for-stm32.13.3.rel1.win32_1.0.0.202411081344/tools/bin/../lib/gcc/arm-none-eabi/13.3.1/../../../../arm-none-eabi/lib/thumb/v6-m/nofp\libc_nano.a(libc_a-mallocr.o)
 .text._malloc_r
                0x080066b4      0x100 C:/ST/STM32CubeIDE_1.18.1/STM32CubeIDE/plugins/com.st.stm32cube.ide.mcu.externaltools.gnu-tools-for-stm32.13.3.rel1.win32_1.0.0.202411081344/tools/bin/../lib/gcc/arm-none-eabi/13.3.1/../../../../arm-none-eabi/lib/thumb/v6-m/nofp\libc_nano.a(libc_a-mallocr.o)
                0x080066b4                _malloc_r
 .text.__malloc_lock
                0x080067b4       0x10 C:/ST/STM32CubeIDE_1.18.1/STM32CubeIDE/plugins/com.st.stm32cube.ide.mcu.externaltools.gnu-tools-for-stm32.13.3.rel1.win32_1.0.0.202411081344/tools/bin/../lib/gcc/arm-none-eabi/13.3.1/../../../../arm-none-eabi/lib/thumb/v6-m/nofp\libc_nano.a(libc_a-mlock.o)
                0x080067b4                __malloc_lock
 .text.__malloc_unlock
                0x080067c4       0x10 C:/ST/STM32CubeIDE_1.18.1/STM32CubeIDE/plugins/com.st.stm32cube.ide.mcu.externaltools.gnu-tools-for-stm32.13.3.rel1.win32_1.0.0.202411081344/tools/bin/../lib/gcc/arm-none-eabi/13.3.1/../../../../arm-none-eabi/lib/thumb/v6-m/nofp\libc_nano.a(libc_a-mlock.o)
                0x080067c4                __malloc_unlock
 .text.__ssputs_r
                0x080067d4       0xc0 C:/ST/STM32CubeIDE_1.18.1/STM32CubeIDE/plugins/com.st.stm32cube.ide.mcu.externaltools.gnu-tools-for-stm32.13.3.rel1.win32_1.0.0.202411081344/tools/bin/../lib/gcc/arm-none-eabi/13.3.1/../../../../arm-none-eabi/lib/thumb/v6-m/nofp\libc_nano.a(libc_a-nano-svfprintf.o)
                0x080067d4                __ssputs_r
 .text._svfprintf_r
                0x08006894      0x1fc C:/ST/STM32CubeIDE_1.18.1/STM32CubeIDE/plugins/com.st.stm32cube.ide.mcu.externaltools.gnu-tools-for-stm32.13.3.rel1.win32_1.0.0.202411081344/tools/bin/../lib/gcc/arm-none-eabi/13.3.1/../../../../arm-none-eabi/lib/thumb/v6-m/nofp\libc_nano.a(libc_a-nano-svfprintf.o)
                0x08006894                _svfiprintf_r
                0x08006894                _svfprintf_r
 .text._printf_common
                0x08006a90       0xde C:/ST/STM32CubeIDE_1.18.1/STM32CubeIDE/plugins/com.st.stm32cube.ide.mcu.externaltools.gnu-tools-for-stm32.13.3.rel1.win32_1.0.0.202411081344/tools/bin/../lib/gcc/arm-none-eabi/13.3.1/../../../../arm-none-eabi/lib/thumb/v6-m/nofp\libc_nano.a(libc_a-nano-vfprintf_i.o)
                0x08006a90                _printf_common
 *fill*         0x08006b6e        0x2 
 .text._printf_i
                0x08006b70      0x218 C:/ST/STM32CubeIDE_1.18.1/STM32CubeIDE/plugins/com.st.stm32cube.ide.mcu.externaltools.gnu-tools-for-stm32.13.3.rel1.win32_1.0.0.202411081344/tools/bin/../lib/gcc/arm-none-eabi/13.3.1/../../../../arm-none-eabi/lib/thumb/v6-m/nofp\libc_nano.a(libc_a-nano-vfprintf_i.o)
                0x08006b70                _printf_i
 .text.memmove  0x08006d88       0x24 C:/ST/STM32CubeIDE_1.18.1/STM32CubeIDE/plugins/com.st.stm32cube.ide.mcu.externaltools.gnu-tools-for-stm32.13.3.rel1.win32_1.0.0.202411081344/tools/bin/../lib/gcc/arm-none-eabi/13.3.1/../../../../arm-none-eabi/lib/thumb/v6-m/nofp\libc_nano.a(libc_a-memmove.o)
                0x08006d88                memmove
 .text._sbrk_r  0x08006dac       0x24 C:/ST/STM32CubeIDE_1.18.1/STM32CubeIDE/plugins/com.st.stm32cube.ide.mcu.externaltools.gnu-tools-for-stm32.13.3.rel1.win32_1.0.0.202411081344/tools/bin/../lib/gcc/arm-none-eabi/13.3.1/../../../../arm-none-eabi/lib/thumb/v6-m/nofp\libc_nano.a(libc_a-sbrkr.o)
                0x08006dac                _sbrk_r
 .text.memchr   0x08006dd0       0x16 C:/ST/STM32CubeIDE_1.18.1/STM32CubeIDE/plugins/com.st.stm32cube.ide.mcu.externaltools.gnu-tools-for-stm32.13.3.rel1.win32_1.0.0.202411081344/tools/bin/../lib/gcc/arm-none-eabi/13.3.1/../../../../arm-none-eabi/lib/thumb/v6-m/nofp\libc_nano.a(libc_a-memchr-stub.o)
                0x08006dd0                memchr
 .text._realloc_r
                0x08006de6       0x60 C:/ST/STM32CubeIDE_1.18.1/STM32CubeIDE/plugins/com.st.stm32cube.ide.mcu.externaltools.gnu-tools-for-stm32.13.3.rel1.win32_1.0.0.202411081344/tools/bin/../lib/gcc/arm-none-eabi/13.3.1/../../../../arm-none-eabi/lib/thumb/v6-m/nofp\libc_nano.a(libc_a-reallocr.o)
                0x08006de6                _realloc_r
 .text._malloc_usable_size_r
                0x08006e46       0x10 C:/ST/STM32CubeIDE_1.18.1/STM32CubeIDE/plugins/com.st.stm32cube.ide.mcu.externaltools.gnu-tools-for-stm32.13.3.rel1.win32_1.0.0.202411081344/tools/bin/../lib/gcc/arm-none-eabi/13.3.1/../../../../arm-none-eabi/lib/thumb/v6-m/nofp\libc_nano.a(libc_a-msizer.o)
                0x08006e46                _malloc_usable_size_r
 *(.glue_7)
 .glue_7        0x08006e56        0x0 linker stubs
 *(.glue_7t)
 .glue_7t       0x08006e56        0x0 linker stubs
 *(.eh_frame)
 *fill*         0x08006e56        0x2 
 .eh_frame      0x08006e58        0x0 C:/ST/STM32CubeIDE_1.18.1/STM32CubeIDE/plugins/com.st.stm32cube.ide.mcu.externaltools.gnu-tools-for-stm32.13.3.rel1.win32_1.0.0.202411081344/tools/bin/../lib/gcc/arm-none-eabi/13.3.1/thumb/v6-m/nofp/crtbegin.o
 *(.init)
 .init          0x08006e58        0x4 C:/ST/STM32CubeIDE_1.18.1/STM32CubeIDE/plugins/com.st.stm32cube.ide.mcu.externaltools.gnu-tools-for-stm32.13.3.rel1.win32_1.0.0.202411081344/tools/bin/../lib/gcc/arm-none-eabi/13.3.1/thumb/v6-m/nofp/crti.o
                0x08006e58                _init
 .init          0x08006e5c        0x8 C:/ST/STM32CubeIDE_1.18.1/STM32CubeIDE/plugins/com.st.stm32cube.ide.mcu.externaltools.gnu-tools-for-stm32.13.3.rel1.win32_1.0.0.202411081344/tools/bin/../lib/gcc/arm-none-eabi/13.3.1/thumb/v6-m/nofp/crtn.o
 *(.fini)
 .fini          0x08006e64        0x4 C:/ST/STM32CubeIDE_1.18.1/STM32CubeIDE/plugins/com.st.stm32cube.ide.mcu.externaltools.gnu-tools-for-stm32.13.3.rel1.win32_1.0.0.202411081344/tools/bin/../lib/gcc/arm-none-eabi/13.3.1/thumb/v6-m/nofp/crti.o
                0x08006e64                _fini
 .fini          0x08006e68        0x8 C:/ST/STM32CubeIDE_1.18.1/STM32CubeIDE/plugins/com.st.stm32cube.ide.mcu.externaltools.gnu-tools-for-stm32.13.3.rel1.win32_1.0.0.202411081344/tools/bin/../lib/gcc/arm-none-eabi/13.3.1/thumb/v6-m/nofp/crtn.o
                0x08006e70                        . = ALIGN (0x4)
                0x08006e70                        _etext = .

.vfp11_veneer   0x08006e70        0x0
 .vfp11_veneer  0x08006e70        0x0 linker stubs

.v4_bx          0x08006e70        0x0
 .v4_bx         0x08006e70        0x0 linker stubs

.iplt           0x08006e70        0x0
 .iplt          0x08006e70        0x0 C:/ST/STM32CubeIDE_1.18.1/STM32CubeIDE/plugins/com.st.stm32cube.ide.mcu.externaltools.gnu-tools-for-stm32.13.3.rel1.win32_1.0.0.202411081344/tools/bin/../lib/gcc/arm-none-eabi/13.3.1/thumb/v6-m/nofp/crtbegin.o

.rodata         0x08006e70      0x618
                0x08006e70                        . = ALIGN (0x4)
 *(.rodata)
 .rodata        0x08006e70       0x58 ./Application/Core/rtc_if.o
                0x08006e88                UTIL_SYSTIMDriver
                0x08006e9c                UTIL_TimerDriver
 .rodata        0x08006ec8       0x18 ./Application/Core/stm32_lpm_if.o
                0x08006ec8                UTIL_PowerDriver
 .rodata        0x08006ee0       0x10 ./Application/Core/usart_if.o
                0x08006ee0                UTIL_TraceDriver
 .rodata        0x08006ef0       0x20 ./Application/Target/b_l072z_lrwan1_bus.o
 .rodata        0x08006f10        0xc ./Drivers/BSP/B-L072Z-LRWAN1/b-l072z-lrwan1.o
                0x08006f10                LED_PIN
                0x08006f18                BUTTON_IRQn
                0x08006f1a                BUTTON_PIN
 .rodata        0x08006f1c       0x24 ./Drivers/BSP/CMWX1ZZABZ_0xx/cmwx1zzabz_0xx.o
 .rodata        0x08006f40       0x21 ./Drivers/CMSIS/system_stm32l0xx.o
                0x08006f40                PLLMulTable
                0x08006f49                AHBPrescTable
                0x08006f59                APBPrescTable
 *fill*         0x08006f61        0x3 
 .rodata        0x08006f64      0x158 ./Middlewares/SubGHz_Phy/sx1276.o
                0x08006f70                RadioRegsInit
                0x08006fa0                FskBandwidths
                0x08007050                Radio
 .rodata        0x080070bc       0x10 ./Utilities/stm32_seq.o
 *(.rodata*)
 .rodata.str1.1
                0x080070cc      0x3b9 ./Application/App/subghz_phy_app.o
                                0x390 (size before relaxing)
 .rodata.str1.1
                0x08007485        0x9 ./Application/Core/sys_app.o
 .rodata.cst1   0x08007485        0x1 ./Middlewares/SubGHz_Phy/sx1276.o
 .rodata.str1.1
                0x08007486       0x51 ./Utilities/stm32_tiny_vsnprintf.o
 .rodata._svfprintf_r.str1.1
                0x08007486       0x11 C:/ST/STM32CubeIDE_1.18.1/STM32CubeIDE/plugins/com.st.stm32cube.ide.mcu.externaltools.gnu-tools-for-stm32.13.3.rel1.win32_1.0.0.202411081344/tools/bin/../lib/gcc/arm-none-eabi/13.3.1/../../../../arm-none-eabi/lib/thumb/v6-m/nofp\libc_nano.a(libc_a-nano-svfprintf.o)
 .rodata._printf_i.str1.1
                0x08007486       0x22 C:/ST/STM32CubeIDE_1.18.1/STM32CubeIDE/plugins/com.st.stm32cube.ide.mcu.externaltools.gnu-tools-for-stm32.13.3.rel1.win32_1.0.0.202411081344/tools/bin/../lib/gcc/arm-none-eabi/13.3.1/../../../../arm-none-eabi/lib/thumb/v6-m/nofp\libc_nano.a(libc_a-nano-vfprintf_i.o)
                0x080074d8                        . = ALIGN (0x4)
 *fill*         0x08007486        0x2 

.ARM.extab
 *(.ARM.extab* .gnu.linkonce.armextab.*)

.ARM            0x08007488        0x8
                0x08007488                        __exidx_start = .
 *(.ARM.exidx*)
 .ARM.exidx     0x08007488        0x8 C:/ST/STM32CubeIDE_1.18.1/STM32CubeIDE/plugins/com.st.stm32cube.ide.mcu.externaltools.gnu-tools-for-stm32.13.3.rel1.win32_1.0.0.202411081344/tools/bin/../lib/gcc/arm-none-eabi/13.3.1/thumb/v6-m/nofp\libgcc.a(_udivmoddi4.o)
                0x08007490                        __exidx_end = .

.rel.dyn        0x08007490        0x0
 .rel.iplt      0x08007490        0x0 C:/ST/STM32CubeIDE_1.18.1/STM32CubeIDE/plugins/com.st.stm32cube.ide.mcu.externaltools.gnu-tools-for-stm32.13.3.rel1.win32_1.0.0.202411081344/tools/bin/../lib/gcc/arm-none-eabi/13.3.1/thumb/v6-m/nofp/crtbegin.o

.preinit_array  0x08007490        0x0
                0x08007490                        PROVIDE (__preinit_array_start = .)
 *(.preinit_array*)
                0x08007490                        PROVIDE (__preinit_array_end = .)

.init_array     0x08007490        0x4
                0x08007490                        PROVIDE (__init_array_start = .)
 *(SORT_BY_NAME(.init_array.*))
 *(.init_array*)
 .init_array    0x08007490        0x4 C:/ST/STM32CubeIDE_1.18.1/STM32CubeIDE/plugins/com.st.stm32cube.ide.mcu.externaltools.gnu-tools-for-stm32.13.3.rel1.win32_1.0.0.202411081344/tools/bin/../lib/gcc/arm-none-eabi/13.3.1/thumb/v6-m/nofp/crtbegin.o
                0x08007494                        PROVIDE (__init_array_end = .)

.fini_array     0x08007494        0x4
                [!provide]                        PROVIDE (__fini_array_start = .)
 *(SORT_BY_NAME(.fini_array.*))
 *(.fini_array*)
 .fini_array    0x08007494        0x4 C:/ST/STM32CubeIDE_1.18.1/STM32CubeIDE/plugins/com.st.stm32cube.ide.mcu.externaltools.gnu-tools-for-stm32.13.3.rel1.win32_1.0.0.202411081344/tools/bin/../lib/gcc/arm-none-eabi/13.3.1/thumb/v6-m/nofp/crtbegin.o
                [!provide]                        PROVIDE (__fini_array_end = .)
                0x08007498                        _sidata = LOADADDR (.data)

.data           0x20000000       0x94 load address 0x08007498
                0x20000000                        . = ALIGN (0x4)
                0x20000000                        _sdata = .
 *(.data)
 .data          0x20000000        0x2 ./Application/App/subghz_phy_app.o
                0x20000000                sensor_rain_state
                0x20000001                sensor_soil_state
 *fill*         0x20000002        0x2 
 .data          0x20000004       0x14 ./Drivers/BSP/B-L072Z-LRWAN1/b-l072z-lrwan1.o
                0x20000004                LED_PORT
                0x20000014                BUTTON_PORT
 .data          0x20000018        0x4 ./Drivers/CMSIS/system_stm32l0xx.o
                0x20000018                SystemCoreClock
 .data          0x2000001c        0x8 ./Drivers/STM32L0xx_HAL_Driver/stm32l0xx_hal.o
                0x2000001c                uwTickFreq
                0x20000020                uwTickPrio
 .data          0x20000024       0x18 ./Middlewares/SubGHz_Phy/sx1276.o
                0x20000024                DioIrq
 .data          0x2000003c        0x8 ./Utilities/stm32_seq.o
 *(.data*)
 .data._impure_ptr
                0x20000044        0x4 C:/ST/STM32CubeIDE_1.18.1/STM32CubeIDE/plugins/com.st.stm32cube.ide.mcu.externaltools.gnu-tools-for-stm32.13.3.rel1.win32_1.0.0.202411081344/tools/bin/../lib/gcc/arm-none-eabi/13.3.1/../../../../arm-none-eabi/lib/thumb/v6-m/nofp\libc_nano.a(libc_a-impure.o)
                0x20000044                _impure_ptr
 .data._impure_data
                0x20000048       0x4c C:/ST/STM32CubeIDE_1.18.1/STM32CubeIDE/plugins/com.st.stm32cube.ide.mcu.externaltools.gnu-tools-for-stm32.13.3.rel1.win32_1.0.0.202411081344/tools/bin/../lib/gcc/arm-none-eabi/13.3.1/../../../../arm-none-eabi/lib/thumb/v6-m/nofp\libc_nano.a(libc_a-impure.o)
                0x20000048                _impure_data
                0x20000094                        . = ALIGN (0x4)
                0x20000094                        _edata = .

.igot.plt       0x20000094        0x0 load address 0x0800752c
 .igot.plt      0x20000094        0x0 C:/ST/STM32CubeIDE_1.18.1/STM32CubeIDE/plugins/com.st.stm32cube.ide.mcu.externaltools.gnu-tools-for-stm32.13.3.rel1.win32_1.0.0.202411081344/tools/bin/../lib/gcc/arm-none-eabi/13.3.1/thumb/v6-m/nofp/crtbegin.o
                0x20000094                        . = ALIGN (0x4)

.bss            0x20000094      0xb48 load address 0x0800752c
                0x20000094                        _sbss = .
                0x20000094                        __bss_start__ = _sbss
 *(.bss)
 .bss           0x20000094       0x1c C:/ST/STM32CubeIDE_1.18.1/STM32CubeIDE/plugins/com.st.stm32cube.ide.mcu.externaltools.gnu-tools-for-stm32.13.3.rel1.win32_1.0.0.202411081344/tools/bin/../lib/gcc/arm-none-eabi/13.3.1/thumb/v6-m/nofp/crtbegin.o
 .bss           0x200000b0      0x2a2 ./Application/App/subghz_phy_app.o
 *fill*         0x20000352        0x2 
 .bss           0x20000354       0x24 ./Application/Core/rtc.o
                0x20000354                hrtc
 .bss           0x20000378       0x45 ./Application/Core/rtc_if.o
 *fill*         0x200003bd        0x3 
 .bss           0x200003c0       0xcc ./Application/Core/usart.o
                0x200003c0                hdma_usart2_tx
                0x20000408                huart2
 .bss           0x2000048c        0x9 ./Application/Core/usart_if.o
                0x20000494                charRx
 *fill*         0x20000495        0x3 
 .bss           0x20000498        0x8 ./Application/SW4STM32/syscalls.o
                0x2000049c                __env
 .bss           0x200004a0       0x58 ./Application/Target/b_l072z_lrwan1_bus.o
                0x200004a0                hspi1
 .bss           0x200004f8       0x20 ./Drivers/BSP/CMWX1ZZABZ_0xx/cmwx1zzabz_0xx.o
                0x200004f8                hRADIO_DIO_exti
 .bss           0x20000518        0x4 ./Drivers/STM32L0xx_HAL_Driver/stm32l0xx_hal.o
                0x20000518                uwTick
 .bss           0x2000051c      0x1b4 ./Middlewares/SubGHz_Phy/sx1276.o
                0x2000051c                SX1276
                0x20000584                RxTimeoutSyncWord
                0x200005a0                RxTimeoutTimer
                0x200005b8                TxTimeoutTimer
 .bss           0x200006d0      0x318 ./Utilities/stm32_adv_trace.o
 .bss           0x200009e8        0x8 ./Utilities/stm32_lpm.o
 .bss           0x200009f0       0xa0 ./Utilities/stm32_seq.o
 .bss           0x20000a90        0x4 ./Utilities/stm32_timer.o
 *(.bss*)
 .bss.__sf      0x20000a94      0x138 C:/ST/STM32CubeIDE_1.18.1/STM32CubeIDE/plugins/com.st.stm32cube.ide.mcu.externaltools.gnu-tools-for-stm32.13.3.rel1.win32_1.0.0.202411081344/tools/bin/../lib/gcc/arm-none-eabi/13.3.1/../../../../arm-none-eabi/lib/thumb/v6-m/nofp\libc_nano.a(libc_a-findfp.o)
                0x20000a94                __sf
 .bss.errno     0x20000bcc        0x4 C:/ST/STM32CubeIDE_1.18.1/STM32CubeIDE/plugins/com.st.stm32cube.ide.mcu.externaltools.gnu-tools-for-stm32.13.3.rel1.win32_1.0.0.202411081344/tools/bin/../lib/gcc/arm-none-eabi/13.3.1/../../../../arm-none-eabi/lib/thumb/v6-m/nofp\libc_nano.a(libc_a-reent.o)
                0x20000bcc                errno
 .bss.__lock___malloc_recursive_mutex
                0x20000bd0        0x1 C:/ST/STM32CubeIDE_1.18.1/STM32CubeIDE/plugins/com.st.stm32cube.ide.mcu.externaltools.gnu-tools-for-stm32.13.3.rel1.win32_1.0.0.202411081344/tools/bin/../lib/gcc/arm-none-eabi/13.3.1/../../../../arm-none-eabi/lib/thumb/v6-m/nofp\libc_nano.a(libc_a-lock.o)
                0x20000bd0                __lock___malloc_recursive_mutex
 *fill*         0x20000bd1        0x3 
 .bss.__malloc_sbrk_start
                0x20000bd4        0x4 C:/ST/STM32CubeIDE_1.18.1/STM32CubeIDE/plugins/com.st.stm32cube.ide.mcu.externaltools.gnu-tools-for-stm32.13.3.rel1.win32_1.0.0.202411081344/tools/bin/../lib/gcc/arm-none-eabi/13.3.1/../../../../arm-none-eabi/lib/thumb/v6-m/nofp\libc_nano.a(libc_a-mallocr.o)
                0x20000bd4                __malloc_sbrk_start
 .bss.__malloc_free_list
                0x20000bd8        0x4 C:/ST/STM32CubeIDE_1.18.1/STM32CubeIDE/plugins/com.st.stm32cube.ide.mcu.externaltools.gnu-tools-for-stm32.13.3.rel1.win32_1.0.0.202411081344/tools/bin/../lib/gcc/arm-none-eabi/13.3.1/../../../../arm-none-eabi/lib/thumb/v6-m/nofp\libc_nano.a(libc_a-mallocr.o)
                0x20000bd8                __malloc_free_list
 *(COMMON)
                0x20000bdc                        . = ALIGN (0x4)
                0x20000bdc                        _ebss = .
                0x20000bdc                        __bss_end__ = _ebss

._user_heap_stack
                0x20000bdc      0x604 load address 0x0800752c
                0x20000be0                        . = ALIGN (0x8)
 *fill*         0x20000bdc        0x4 
                0x20000be0                        PROVIDE (end = .)
                [!provide]                        PROVIDE (_end = .)
                0x20000de0                        . = (. + _Min_Heap_Size)
 *fill*         0x20000be0      0x200 
                0x200011e0                        . = (. + _Min_Stack_Size)
 *fill*         0x20000de0      0x400 
                0x200011e0                        . = ALIGN (0x8)

/DISCARD/
 libc.a(*)
 libm.a(*)
 libgcc.a(*)

.ARM.attributes
                0x00000000       0x28
 *(.ARM.attributes)
 .ARM.attributes
                0x00000000       0x1e C:/ST/STM32CubeIDE_1.18.1/STM32CubeIDE/plugins/com.st.stm32cube.ide.mcu.externaltools.gnu-tools-for-stm32.13.3.rel1.win32_1.0.0.202411081344/tools/bin/../lib/gcc/arm-none-eabi/13.3.1/thumb/v6-m/nofp/crti.o
 .ARM.attributes
                0x0000001e       0x2c C:/ST/STM32CubeIDE_1.18.1/STM32CubeIDE/plugins/com.st.stm32cube.ide.mcu.externaltools.gnu-tools-for-stm32.13.3.rel1.win32_1.0.0.202411081344/tools/bin/../lib/gcc/arm-none-eabi/13.3.1/thumb/v6-m/nofp/crtbegin.o
 .ARM.attributes
                0x0000004a       0x2c ./Application/App/app_subghz_phy.o
 .ARM.attributes
                0x00000076       0x2c ./Application/App/subghz_phy_app.o
 .ARM.attributes
                0x000000a2       0x2c ./Application/Core/dma.o
 .ARM.attributes
                0x000000ce       0x2c ./Application/Core/main.o
 .ARM.attributes
                0x000000fa       0x2c ./Application/Core/rtc.o
 .ARM.attributes
                0x00000126       0x2c ./Application/Core/rtc_if.o
 .ARM.attributes
                0x00000152       0x2c ./Application/Core/stm32_lpm_if.o
 .ARM.attributes
                0x0000017e       0x2c ./Application/Core/stm32l0xx_hal_msp.o
 .ARM.attributes
                0x000001aa       0x2c ./Application/Core/stm32l0xx_it.o
 .ARM.attributes
                0x000001d6       0x2c ./Application/Core/sys_app.o
 .ARM.attributes
                0x00000202       0x2c ./Application/Core/sys_debug.o
 .ARM.attributes
                0x0000022e       0x2c ./Application/Core/usart.o
 .ARM.attributes
                0x0000025a       0x2c ./Application/Core/usart_if.o
 .ARM.attributes
                0x00000286       0x22 ./Application/SW4STM32/startup_stm32l072xx.o
 .ARM.attributes
                0x000002a8       0x2c ./Application/SW4STM32/syscalls.o
 .ARM.attributes
                0x000002d4       0x2c ./Application/Target/b_l072z_lrwan1_bus.o
 .ARM.attributes
                0x00000300       0x2c ./Drivers/BSP/B-L072Z-LRWAN1/b-l072z-lrwan1.o
 .ARM.attributes
                0x0000032c       0x2c ./Drivers/BSP/CMWX1ZZABZ_0xx/cmwx1zzabz_0xx.o
 .ARM.attributes
                0x00000358       0x2c ./Drivers/CMSIS/system_stm32l0xx.o
 .ARM.attributes
                0x00000384       0x2c ./Drivers/STM32L0xx_HAL_Driver/stm32l0xx_hal.o
 .ARM.attributes
                0x000003b0       0x2c ./Drivers/STM32L0xx_HAL_Driver/stm32l0xx_hal_cortex.o
 .ARM.attributes
                0x000003dc       0x2c ./Drivers/STM32L0xx_HAL_Driver/stm32l0xx_hal_dma.o
 .ARM.attributes
                0x00000408       0x2c ./Drivers/STM32L0xx_HAL_Driver/stm32l0xx_hal_exti.o
 .ARM.attributes
                0x00000434       0x2c ./Drivers/STM32L0xx_HAL_Driver/stm32l0xx_hal_gpio.o
 .ARM.attributes
                0x00000460       0x2c ./Drivers/STM32L0xx_HAL_Driver/stm32l0xx_hal_pwr.o
 .ARM.attributes
                0x0000048c       0x2c ./Drivers/STM32L0xx_HAL_Driver/stm32l0xx_hal_pwr_ex.o
 .ARM.attributes
                0x000004b8       0x2c ./Drivers/STM32L0xx_HAL_Driver/stm32l0xx_hal_rcc.o
 .ARM.attributes
                0x000004e4       0x2c ./Drivers/STM32L0xx_HAL_Driver/stm32l0xx_hal_rcc_ex.o
 .ARM.attributes
                0x00000510       0x2c ./Drivers/STM32L0xx_HAL_Driver/stm32l0xx_hal_rtc.o
 .ARM.attributes
                0x0000053c       0x2c ./Drivers/STM32L0xx_HAL_Driver/stm32l0xx_hal_rtc_ex.o
 .ARM.attributes
                0x00000568       0x2c ./Drivers/STM32L0xx_HAL_Driver/stm32l0xx_hal_spi.o
 .ARM.attributes
                0x00000594       0x2c ./Drivers/STM32L0xx_HAL_Driver/stm32l0xx_hal_uart.o
 .ARM.attributes
                0x000005c0       0x2c ./Drivers/STM32L0xx_HAL_Driver/stm32l0xx_hal_uart_ex.o
 .ARM.attributes
                0x000005ec       0x2c ./Middlewares/SubGHz_Phy/sx1276.o
 .ARM.attributes
                0x00000618       0x2c ./Utilities/stm32_adv_trace.o
 .ARM.attributes
                0x00000644       0x2c ./Utilities/stm32_lpm.o
 .ARM.attributes
                0x00000670       0x2c ./Utilities/stm32_mem.o
 .ARM.attributes
                0x0000069c       0x2c ./Utilities/stm32_seq.o
 .ARM.attributes
                0x000006c8       0x2c ./Utilities/stm32_systime.o
 .ARM.attributes
                0x000006f4       0x2c ./Utilities/stm32_timer.o
 .ARM.attributes
                0x00000720       0x2c ./Utilities/stm32_tiny_vsnprintf.o
 .ARM.attributes
                0x0000074c       0x2c C:/ST/STM32CubeIDE_1.18.1/STM32CubeIDE/plugins/com.st.stm32cube.ide.mcu.externaltools.gnu-tools-for-stm32.13.3.rel1.win32_1.0.0.202411081344/tools/bin/../lib/gcc/arm-none-eabi/13.3.1/../../../../arm-none-eabi/lib/thumb/v6-m/nofp\libc_nano.a(libc_a-findfp.o)
 .ARM.attributes
                0x00000778       0x2c C:/ST/STM32CubeIDE_1.18.1/STM32CubeIDE/plugins/com.st.stm32cube.ide.mcu.externaltools.gnu-tools-for-stm32.13.3.rel1.win32_1.0.0.202411081344/tools/bin/../lib/gcc/arm-none-eabi/13.3.1/../../../../arm-none-eabi/lib/thumb/v6-m/nofp\libc_nano.a(libc_a-snprintf.o)
 .ARM.attributes
                0x000007a4       0x2c C:/ST/STM32CubeIDE_1.18.1/STM32CubeIDE/plugins/com.st.stm32cube.ide.mcu.externaltools.gnu-tools-for-stm32.13.3.rel1.win32_1.0.0.202411081344/tools/bin/../lib/gcc/arm-none-eabi/13.3.1/../../../../arm-none-eabi/lib/thumb/v6-m/nofp\libc_nano.a(libc_a-memset.o)
 .ARM.attributes
                0x000007d0       0x2c C:/ST/STM32CubeIDE_1.18.1/STM32CubeIDE/plugins/com.st.stm32cube.ide.mcu.externaltools.gnu-tools-for-stm32.13.3.rel1.win32_1.0.0.202411081344/tools/bin/../lib/gcc/arm-none-eabi/13.3.1/../../../../arm-none-eabi/lib/thumb/v6-m/nofp\libc_nano.a(libc_a-strncmp.o)
 .ARM.attributes
                0x000007fc       0x2c C:/ST/STM32CubeIDE_1.18.1/STM32CubeIDE/plugins/com.st.stm32cube.ide.mcu.externaltools.gnu-tools-for-stm32.13.3.rel1.win32_1.0.0.202411081344/tools/bin/../lib/gcc/arm-none-eabi/13.3.1/../../../../arm-none-eabi/lib/thumb/v6-m/nofp\libc_nano.a(libc_a-reent.o)
 .ARM.attributes
                0x00000828       0x2c C:/ST/STM32CubeIDE_1.18.1/STM32CubeIDE/plugins/com.st.stm32cube.ide.mcu.externaltools.gnu-tools-for-stm32.13.3.rel1.win32_1.0.0.202411081344/tools/bin/../lib/gcc/arm-none-eabi/13.3.1/../../../../arm-none-eabi/lib/thumb/v6-m/nofp\libc_nano.a(libc_a-impure.o)
 .ARM.attributes
                0x00000854       0x2c C:/ST/STM32CubeIDE_1.18.1/STM32CubeIDE/plugins/com.st.stm32cube.ide.mcu.externaltools.gnu-tools-for-stm32.13.3.rel1.win32_1.0.0.202411081344/tools/bin/../lib/gcc/arm-none-eabi/13.3.1/../../../../arm-none-eabi/lib/thumb/v6-m/nofp\libc_nano.a(libc_a-errno.o)
 .ARM.attributes
                0x00000880       0x2c C:/ST/STM32CubeIDE_1.18.1/STM32CubeIDE/plugins/com.st.stm32cube.ide.mcu.externaltools.gnu-tools-for-stm32.13.3.rel1.win32_1.0.0.202411081344/tools/bin/../lib/gcc/arm-none-eabi/13.3.1/../../../../arm-none-eabi/lib/thumb/v6-m/nofp\libc_nano.a(libc_a-init.o)
 .ARM.attributes
                0x000008ac       0x2c C:/ST/STM32CubeIDE_1.18.1/STM32CubeIDE/plugins/com.st.stm32cube.ide.mcu.externaltools.gnu-tools-for-stm32.13.3.rel1.win32_1.0.0.202411081344/tools/bin/../lib/gcc/arm-none-eabi/13.3.1/../../../../arm-none-eabi/lib/thumb/v6-m/nofp\libc_nano.a(libc_a-lock.o)
 .ARM.attributes
                0x000008d8       0x2c C:/ST/STM32CubeIDE_1.18.1/STM32CubeIDE/plugins/com.st.stm32cube.ide.mcu.externaltools.gnu-tools-for-stm32.13.3.rel1.win32_1.0.0.202411081344/tools/bin/../lib/gcc/arm-none-eabi/13.3.1/../../../../arm-none-eabi/lib/thumb/v6-m/nofp\libc_nano.a(libc_a-memcpy-stub.o)
 .ARM.attributes
                0x00000904       0x1c C:/ST/STM32CubeIDE_1.18.1/STM32CubeIDE/plugins/com.st.stm32cube.ide.mcu.externaltools.gnu-tools-for-stm32.13.3.rel1.win32_1.0.0.202411081344/tools/bin/../lib/gcc/arm-none-eabi/13.3.1/../../../../arm-none-eabi/lib/thumb/v6-m/nofp\libc_nano.a(libc_a-strlen.o)
 .ARM.attributes
                0x00000920       0x2c C:/ST/STM32CubeIDE_1.18.1/STM32CubeIDE/plugins/com.st.stm32cube.ide.mcu.externaltools.gnu-tools-for-stm32.13.3.rel1.win32_1.0.0.202411081344/tools/bin/../lib/gcc/arm-none-eabi/13.3.1/../../../../arm-none-eabi/lib/thumb/v6-m/nofp\libc_nano.a(libc_a-freer.o)
 .ARM.attributes
                0x0000094c       0x2c C:/ST/STM32CubeIDE_1.18.1/STM32CubeIDE/plugins/com.st.stm32cube.ide.mcu.externaltools.gnu-tools-for-stm32.13.3.rel1.win32_1.0.0.202411081344/tools/bin/../lib/gcc/arm-none-eabi/13.3.1/../../../../arm-none-eabi/lib/thumb/v6-m/nofp\libc_nano.a(libc_a-mallocr.o)
 .ARM.attributes
                0x00000978       0x2c C:/ST/STM32CubeIDE_1.18.1/STM32CubeIDE/plugins/com.st.stm32cube.ide.mcu.externaltools.gnu-tools-for-stm32.13.3.rel1.win32_1.0.0.202411081344/tools/bin/../lib/gcc/arm-none-eabi/13.3.1/../../../../arm-none-eabi/lib/thumb/v6-m/nofp\libc_nano.a(libc_a-mlock.o)
 .ARM.attributes
                0x000009a4       0x2c C:/ST/STM32CubeIDE_1.18.1/STM32CubeIDE/plugins/com.st.stm32cube.ide.mcu.externaltools.gnu-tools-for-stm32.13.3.rel1.win32_1.0.0.202411081344/tools/bin/../lib/gcc/arm-none-eabi/13.3.1/../../../../arm-none-eabi/lib/thumb/v6-m/nofp\libc_nano.a(libc_a-nano-svfprintf.o)
 .ARM.attributes
                0x000009d0       0x2c C:/ST/STM32CubeIDE_1.18.1/STM32CubeIDE/plugins/com.st.stm32cube.ide.mcu.externaltools.gnu-tools-for-stm32.13.3.rel1.win32_1.0.0.202411081344/tools/bin/../lib/gcc/arm-none-eabi/13.3.1/../../../../arm-none-eabi/lib/thumb/v6-m/nofp\libc_nano.a(libc_a-nano-vfprintf_i.o)
 .ARM.attributes
                0x000009fc       0x2c C:/ST/STM32CubeIDE_1.18.1/STM32CubeIDE/plugins/com.st.stm32cube.ide.mcu.externaltools.gnu-tools-for-stm32.13.3.rel1.win32_1.0.0.202411081344/tools/bin/../lib/gcc/arm-none-eabi/13.3.1/../../../../arm-none-eabi/lib/thumb/v6-m/nofp\libc_nano.a(libc_a-memmove.o)
 .ARM.attributes
                0x00000a28       0x2c C:/ST/STM32CubeIDE_1.18.1/STM32CubeIDE/plugins/com.st.stm32cube.ide.mcu.externaltools.gnu-tools-for-stm32.13.3.rel1.win32_1.0.0.202411081344/tools/bin/../lib/gcc/arm-none-eabi/13.3.1/../../../../arm-none-eabi/lib/thumb/v6-m/nofp\libc_nano.a(libc_a-sbrkr.o)
 .ARM.attributes
                0x00000a54       0x2c C:/ST/STM32CubeIDE_1.18.1/STM32CubeIDE/plugins/com.st.stm32cube.ide.mcu.externaltools.gnu-tools-for-stm32.13.3.rel1.win32_1.0.0.202411081344/tools/bin/../lib/gcc/arm-none-eabi/13.3.1/../../../../arm-none-eabi/lib/thumb/v6-m/nofp\libc_nano.a(libc_a-memchr-stub.o)
 .ARM.attributes
                0x00000a80       0x2c C:/ST/STM32CubeIDE_1.18.1/STM32CubeIDE/plugins/com.st.stm32cube.ide.mcu.externaltools.gnu-tools-for-stm32.13.3.rel1.win32_1.0.0.202411081344/tools/bin/../lib/gcc/arm-none-eabi/13.3.1/../../../../arm-none-eabi/lib/thumb/v6-m/nofp\libc_nano.a(libc_a-reallocr.o)
 .ARM.attributes
                0x00000aac       0x2c C:/ST/STM32CubeIDE_1.18.1/STM32CubeIDE/plugins/com.st.stm32cube.ide.mcu.externaltools.gnu-tools-for-stm32.13.3.rel1.win32_1.0.0.202411081344/tools/bin/../lib/gcc/arm-none-eabi/13.3.1/../../../../arm-none-eabi/lib/thumb/v6-m/nofp\libc_nano.a(libc_a-msizer.o)
 .ARM.attributes
                0x00000ad8       0x1e C:/ST/STM32CubeIDE_1.18.1/STM32CubeIDE/plugins/com.st.stm32cube.ide.mcu.externaltools.gnu-tools-for-stm32.13.3.rel1.win32_1.0.0.202411081344/tools/bin/../lib/gcc/arm-none-eabi/13.3.1/thumb/v6-m/nofp\libgcc.a(_thumb1_case_uqi.o)
 .ARM.attributes
                0x00000af6       0x1e C:/ST/STM32CubeIDE_1.18.1/STM32CubeIDE/plugins/com.st.stm32cube.ide.mcu.externaltools.gnu-tools-for-stm32.13.3.rel1.win32_1.0.0.202411081344/tools/bin/../lib/gcc/arm-none-eabi/13.3.1/thumb/v6-m/nofp\libgcc.a(_thumb1_case_shi.o)
 .ARM.attributes
                0x00000b14       0x1e C:/ST/STM32CubeIDE_1.18.1/STM32CubeIDE/plugins/com.st.stm32cube.ide.mcu.externaltools.gnu-tools-for-stm32.13.3.rel1.win32_1.0.0.202411081344/tools/bin/../lib/gcc/arm-none-eabi/13.3.1/thumb/v6-m/nofp\libgcc.a(_udivsi3.o)
 .ARM.attributes
                0x00000b32       0x1e C:/ST/STM32CubeIDE_1.18.1/STM32CubeIDE/plugins/com.st.stm32cube.ide.mcu.externaltools.gnu-tools-for-stm32.13.3.rel1.win32_1.0.0.202411081344/tools/bin/../lib/gcc/arm-none-eabi/13.3.1/thumb/v6-m/nofp\libgcc.a(_divsi3.o)
 .ARM.attributes
                0x00000b50       0x1e C:/ST/STM32CubeIDE_1.18.1/STM32CubeIDE/plugins/com.st.stm32cube.ide.mcu.externaltools.gnu-tools-for-stm32.13.3.rel1.win32_1.0.0.202411081344/tools/bin/../lib/gcc/arm-none-eabi/13.3.1/thumb/v6-m/nofp\libgcc.a(_dvmd_tls.o)
 .ARM.attributes
                0x00000b6e       0x1e C:/ST/STM32CubeIDE_1.18.1/STM32CubeIDE/plugins/com.st.stm32cube.ide.mcu.externaltools.gnu-tools-for-stm32.13.3.rel1.win32_1.0.0.202411081344/tools/bin/../lib/gcc/arm-none-eabi/13.3.1/thumb/v6-m/nofp\libgcc.a(_aeabi_uldivmod.o)
 .ARM.attributes
                0x00000b8c       0x2c C:/ST/STM32CubeIDE_1.18.1/STM32CubeIDE/plugins/com.st.stm32cube.ide.mcu.externaltools.gnu-tools-for-stm32.13.3.rel1.win32_1.0.0.202411081344/tools/bin/../lib/gcc/arm-none-eabi/13.3.1/thumb/v6-m/nofp\libgcc.a(_muldi3.o)
 .ARM.attributes
                0x00000bb8       0x2c C:/ST/STM32CubeIDE_1.18.1/STM32CubeIDE/plugins/com.st.stm32cube.ide.mcu.externaltools.gnu-tools-for-stm32.13.3.rel1.win32_1.0.0.202411081344/tools/bin/../lib/gcc/arm-none-eabi/13.3.1/thumb/v6-m/nofp\libgcc.a(_udivmoddi4.o)
 .ARM.attributes
                0x00000be4       0x1e C:/ST/STM32CubeIDE_1.18.1/STM32CubeIDE/plugins/com.st.stm32cube.ide.mcu.externaltools.gnu-tools-for-stm32.13.3.rel1.win32_1.0.0.202411081344/tools/bin/../lib/gcc/arm-none-eabi/13.3.1/thumb/v6-m/nofp\libgcc.a(_clzdi2.o)
 .ARM.attributes
                0x00000c02       0x1e C:/ST/STM32CubeIDE_1.18.1/STM32CubeIDE/plugins/com.st.stm32cube.ide.mcu.externaltools.gnu-tools-for-stm32.13.3.rel1.win32_1.0.0.202411081344/tools/bin/../lib/gcc/arm-none-eabi/13.3.1/thumb/v6-m/nofp\libgcc.a(_clzsi2.o)
 .ARM.attributes
                0x00000c20       0x1e C:/ST/STM32CubeIDE_1.18.1/STM32CubeIDE/plugins/com.st.stm32cube.ide.mcu.externaltools.gnu-tools-for-stm32.13.3.rel1.win32_1.0.0.202411081344/tools/bin/../lib/gcc/arm-none-eabi/13.3.1/thumb/v6-m/nofp/crtn.o
OUTPUT(cmwx1zzabz_0xx.elf elf32-littlearm)
LOAD linker stubs
LOAD C:/ST/STM32CubeIDE_1.18.1/STM32CubeIDE/plugins/com.st.stm32cube.ide.mcu.externaltools.gnu-tools-for-stm32.13.3.rel1.win32_1.0.0.202411081344/tools/bin/../lib/gcc/arm-none-eabi/13.3.1/../../../../arm-none-eabi/lib/thumb/v6-m/nofp\libc.a
LOAD C:/ST/STM32CubeIDE_1.18.1/STM32CubeIDE/plugins/com.st.stm32cube.ide.mcu.externaltools.gnu-tools-for-stm32.13.3.rel1.win32_1.0.0.202411081344/tools/bin/../lib/gcc/arm-none-eabi/13.3.1/../../../../arm-none-eabi/lib/thumb/v6-m/nofp\libm.a
LOAD C:/ST/STM32CubeIDE_1.18.1/STM32CubeIDE/plugins/com.st.stm32cube.ide.mcu.externaltools.gnu-tools-for-stm32.13.3.rel1.win32_1.0.0.202411081344/tools/bin/../lib/gcc/arm-none-eabi/13.3.1/thumb/v6-m/nofp\libgcc.a

.debug_info     0x00000000    0x1d5a0
 .debug_info    0x00000000      0x10f ./Application/App/app_subghz_phy.o
 .debug_info    0x0000010f     0x16b0 ./Application/App/subghz_phy_app.o
 .debug_info    0x000017bf      0x317 ./Application/Core/dma.o
 .debug_info    0x00001ad6      0x7f0 ./Application/Core/main.o
 .debug_info    0x000022c6      0xaa7 ./Application/Core/rtc.o
 .debug_info    0x00002d6d     0x1185 ./Application/Core/rtc_if.o
 .debug_info    0x00003ef2      0x467 ./Application/Core/stm32_lpm_if.o
 .debug_info    0x00004359      0x29a ./Application/Core/stm32l0xx_hal_msp.o
 .debug_info    0x000045f3      0xa43 ./Application/Core/stm32l0xx_it.o
 .debug_info    0x00005036      0x9f8 ./Application/Core/sys_app.o
 .debug_info    0x00005a2e      0x3fa ./Application/Core/sys_debug.o
 .debug_info    0x00005e28      0xce8 ./Application/Core/usart.o
 .debug_info    0x00006b10      0xd61 ./Application/Core/usart_if.o
 .debug_info    0x00007871       0x30 ./Application/SW4STM32/startup_stm32l072xx.o
 .debug_info    0x000078a1      0x83d ./Application/SW4STM32/syscalls.o
 .debug_info    0x000080de      0xd68 ./Application/Target/b_l072z_lrwan1_bus.o
 .debug_info    0x00008e46      0xa63 ./Drivers/BSP/B-L072Z-LRWAN1/b-l072z-lrwan1.o
 .debug_info    0x000098a9     0x15d5 ./Drivers/BSP/CMWX1ZZABZ_0xx/cmwx1zzabz_0xx.o
 .debug_info    0x0000ae7e      0x3ca ./Drivers/CMSIS/system_stm32l0xx.o
 .debug_info    0x0000b248      0x989 ./Drivers/STM32L0xx_HAL_Driver/stm32l0xx_hal.o
 .debug_info    0x0000bbd1      0x9e9 ./Drivers/STM32L0xx_HAL_Driver/stm32l0xx_hal_cortex.o
 .debug_info    0x0000c5ba      0x847 ./Drivers/STM32L0xx_HAL_Driver/stm32l0xx_hal_dma.o
 .debug_info    0x0000ce01      0x578 ./Drivers/STM32L0xx_HAL_Driver/stm32l0xx_hal_exti.o
 .debug_info    0x0000d379      0x663 ./Drivers/STM32L0xx_HAL_Driver/stm32l0xx_hal_gpio.o
 .debug_info    0x0000d9dc      0x64e ./Drivers/STM32L0xx_HAL_Driver/stm32l0xx_hal_pwr.o
 .debug_info    0x0000e02a      0x1aa ./Drivers/STM32L0xx_HAL_Driver/stm32l0xx_hal_pwr_ex.o
 .debug_info    0x0000e1d4      0xcfc ./Drivers/STM32L0xx_HAL_Driver/stm32l0xx_hal_rcc.o
 .debug_info    0x0000eed0      0x8f4 ./Drivers/STM32L0xx_HAL_Driver/stm32l0xx_hal_rcc_ex.o
 .debug_info    0x0000f7c4      0xe24 ./Drivers/STM32L0xx_HAL_Driver/stm32l0xx_hal_rtc.o
 .debug_info    0x000105e8     0x10b4 ./Drivers/STM32L0xx_HAL_Driver/stm32l0xx_hal_rtc_ex.o
 .debug_info    0x0001169c     0x1f95 ./Drivers/STM32L0xx_HAL_Driver/stm32l0xx_hal_spi.o
 .debug_info    0x00013631     0x1f1f ./Drivers/STM32L0xx_HAL_Driver/stm32l0xx_hal_uart.o
 .debug_info    0x00015550      0xbfa ./Drivers/STM32L0xx_HAL_Driver/stm32l0xx_hal_uart_ex.o
 .debug_info    0x0001614a     0x3a4b ./Middlewares/SubGHz_Phy/sx1276.o
 .debug_info    0x00019b95      0xfa7 ./Utilities/stm32_adv_trace.o
 .debug_info    0x0001ab3c      0x3f1 ./Utilities/stm32_lpm.o
 .debug_info    0x0001af2d      0x1ec ./Utilities/stm32_mem.o
 .debug_info    0x0001b119      0xac4 ./Utilities/stm32_seq.o
 .debug_info    0x0001bbdd      0x9b7 ./Utilities/stm32_systime.o
 .debug_info    0x0001c594      0xc26 ./Utilities/stm32_timer.o
 .debug_info    0x0001d1ba      0x3e6 ./Utilities/stm32_tiny_vsnprintf.o

.debug_abbrev   0x00000000     0x64d6
 .debug_abbrev  0x00000000       0xba ./Application/App/app_subghz_phy.o
 .debug_abbrev  0x000000ba      0x2fc ./Application/App/subghz_phy_app.o
 .debug_abbrev  0x000003b6      0x119 ./Application/Core/dma.o
 .debug_abbrev  0x000004cf      0x2a5 ./Application/Core/main.o
 .debug_abbrev  0x00000774      0x1bd ./Application/Core/rtc.o
 .debug_abbrev  0x00000931      0x400 ./Application/Core/rtc_if.o
 .debug_abbrev  0x00000d31      0x29d ./Application/Core/stm32_lpm_if.o
 .debug_abbrev  0x00000fce       0xe6 ./Application/Core/stm32l0xx_hal_msp.o
 .debug_abbrev  0x000010b4      0x1f7 ./Application/Core/stm32l0xx_it.o
 .debug_abbrev  0x000012ab      0x364 ./Application/Core/sys_app.o
 .debug_abbrev  0x0000160f      0x1b9 ./Application/Core/sys_debug.o
 .debug_abbrev  0x000017c8      0x244 ./Application/Core/usart.o
 .debug_abbrev  0x00001a0c      0x2a7 ./Application/Core/usart_if.o
 .debug_abbrev  0x00001cb3       0x24 ./Application/SW4STM32/startup_stm32l072xx.o
 .debug_abbrev  0x00001cd7      0x22c ./Application/SW4STM32/syscalls.o
 .debug_abbrev  0x00001f03      0x2f4 ./Application/Target/b_l072z_lrwan1_bus.o
 .debug_abbrev  0x000021f7      0x299 ./Drivers/BSP/B-L072Z-LRWAN1/b-l072z-lrwan1.o
 .debug_abbrev  0x00002490      0x41f ./Drivers/BSP/CMWX1ZZABZ_0xx/cmwx1zzabz_0xx.o
 .debug_abbrev  0x000028af      0x136 ./Drivers/CMSIS/system_stm32l0xx.o
 .debug_abbrev  0x000029e5      0x300 ./Drivers/STM32L0xx_HAL_Driver/stm32l0xx_hal.o
 .debug_abbrev  0x00002ce5      0x2ba ./Drivers/STM32L0xx_HAL_Driver/stm32l0xx_hal_cortex.o
 .debug_abbrev  0x00002f9f      0x218 ./Drivers/STM32L0xx_HAL_Driver/stm32l0xx_hal_dma.o
 .debug_abbrev  0x000031b7      0x1f4 ./Drivers/STM32L0xx_HAL_Driver/stm32l0xx_hal_exti.o
 .debug_abbrev  0x000033ab      0x1f2 ./Drivers/STM32L0xx_HAL_Driver/stm32l0xx_hal_gpio.o
 .debug_abbrev  0x0000359d      0x181 ./Drivers/STM32L0xx_HAL_Driver/stm32l0xx_hal_pwr.o
 .debug_abbrev  0x0000371e      0x11f ./Drivers/STM32L0xx_HAL_Driver/stm32l0xx_hal_pwr_ex.o
 .debug_abbrev  0x0000383d      0x2ee ./Drivers/STM32L0xx_HAL_Driver/stm32l0xx_hal_rcc.o
 .debug_abbrev  0x00003b2b      0x250 ./Drivers/STM32L0xx_HAL_Driver/stm32l0xx_hal_rcc_ex.o
 .debug_abbrev  0x00003d7b      0x226 ./Drivers/STM32L0xx_HAL_Driver/stm32l0xx_hal_rtc.o
 .debug_abbrev  0x00003fa1      0x258 ./Drivers/STM32L0xx_HAL_Driver/stm32l0xx_hal_rtc_ex.o
 .debug_abbrev  0x000041f9      0x318 ./Drivers/STM32L0xx_HAL_Driver/stm32l0xx_hal_spi.o
 .debug_abbrev  0x00004511      0x378 ./Drivers/STM32L0xx_HAL_Driver/stm32l0xx_hal_uart.o
 .debug_abbrev  0x00004889      0x29b ./Drivers/STM32L0xx_HAL_Driver/stm32l0xx_hal_uart_ex.o
 .debug_abbrev  0x00004b24      0x51a ./Middlewares/SubGHz_Phy/sx1276.o
 .debug_abbrev  0x0000503e      0x47e ./Utilities/stm32_adv_trace.o
 .debug_abbrev  0x000054bc      0x23b ./Utilities/stm32_lpm.o
 .debug_abbrev  0x000056f7       0xe9 ./Utilities/stm32_mem.o
 .debug_abbrev  0x000057e0      0x333 ./Utilities/stm32_seq.o
 .debug_abbrev  0x00005b13      0x3c4 ./Utilities/stm32_systime.o
 .debug_abbrev  0x00005ed7      0x411 ./Utilities/stm32_timer.o
 .debug_abbrev  0x000062e8      0x1ee ./Utilities/stm32_tiny_vsnprintf.o

.debug_aranges  0x00000000     0x15a0
 .debug_aranges
                0x00000000       0x28 ./Application/App/app_subghz_phy.o
 .debug_aranges
                0x00000028       0x68 ./Application/App/subghz_phy_app.o
 .debug_aranges
                0x00000090       0x20 ./Application/Core/dma.o
 .debug_aranges
                0x000000b0       0x30 ./Application/Core/main.o
 .debug_aranges