Archive member included to satisfy reference by file (symbol)

C:/ST/STM32CubeIDE_1.18.1/STM32CubeIDE/plugins/com.st.stm32cube.ide.mcu.externaltools.gnu-tools-for-stm32.13.3.rel1.win32_1.0.0.202411081344/tools/bin/../lib/gcc/arm-none-eabi/13.3.1/../../../../arm-none-eabi/lib/thumb/v6-m/nofp\libc_nano.a(libc_a-exit.o)
                              C:/ST/STM32CubeIDE_1.18.1/STM32CubeIDE/plugins/com.st.stm32cube.ide.mcu.externaltools.gnu-tools-for-stm32.13.3.rel1.win32_1.0.0.202411081344/tools/bin/../lib/gcc/arm-none-eabi/13.3.1/../../../../arm-none-eabi/lib/thumb/v6-m/nofp/crt0.o (exit)
C:/ST/STM32CubeIDE_1.18.1/STM32CubeIDE/plugins/com.st.stm32cube.ide.mcu.externaltools.gnu-tools-for-stm32.13.3.rel1.win32_1.0.0.202411081344/tools/bin/../lib/gcc/arm-none-eabi/13.3.1/../../../../arm-none-eabi/lib/thumb/v6-m/nofp\libc_nano.a(libc_a-findfp.o)
                              C:/ST/STM32CubeIDE_1.18.1/STM32CubeIDE/plugins/com.st.stm32cube.ide.mcu.externaltools.gnu-tools-for-stm32.13.3.rel1.win32_1.0.0.202411081344/tools/bin/../lib/gcc/arm-none-eabi/13.3.1/../../../../arm-none-eabi/lib/thumb/v6-m/nofp\libc_nano.a(libc_a-exit.o) (__stdio_exit_handler)
C:/ST/STM32CubeIDE_1.18.1/STM32CubeIDE/plugins/com.st.stm32cube.ide.mcu.externaltools.gnu-tools-for-stm32.13.3.rel1.win32_1.0.0.202411081344/tools/bin/../lib/gcc/arm-none-eabi/13.3.1/../../../../arm-none-eabi/lib/thumb/v6-m/nofp\libc_nano.a(libc_a-fwalk.o)
                              C:/ST/STM32CubeIDE_1.18.1/STM32CubeIDE/plugins/com.st.stm32cube.ide.mcu.externaltools.gnu-tools-for-stm32.13.3.rel1.win32_1.0.0.202411081344/tools/bin/../lib/gcc/arm-none-eabi/13.3.1/../../../../arm-none-eabi/lib/thumb/v6-m/nofp\libc_nano.a(libc_a-findfp.o) (_fwalk_sglue)
C:/ST/STM32CubeIDE_1.18.1/STM32CubeIDE/plugins/com.st.stm32cube.ide.mcu.externaltools.gnu-tools-for-stm32.13.3.rel1.win32_1.0.0.202411081344/tools/bin/../lib/gcc/arm-none-eabi/13.3.1/../../../../arm-none-eabi/lib/thumb/v6-m/nofp\libc_nano.a(libc_a-printf.o)
                              ./Core/Src/main.o (printf)
C:/ST/STM32CubeIDE_1.18.1/STM32CubeIDE/plugins/com.st.stm32cube.ide.mcu.externaltools.gnu-tools-for-stm32.13.3.rel1.win32_1.0.0.202411081344/tools/bin/../lib/gcc/arm-none-eabi/13.3.1/../../../../arm-none-eabi/lib/thumb/v6-m/nofp\libc_nano.a(libc_a-puts.o)
                              ./Core/Src/main.o (puts)
C:/ST/STM32CubeIDE_1.18.1/STM32CubeIDE/plugins/com.st.stm32cube.ide.mcu.externaltools.gnu-tools-for-stm32.13.3.rel1.win32_1.0.0.202411081344/tools/bin/../lib/gcc/arm-none-eabi/13.3.1/../../../../arm-none-eabi/lib/thumb/v6-m/nofp\libc_nano.a(libc_a-stdio.o)
                              C:/ST/STM32CubeIDE_1.18.1/STM32CubeIDE/plugins/com.st.stm32cube.ide.mcu.externaltools.gnu-tools-for-stm32.13.3.rel1.win32_1.0.0.202411081344/tools/bin/../lib/gcc/arm-none-eabi/13.3.1/../../../../arm-none-eabi/lib/thumb/v6-m/nofp\libc_nano.a(libc_a-findfp.o) (__sread)
C:/ST/STM32CubeIDE_1.18.1/STM32CubeIDE/plugins/com.st.stm32cube.ide.mcu.externaltools.gnu-tools-for-stm32.13.3.rel1.win32_1.0.0.202411081344/tools/bin/../lib/gcc/arm-none-eabi/13.3.1/../../../../arm-none-eabi/lib/thumb/v6-m/nofp\libc_nano.a(libc_a-wbuf.o)
                              C:/ST/STM32CubeIDE_1.18.1/STM32CubeIDE/plugins/com.st.stm32cube.ide.mcu.externaltools.gnu-tools-for-stm32.13.3.rel1.win32_1.0.0.202411081344/tools/bin/../lib/gcc/arm-none-eabi/13.3.1/../../../../arm-none-eabi/lib/thumb/v6-m/nofp\libc_nano.a(libc_a-puts.o) (__swbuf_r)
C:/ST/STM32CubeIDE_1.18.1/STM32CubeIDE/plugins/com.st.stm32cube.ide.mcu.externaltools.gnu-tools-for-stm32.13.3.rel1.win32_1.0.0.202411081344/tools/bin/../lib/gcc/arm-none-eabi/13.3.1/../../../../arm-none-eabi/lib/thumb/v6-m/nofp\libc_nano.a(libc_a-wsetup.o)
                              C:/ST/STM32CubeIDE_1.18.1/STM32CubeIDE/plugins/com.st.stm32cube.ide.mcu.externaltools.gnu-tools-for-stm32.13.3.rel1.win32_1.0.0.202411081344/tools/bin/../lib/gcc/arm-none-eabi/13.3.1/../../../../arm-none-eabi/lib/thumb/v6-m/nofp\libc_nano.a(libc_a-puts.o) (__swsetup_r)
C:/ST/STM32CubeIDE_1.18.1/STM32CubeIDE/plugins/com.st.stm32cube.ide.mcu.externaltools.gnu-tools-for-stm32.13.3.rel1.win32_1.0.0.202411081344/tools/bin/../lib/gcc/arm-none-eabi/13.3.1/../../../../arm-none-eabi/lib/thumb/v6-m/nofp\libc_nano.a(libc_a-memset.o)
                              C:/ST/STM32CubeIDE_1.18.1/STM32CubeIDE/plugins/com.st.stm32cube.ide.mcu.externaltools.gnu-tools-for-stm32.13.3.rel1.win32_1.0.0.202411081344/tools/bin/../lib/gcc/arm-none-eabi/13.3.1/../../../../arm-none-eabi/lib/thumb/v6-m/nofp/crt0.o (memset)
C:/ST/STM32CubeIDE_1.18.1/STM32CubeIDE/plugins/com.st.stm32cube.ide.mcu.externaltools.gnu-tools-for-stm32.13.3.rel1.win32_1.0.0.202411081344/tools/bin/../lib/gcc/arm-none-eabi/13.3.1/../../../../arm-none-eabi/lib/thumb/v6-m/nofp\libc_nano.a(libc_a-closer.o)
[...]
Memory Configuration

Name             Origin             Length             Attributes
RAM              0x20000000         0x00005000         xrw
FLASH            0x08000000         0x00030000         xr
*default*        0x00000000         0xffffffff

Linker script and memory map

LOAD C:/ST/STM32CubeIDE_1.18.1/STM32CubeIDE/plugins/com.st.stm32cube.ide.mcu.externaltools.gnu-tools-for-stm32.13.3.rel1.win32_1.0.0.202411081344/tools/bin/../lib/gcc/arm-none-eabi/13.3.1/thumb/v6-m/nofp/crti.o
LOAD C:/ST/STM32CubeIDE_1.18.1/STM32CubeIDE/plugins/com.st.stm32cube.ide.mcu.externaltools.gnu-tools-for-stm32.13.3.rel1.win32_1.0.0.202411081344/tools/bin/../lib/gcc/arm-none-eabi/13.3.1/thumb/v6-m/nofp/crtbegin.o
LOAD C:/ST/STM32CubeIDE_1.18.1/STM32CubeIDE/plugins/com.st.stm32cube.ide.mcu.externaltools.gnu-tools-for-stm32.13.3.rel1.win32_1.0.0.202411081344/tools/bin/../lib/gcc/arm-none-eabi/13.3.1/../../../../arm-none-eabi/lib/thumb/v6-m/nofp/crt0.o
LOAD ./Core/Src/fatfs_sd_card.o
LOAD ./Core/Src/main.o
LOAD ./Core/Src/stm32l0xx_hal_msp.o
LOAD ./Core/Src/stm32l0xx_it.o
LOAD ./Core/Src/syscalls.o
LOAD ./Core/Src/sysmem.o
LOAD ./Core/Src/system_stm32l0xx.o
LOAD ./Core/Startup/startup_stm32l072cztx.o
LOAD ./Drivers/STM32L0xx_HAL_Driver/Src/stm32l0xx_hal.o
LOAD ./Drivers/STM32L0xx_HAL_Driver/Src/stm32l0xx_hal_adc.o
LOAD ./Drivers/STM32L0xx_HAL_Driver/Src/stm32l0xx_hal_adc_ex.o
LOAD ./Drivers/STM32L0xx_HAL_Driver/Src/stm32l0xx_hal_cortex.o
LOAD ./Drivers/STM32L0xx_HAL_Driver/Src/stm32l0xx_hal_dma.o
LOAD ./Drivers/STM32L0xx_HAL_Driver/Src/stm32l0xx_hal_exti.o
LOAD ./Drivers/STM32L0xx_HAL_Driver/Src/stm32l0xx_hal_flash.o
LOAD ./Drivers/STM32L0xx_HAL_Driver/Src/stm32l0xx_hal_flash_ex.o
LOAD ./Drivers/STM32L0xx_HAL_Driver/Src/stm32l0xx_hal_flash_ramfunc.o
LOAD ./Drivers/STM32L0xx_HAL_Driver/Src/stm32l0xx_hal_gpio.o
LOAD ./Drivers/STM32L0xx_HAL_Driver/Src/stm32l0xx_hal_i2c.o
LOAD ./Drivers/STM32L0xx_HAL_Driver/Src/stm32l0xx_hal_i2c_ex.o
LOAD ./Drivers/STM32L0xx_HAL_Driver/Src/stm32l0xx_hal_pwr.o
LOAD ./Drivers/STM32L0xx_HAL_Driver/Src/stm32l0xx_hal_pwr_ex.o
LOAD ./Drivers/STM32L0xx_HAL_Driver/Src/stm32l0xx_hal_rcc.o
LOAD ./Drivers/STM32L0xx_HAL_Driver/Src/stm32l0xx_hal_rcc_ex.o
LOAD ./Drivers/STM32L0xx_HAL_Driver/Src/stm32l0xx_hal_spi.o
LOAD ./Drivers/STM32L0xx_HAL_Driver/Src/stm32l0xx_hal_uart.o
LOAD ./Drivers/STM32L0xx_HAL_Driver/Src/stm32l0xx_hal_uart_ex.o
LOAD ./FATFS/App/fatfs.o
LOAD ./FATFS/Target/user_diskio.o
LOAD ./Middlewares/Third_Party/FatFs/src/diskio.o
LOAD ./Middlewares/Third_Party/FatFs/src/ff.o
LOAD ./Middlewares/Third_Party/FatFs/src/ff_gen_drv.o
LOAD ./Middlewares/Third_Party/FatFs/src/option/ccsbcs.o
LOAD ./Middlewares/Third_Party/FatFs/src/option/syscall.o
START GROUP
LOAD C:/ST/STM32CubeIDE_1.18.1/STM32CubeIDE/plugins/com.st.stm32cube.ide.mcu.externaltools.gnu-tools-for-stm32.13.3.rel1.win32_1.0.0.202411081344/tools/bin/../lib/gcc/arm-none-eabi/13.3.1/../../../../arm-none-eabi/lib/thumb/v6-m/nofp\libc_nano.a
LOAD C:/ST/STM32CubeIDE_1.18.1/STM32CubeIDE/plugins/com.st.stm32cube.ide.mcu.externaltools.gnu-tools-for-stm32.13.3.rel1.win32_1.0.0.202411081344/tools/bin/../lib/gcc/arm-none-eabi/13.3.1/../../../../arm-none-eabi/lib/thumb/v6-m/nofp\libm.a
END GROUP
START GROUP
LOAD C:/ST/STM32CubeIDE_1.18.1/STM32CubeIDE/plugins/com.st.stm32cube.ide.mcu.externaltools.gnu-tools-for-stm32.13.3.rel1.win32_1.0.0.202411081344/tools/bin/../lib/gcc/arm-none-eabi/13.3.1/thumb/v6-m/nofp\libgcc.a
LOAD C:/ST/STM32CubeIDE_1.18.1/STM32CubeIDE/plugins/com.st.stm32cube.ide.mcu.externaltools.gnu-tools-for-stm32.13.3.rel1.win32_1.0.0.202411081344/tools/bin/../lib/gcc/arm-none-eabi/13.3.1/../../../../arm-none-eabi/lib/thumb/v6-m/nofp\libc_nano.a
END GROUP
START GROUP
LOAD C:/ST/STM32CubeIDE_1.18.1/STM32CubeIDE/plugins/com.st.stm32cube.ide.mcu.externaltools.gnu-tools-for-stm32.13.3.rel1.win32_1.0.0.202411081344/tools/bin/../lib/gcc/arm-none-eabi/13.3.1/thumb/v6-m/nofp\libgcc.a
LOAD C:/ST/STM32CubeIDE_1.18.1/STM32CubeIDE/plugins/com.st.stm32cube.ide.mcu.externaltools.gnu-tools-for-stm32.13.3.rel1.win32_1.0.0.202411081344/tools/bin/../lib/gcc/arm-none-eabi/13.3.1/../../../../arm-none-eabi/lib/thumb/v6-m/nofp\libc_nano.a
LOAD C:/ST/STM32CubeIDE_1.18.1/STM32CubeIDE/plugins/com.st.stm32cube.ide.mcu.externaltools.gnu-tools-for-stm32.13.3.rel1.win32_1.0.0.202411081344/tools/bin/../lib/gcc/arm-none-eabi/13.3.1/../../../../arm-none-eabi/lib/thumb/v6-m/nofp\libnosys.a
END GROUP
START GROUP
LOAD C:/ST/STM32CubeIDE_1.18.1/STM32CubeIDE/plugins/com.st.stm32cube.ide.mcu.externaltools.gnu-tools-for-stm32.13.3.rel1.win32_1.0.0.202411081344/tools/bin/../lib/gcc/arm-none-eabi/13.3.1/thumb/v6-m/nofp\libgcc.a
LOAD C:/ST/STM32CubeIDE_1.18.1/STM32CubeIDE/plugins/com.st.stm32cube.ide.mcu.externaltools.gnu-tools-for-stm32.13.3.rel1.win32_1.0.0.202411081344/tools/bin/../lib/gcc/arm-none-eabi/13.3.1/../../../../arm-none-eabi/lib/thumb/v6-m/nofp\libc_nano.a
LOAD C:/ST/STM32CubeIDE_1.18.1/STM32CubeIDE/plugins/com.st.stm32cube.ide.mcu.externaltools.gnu-tools-for-stm32.13.3.rel1.win32_1.0.0.202411081344/tools/bin/../lib/gcc/arm-none-eabi/13.3.1/../../../../arm-none-eabi/lib/thumb/v6-m/nofp\libnosys.a
END GROUP
LOAD C:/ST/STM32CubeIDE_1.18.1/STM32CubeIDE/plugins/com.st.stm32cube.ide.mcu.externaltools.gnu-tools-for-stm32.13.3.rel1.win32_1.0.0.202411081344/tools/bin/../lib/gcc/arm-none-eabi/13.3.1/thumb/v6-m/nofp/crtend.o
LOAD C:/ST/STM32CubeIDE_1.18.1/STM32CubeIDE/plugins/com.st.stm32cube.ide.mcu.externaltools.gnu-tools-for-stm32.13.3.rel1.win32_1.0.0.202411081344/tools/bin/../lib/gcc/arm-none-eabi/13.3.1/thumb/v6-m/nofp/crtn.o
                0x20005000                        _estack = (ORIGIN (RAM) + LENGTH (RAM))
                0x00000200                        _Min_Heap_Size = 0x200
                0x00000400                        _Min_Stack_Size = 0x400

.isr_vector     0x08000000       0xc0
                0x08000000                        . = ALIGN (0x4)
 *(.isr_vector)
 .isr_vector    0x08000000       0xc0 ./Core/Startup/startup_stm32l072cztx.o
                0x08000000                g_pfnVectors
                0x080000c0                        . = ALIGN (0x4)

.text           0x080000c0     0x9688
                0x080000c0                        . = ALIGN (0x4)
 *(.text)
 .text          0x080000c0       0x48 C:/ST/STM32CubeIDE_1.18.1/STM32CubeIDE/plugins/com.st.stm32cube.ide.mcu.externaltools.gnu-tools-for-stm32.13.3.rel1.win32_1.0.0.202411081344/tools/bin/../lib/gcc/arm-none-eabi/13.3.1/thumb/v6-m/nofp/crtbegin.o
 .text          0x08000108       0x14 C:/ST/STM32CubeIDE_1.18.1/STM32CubeIDE/plugins/com.st.stm32cube.ide.mcu.externaltools.gnu-tools-for-stm32.13.3.rel1.win32_1.0.0.202411081344/tools/bin/../lib/gcc/arm-none-eabi/13.3.1/thumb/v6-m/nofp\libgcc.a(_thumb1_case_shi.o)
                0x08000108                __gnu_thumb1_case_shi
 .text          0x0800011c      0x114 C:/ST/STM32CubeIDE_1.18.1/STM32CubeIDE/plugins/com.st.stm32cube.ide.mcu.externaltools.gnu-tools-for-stm32.13.3.rel1.win32_1.0.0.202411081344/tools/bin/../lib/gcc/arm-none-eabi/13.3.1/thumb/v6-m/nofp\libgcc.a(_udivsi3.o)
                0x0800011c                __aeabi_uidiv
                0x0800011c                __udivsi3
                0x08000228                __aeabi_uidivmod
 .text          0x08000230        0x4 C:/ST/STM32CubeIDE_1.18.1/STM32CubeIDE/plugins/com.st.stm32cube.ide.mcu.externaltools.gnu-tools-for-stm32.13.3.rel1.win32_1.0.0.202411081344/tools/bin/../lib/gcc/arm-none-eabi/13.3.1/thumb/v6-m/nofp\libgcc.a(_dvmd_tls.o)
                0x08000230                __aeabi_idiv0
                0x08000230                __aeabi_ldiv0
 .text          0x08000234       0x40 C:/ST/STM32CubeIDE_1.18.1/STM32CubeIDE/plugins/com.st.stm32cube.ide.mcu.externaltools.gnu-tools-for-stm32.13.3.rel1.win32_1.0.0.202411081344/tools/bin/../lib/gcc/arm-none-eabi/13.3.1/thumb/v6-m/nofp\libgcc.a(_aeabi_uldivmod.o)
                0x08000234                __aeabi_uldivmod
 .text          0x08000274       0x3c C:/ST/STM32CubeIDE_1.18.1/STM32CubeIDE/plugins/com.st.stm32cube.ide.mcu.externaltools.gnu-tools-for-stm32.13.3.rel1.win32_1.0.0.202411081344/tools/bin/../lib/gcc/arm-none-eabi/13.3.1/thumb/v6-m/nofp\libgcc.a(_fixunsdfsi.o)
                0x08000274                __aeabi_d2uiz
                0x08000274                __fixunsdfsi
 .text          0x080002b0      0x198 C:/ST/STM32CubeIDE_1.18.1/STM32CubeIDE/plugins/com.st.stm32cube.ide.mcu.externaltools.gnu-tools-for-stm32.13.3.rel1.win32_1.0.0.202411081344/tools/bin/../lib/gcc/arm-none-eabi/13.3.1/thumb/v6-m/nofp\libgcc.a(_udivmoddi4.o)
                0x080002b0                __udivmoddi4
 .text          0x08000448      0x5cc C:/ST/STM32CubeIDE_1.18.1/STM32CubeIDE/plugins/com.st.stm32cube.ide.mcu.externaltools.gnu-tools-for-stm32.13.3.rel1.win32_1.0.0.202411081344/tools/bin/../lib/gcc/arm-none-eabi/13.3.1/thumb/v6-m/nofp\libgcc.a(muldf3.o)
                0x08000448                __aeabi_dmul
 .text          0x08000a14      0x814 C:/ST/STM32CubeIDE_1.18.1/STM32CubeIDE/plugins/com.st.stm32cube.ide.mcu.externaltools.gnu-tools-for-stm32.13.3.rel1.win32_1.0.0.202411081344/tools/bin/../lib/gcc/arm-none-eabi/13.3.1/thumb/v6-m/nofp\libgcc.a(subdf3.o)
                0x08000a14                __aeabi_dsub
 .text          0x08001228       0x78 C:/ST/STM32CubeIDE_1.18.1/STM32CubeIDE/plugins/com.st.stm32cube.ide.mcu.externaltools.gnu-tools-for-stm32.13.3.rel1.win32_1.0.0.202411081344/tools/bin/../lib/gcc/arm-none-eabi/13.3.1/thumb/v6-m/nofp\libgcc.a(fixdfsi.o)
                0x08001228                __aeabi_d2iz
 .text          0x080012a0       0x48 C:/ST/STM32CubeIDE_1.18.1/STM32CubeIDE/plugins/com.st.stm32cube.ide.mcu.externaltools.gnu-tools-for-stm32.13.3.rel1.win32_1.0.0.202411081344/tools/bin/../lib/gcc/arm-none-eabi/13.3.1/thumb/v6-m/nofp\libgcc.a(floatunsidf.o)
                0x080012a0                __aeabi_ui2d
 .text          0x080012e8       0x7c C:/ST/STM32CubeIDE_1.18.1/STM32CubeIDE/plugins/com.st.stm32cube.ide.mcu.externaltools.gnu-tools-for-stm32.13.3.rel1.win32_1.0.0.202411081344/tools/bin/../lib/gcc/arm-none-eabi/13.3.1/thumb/v6-m/nofp\libgcc.a(_arm_cmpdf2.o)
                0x080012e8                __aeabi_cdrcmple
                0x080012f8                __aeabi_cdcmple
                0x080012f8                __aeabi_cdcmpeq
                0x08001308                __aeabi_dcmpeq
                0x08001314                __aeabi_dcmplt
                0x08001328                __aeabi_dcmple
                0x0800133c                __aeabi_dcmpgt
                0x08001350                __aeabi_dcmpge
 .text          0x08001364       0x3c C:/ST/STM32CubeIDE_1.18.1/STM32CubeIDE/plugins/com.st.stm32cube.ide.mcu.externaltools.gnu-tools-for-stm32.13.3.rel1.win32_1.0.0.202411081344/tools/bin/../lib/gcc/arm-none-eabi/13.3.1/thumb/v6-m/nofp\libgcc.a(_clzsi2.o)
                0x08001364                __clzsi2
 .text          0x080013a0       0x18 C:/ST/STM32CubeIDE_1.18.1/STM32CubeIDE/plugins/com.st.stm32cube.ide.mcu.externaltools.gnu-tools-for-stm32.13.3.rel1.win32_1.0.0.202411081344/tools/bin/../lib/gcc/arm-none-eabi/13.3.1/thumb/v6-m/nofp\libgcc.a(_clzdi2.o)
                0x080013a0                __clzdi2
 .text          0x080013b8       0x88 C:/ST/STM32CubeIDE_1.18.1/STM32CubeIDE/plugins/com.st.stm32cube.ide.mcu.externaltools.gnu-tools-for-stm32.13.3.rel1.win32_1.0.0.202411081344/tools/bin/../lib/gcc/arm-none-eabi/13.3.1/thumb/v6-m/nofp\libgcc.a(eqdf2.o)
                0x080013b8                __nedf2
                0x080013b8                __eqdf2
 .text          0x08001440       0xe0 C:/ST/STM32CubeIDE_1.18.1/STM32CubeIDE/plugins/com.st.stm32cube.ide.mcu.externaltools.gnu-tools-for-stm32.13.3.rel1.win32_1.0.0.202411081344/tools/bin/../lib/gcc/arm-none-eabi/13.3.1/thumb/v6-m/nofp\libgcc.a(gedf2.o)
                0x08001440                __gedf2
                0x08001440                __gtdf2
 .text          0x08001520       0xdc C:/ST/STM32CubeIDE_1.18.1/STM32CubeIDE/plugins/com.st.stm32cube.ide.mcu.externaltools.gnu-tools-for-stm32.13.3.rel1.win32_1.0.0.202411081344/tools/bin/../lib/gcc/arm-none-eabi/13.3.1/thumb/v6-m/nofp\libgcc.a(ledf2.o)
                0x08001520                __ledf2
                0x08001520                __ltdf2
 *(.text*)
 .text.SELECT   0x080015fc       0x20 ./Core/Src/fatfs_sd_card.o
 .text.DESELECT
                0x0800161c       0x20 ./Core/Src/fatfs_sd_card.o
 .text.SPI_TxByte
                0x0800163c       0x34 ./Core/Src/fatfs_sd_card.o
 .text.SPI_TxBuffer
                0x08001670       0x38 ./Core/Src/fatfs_sd_card.o
 .text.SPI_RxByte
                0x080016a8       0x3c ./Core/Src/fatfs_sd_card.o
 .text.SPI_RxBytePtr
                0x080016e4       0x1c ./Core/Src/fatfs_sd_card.o
 .text.SD_ReadyWait
                0x08001700       0x38 ./Core/Src/fatfs_sd_card.o
 .text.SD_PowerOn
                0x08001738       0x90 ./Core/Src/fatfs_sd_card.o
 .text.SD_PowerOff
                0x080017c8       0x14 ./Core/Src/fatfs_sd_card.o
 .text.SD_CheckPower
                0x080017dc       0x14 ./Core/Src/fatfs_sd_card.o
 .text.SD_RxDataBlock
                0x080017f0       0x68 ./Core/Src/fatfs_sd_card.o
 .text.SD_TxDataBlock
                0x08001858       0xa6 ./Core/Src/fatfs_sd_card.o
 .text.SD_SendCmd
                0x080018fe       0xd8 ./Core/Src/fatfs_sd_card.o
 *fill*         0x080019d6        0x2 
 .text.SD_disk_initialize
                0x080019d8      0x214 ./Core/Src/fatfs_sd_card.o
                0x080019d8                SD_disk_initialize
 .text.SD_disk_status
                0x08001bec       0x2c ./Core/Src/fatfs_sd_card.o
                0x08001bec                SD_disk_status
 .text.SD_disk_read
                0x08001c18       0xe0 ./Core/Src/fatfs_sd_card.o
                0x08001c18                SD_disk_read
 .text.SD_disk_write
                0x08001cf8      0x110 ./Core/Src/fatfs_sd_card.o
                0x08001cf8                SD_disk_write
 .text.SD_disk_ioctl
                0x08001e08      0x268 ./Core/Src/fatfs_sd_card.o
                0x08001e08                SD_disk_ioctl
 .text.main     0x08002070       0x24 ./Core/Src/main.o
                0x08002070                main
 .text.SystemClock_Config
                0x08002094       0x86 ./Core/Src/main.o
                0x08002094                SystemClock_Config
 *fill*         0x0800211a        0x2 
 .text.MX_SPI2_Init
                0x0800211c       0x70 ./Core/Src/main.o
 .text.MX_USART1_UART_Init
                0x0800218c       0x54 ./Core/Src/main.o
 .text.MX_GPIO_Init
                0x080021e0       0x8c ./Core/Src/main.o
 .text.__io_putchar
                0x0800226c       0x24 ./Core/Src/main.o
                0x0800226c                __io_putchar
 .text.process_SD_card
                0x08002290      0x1c4 ./Core/Src/main.o
                0x08002290                process_SD_card
 .text.Error_Handler
                0x08002454        0xc ./Core/Src/main.o
                0x08002454                Error_Handler
 .text.HAL_MspInit
                0x08002460       0x28 ./Core/Src/stm32l0xx_hal_msp.o
                0x08002460                HAL_MspInit
 .text.HAL_SPI_MspInit
                0x08002488       0x8c ./Core/Src/stm32l0xx_hal_msp.o
                0x08002488                HAL_SPI_MspInit
 .text.HAL_UART_MspInit
                0x08002514       0x88 ./Core/Src/stm32l0xx_hal_msp.o
                0x08002514                HAL_UART_MspInit
 .text.NMI_Handler
                0x0800259c        0x8 ./Core/Src/stm32l0xx_it.o
                0x0800259c                NMI_Handler
 .text.HardFault_Handler
                0x080025a4        0x8 ./Core/Src/stm32l0xx_it.o
                0x080025a4                HardFault_Handler
 .text.SVC_Handler
                0x080025ac        0xa ./Core/Src/stm32l0xx_it.o
                0x080025ac                SVC_Handler
 .text.PendSV_Handler
                0x080025b6        0xa ./Core/Src/stm32l0xx_it.o
                0x080025b6                PendSV_Handler
 .text.SysTick_Handler
                0x080025c0       0x40 ./Core/Src/stm32l0xx_it.o
                0x080025c0                SysTick_Handler
 .text._read    0x08002600       0x3a ./Core/Src/syscalls.o
                0x08002600                _read
 .text._write   0x0800263a       0x38 ./Core/Src/syscalls.o
                0x0800263a                _write
 .text._close   0x08002672       0x14 ./Core/Src/syscalls.o
                0x08002672                _close
 .text._fstat   0x08002686       0x1c ./Core/Src/syscalls.o
                0x08002686                _fstat
 .text._isatty  0x080026a2       0x12 ./Core/Src/syscalls.o
                0x080026a2                _isatty
 .text._lseek   0x080026b4       0x16 ./Core/Src/syscalls.o
                0x080026b4                _lseek
 *fill*         0x080026ca        0x2 
 .text._sbrk    0x080026cc       0x6c ./Core/Src/sysmem.o
                0x080026cc                _sbrk
 .text.SystemInit
                0x08002738        0xa ./Core/Src/system_stm32l0xx.o
                0x08002738                SystemInit
 *fill*         0x08002742        0x2 
 .text.Reset_Handler
                0x08002744       0x50 ./Core/Startup/startup_stm32l072cztx.o
                0x08002744                Reset_Handler
 .text.Default_Handler
                0x08002794        0x2 ./Core/Startup/startup_stm32l072cztx.o
                0x08002794                TSC_IRQHandler
                0x08002794                ADC1_COMP_IRQHandler
                0x08002794                PVD_IRQHandler
                0x08002794                I2C1_IRQHandler
                0x08002794                RCC_CRS_IRQHandler
                0x08002794                SPI1_IRQHandler
                0x08002794                TIM6_DAC_IRQHandler
                0x08002794                EXTI2_3_IRQHandler
                0x08002794                I2C2_IRQHandler
                0x08002794                RTC_IRQHandler
                0x08002794                DMA1_Channel4_5_6_7_IRQHandler
                0x08002794                TIM3_IRQHandler
                0x08002794                EXTI4_15_IRQHandler
                0x08002794                DMA1_Channel1_IRQHandler
                0x08002794                USART4_5_IRQHandler
                0x08002794                Default_Handler
                0x08002794                TIM22_IRQHandler
                0x08002794                TIM7_IRQHandler
                0x08002794                EXTI0_1_IRQHandler
                0x08002794                USB_IRQHandler
                0x08002794                I2C3_IRQHandler
                0x08002794                SPI2_IRQHandler
                0x08002794                TIM21_IRQHandler
                0x08002794                WWDG_IRQHandler
                0x08002794                TIM2_IRQHandler
                0x08002794                DMA1_Channel2_3_IRQHandler
                0x08002794                USART2_IRQHandler
                0x08002794                FLASH_IRQHandler
                0x08002794                USART1_IRQHandler
                0x08002794                RNG_LPUART1_IRQHandler
                0x08002794                LPTIM1_IRQHandler
 *fill*         0x08002796        0x2 
 .text.HAL_Init
                0x08002798       0x40 ./Drivers/STM32L0xx_HAL_Driver/Src/stm32l0xx_hal.o
                0x08002798                HAL_Init
 .text.HAL_InitTick
                0x080027d8       0x68 ./Drivers/STM32L0xx_HAL_Driver/Src/stm32l0xx_hal.o
                0x080027d8                HAL_InitTick
 .text.HAL_IncTick
                0x08002840       0x24 ./Drivers/STM32L0xx_HAL_Driver/Src/stm32l0xx_hal.o
                0x08002840                HAL_IncTick
 .text.HAL_GetTick
                0x08002864       0x14 ./Drivers/STM32L0xx_HAL_Driver/Src/stm32l0xx_hal.o
                0x08002864                HAL_GetTick
 .text.HAL_Delay
                0x08002878       0x48 ./Drivers/STM32L0xx_HAL_Driver/Src/stm32l0xx_hal.o
                0x08002878                HAL_Delay
 .text.__NVIC_SetPriority
                0x080028c0       0xdc ./Drivers/STM32L0xx_HAL_Driver/Src/stm32l0xx_hal_cortex.o
 .text.SysTick_Config
                0x0800299c       0x48 ./Drivers/STM32L0xx_HAL_Driver/Src/stm32l0xx_hal_cortex.o
 .text.HAL_NVIC_SetPriority
                0x080029e4       0x2a ./Drivers/STM32L0xx_HAL_Driver/Src/stm32l0xx_hal_cortex.o
                0x080029e4                HAL_NVIC_SetPriority
 .text.HAL_SYSTICK_Config
                0x08002a0e       0x1a ./Drivers/STM32L0xx_HAL_Driver/Src/stm32l0xx_hal_cortex.o
                0x08002a0e                HAL_SYSTICK_Config
 .text.HAL_GPIO_Init
                0x08002a28      0x2fc ./Drivers/STM32L0xx_HAL_Driver/Src/stm32l0xx_hal_gpio.o
                0x08002a28                HAL_GPIO_Init
 .text.HAL_GPIO_WritePin
                0x08002d24       0x3a ./Drivers/STM32L0xx_HAL_Driver/Src/stm32l0xx_hal_gpio.o
                0x08002d24                HAL_GPIO_WritePin
 *fill*         0x08002d5e        0x2 
 .text.HAL_RCC_OscConfig
                0x08002d60      0x7a8 ./Drivers/STM32L0xx_HAL_Driver/Src/stm32l0xx_hal_rcc.o
                0x08002d60                HAL_RCC_OscConfig
 .text.HAL_RCC_ClockConfig
                0x08003508      0x290 ./Drivers/STM32L0xx_HAL_Driver/Src/stm32l0xx_hal_rcc.o
                0x08003508                HAL_RCC_ClockConfig
 .text.HAL_RCC_GetSysClockFreq
                0x08003798      0x10c ./Drivers/STM32L0xx_HAL_Driver/Src/stm32l0xx_hal_rcc.o
                0x08003798                HAL_RCC_GetSysClockFreq
 .text.HAL_RCC_GetHCLKFreq
                0x080038a4       0x14 ./Drivers/STM32L0xx_HAL_Driver/Src/stm32l0xx_hal_rcc.o
                0x080038a4                HAL_RCC_GetHCLKFreq
 .text.HAL_RCC_GetPCLK1Freq
                0x080038b8       0x2c ./Drivers/STM32L0xx_HAL_Driver/Src/stm32l0xx_hal_rcc.o
                0x080038b8                HAL_RCC_GetPCLK1Freq
 .text.HAL_RCC_GetPCLK2Freq
                0x080038e4       0x2c ./Drivers/STM32L0xx_HAL_Driver/Src/stm32l0xx_hal_rcc.o
                0x080038e4                HAL_RCC_GetPCLK2Freq
 .text.HAL_SPI_Init
                0x08003910      0x128 ./Drivers/STM32L0xx_HAL_Driver/Src/stm32l0xx_hal_spi.o
                0x08003910                HAL_SPI_Init
 .text.HAL_SPI_Transmit
                0x08003a38      0x2a0 ./Drivers/STM32L0xx_HAL_Driver/Src/stm32l0xx_hal_spi.o
                0x08003a38                HAL_SPI_Transmit
 .text.HAL_SPI_TransmitReceive
                0x08003cd8      0x37e ./Drivers/STM32L0xx_HAL_Driver/Src/stm32l0xx_hal_spi.o
                0x08003cd8                HAL_SPI_TransmitReceive
 *fill*         0x08004056        0x2 
 .text.SPI_WaitFlagStateUntilTimeout
                0x08004058      0x11c ./Drivers/STM32L0xx_HAL_Driver/Src/stm32l0xx_hal_spi.o
 .text.SPI_EndRxTxTransaction
                0x08004174       0xb4 ./Drivers/STM32L0xx_HAL_Driver/Src/stm32l0xx_hal_spi.o
 .text.HAL_UART_Init
                0x08004228       0xa8 ./Drivers/STM32L0xx_HAL_Driver/Src/stm32l0xx_hal_uart.o
                0x08004228                HAL_UART_Init
 .text.HAL_UART_Transmit
                0x080042d0      0x13e ./Drivers/STM32L0xx_HAL_Driver/Src/stm32l0xx_hal_uart.o
                0x080042d0                HAL_UART_Transmit
 *fill*         0x0800440e        0x2 
 .text.UART_SetConfig
                0x08004410      0x53c ./Drivers/STM32L0xx_HAL_Driver/Src/stm32l0xx_hal_uart.o
                0x08004410                UART_SetConfig
 .text.UART_AdvFeatureConfig
                0x0800494c      0x168 ./Drivers/STM32L0xx_HAL_Driver/Src/stm32l0xx_hal_uart.o
                0x0800494c                UART_AdvFeatureConfig
 .text.UART_CheckIdleState
                0x08004ab4      0x150 ./Drivers/STM32L0xx_HAL_Driver/Src/stm32l0xx_hal_uart.o
                0x08004ab4                UART_CheckIdleState
 .text.UART_WaitOnFlagUntilTimeout
                0x08004c04       0xde ./Drivers/STM32L0xx_HAL_Driver/Src/stm32l0xx_hal_uart.o
                0x08004c04                UART_WaitOnFlagUntilTimeout
 *fill*         0x08004ce2        0x2 
 .text.UART_EndRxTransfer
                0x08004ce4       0xc8 ./Drivers/STM32L0xx_HAL_Driver/Src/stm32l0xx_hal_uart.o
 .text.MX_FATFS_Init
                0x08004dac       0x2c ./FATFS/App/fatfs.o
                0x08004dac                MX_FATFS_Init
 .text.get_fattime
                0x08004dd8        0xc ./FATFS/App/fatfs.o
                0x08004dd8                get_fattime
 .text.USER_initialize
                0x08004de4       0x20 ./FATFS/Target/user_diskio.o
                0x08004de4                USER_initialize
 .text.USER_status
                0x08004e04       0x20 ./FATFS/Target/user_diskio.o
                0x08004e04                USER_status
 .text.USER_read
                0x08004e24       0x2e ./FATFS/Target/user_diskio.o
                0x08004e24                USER_read
 .text.USER_write
                0x08004e52       0x2e ./FATFS/Target/user_diskio.o
                0x08004e52                USER_write
 .text.USER_ioctl
                0x08004e80       0x2e ./FATFS/Target/user_diskio.o
                0x08004e80                USER_ioctl
 *fill*         0x08004eae        0x2 
 .text.disk_status
                0x08004eb0       0x44 ./Middlewares/Third_Party/FatFs/src/diskio.o
                0x08004eb0                disk_status
 .text.disk_initialize
                0x08004ef4       0x60 ./Middlewares/Third_Party/FatFs/src/diskio.o
                0x08004ef4                disk_initialize
 .text.disk_read
                0x08004f54       0x50 ./Middlewares/Third_Party/FatFs/src/diskio.o
                0x08004f54                disk_read
 .text.disk_write
                0x08004fa4       0x50 ./Middlewares/Third_Party/FatFs/src/diskio.o
                0x08004fa4                disk_write
 .text.disk_ioctl
                0x08004ff4       0x50 ./Middlewares/Third_Party/FatFs/src/diskio.o
                0x08004ff4                disk_ioctl
 .text.ld_word  0x08005044       0x38 ./Middlewares/Third_Party/FatFs/src/ff.o
 .text.ld_dword
                0x0800507c       0x42 ./Middlewares/Third_Party/FatFs/src/ff.o
 .text.st_word  0x080050be       0x3c ./Middlewares/Third_Party/FatFs/src/ff.o
 .text.st_dword
                0x080050fa       0x54 ./Middlewares/Third_Party/FatFs/src/ff.o
 .text.mem_cpy  0x0800514e       0x3e ./Middlewares/Third_Party/FatFs/src/ff.o
 .text.mem_set  0x0800518c       0x32 ./Middlewares/Third_Party/FatFs/src/ff.o
 .text.mem_cmp  0x080051be       0x4a ./Middlewares/Third_Party/FatFs/src/ff.o
 .text.chk_chr  0x08005208       0x32 ./Middlewares/Third_Party/FatFs/src/ff.o
 *fill*         0x0800523a        0x2 
 .text.chk_lock
                0x0800523c       0xb0 ./Middlewares/Third_Party/FatFs/src/ff.o
 .text.enq_lock
                0x080052ec       0x3c ./Middlewares/Third_Party/FatFs/src/ff.o
 .text.inc_lock
                0x08005328      0x114 ./Middlewares/Third_Party/FatFs/src/ff.o
 .text.dec_lock
                0x0800543c       0x94 ./Middlewares/Third_Party/FatFs/src/ff.o
 .text.clear_lock
                0x080054d0       0x40 ./Middlewares/Third_Party/FatFs/src/ff.o
 .text.sync_window
                0x08005510       0x90 ./Middlewares/Third_Party/FatFs/src/ff.o
 .text.move_window
                0x080055a0       0x6a ./Middlewares/Third_Party/FatFs/src/ff.o
 *fill*         0x0800560a        0x2 
 .text.sync_fs  0x0800560c       0xf8 ./Middlewares/Third_Party/FatFs/src/ff.o
 .text.clust2sect
                0x08005704       0x38 ./Middlewares/Third_Party/FatFs/src/ff.o
 .text.get_fat  0x0800573c      0x1b4 ./Middlewares/Third_Party/FatFs/src/ff.o
 .text.put_fat  0x080058f0      0x260 ./Middlewares/Third_Party/FatFs/src/ff.o
 .text.remove_chain
                0x08005b50       0xe6 ./Middlewares/Third_Party/FatFs/src/ff.o
 .text.create_chain
                0x08005c36      0x14c ./Middlewares/Third_Party/FatFs/src/ff.o
 .text.clmt_clust
                0x08005d82       0x76 ./Middlewares/Third_Party/FatFs/src/ff.o
 .text.dir_sdi  0x08005df8      0x118 ./Middlewares/Third_Party/FatFs/src/ff.o
 .text.dir_next
                0x08005f10      0x1b8 ./Middlewares/Third_Party/FatFs/src/ff.o
 .text.dir_alloc
                0x080060c8       0xb0 ./Middlewares/Third_Party/FatFs/src/ff.o
 .text.ld_clust
                0x08006178       0x3e ./Middlewares/Third_Party/FatFs/src/ff.o
 .text.st_clust
                0x080061b6       0x40 ./Middlewares/Third_Party/FatFs/src/ff.o
 *fill*         0x080061f6        0x2 
 .text.cmp_lfn  0x080061f8      0x100 ./Middlewares/Third_Party/FatFs/src/ff.o
 .text.put_lfn  0x080062f8       0xf0 ./Middlewares/Third_Party/FatFs/src/ff.o
 .text.gen_numname
                0x080063e8      0x128 ./Middlewares/Third_Party/FatFs/src/ff.o
 .text.sum_sfn  0x08006510       0x4a ./Middlewares/Third_Party/FatFs/src/ff.o
 .text.dir_find
                0x0800655a      0x1f6 ./Middlewares/Third_Party/FatFs/src/ff.o
 .text.dir_register
                0x08006750      0x220 ./Middlewares/Third_Party/FatFs/src/ff.o
 .text.create_name
                0x08006970      0x408 ./Middlewares/Third_Party/FatFs/src/ff.o
 .text.follow_path
                0x08006d78      0x114 ./Middlewares/Third_Party/FatFs/src/ff.o
 .text.get_ldnumber
                0x08006e8c       0x84 ./Middlewares/Third_Party/FatFs/src/ff.o
 .text.check_fs
                0x08006f10       0xb0 ./Middlewares/Third_Party/FatFs/src/ff.o
 .text.find_volume
                0x08006fc0      0x558 ./Middlewares/Third_Party/FatFs/src/ff.o
 .text.validate
                0x08007518       0x78 ./Middlewares/Third_Party/FatFs/src/ff.o
 .text.f_mount  0x08007590       0x98 ./Middlewares/Third_Party/FatFs/src/ff.o
                0x08007590                f_mount
 .text.f_open   0x08007628      0x40a ./Middlewares/Third_Party/FatFs/src/ff.o
                0x08007628                f_open
 .text.f_read   0x08007a32      0x2c6 ./Middlewares/Third_Party/FatFs/src/ff.o
                0x08007a32                f_read
 .text.f_write  0x08007cf8      0x336 ./Middlewares/Third_Party/FatFs/src/ff.o
                0x08007cf8                f_write
 .text.f_sync   0x0800802e      0x112 ./Middlewares/Third_Party/FatFs/src/ff.o
                0x0800802e                f_sync
 .text.f_close  0x08008140       0x68 ./Middlewares/Third_Party/FatFs/src/ff.o
                0x08008140                f_close
 .text.f_getfree
                0x080081a8      0x17a ./Middlewares/Third_Party/FatFs/src/ff.o
                0x080081a8                f_getfree
 .text.f_gets   0x08008322       0x88 ./Middlewares/Third_Party/FatFs/src/ff.o
                0x08008322                f_gets
 .text.putc_bfd
                0x080083aa       0x82 ./Middlewares/Third_Party/FatFs/src/ff.o
 .text.putc_flush
                0x0800842c       0x48 ./Middlewares/Third_Party/FatFs/src/ff.o
 .text.putc_init
                0x08008474       0x26 ./Middlewares/Third_Party/FatFs/src/ff.o
 .text.f_puts   0x0800849a       0x4a ./Middlewares/Third_Party/FatFs/src/ff.o
                0x0800849a                f_puts
 .text.FATFS_LinkDriverEx
                0x080084e4       0xa8 ./Middlewares/Third_Party/FatFs/src/ff_gen_drv.o
                0x080084e4                FATFS_LinkDriverEx
 .text.FATFS_LinkDriver
                0x0800858c       0x20 ./Middlewares/Third_Party/FatFs/src/ff_gen_drv.o
                0x0800858c                FATFS_LinkDriver
 .text.ff_convert
                0x080085ac       0xa4 ./Middlewares/Third_Party/FatFs/src/option/ccsbcs.o
                0x080085ac                ff_convert
 .text.ff_wtoupper
                0x08008650      0x160 ./Middlewares/Third_Party/FatFs/src/option/ccsbcs.o
                0x08008650                ff_wtoupper
 .text.std      0x080087b0       0x6c C:/ST/STM32CubeIDE_1.18.1/STM32CubeIDE/plugins/com.st.stm32cube.ide.mcu.externaltools.gnu-tools-for-stm32.13.3.rel1.win32_1.0.0.202411081344/tools/bin/../lib/gcc/arm-none-eabi/13.3.1/../../../../arm-none-eabi/lib/thumb/v6-m/nofp\libc_nano.a(libc_a-findfp.o)
 .text.stdio_exit_handler
                0x0800881c       0x1c C:/ST/STM32CubeIDE_1.18.1/STM32CubeIDE/plugins/com.st.stm32cube.ide.mcu.externaltools.gnu-tools-for-stm32.13.3.rel1.win32_1.0.0.202411081344/tools/bin/../lib/gcc/arm-none-eabi/13.3.1/../../../../arm-none-eabi/lib/thumb/v6-m/nofp\libc_nano.a(libc_a-findfp.o)
 .text.cleanup_stdio
                0x08008838       0x3c C:/ST/STM32CubeIDE_1.18.1/STM32CubeIDE/plugins/com.st.stm32cube.ide.mcu.externaltools.gnu-tools-for-stm32.13.3.rel1.win32_1.0.0.202411081344/tools/bin/../lib/gcc/arm-none-eabi/13.3.1/../../../../arm-none-eabi/lib/thumb/v6-m/nofp\libc_nano.a(libc_a-findfp.o)
 .text.global_stdio_init.part.0
                0x08008874       0x3c C:/ST/STM32CubeIDE_1.18.1/STM32CubeIDE/plugins/com.st.stm32cube.ide.mcu.externaltools.gnu-tools-for-stm32.13.3.rel1.win32_1.0.0.202411081344/tools/bin/../lib/gcc/arm-none-eabi/13.3.1/../../../../arm-none-eabi/lib/thumb/v6-m/nofp\libc_nano.a(libc_a-findfp.o)
 .text.__sfp_lock_acquire
                0x080088b0       0x10 C:/ST/STM32CubeIDE_1.18.1/STM32CubeIDE/plugins/com.st.stm32cube.ide.mcu.externaltools.gnu-tools-for-stm32.13.3.rel1.win32_1.0.0.202411081344/tools/bin/../lib/gcc/arm-none-eabi/13.3.1/../../../../arm-none-eabi/lib/thumb/v6-m/nofp\libc_nano.a(libc_a-findfp.o)
                0x080088b0                __sfp_lock_acquire
 .text.__sfp_lock_release
                0x080088c0       0x10 C:/ST/STM32CubeIDE_1.18.1/STM32CubeIDE/plugins/com.st.stm32cube.ide.mcu.externaltools.gnu-tools-for-stm32.13.3.rel1.win32_1.0.0.202411081344/tools/bin/../lib/gcc/arm-none-eabi/13.3.1/../../../../arm-none-eabi/lib/thumb/v6-m/nofp\libc_nano.a(libc_a-findfp.o)
                0x080088c0                __sfp_lock_release
 .text.__sinit  0x080088d0       0x30 C:/ST/STM32CubeIDE_1.18.1/STM32CubeIDE/plugins/com.st.stm32cube.ide.mcu.externaltools.gnu-tools-for-stm32.13.3.rel1.win32_1.0.0.202411081344/tools/bin/../lib/gcc/arm-none-eabi/13.3.1/../../../../arm-none-eabi/lib/thumb/v6-m/nofp\libc_nano.a(libc_a-findfp.o)
                0x080088d0                __sinit
 .text._fwalk_sglue
                0x08008900       0x38 C:/ST/STM32CubeIDE_1.18.1/STM32CubeIDE/plugins/com.st.stm32cube.ide.mcu.externaltools.gnu-tools-for-stm32.13.3.rel1.win32_1.0.0.202411081344/tools/bin/../lib/gcc/arm-none-eabi/13.3.1/../../../../arm-none-eabi/lib/thumb/v6-m/nofp\libc_nano.a(libc_a-fwalk.o)
                0x08008900                _fwalk_sglue
 .text.printf   0x08008938       0x20 C:/ST/STM32CubeIDE_1.18.1/STM32CubeIDE/plugins/com.st.stm32cube.ide.mcu.externaltools.gnu-tools-for-stm32.13.3.rel1.win32_1.0.0.202411081344/tools/bin/../lib/gcc/arm-none-eabi/13.3.1/../../../../arm-none-eabi/lib/thumb/v6-m/nofp\libc_nano.a(libc_a-printf.o)
                0x08008938                iprintf
                0x08008938                printf
 .text._puts_r  0x08008958       0xac C:/ST/STM32CubeIDE_1.18.1/STM32CubeIDE/plugins/com.st.stm32cube.ide.mcu.externaltools.gnu-tools-for-stm32.13.3.rel1.win32_1.0.0.202411081344/tools/bin/../lib/gcc/arm-none-eabi/13.3.1/../../../../arm-none-eabi/lib/thumb/v6-m/nofp\libc_nano.a(libc_a-puts.o)
                0x08008958                _puts_r
 .text.puts     0x08008a04       0x14 C:/ST/STM32CubeIDE_1.18.1/STM32CubeIDE/plugins/com.st.stm32cube.ide.mcu.externaltools.gnu-tools-for-stm32.13.3.rel1.win32_1.0.0.202411081344/tools/bin/../lib/gcc/arm-none-eabi/13.3.1/../../../../arm-none-eabi/lib/thumb/v6-m/nofp\libc_nano.a(libc_a-puts.o)
                0x08008a04                puts
 .text.__sread  0x08008a18       0x28 C:/ST/STM32CubeIDE_1.18.1/STM32CubeIDE/plugins/com.st.stm32cube.ide.mcu.externaltools.gnu-tools-for-stm32.13.3.rel1.win32_1.0.0.202411081344/tools/bin/../lib/gcc/arm-none-eabi/13.3.1/../../../../arm-none-eabi/lib/thumb/v6-m/nofp\libc_nano.a(libc_a-stdio.o)
                0x08008a18                __sread
 .text.__swrite
                0x08008a40       0x38 C:/ST/STM32CubeIDE_1.18.1/STM32CubeIDE/plugins/com.st.stm32cube.ide.mcu.externaltools.gnu-tools-for-stm32.13.3.rel1.win32_1.0.0.202411081344/tools/bin/../lib/gcc/arm-none-eabi/13.3.1/../../../../arm-none-eabi/lib/thumb/v6-m/nofp\libc_nano.a(libc_a-stdio.o)
                0x08008a40                __swrite
 .text.__sseek  0x08008a78       0x2c C:/ST/STM32CubeIDE_1.18.1/STM32CubeIDE/plugins/com.st.stm32cube.ide.mcu.externaltools.gnu-tools-for-stm32.13.3.rel1.win32_1.0.0.202411081344/tools/bin/../lib/gcc/arm-none-eabi/13.3.1/../../../../arm-none-eabi/lib/thumb/v6-m/nofp\libc_nano.a(libc_a-stdio.o)
                0x08008a78                __sseek
 .text.__sclose
                0x08008aa4        0xc C:/ST/STM32CubeIDE_1.18.1/STM32CubeIDE/plugins/com.st.stm32cube.ide.mcu.externaltools.gnu-tools-for-stm32.13.3.rel1.win32_1.0.0.202411081344/tools/bin/../lib/gcc/arm-none-eabi/13.3.1/../../../../arm-none-eabi/lib/thumb/v6-m/nofp\libc_nano.a(libc_a-stdio.o)
                0x08008aa4                __sclose
 .text.__swbuf_r
                0x08008ab0       0x84 C:/ST/STM32CubeIDE_1.18.1/STM32CubeIDE/plugins/com.st.stm32cube.ide.mcu.externaltools.gnu-tools-for-stm32.13.3.rel1.win32_1.0.0.202411081344/tools/bin/../lib/gcc/arm-none-eabi/13.3.1/../../../../arm-none-eabi/lib/thumb/v6-m/nofp\libc_nano.a(libc_a-wbuf.o)
                0x08008ab0                __swbuf_r
 .text.__swsetup_r
                0x08008b34       0xbc C:/ST/STM32CubeIDE_1.18.1/STM32CubeIDE/plugins/com.st.stm32cube.ide.mcu.externaltools.gnu-tools-for-stm32.13.3.rel1.win32_1.0.0.202411081344/tools/bin/../lib/gcc/arm-none-eabi/13.3.1/../../../../arm-none-eabi/lib/thumb/v6-m/nofp\libc_nano.a(libc_a-wsetup.o)
                0x08008b34                __swsetup_r
 .text.memset   0x08008bf0       0x10 C:/ST/STM32CubeIDE_1.18.1/STM32CubeIDE/plugins/com.st.stm32cube.ide.mcu.externaltools.gnu-tools-for-stm32.13.3.rel1.win32_1.0.0.202411081344/tools/bin/../lib/gcc/arm-none-eabi/13.3.1/../../../../arm-none-eabi/lib/thumb/v6-m/nofp\libc_nano.a(libc_a-memset.o)
                0x08008bf0                memset
 .text._close_r
                0x08008c00       0x24 C:/ST/STM32CubeIDE_1.18.1/STM32CubeIDE/plugins/com.st.stm32cube.ide.mcu.externaltools.gnu-tools-for-stm32.13.3.rel1.win32_1.0.0.202411081344/tools/bin/../lib/gcc/arm-none-eabi/13.3.1/../../../../arm-none-eabi/lib/thumb/v6-m/nofp\libc_nano.a(libc_a-closer.o)
                0x08008c00                _close_r
 .text._lseek_r
                0x08008c24       0x28 C:/ST/STM32CubeIDE_1.18.1/STM32CubeIDE/plugins/com.st.stm32cube.ide.mcu.externaltools.gnu-tools-for-stm32.13.3.rel1.win32_1.0.0.202411081344/tools/bin/../lib/gcc/arm-none-eabi/13.3.1/../../../../arm-none-eabi/lib/thumb/v6-m/nofp\libc_nano.a(libc_a-lseekr.o)
                0x08008c24                _lseek_r
 .text._read_r  0x08008c4c       0x28 C:/ST/STM32CubeIDE_1.18.1/STM32CubeIDE/plugins/com.st.stm32cube.ide.mcu.externaltools.gnu-tools-for-stm32.13.3.rel1.win32_1.0.0.202411081344/tools/bin/../lib/gcc/arm-none-eabi/13.3.1/../../../../arm-none-eabi/lib/thumb/v6-m/nofp\libc_nano.a(libc_a-readr.o)
                0x08008c4c                _read_r
 .text._write_r
                0x08008c74       0x28 C:/ST/STM32CubeIDE_1.18.1/STM32CubeIDE/plugins/com.st.stm32cube.ide.mcu.externaltools.gnu-tools-for-stm32.13.3.rel1.win32_1.0.0.202411081344/tools/bin/../lib/gcc/arm-none-eabi/13.3.1/../../../../arm-none-eabi/lib/thumb/v6-m/nofp\libc_nano.a(libc_a-writer.o)
                0x08008c74                _write_r
 .text.__errno  0x08008c9c        0xc C:/ST/STM32CubeIDE_1.18.1/STM32CubeIDE/plugins/com.st.stm32cube.ide.mcu.externaltools.gnu-tools-for-stm32.13.3.rel1.win32_1.0.0.202411081344/tools/bin/../lib/gcc/arm-none-eabi/13.3.1/../../../../arm-none-eabi/lib/thumb/v6-m/nofp\libc_nano.a(libc_a-errno.o)
                0x08008c9c                __errno
 .text.__libc_init_array
                0x08008ca8       0x48 C:/ST/STM32CubeIDE_1.18.1/STM32CubeIDE/plugins/com.st.stm32cube.ide.mcu.externaltools.gnu-tools-for-stm32.13.3.rel1.win32_1.0.0.202411081344/tools/bin/../lib/gcc/arm-none-eabi/13.3.1/../../../../arm-none-eabi/lib/thumb/v6-m/nofp\libc_nano.a(libc_a-init.o)
                0x08008ca8                __libc_init_array
 .text.__retarget_lock_init_recursive
                0x08008cf0        0x2 C:/ST/STM32CubeIDE_1.18.1/STM32CubeIDE/plugins/com.st.stm32cube.ide.mcu.externaltools.gnu-tools-for-stm32.13.3.rel1.win32_1.0.0.202411081344/tools/bin/../lib/gcc/arm-none-eabi/13.3.1/../../../../arm-none-eabi/lib/thumb/v6-m/nofp\libc_nano.a(libc_a-lock.o)
                0x08008cf0                __retarget_lock_init_recursive
 .text.__retarget_lock_acquire_recursive
                0x08008cf2        0x2 C:/ST/STM32CubeIDE_1.18.1/STM32CubeIDE/plugins/com.st.stm32cube.ide.mcu.externaltools.gnu-tools-for-stm32.13.3.rel1.win32_1.0.0.202411081344/tools/bin/../lib/gcc/arm-none-eabi/13.3.1/../../../../arm-none-eabi/lib/thumb/v6-m/nofp\libc_nano.a(libc_a-lock.o)
                0x08008cf2                __retarget_lock_acquire_recursive
 .text.__retarget_lock_release_recursive
                0x08008cf4        0x2 C:/ST/STM32CubeIDE_1.18.1/STM32CubeIDE/plugins/com.st.stm32cube.ide.mcu.externaltools.gnu-tools-for-stm32.13.3.rel1.win32_1.0.0.202411081344/tools/bin/../lib/gcc/arm-none-eabi/13.3.1/../../../../arm-none-eabi/lib/thumb/v6-m/nofp\libc_nano.a(libc_a-lock.o)
                0x08008cf4                __retarget_lock_release_recursive
 *fill*         0x08008cf6        0x2 
 .text._free_r  0x08008cf8       0x94 C:/ST/STM32CubeIDE_1.18.1/STM32CubeIDE/plugins/com.st.stm32cube.ide.mcu.externaltools.gnu-tools-for-stm32.13.3.rel1.win32_1.0.0.202411081344/tools/bin/../lib/gcc/arm-none-eabi/13.3.1/../../../../arm-none-eabi/lib/thumb/v6-m/nofp\libc_nano.a(libc_a-freer.o)
                0x08008cf8                _free_r
 .text.sbrk_aligned
                0x08008d8c       0x44 C:/ST/STM32CubeIDE_1.18.1/STM32CubeIDE/plugins/com.st.stm32cube.ide.mcu.externaltools.gnu-tools-for-stm32.13.3.rel1.win32_1.0.0.202411081344/tools/bin/../lib/gcc/arm-none-eabi/13.3.1/../../../../arm-none-eabi/lib/thumb/v6-m/nofp\libc_nano.a(libc_a-mallocr.o)
 .text._malloc_r
                0x08008dd0      0x100 C:/ST/STM32CubeIDE_1.18.1/STM32CubeIDE/plugins/com.st.stm32cube.ide.mcu.externaltools.gnu-tools-for-stm32.13.3.rel1.win32_1.0.0.202411081344/tools/bin/../lib/gcc/arm-none-eabi/13.3.1/../../../../arm-none-eabi/lib/thumb/v6-m/nofp\libc_nano.a(libc_a-mallocr.o)
                0x08008dd0                _malloc_r
 .text.__malloc_lock
                0x08008ed0       0x10 C:/ST/STM32CubeIDE_1.18.1/STM32CubeIDE/plugins/com.st.stm32cube.ide.mcu.externaltools.gnu-tools-for-stm32.13.3.rel1.win32_1.0.0.202411081344/tools/bin/../lib/gcc/arm-none-eabi/13.3.1/../../../../arm-none-eabi/lib/thumb/v6-m/nofp\libc_nano.a(libc_a-mlock.o)
                0x08008ed0                __malloc_lock
 .text.__malloc_unlock
                0x08008ee0       0x10 C:/ST/STM32CubeIDE_1.18.1/STM32CubeIDE/plugins/com.st.stm32cube.ide.mcu.externaltools.gnu-tools-for-stm32.13.3.rel1.win32_1.0.0.202411081344/tools/bin/../lib/gcc/arm-none-eabi/13.3.1/../../../../arm-none-eabi/lib/thumb/v6-m/nofp\libc_nano.a(libc_a-mlock.o)
                0x08008ee0                __malloc_unlock
 .text.__sfputc_r
                0x08008ef0       0x2a C:/ST/STM32CubeIDE_1.18.1/STM32CubeIDE/plugins/com.st.stm32cube.ide.mcu.externaltools.gnu-tools-for-stm32.13.3.rel1.win32_1.0.0.202411081344/tools/bin/../lib/gcc/arm-none-eabi/13.3.1/../../../../arm-none-eabi/lib/thumb/v6-m/nofp\libc_nano.a(libc_a-nano-vfprintf.o)
 .text.__sfputs_r
                0x08008f1a       0x24 C:/ST/STM32CubeIDE_1.18.1/STM32CubeIDE/plugins/com.st.stm32cube.ide.mcu.externaltools.gnu-tools-for-stm32.13.3.rel1.win32_1.0.0.202411081344/tools/bin/../lib/gcc/arm-none-eabi/13.3.1/../../../../arm-none-eabi/lib/thumb/v6-m/nofp\libc_nano.a(libc_a-nano-vfprintf.o)
                0x08008f1a                __sfputs_r
 *fill*         0x08008f3e        0x2 
 .text._vfprintf_r
                0x08008f40      0x238 C:/ST/STM32CubeIDE_1.18.1/STM32CubeIDE/plugins/com.st.stm32cube.ide.mcu.externaltools.gnu-tools-for-stm32.13.3.rel1.win32_1.0.0.202411081344/tools/bin/../lib/gcc/arm-none-eabi/13.3.1/../../../../arm-none-eabi/lib/thumb/v6-m/nofp\libc_nano.a(libc_a-nano-vfprintf.o)
                0x08008f40                _vfprintf_r
                0x08008f40                _vfiprintf_r
 .text._printf_common
                0x08009178       0xde C:/ST/STM32CubeIDE_1.18.1/STM32CubeIDE/plugins/com.st.stm32cube.ide.mcu.externaltools.gnu-tools-for-stm32.13.3.rel1.win32_1.0.0.202411081344/tools/bin/../lib/gcc/arm-none-eabi/13.3.1/../../../../arm-none-eabi/lib/thumb/v6-m/nofp\libc_nano.a(libc_a-nano-vfprintf_i.o)
                0x08009178                _printf_common
 *fill*         0x08009256        0x2 
 .text._printf_i
                0x08009258      0x218 C:/ST/STM32CubeIDE_1.18.1/STM32CubeIDE/plugins/com.st.stm32cube.ide.mcu.externaltools.gnu-tools-for-stm32.13.3.rel1.win32_1.0.0.202411081344/tools/bin/../lib/gcc/arm-none-eabi/13.3.1/../../../../arm-none-eabi/lib/thumb/v6-m/nofp\libc_nano.a(libc_a-nano-vfprintf_i.o)
                0x08009258                _printf_i
 .text.__sflush_r
                0x08009470      0x10c C:/ST/STM32CubeIDE_1.18.1/STM32CubeIDE/plugins/com.st.stm32cube.ide.mcu.externaltools.gnu-tools-for-stm32.13.3.rel1.win32_1.0.0.202411081344/tools/bin/../lib/gcc/arm-none-eabi/13.3.1/../../../../arm-none-eabi/lib/thumb/v6-m/nofp\libc_nano.a(libc_a-fflush.o)
                0x08009470                __sflush_r
 .text._fflush_r
                0x0800957c       0x56 C:/ST/STM32CubeIDE_1.18.1/STM32CubeIDE/plugins/com.st.stm32cube.ide.mcu.externaltools.gnu-tools-for-stm32.13.3.rel1.win32_1.0.0.202411081344/tools/bin/../lib/gcc/arm-none-eabi/13.3.1/../../../../arm-none-eabi/lib/thumb/v6-m/nofp\libc_nano.a(libc_a-fflush.o)
                0x0800957c                _fflush_r
 *fill*         0x080095d2        0x2 
 .text.__swhatbuf_r
                0x080095d4       0x54 C:/ST/STM32CubeIDE_1.18.1/STM32CubeIDE/plugins/com.st.stm32cube.ide.mcu.externaltools.gnu-tools-for-stm32.13.3.rel1.win32_1.0.0.202411081344/tools/bin/../lib/gcc/arm-none-eabi/13.3.1/../../../../arm-none-eabi/lib/thumb/v6-m/nofp\libc_nano.a(libc_a-makebuf.o)
                0x080095d4                __swhatbuf_r
 .text.__smakebuf_r
                0x08009628       0x82 C:/ST/STM32CubeIDE_1.18.1/STM32CubeIDE/plugins/com.st.stm32cube.ide.mcu.externaltools.gnu-tools-for-stm32.13.3.rel1.win32_1.0.0.202411081344/tools/bin/../lib/gcc/arm-none-eabi/13.3.1/../../../../arm-none-eabi/lib/thumb/v6-m/nofp\libc_nano.a(libc_a-makebuf.o)
                0x08009628                __smakebuf_r
 *fill*         0x080096aa        0x2 
 .text._fstat_r
                0x080096ac       0x24 C:/ST/STM32CubeIDE_1.18.1/STM32CubeIDE/plugins/com.st.stm32cube.ide.mcu.externaltools.gnu-tools-for-stm32.13.3.rel1.win32_1.0.0.202411081344/tools/bin/../lib/gcc/arm-none-eabi/13.3.1/../../../../arm-none-eabi/lib/thumb/v6-m/nofp\libc_nano.a(libc_a-fstatr.o)
                0x080096ac                _fstat_r
 .text._isatty_r
                0x080096d0       0x24 C:/ST/STM32CubeIDE_1.18.1/STM32CubeIDE/plugins/com.st.stm32cube.ide.mcu.externaltools.gnu-tools-for-stm32.13.3.rel1.win32_1.0.0.202411081344/tools/bin/../lib/gcc/arm-none-eabi/13.3.1/../../../../arm-none-eabi/lib/thumb/v6-m/nofp\libc_nano.a(libc_a-isattyr.o)
                0x080096d0                _isatty_r
 .text._sbrk_r  0x080096f4       0x24 C:/ST/STM32CubeIDE_1.18.1/STM32CubeIDE/plugins/com.st.stm32cube.ide.mcu.externaltools.gnu-tools-for-stm32.13.3.rel1.win32_1.0.0.202411081344/tools/bin/../lib/gcc/arm-none-eabi/13.3.1/../../../../arm-none-eabi/lib/thumb/v6-m/nofp\libc_nano.a(libc_a-sbrkr.o)
                0x080096f4                _sbrk_r
 .text.memchr   0x08009718       0x16 C:/ST/STM32CubeIDE_1.18.1/STM32CubeIDE/plugins/com.st.stm32cube.ide.mcu.externaltools.gnu-tools-for-stm32.13.3.rel1.win32_1.0.0.202411081344/tools/bin/../lib/gcc/arm-none-eabi/13.3.1/../../../../arm-none-eabi/lib/thumb/v6-m/nofp\libc_nano.a(libc_a-memchr-stub.o)
                0x08009718                memchr
 *(.glue_7)
 .glue_7        0x0800972e        0x0 linker stubs
 *(.glue_7t)
 .glue_7t       0x0800972e        0x0 linker stubs
 *(.eh_frame)
 *fill*         0x0800972e        0x2 
 .eh_frame      0x08009730        0x0 C:/ST/STM32CubeIDE_1.18.1/STM32CubeIDE/plugins/com.st.stm32cube.ide.mcu.externaltools.gnu-tools-for-stm32.13.3.rel1.win32_1.0.0.202411081344/tools/bin/../lib/gcc/arm-none-eabi/13.3.1/thumb/v6-m/nofp/crtbegin.o
 *(.init)
 .init          0x08009730        0x4 C:/ST/STM32CubeIDE_1.18.1/STM32CubeIDE/plugins/com.st.stm32cube.ide.mcu.externaltools.gnu-tools-for-stm32.13.3.rel1.win32_1.0.0.202411081344/tools/bin/../lib/gcc/arm-none-eabi/13.3.1/thumb/v6-m/nofp/crti.o
                0x08009730                _init
 .init          0x08009734        0x8 C:/ST/STM32CubeIDE_1.18.1/STM32CubeIDE/plugins/com.st.stm32cube.ide.mcu.externaltools.gnu-tools-for-stm32.13.3.rel1.win32_1.0.0.202411081344/tools/bin/../lib/gcc/arm-none-eabi/13.3.1/thumb/v6-m/nofp/crtn.o
 *(.fini)
 .fini          0x0800973c        0x4 C:/ST/STM32CubeIDE_1.18.1/STM32CubeIDE/plugins/com.st.stm32cube.ide.mcu.externaltools.gnu-tools-for-stm32.13.3.rel1.win32_1.0.0.202411081344/tools/bin/../lib/gcc/arm-none-eabi/13.3.1/thumb/v6-m/nofp/crti.o
                0x0800973c                _fini
 .fini          0x08009740        0x8 C:/ST/STM32CubeIDE_1.18.1/STM32CubeIDE/plugins/com.st.stm32cube.ide.mcu.externaltools.gnu-tools-for-stm32.13.3.rel1.win32_1.0.0.202411081344/tools/bin/../lib/gcc/arm-none-eabi/13.3.1/thumb/v6-m/nofp/crtn.o
                0x08009748                        . = ALIGN (0x4)
                0x08009748                        _etext = .

.vfp11_veneer   0x08009748        0x0
 .vfp11_veneer  0x08009748        0x0 linker stubs

.v4_bx          0x08009748        0x0
 .v4_bx         0x08009748        0x0 linker stubs

.iplt           0x08009748        0x0
 .iplt          0x08009748        0x0 C:/ST/STM32CubeIDE_1.18.1/STM32CubeIDE/plugins/com.st.stm32cube.ide.mcu.externaltools.gnu-tools-for-stm32.13.3.rel1.win32_1.0.0.202411081344/tools/bin/../lib/gcc/arm-none-eabi/13.3.1/thumb/v6-m/nofp/crtbegin.o

.rodata         0x08009748      0x6bc
                0x08009748                        . = ALIGN (0x4)
 *(.rodata)
 .rodata        0x08009748      0x137 ./Core/Src/main.o
 *fill*         0x0800987f        0x1 
 .rodata        0x08009880       0x48 ./Middlewares/Third_Party/FatFs/src/ff.o
 *(.rodata*)
 .rodata.SD_disk_ioctl
                0x080098c8       0x38 ./Core/Src/fatfs_sd_card.o
 .rodata.AHBPrescTable
                0x08009900       0x10 ./Core/Src/system_stm32l0xx.o
                0x08009900                AHBPrescTable
 .rodata.APBPrescTable
                0x08009910        0x8 ./Core/Src/system_stm32l0xx.o
                0x08009910                APBPrescTable
 .rodata.PLLMulTable
                0x08009918        0x9 ./Core/Src/system_stm32l0xx.o
                0x08009918                PLLMulTable
 *fill*         0x08009921        0x3 
 .rodata.UART_SetConfig
                0x08009924       0x48 ./Drivers/STM32L0xx_HAL_Driver/Src/stm32l0xx_hal_uart.o
 .rodata.ExCvt  0x0800996c       0x80 ./Middlewares/Third_Party/FatFs/src/ff.o
 .rodata.LfnOfs
                0x080099ec        0xd ./Middlewares/Third_Party/FatFs/src/ff.o
 *fill*         0x080099f9        0x3 
 .rodata.Tbl    0x080099fc      0x100 ./Middlewares/Third_Party/FatFs/src/option/ccsbcs.o
 .rodata.ff_wtoupper
                0x08009afc       0x24 ./Middlewares/Third_Party/FatFs/src/option/ccsbcs.o
 .rodata.cvt1.1
                0x08009b20      0x1f2 ./Middlewares/Third_Party/FatFs/src/option/ccsbcs.o
 *fill*         0x08009d12        0x2 
 .rodata.cvt2.0
                0x08009d14       0xbc ./Middlewares/Third_Party/FatFs/src/option/ccsbcs.o
 .rodata._vfprintf_r.str1.1
                0x08009dd0       0x33 C:/ST/STM32CubeIDE_1.18.1/STM32CubeIDE/plugins/com.st.stm32cube.ide.mcu.externaltools.gnu-tools-for-stm32.13.3.rel1.win32_1.0.0.202411081344/tools/bin/../lib/gcc/arm-none-eabi/13.3.1/../../../../arm-none-eabi/lib/thumb/v6-m/nofp\libc_nano.a(libc_a-nano-vfprintf.o)
                                 0x11 (size before relaxing)
 .rodata._printf_i.str1.1
                0x08009e03       0x22 C:/ST/STM32CubeIDE_1.18.1/STM32CubeIDE/plugins/com.st.stm32cube.ide.mcu.externaltools.gnu-tools-for-stm32.13.3.rel1.win32_1.0.0.202411081344/tools/bin/../lib/gcc/arm-none-eabi/13.3.1/../../../../arm-none-eabi/lib/thumb/v6-m/nofp\libc_nano.a(libc_a-nano-vfprintf_i.o)
                0x08009e28                        . = ALIGN (0x4)
 *fill*         0x08009e03        0x1 

.ARM.extab      0x08009e04        0x0
                0x08009e04                        . = ALIGN (0x4)
 *(.ARM.extab* .gnu.linkonce.armextab.*)
                0x08009e04                        . = ALIGN (0x4)

.ARM            0x08009e04        0x8
                0x08009e04                        . = ALIGN (0x4)
                0x08009e04                        __exidx_start = .
 *(.ARM.exidx*)
 .ARM.exidx     0x08009e04        0x8 C:/ST/STM32CubeIDE_1.18.1/STM32CubeIDE/plugins/com.st.stm32cube.ide.mcu.externaltools.gnu-tools-for-stm32.13.3.rel1.win32_1.0.0.202411081344/tools/bin/../lib/gcc/arm-none-eabi/13.3.1/thumb/v6-m/nofp\libgcc.a(_udivmoddi4.o)
                0x08009e0c                        __exidx_end = .
                0x08009e0c                        . = ALIGN (0x4)

.preinit_array  0x08009e0c        0x0
                0x08009e0c                        . = ALIGN (0x4)
                0x08009e0c                        PROVIDE (__preinit_array_start = .)
 *(.preinit_array*)
                0x08009e0c                        PROVIDE (__preinit_array_end = .)
                0x08009e0c                        . = ALIGN (0x4)

.init_array     0x08009e0c        0x4
                0x08009e0c                        . = ALIGN (0x4)
                0x08009e0c                        PROVIDE (__init_array_start = .)
 *(SORT_BY_NAME(.init_array.*))
 *(.init_array*)
 .init_array    0x08009e0c        0x4 C:/ST/STM32CubeIDE_1.18.1/STM32CubeIDE/plugins/com.st.stm32cube.ide.mcu.externaltools.gnu-tools-for-stm32.13.3.rel1.win32_1.0.0.202411081344/tools/bin/../lib/gcc/arm-none-eabi/13.3.1/thumb/v6-m/nofp/crtbegin.o
                0x08009e10                        PROVIDE (__init_array_end = .)
                0x08009e10                        . = ALIGN (0x4)

.fini_array     0x08009e10        0x4
                0x08009e10                        . = ALIGN (0x4)
                [!provide]                        PROVIDE (__fini_array_start = .)
 *(SORT_BY_NAME(.fini_array.*))
 *(.fini_array*)
 .fini_array    0x08009e10        0x4 C:/ST/STM32CubeIDE_1.18.1/STM32CubeIDE/plugins/com.st.stm32cube.ide.mcu.externaltools.gnu-tools-for-stm32.13.3.rel1.win32_1.0.0.202411081344/tools/bin/../lib/gcc/arm-none-eabi/13.3.1/thumb/v6-m/nofp/crtbegin.o
                [!provide]                        PROVIDE (__fini_array_end = .)
                0x08009e14                        . = ALIGN (0x4)
                0x08009e14                        _sidata = LOADADDR (.data)

.rel.dyn        0x08009e14        0x0
 .rel.iplt      0x08009e14        0x0 C:/ST/STM32CubeIDE_1.18.1/STM32CubeIDE/plugins/com.st.stm32cube.ide.mcu.externaltools.gnu-tools-for-stm32.13.3.rel1.win32_1.0.0.202411081344/tools/bin/../lib/gcc/arm-none-eabi/13.3.1/thumb/v6-m/nofp/crtbegin.o

.data           0x20000000       0x80 load address 0x08009e14
                0x20000000                        . = ALIGN (0x4)
                0x20000000                        _sdata = .
 *(.data)
 *(.data*)
 .data.Stat     0x20000000        0x1 ./Core/Src/fatfs_sd_card.o
 *fill*         0x20000001        0x3 
 .data.SystemCoreClock
                0x20000004        0x4 ./Core/Src/system_stm32l0xx.o
                0x20000004                SystemCoreClock
 .data.uwTickPrio
                0x20000008        0x4 ./Drivers/STM32L0xx_HAL_Driver/Src/stm32l0xx_hal.o
                0x20000008                uwTickPrio
 .data.uwTickFreq
                0x2000000c        0x1 ./Drivers/STM32L0xx_HAL_Driver/Src/stm32l0xx_hal.o
                0x2000000c                uwTickFreq
 *fill*         0x2000000d        0x3 
 .data.USER_Driver
                0x20000010       0x14 ./FATFS/Target/user_diskio.o
                0x20000010                USER_Driver
 .data.__sglue  0x20000024        0xc C:/ST/STM32CubeIDE_1.18.1/STM32CubeIDE/plugins/com.st.stm32cube.ide.mcu.externaltools.gnu-tools-for-stm32.13.3.rel1.win32_1.0.0.202411081344/tools/bin/../lib/gcc/arm-none-eabi/13.3.1/../../../../arm-none-eabi/lib/thumb/v6-m/nofp\libc_nano.a(libc_a-findfp.o)
                0x20000024                __sglue
 .data._impure_ptr
                0x20000030        0x4 C:/ST/STM32CubeIDE_1.18.1/STM32CubeIDE/plugins/com.st.stm32cube.ide.mcu.externaltools.gnu-tools-for-stm32.13.3.rel1.win32_1.0.0.202411081344/tools/bin/../lib/gcc/arm-none-eabi/13.3.1/../../../../arm-none-eabi/lib/thumb/v6-m/nofp\libc_nano.a(libc_a-impure.o)
                0x20000030                _impure_ptr
 .data._impure_data
                0x20000034       0x4c C:/ST/STM32CubeIDE_1.18.1/STM32CubeIDE/plugins/com.st.stm32cube.ide.mcu.externaltools.gnu-tools-for-stm32.13.3.rel1.win32_1.0.0.202411081344/tools/bin/../lib/gcc/arm-none-eabi/13.3.1/../../../../arm-none-eabi/lib/thumb/v6-m/nofp\libc_nano.a(libc_a-impure.o)
                0x20000034                _impure_data
 *(.RamFunc)
 *(.RamFunc*)
                0x20000080                        . = ALIGN (0x4)
                0x20000080                        _edata = .

.igot.plt       0x20000080        0x0 load address 0x08009e94
 .igot.plt      0x20000080        0x0 C:/ST/STM32CubeIDE_1.18.1/STM32CubeIDE/plugins/com.st.stm32cube.ide.mcu.externaltools.gnu-tools-for-stm32.13.3.rel1.win32_1.0.0.202411081344/tools/bin/../lib/gcc/arm-none-eabi/13.3.1/thumb/v6-m/nofp/crtbegin.o
                0x20000080                        . = ALIGN (0x4)

.bss            0x20000080      0x494 load address 0x08009e94
                0x20000080                        _sbss = .
                0x20000080                        __bss_start__ = _sbss
 *(.bss)
 .bss           0x20000080       0x1c C:/ST/STM32CubeIDE_1.18.1/STM32CubeIDE/plugins/com.st.stm32cube.ide.mcu.externaltools.gnu-tools-for-stm32.13.3.rel1.win32_1.0.0.202411081344/tools/bin/../lib/gcc/arm-none-eabi/13.3.1/thumb/v6-m/nofp/crtbegin.o
 *(.bss*)
 .bss.Timer1    0x2000009c        0x2 ./Core/Src/fatfs_sd_card.o
                0x2000009c                Timer1
 .bss.Timer2    0x2000009e        0x2 ./Core/Src/fatfs_sd_card.o
                0x2000009e                Timer2
 .bss.CardType  0x200000a0        0x1 ./Core/Src/fatfs_sd_card.o
 .bss.PowerFlag
                0x200000a1        0x1 ./Core/Src/fatfs_sd_card.o
 *fill*         0x200000a2        0x2 
 .bss.hspi2     0x200000a4       0x58 ./Core/Src/main.o
                0x200000a4                hspi2
 .bss.huart1    0x200000fc       0x88 ./Core/Src/main.o
                0x200000fc                huart1
 .bss.__sbrk_heap_end
                0x20000184        0x4 ./Core/Src/sysmem.o
 .bss.uwTick    0x20000188        0x4 ./Drivers/STM32L0xx_HAL_Driver/Src/stm32l0xx_hal.o
                0x20000188                uwTick
 .bss.retUSER   0x2000018c        0x1 ./FATFS/App/fatfs.o
                0x2000018c                retUSER
 *fill*         0x2000018d        0x3 
 .bss.USERPath  0x20000190        0x4 ./FATFS/App/fatfs.o
                0x20000190                USERPath
 .bss.FatFs     0x20000194        0x4 ./Middlewares/Third_Party/FatFs/src/ff.o
 .bss.Fsid      0x20000198        0x2 ./Middlewares/Third_Party/FatFs/src/ff.o
 *fill*         0x2000019a        0x2 
 .bss.Files     0x2000019c       0x20 ./Middlewares/Third_Party/FatFs/src/ff.o
 .bss.LfnBuf    0x200001bc      0x200 ./Middlewares/Third_Party/FatFs/src/ff.o
 .bss.disk      0x200003bc        0xc ./Middlewares/Third_Party/FatFs/src/ff_gen_drv.o
                0x200003bc                disk
 .bss.__sf      0x200003c8      0x138 C:/ST/STM32CubeIDE_1.18.1/STM32CubeIDE/plugins/com.st.stm32cube.ide.mcu.externaltools.gnu-tools-for-stm32.13.3.rel1.win32_1.0.0.202411081344/tools/bin/../lib/gcc/arm-none-eabi/13.3.1/../../../../arm-none-eabi/lib/thumb/v6-m/nofp\libc_nano.a(libc_a-findfp.o)
                0x200003c8                __sf
 .bss.__stdio_exit_handler
                0x20000500        0x4 C:/ST/STM32CubeIDE_1.18.1/STM32CubeIDE/plugins/com.st.stm32cube.ide.mcu.externaltools.gnu-tools-for-stm32.13.3.rel1.win32_1.0.0.202411081344/tools/bin/../lib/gcc/arm-none-eabi/13.3.1/../../../../arm-none-eabi/lib/thumb/v6-m/nofp\libc_nano.a(libc_a-findfp.o)
                0x20000500                __stdio_exit_handler
 .bss.errno     0x20000504        0x4 C:/ST/STM32CubeIDE_1.18.1/STM32CubeIDE/plugins/com.st.stm32cube.ide.mcu.externaltools.gnu-tools-for-stm32.13.3.rel1.win32_1.0.0.202411081344/tools/bin/../lib/gcc/arm-none-eabi/13.3.1/../../../../arm-none-eabi/lib/thumb/v6-m/nofp\libc_nano.a(libc_a-reent.o)
                0x20000504                errno
 .bss.__lock___malloc_recursive_mutex
                0x20000508        0x1 C:/ST/STM32CubeIDE_1.18.1/STM32CubeIDE/plugins/com.st.stm32cube.ide.mcu.externaltools.gnu-tools-for-stm32.13.3.rel1.win32_1.0.0.202411081344/tools/bin/../lib/gcc/arm-none-eabi/13.3.1/../../../../arm-none-eabi/lib/thumb/v6-m/nofp\libc_nano.a(libc_a-lock.o)
                0x20000508                __lock___malloc_recursive_mutex
 .bss.__lock___sfp_recursive_mutex
                0x20000509        0x1 C:/ST/STM32CubeIDE_1.18.1/STM32CubeIDE/plugins/com.st.stm32cube.ide.mcu.externaltools.gnu-tools-for-stm32.13.3.rel1.win32_1.0.0.202411081344/tools/bin/../lib/gcc/arm-none-eabi/13.3.1/../../../../arm-none-eabi/lib/thumb/v6-m/nofp\libc_nano.a(libc_a-lock.o)
                0x20000509                __lock___sfp_recursive_mutex
 *fill*         0x2000050a        0x2 
 .bss.__malloc_sbrk_start
                0x2000050c        0x4 C:/ST/STM32CubeIDE_1.18.1/STM32CubeIDE/plugins/com.st.stm32cube.ide.mcu.externaltools.gnu-tools-for-stm32.13.3.rel1.win32_1.0.0.202411081344/tools/bin/../lib/gcc/arm-none-eabi/13.3.1/../../../../arm-none-eabi/lib/thumb/v6-m/nofp\libc_nano.a(libc_a-mallocr.o)
                0x2000050c                __malloc_sbrk_start
 .bss.__malloc_free_list
                0x20000510        0x4 C:/ST/STM32CubeIDE_1.18.1/STM32CubeIDE/plugins/com.st.stm32cube.ide.mcu.externaltools.gnu-tools-for-stm32.13.3.rel1.win32_1.0.0.202411081344/tools/bin/../lib/gcc/arm-none-eabi/13.3.1/../../../../arm-none-eabi/lib/thumb/v6-m/nofp\libc_nano.a(libc_a-mallocr.o)
                0x20000510                __malloc_free_list
 *(COMMON)
                0x20000514                        . = ALIGN (0x4)
                0x20000514                        _ebss = .
                0x20000514                        __bss_end__ = _ebss

._user_heap_stack
                0x20000514      0x604 load address 0x08009e94
                0x20000518                        . = ALIGN (0x8)
 *fill*         0x20000514        0x4 
                [!provide]                        PROVIDE (end = .)
                0x20000518                        PROVIDE (_end = .)
                0x20000718                        . = (. + _Min_Heap_Size)
 *fill*         0x20000518      0x200 
                0x20000b18                        . = (. + _Min_Stack_Size)
 *fill*         0x20000718      0x400 
                0x20000b18                        . = ALIGN (0x8)

/DISCARD/
 libc.a(*)
 libm.a(*)
 libgcc.a(*)

.ARM.attributes
                0x00000000       0x28
 *(.ARM.attributes)
 .ARM.attributes
                0x00000000       0x1e C:/ST/STM32CubeIDE_1.18.1/STM32CubeIDE/plugins/com.st.stm32cube.ide.mcu.externaltools.gnu-tools-for-stm32.13.3.rel1.win32_1.0.0.202411081344/tools/bin/../lib/gcc/arm-none-eabi/13.3.1/thumb/v6-m/nofp/crti.o
 .ARM.attributes
                0x0000001e       0x2c C:/ST/STM32CubeIDE_1.18.1/STM32CubeIDE/plugins/com.st.stm32cube.ide.mcu.externaltools.gnu-tools-for-stm32.13.3.rel1.win32_1.0.0.202411081344/tools/bin/../lib/gcc/arm-none-eabi/13.3.1/thumb/v6-m/nofp/crtbegin.o
 .ARM.attributes
                0x0000004a       0x2c ./Core/Src/fatfs_sd_card.o
 .ARM.attributes
                0x00000076       0x2c ./Core/Src/main.o
 .ARM.attributes
                0x000000a2       0x2c ./Core/Src/stm32l0xx_hal_msp.o
 .ARM.attributes
                0x000000ce       0x2c ./Core/Src/stm32l0xx_it.o
 .ARM.attributes
                0x000000fa       0x2c ./Core/Src/syscalls.o
 .ARM.attributes
                0x00000126       0x2c ./Core/Src/sysmem.o
 .ARM.attributes
                0x00000152       0x2c ./Core/Src/system_stm32l0xx.o
 .ARM.attributes
                0x0000017e       0x22 ./Core/Startup/startup_stm32l072cztx.o
 .ARM.attributes
                0x000001a0       0x2c ./Drivers/STM32L0xx_HAL_Driver/Src/stm32l0xx_hal.o
 .ARM.attributes
                0x000001cc       0x2c ./Drivers/STM32L0xx_HAL_Driver/Src/stm32l0xx_hal_cortex.o
 .ARM.attributes
                0x000001f8       0x2c ./Drivers/STM32L0xx_HAL_Driver/Src/stm32l0xx_hal_gpio.o
 .ARM.attributes
                0x00000224       0x2c ./Drivers/STM32L0xx_HAL_Driver/Src/stm32l0xx_hal_rcc.o
 .ARM.attributes
                0x00000250       0x2c ./Drivers/STM32L0xx_HAL_Driver/Src/stm32l0xx_hal_spi.o
 .ARM.attributes
                0x0000027c       0x2c ./Drivers/STM32L0xx_HAL_Driver/Src/stm32l0xx_hal_uart.o
 .ARM.attributes
                0x000002a8       0x2c ./FATFS/App/fatfs.o
 .ARM.attributes
                0x000002d4       0x2c ./FATFS/Target/user_diskio.o
 .ARM.attributes
                0x00000300       0x2c ./Middlewares/Third_Party/FatFs/src/diskio.o
 .ARM.attributes
                0x0000032c       0x2c ./Middlewares/Third_Party/FatFs/src/ff.o
 .ARM.attributes
                0x00000358       0x2c ./Middlewares/Third_Party/FatFs/src/ff_gen_drv.o
 .ARM.attributes
                0x00000384       0x2c ./Middlewares/Third_Party/FatFs/src/option/ccsbcs.o
 .ARM.attributes
                0x000003b0       0x2c C:/ST/STM32CubeIDE_1.18.1/STM32CubeIDE/plugins/com.st.stm32cube.ide.mcu.externaltools.gnu-tools-for-stm32.13.3.rel1.win32_1.0.0.202411081344/tools/bin/../lib/gcc/arm-none-eabi/13.3.1/../../../../arm-none-eabi/lib/thumb/v6-m/nofp\libc_nano.a(libc_a-findfp.o)
 .ARM.attributes
                0x000003dc       0x2c C:/ST/STM32CubeIDE_1.18.1/STM32CubeIDE/plugins/com.st.stm32cube.ide.mcu.externaltools.gnu-tools-for-stm32.13.3.rel1.win32_1.0.0.202411081344/tools/bin/../lib/gcc/arm-none-eabi/13.3.1/../../../../arm-none-eabi/lib/thumb/v6-m/nofp\libc_nano.a(libc_a-fwalk.o)
 .ARM.attributes
                0x00000408       0x2c C:/ST/STM32CubeIDE_1.18.1/STM32CubeIDE/plugins/com.st.stm32cube.ide.mcu.externaltools.gnu-tools-for-stm32.13.3.rel1.win32_1.0.0.202411081344/tools/bin/../lib/gcc/arm-none-eabi/13.3.1/../../../../arm-none-eabi/lib/thumb/v6-m/nofp\libc_nano.a(libc_a-printf.o)
 .ARM.attributes
                0x00000434       0x2c C:/ST/STM32CubeIDE_1.18.1/STM32CubeIDE/plugins/com.st.stm32cube.ide.mcu.externaltools.gnu-tools-for-stm32.13.3.rel1.win32_1.0.0.202411081344/tools/bin/../lib/gcc/arm-none-eabi/13.3.1/../../../../arm-none-eabi/lib/thumb/v6-m/nofp\libc_nano.a(libc_a-puts.o)
 .ARM.attributes
                0x00000460       0x2c C:/ST/STM32CubeIDE_1.18.1/STM32CubeIDE/plugins/com.st.stm32cube.ide.mcu.externaltools.gnu-tools-for-stm32.13.3.rel1.win32_1.0.0.202411081344/tools/bin/../lib/gcc/arm-none-eabi/13.3.1/../../../../arm-none-eabi/lib/thumb/v6-m/nofp\libc_nano.a(libc_a-stdio.o)
 .ARM.attributes
                0x0000048c       0x2c C:/ST/STM32CubeIDE_1.18.1/STM32CubeIDE/plugins/com.st.stm32cube.ide.mcu.externaltools.gnu-tools-for-stm32.13.3.rel1.win32_1.0.0.202411081344/tools/bin/../lib/gcc/arm-none-eabi/13.3.1/../../../../arm-none-eabi/lib/thumb/v6-m/nofp\libc_nano.a(libc_a-wbuf.o)
 .ARM.attributes
                0x000004b8       0x2c C:/ST/STM32CubeIDE_1.18.1/STM32CubeIDE/plugins/com.st.stm32cube.ide.mcu.externaltools.gnu-tools-for-stm32.13.3.rel1.win32_1.0.0.202411081344/tools/bin/../lib/gcc/arm-none-eabi/13.3.1/../../../../arm-none-eabi/lib/thumb/v6-m/nofp\libc_nano.a(libc_a-wsetup.o)
 .ARM.attributes
                0x000004e4       0x2c C:/ST/STM32CubeIDE_1.18.1/STM32CubeIDE/plugins/com.st.stm32cube.ide.mcu.externaltools.gnu-tools-for-stm32.13.3.rel1.win32_1.0.0.202411081344/tools/bin/../lib/gcc/arm-none-eabi/13.3.1/../../../../arm-none-eabi/lib/thumb/v6-m/nofp\libc_nano.a(libc_a-memset.o)
 .ARM.attributes
                0x00000510       0x2c C:/ST/STM32CubeIDE_1.18.1/STM32CubeIDE/plugins/com.st.stm32cube.ide.mcu.externaltools.gnu-tools-for-stm32.13.3.rel1.win32_1.0.0.202411081344/tools/bin/../lib/gcc/arm-none-eabi/13.3.1/../../../../arm-none-eabi/lib/thumb/v6-m/nofp\libc_nano.a(libc_a-closer.o)
 .ARM.attributes
                0x0000053c       0x2c C:/ST/STM32CubeIDE_1.18.1/STM32CubeIDE/plugins/com.st.stm32cube.ide.mcu.externaltools.gnu-tools-for-stm32.13.3.rel1.win32_1.0.0.202411081344/tools/bin/../lib/gcc/arm-none-eabi/13.3.1/../../../../arm-none-eabi/lib/thumb/v6-m/nofp\libc_nano.a(libc_a-reent.o)
 .ARM.attributes
                0x00000568       0x2c C:/ST/STM32CubeIDE_1.18.1/STM32CubeIDE/plugins/com.st.stm32cube.ide.mcu.externaltools.gnu-tools-for-stm32.13.3.rel1.win32_1.0.0.202411081344/tools/bin/../lib/gcc/arm-none-eabi/13.3.1/../../../../arm-none-eabi/lib/thumb/v6-m/nofp\libc_nano.a(libc_a-impure.o)
 .ARM.attributes
                0x00000594       0x2c C:/ST/STM32CubeIDE_1.18.1/STM32CubeIDE/plugins/com.st.stm32cube.ide.mcu.externaltools.gnu-tools-for-stm32.13.3.rel1.win32_1.0.0.202411081344/tools/bin/../lib/gcc/arm-none-eabi/13.3.1/../../../../arm-none-eabi/lib/thumb/v6-m/nofp\libc_nano.a(libc_a-lseekr.o)
 .ARM.attributes
                0x000005c0       0x2c C:/ST/STM32CubeIDE_1.18.1/STM32CubeIDE/plugins/com.st.stm32cube.ide.mcu.externaltools.gnu-tools-for-stm32.13.3.rel1.win32_1.0.0.202411081344/tools/bin/../lib/gcc/arm-none-eabi/13.3.1/../../../../arm-none-eabi/lib/thumb/v6-m/nofp\libc_nano.a(libc_a-readr.o)
 .ARM.attributes
                0x000005ec       0x2c C:/ST/STM32CubeIDE_1.18.1/STM32CubeIDE/plugins/com.st.stm32cube.ide.mcu.externaltools.gnu-tools-for-stm32.13.3.rel1.win32_1.0.0.202411081344/tools/bin/../lib/gcc/arm-none-eabi/13.3.1/../../../../arm-none-eabi/lib/thumb/v6-m/nofp\libc_nano.a(libc_a-writer.o)
 .ARM.attributes
                0x00000618       0x2c C:/ST/STM32CubeIDE_1.18.1/STM32CubeIDE/plugins/com.st.stm32cube.ide.mcu.externaltools.gnu-tools-for-stm32.13.3.rel1.win32_1.0.0.202411081344/tools/bin/../lib/gcc/arm-none-eabi/13.3.1/../../../../arm-none-eabi/lib/thumb/v6-m/nofp\libc_nano.a(libc_a-errno.o)
 .ARM.attributes
                0x00000644       0x2c C:/ST/STM32CubeIDE_1.18.1/STM32CubeIDE/plugins/com.st.stm32cube.ide.mcu.externaltools.gnu-tools-for-stm32.13.3.rel1.win32_1.0.0.202411081344/tools/bin/../lib/gcc/arm-none-eabi/13.3.1/../../../../arm-none-eabi/lib/thumb/v6-m/nofp\libc_nano.a(libc_a-init.o)
 .ARM.attributes
                0x00000670       0x2c C:/ST/STM32CubeIDE_1.18.1/STM32CubeIDE/plugins/com.st.stm32cube.ide.mcu.externaltools.gnu-tools-for-stm32.13.3.rel1.win32_1.0.0.202411081344/tools/bin/../lib/gcc/arm-none-eabi/13.3.1/../../../../arm-none-eabi/lib/thumb/v6-m/nofp\libc_nano.a(libc_a-lock.o)
 .ARM.attributes
                0x0000069c       0x2c C:/ST/STM32CubeIDE_1.18.1/STM32CubeIDE/plugins/com.st.stm32cube.ide.mcu.externaltools.gnu-tools-for-stm32.13.3.rel1.win32_1.0.0.202411081344/tools/bin/../lib/gcc/arm-none-eabi/13.3.1/../../../../arm-none-eabi/lib/thumb/v6-m/nofp\libc_nano.a(libc_a-freer.o)
 .ARM.attributes
                0x000006c8       0x2c C:/ST/STM32CubeIDE_1.18.1/STM32CubeIDE/plugins/com.st.stm32cube.ide.mcu.externaltools.gnu-tools-for-stm32.13.3.rel1.win32_1.0.0.202411081344/tools/bin/../lib/gcc/arm-none-eabi/13.3.1/../../../../arm-none-eabi/lib/thumb/v6-m/nofp\libc_nano.a(libc_a-mallocr.o)
 .ARM.attributes
                0x000006f4       0x2c C:/ST/STM32CubeIDE_1.18.1/STM32CubeIDE/plugins/com.st.stm32cube.ide.mcu.externaltools.gnu-tools-for-stm32.13.3.rel1.win32_1.0.0.202411081344/tools/bin/../lib/gcc/arm-none-eabi/13.3.1/../../../../arm-none-eabi/lib/thumb/v6-m/nofp\libc_nano.a(libc_a-mlock.o)
 .ARM.attributes
                0x00000720       0x2c C:/ST/STM32CubeIDE_1.18.1/STM32CubeIDE/plugins/com.st.stm32cube.ide.mcu.externaltools.gnu-tools-for-stm32.13.3.rel1.win32_1.0.0.202411081344/tools/bin/../lib/gcc/arm-none-eabi/13.3.1/../../../../arm-none-eabi/lib/thumb/v6-m/nofp\libc_nano.a(libc_a-nano-vfprintf.o)
 .ARM.attributes
                0x0000074c       0x2c C:/ST/STM32CubeIDE_1.18.1/STM32CubeIDE/plugins/com.st.stm32cube.ide.mcu.externaltools.gnu-tools-for-stm32.13.3.rel1.win32_1.0.0.202411081344/tools/bin/../lib/gcc/arm-none-eabi/13.3.1/../../../../arm-none-eabi/lib/thumb/v6-m/nofp\libc_nano.a(libc_a-nano-vfprintf_i.o)
 .ARM.attributes
                0x00000778       0x2c C:/ST/STM32CubeIDE_1.18.1/STM32CubeIDE/plugins/com.st.stm32cube.ide.mcu.externaltools.gnu-tools-for-stm32.13.3.rel1.win32_1.0.0.202411081344/tools/bin/../lib/gcc/arm-none-eabi/13.3.1/../../../../arm-none-eabi/lib/thumb/v6-m/nofp\libc_nano.a(libc_a-fflush.o)
 .ARM.attributes
                0x000007a4       0x2c C:/ST/STM32CubeIDE_1.18.1/STM32CubeIDE/plugins/com.st.stm32cube.ide.mcu.externaltools.gnu-tools-for-stm32.13.3.rel1.win32_1.0.0.202411081344/tools/bin/../lib/gcc/arm-none-eabi/13.3.1/../../../../arm-none-eabi/lib/thumb/v6-m/nofp\libc_nano.a(libc_a-makebuf.o)
 .ARM.attributes
                0x000007d0       0x2c C:/ST/STM32CubeIDE_1.18.1/STM32CubeIDE/plugins/com.st.stm32cube.ide.mcu.externaltools.gnu-tools-for-stm32.13.3.rel1.win32_1.0.0.202411081344/tools/bin/../lib/gcc/arm-none-eabi/13.3.1/../../../../arm-none-eabi/lib/thumb/v6-m/nofp\libc_nano.a(libc_a-fstatr.o)
 .ARM.attributes
                0x000007fc       0x2c C:/ST/STM32CubeIDE_1.18.1/STM32CubeIDE/plugins/com.st.stm32cube.ide.mcu.externaltools.gnu-tools-for-stm32.13.3.rel1.win32_1.0.0.202411081344/tools/bin/../lib/gcc/arm-none-eabi/13.3.1/../../../../arm-none-eabi/lib/thumb/v6-m/nofp\libc_nano.a(libc_a-isattyr.o)
 .ARM.attributes
                0x00000828       0x2c C:/ST/STM32CubeIDE_1.18.1/STM32CubeIDE/plugins/com.st.stm32cube.ide.mcu.externaltools.gnu-tools-for-stm32.13.3.rel1.win32_1.0.0.202411081344/tools/bin/../lib/gcc/arm-none-eabi/13.3.1/../../../../arm-none-eabi/lib/thumb/v6-m/nofp\libc_nano.a(libc_a-sbrkr.o)
 .ARM.attributes
                0x00000854       0x2c C:/ST/STM32CubeIDE_1.18.1/STM32CubeIDE/plugins/com.st.stm32cube.ide.mcu.externaltools.gnu-tools-for-stm32.13.3.rel1.win32_1.0.0.202411081344/tools/bin/../lib/gcc/arm-none-eabi/13.3.1/../../../../arm-none-eabi/lib/thumb/v6-m/nofp\libc_nano.a(libc_a-memchr-stub.o)
 .ARM.attributes
                0x00000880       0x1e C:/ST/STM32CubeIDE_1.18.1/STM32CubeIDE/plugins/com.st.stm32cube.ide.mcu.externaltools.gnu-tools-for-stm32.13.3.rel1.win32_1.0.0.202411081344/tools/bin/../lib/gcc/arm-none-eabi/13.3.1/thumb/v6-m/nofp\libgcc.a(_thumb1_case_shi.o)
 .ARM.attributes
                0x0000089e       0x1e C:/ST/STM32CubeIDE_1.18.1/STM32CubeIDE/plugins/com.st.stm32cube.ide.mcu.externaltools.gnu-tools-for-stm32.13.3.rel1.win32_1.0.0.202411081344/tools/bin/../lib/gcc/arm-none-eabi/13.3.1/thumb/v6-m/nofp\libgcc.a(_udivsi3.o)
 .ARM.attributes
                0x000008bc       0x1e C:/ST/STM32CubeIDE_1.18.1/STM32CubeIDE/plugins/com.st.stm32cube.ide.mcu.externaltools.gnu-tools-for-stm32.13.3.rel1.win32_1.0.0.202411081344/tools/bin/../lib/gcc/arm-none-eabi/13.3.1/thumb/v6-m/nofp\libgcc.a(_dvmd_tls.o)
 .ARM.attributes
                0x000008da       0x1e C:/ST/STM32CubeIDE_1.18.1/STM32CubeIDE/plugins/com.st.stm32cube.ide.mcu.externaltools.gnu-tools-for-stm32.13.3.rel1.win32_1.0.0.202411081344/tools/bin/../lib/gcc/arm-none-eabi/13.3.1/thumb/v6-m/nofp\libgcc.a(_aeabi_uldivmod.o)
 .ARM.attributes
                0x000008f8       0x2c C:/ST/STM32CubeIDE_1.18.1/STM32CubeIDE/plugins/com.st.stm32cube.ide.mcu.externaltools.gnu-tools-for-stm32.13.3.rel1.win32_1.0.0.202411081344/tools/bin/../lib/gcc/arm-none-eabi/13.3.1/thumb/v6-m/nofp\libgcc.a(_fixunsdfsi.o)
 .ARM.attributes
                0x00000924       0x2c C:/ST/STM32CubeIDE_1.18.1/STM32CubeIDE/plugins/com.st.stm32cube.ide.mcu.externaltools.gnu-tools-for-stm32.13.3.rel1.win32_1.0.0.202411081344/tools/bin/../lib/gcc/arm-none-eabi/13.3.1/thumb/v6-m/nofp\libgcc.a(_udivmoddi4.o)
 .ARM.attributes
                0x00000950       0x2c C:/ST/STM32CubeIDE_1.18.1/STM32CubeIDE/plugins/com.st.stm32cube.ide.mcu.externaltools.gnu-tools-for-stm32.13.3.rel1.win32_1.0.0.202411081344/tools/bin/../lib/gcc/arm-none-eabi/13.3.1/thumb/v6-m/nofp\libgcc.a(muldf3.o)
 .ARM.attributes
                0x0000097c       0x2c C:/ST/STM32CubeIDE_1.18.1/STM32CubeIDE/plugins/com.st.stm32cube.ide.mcu.externaltools.gnu-tools-for-stm32.13.3.rel1.win32_1.0.0.202411081344/tools/bin/../lib/gcc/arm-none-eabi/13.3.1/thumb/v6-m/nofp\libgcc.a(subdf3.o)
 .ARM.attributes
                0x000009a8       0x2c C:/ST/STM32CubeIDE_1.18.1/STM32CubeIDE/plugins/com.st.stm32cube.ide.mcu.externaltools.gnu-tools-for-stm32.13.3.rel1.win32_1.0.0.202411081344/tools/bin/../lib/gcc/arm-none-eabi/13.3.1/thumb/v6-m/nofp\libgcc.a(fixdfsi.o)
 .ARM.attributes
                0x000009d4       0x2c C:/ST/STM32CubeIDE_1.18.1/STM32CubeIDE/plugins/com.st.stm32cube.ide.mcu.externaltools.gnu-tools-for-stm32.13.3.rel1.win32_1.0.0.202411081344/tools/bin/../lib/gcc/arm-none-eabi/13.3.1/thumb/v6-m/nofp\libgcc.a(floatunsidf.o)
 .ARM.attributes
                0x00000a00       0x1e C:/ST/STM32CubeIDE_1.18.1/STM32CubeIDE/plugins/com.st.stm32cube.ide.mcu.externaltools.gnu-tools-for-stm32.13.3.rel1.win32_1.0.0.202411081344/tools/bin/../lib/gcc/arm-none-eabi/13.3.1/thumb/v6-m/nofp\libgcc.a(_arm_cmpdf2.o)
 .ARM.attributes
                0x00000a1e       0x1e C:/ST/STM32CubeIDE_1.18.1/STM32CubeIDE/plugins/com.st.stm32cube.ide.mcu.externaltools.gnu-tools-for-stm32.13.3.rel1.win32_1.0.0.202411081344/tools/bin/../lib/gcc/arm-none-eabi/13.3.1/thumb/v6-m/nofp\libgcc.a(_clzsi2.o)
 .ARM.attributes
                0x00000a3c       0x1e C:/ST/STM32CubeIDE_1.18.1/STM32CubeIDE/plugins/com.st.stm32cube.ide.mcu.externaltools.gnu-tools-for-stm32.13.3.rel1.win32_1.0.0.202411081344/tools/bin/../lib/gcc/arm-none-eabi/13.3.1/thumb/v6-m/nofp\libgcc.a(_clzdi2.o)
 .ARM.attributes
                0x00000a5a       0x2c C:/ST/STM32CubeIDE_1.18.1/STM32CubeIDE/plugins/com.st.stm32cube.ide.mcu.externaltools.gnu-tools-for-stm32.13.3.rel1.win32_1.0.0.202411081344/tools/bin/../lib/gcc/arm-none-eabi/13.3.1/thumb/v6-m/nofp\libgcc.a(eqdf2.o)
 .ARM.attributes
                0x00000a86       0x2c C:/ST/STM32CubeIDE_1.18.1/STM32CubeIDE/plugins/com.st.stm32cube.ide.mcu.externaltools.gnu-tools-for-stm32.13.3.rel1.win32_1.0.0.202411081344/tools/bin/../lib/gcc/arm-none-eabi/13.3.1/thumb/v6-m/nofp\libgcc.a(gedf2.o)
 .ARM.attributes
                0x00000ab2       0x2c C:/ST/STM32CubeIDE_1.18.1/STM32CubeIDE/plugins/com.st.stm32cube.ide.mcu.externaltools.gnu-tools-for-stm32.13.3.rel1.win32_1.0.0.202411081344/tools/bin/../lib/gcc/arm-none-eabi/13.3.1/thumb/v6-m/nofp\libgcc.a(ledf2.o)
 .ARM.attributes
                0x00000ade       0x1e C:/ST/STM32CubeIDE_1.18.1/STM32CubeIDE/plugins/com.st.stm32cube.ide.mcu.externaltools.gnu-tools-for-stm32.13.3.rel1.win32_1.0.0.202411081344/tools/bin/../lib/gcc/arm-none-eabi/13.3.1/thumb/v6-m/nofp/crtn.o
OUTPUT(sd_card_store.elf elf32-littlearm)
LOAD linker stubs
LOAD C:/ST/STM32CubeIDE_1.18.1/STM32CubeIDE/plugins/com.st.stm32cube.ide.mcu.externaltools.gnu-tools-for-stm32.13.3.rel1.win32_1.0.0.202411081344/tools/bin/../lib/gcc/arm-none-eabi/13.3.1/../../../../arm-none-eabi/lib/thumb/v6-m/nofp\libc.a
LOAD C:/ST/STM32CubeIDE_1.18.1/STM32CubeIDE/plugins/com.st.stm32cube.ide.mcu.externaltools.gnu-tools-for-stm32.13.3.rel1.win32_1.0.0.202411081344/tools/bin/../lib/gcc/arm-none-eabi/13.3.1/../../../../arm-none-eabi/lib/thumb/v6-m/nofp\libm.a
LOAD C:/ST/STM32CubeIDE_1.18.1/STM32CubeIDE/plugins/com.st.stm32cube.ide.mcu.externaltools.gnu-tools-for-stm32.13.3.rel1.win32_1.0.0.202411081344/tools/bin/../lib/gcc/arm-none-eabi/13.3.1/thumb/v6-m/nofp\libgcc.a

.debug_info     0x00000000     0xe47c
 .debug_info    0x00000000      0xc0f ./Core/Src/fatfs_sd_card.o
 .debug_info    0x00000c0f     0x13a8 ./Core/Src/main.o
 .debug_info    0x00001fb7      0xf24 ./Core/Src/stm32l0xx_hal_msp.o
 .debug_info    0x00002edb       0xff ./Core/Src/stm32l0xx_it.o
 .debug_info    0x00002fda      0x6a3 ./Core/Src/syscalls.o
 .debug_info    0x0000367d      0x168 ./Core/Src/sysmem.o
 .debug_info    0x000037e5      0x2d0 ./Core/Src/system_stm32l0xx.o
 .debug_info    0x00003ab5       0x30 ./Core/Startup/startup_stm32l072cztx.o
 .debug_info    0x00003ae5      0x8a6 ./Drivers/STM32L0xx_HAL_Driver/Src/stm32l0xx_hal.o
 .debug_info    0x0000438b      0x89c ./Drivers/STM32L0xx_HAL_Driver/Src/stm32l0xx_hal_cortex.o
 .debug_info    0x00004c27      0x617 ./Drivers/STM32L0xx_HAL_Driver/Src/stm32l0xx_hal_gpio.o
 .debug_info    0x0000523e      0xa2a ./Drivers/STM32L0xx_HAL_Driver/Src/stm32l0xx_hal_rcc.o
 .debug_info    0x00005c68     0x14f4 ./Drivers/STM32L0xx_HAL_Driver/Src/stm32l0xx_hal_spi.o
 .debug_info    0x0000715c     0x3b66 ./Drivers/STM32L0xx_HAL_Driver/Src/stm32l0xx_hal_uart.o
 .debug_info    0x0000acc2      0x508 ./FATFS/App/fatfs.o
 .debug_info    0x0000b1ca      0x3a5 ./FATFS/Target/user_diskio.o
 .debug_info    0x0000b56f      0x3df ./Middlewares/Third_Party/FatFs/src/diskio.o
 .debug_info    0x0000b94e     0x25f6 ./Middlewares/Third_Party/FatFs/src/ff.o
 .debug_info    0x0000df44      0x37f ./Middlewares/Third_Party/FatFs/src/ff_gen_drv.o
 .debug_info    0x0000e2c3      0x1b9 ./Middlewares/Third_Party/FatFs/src/option/ccsbcs.o

.debug_abbrev   0x00000000     0x2402
 .debug_abbrev  0x00000000      0x2ec ./Core/Src/fatfs_sd_card.o
 .debug_abbrev  0x000002ec      0x305 ./Core/Src/main.o
 .debug_abbrev  0x000005f1      0x1ae ./Core/Src/stm32l0xx_hal_msp.o
 .debug_abbrev  0x0000079f       0x97 ./Core/Src/stm32l0xx_it.o
 .debug_abbrev  0x00000836      0x1b6 ./Core/Src/syscalls.o
 .debug_abbrev  0x000009ec       0xbc ./Core/Src/sysmem.o
 .debug_abbrev  0x00000aa8      0x11c ./Core/Src/system_stm32l0xx.o
 .debug_abbrev  0x00000bc4       0x24 ./Core/Startup/startup_stm32l072cztx.o
 .debug_abbrev  0x00000be8      0x2a0 ./Drivers/STM32L0xx_HAL_Driver/Src/stm32l0xx_hal.o
 .debug_abbrev  0x00000e88      0x29b ./Drivers/STM32L0xx_HAL_Driver/Src/stm32l0xx_hal_cortex.o
 .debug_abbrev  0x00001123      0x1cb ./Drivers/STM32L0xx_HAL_Driver/Src/stm32l0xx_hal_gpio.o
 .debug_abbrev  0x000012ee      0x296 ./Drivers/STM32L0xx_HAL_Driver/Src/stm32l0xx_hal_rcc.o
 .debug_abbrev  0x00001584      0x274 ./Drivers/STM32L0xx_HAL_Driver/Src/stm32l0xx_hal_spi.o
 .debug_abbrev  0x000017f8      0x2e0 ./Drivers/STM32L0xx_HAL_Driver/Src/stm32l0xx_hal_uart.o
 .debug_abbrev  0x00001ad8      0x15e ./FATFS/App/fatfs.o
 .debug_abbrev  0x00001c36      0x144 ./FATFS/Target/user_diskio.o
 .debug_abbrev  0x00001d7a      0x181 ./Middlewares/Third_Party/FatFs/src/diskio.o
 .debug_abbrev  0x00001efb      0x28a ./Middlewares/Third_Party/FatFs/src/ff.o
 .debug_abbrev  0x00002185      0x19f ./Middlewares/Third_Party/FatFs/src/ff_gen_drv.o
 .debug_abbrev  0x00002324       0xde ./Middlewares/Third_Party/FatFs/src/option/ccsbcs.o

.debug_aranges  0x00000000      0xcb8
 .debug_aranges
                0x00000000       0xa8 ./Core/Src/fatfs_sd_card.o
 .debug_aranges
                0x000000a8       0x58 ./Core/Src/main.o
 .debug_aranges
                0x00000100       0x50 ./Core/Src/stm32l0xx_hal_msp.o
 .debug_aranges
                0x00000150       0x40 ./Core/Src/stm32l0xx_it.o
 .debug_aranges
                0x00000190       0xa8 ./Core/Src/syscalls.o
 .debug_aranges
                0x00000238       0x20 ./Core/Src/sysmem.o
 .debug_aranges
                0x00000258       0x28 ./Core/Src/system_stm32l0xx.o
 .debug_aranges
                0x00000280       0x28 ./Core/Startup/startup_stm32l072cztx.o
 .debug_aranges
                0x000002a8      0x110 ./Drivers/STM32L0xx_HAL_Driver/Src/stm32l0xx_hal.o
 .debug_aranges
                0x000003b8       0xe8 ./Drivers/STM32L0xx_HAL_Driver/Src/stm32l0xx_hal_cortex.o
 .debug_aranges
                0x000004a0       0x58 ./Drivers/STM32L0xx_HAL_Driver/Src/stm32l0xx_hal_gpio.o
 .debug_aranges
                0x000004f8       0x80 ./Drivers/STM32L0xx_HAL_Driver/Src/stm32l0xx_hal_rcc.o
 .debug_aranges
                0x00000578      0x1d0 ./Drivers/STM32L0xx_HAL_Driver/Src/stm32l0xx_hal_spi.o
 .debug_aranges
                0x00000748      0x228 ./Drivers/STM32L0xx_HAL_Driver/Src/stm32l0xx_hal_uart.o
 .debug_aranges
                0x00000970       0x28 ./FATFS/App/fatfs.o
 .debug_aranges
                0x00000998       0x40 ./FATFS/Target/user_diskio.o
 .debug_aranges
                0x000009d8       0x48 ./Middlewares/Third_Party/FatFs/src/diskio.o
 .debug_aranges
                0x00000a20      0x230 ./Middlewares/Third_Party/FatFs/src/ff.o
 .debug_aranges
                0x00000c50       0x40 ./Middlewares/Third_Party/FatFs/src/ff_gen_drv.o
 .debug_aranges
                0x00000c90       0x28 ./Middlewares/Third_Party/FatFs/src/option/ccsbcs.o

.debug_rnglists
                0x00000000      0x9c7
 .debug_rnglists
                0x00000000       0x80 ./Core/Src/fatfs_sd_card.o
 .debug_rnglists
                0x00000080       0x40 ./Core/Src/main.o
 .debug_rnglists
                0x000000c0       0x39 ./Core/Src/stm32l0xx_hal_msp.o
 .debug_rnglists
                0x000000f9       0x2b ./Core/Src/stm32l0xx_it.o
 .debug_rnglists
                0x00000124       0x79 ./Core/Src/syscalls.o
 .debug_rnglists
                0x0000019d       0x13 ./Core/Src/sysmem.o
 .debug_rnglists
                0x000001b0       0x1a ./Core/Src/system_stm32l0xx.o
 .debug_rnglists
                0x000001ca       0x19 ./Core/Startup/startup_stm32l072cztx.o
 .debug_rnglists
                0x000001e3       0xc7 ./Drivers/STM32L0xx_HAL_Driver/Src/stm32l0xx_hal.o
 .debug_rnglists
                0x000002aa       0xaa ./Drivers/STM32L0xx_HAL_Driver/Src/stm32l0xx_hal_cortex.o
 .debug_rnglists
                0x00000354       0x3f ./Drivers/STM32L0xx_HAL_Driver/Src/stm32l0xx_hal_gpio.o
 .debug_rnglists
                0x00000393       0x61 ./Drivers/STM32L0xx_HAL_Driver/Src/stm32l0xx_hal_rcc.o
 .debug_rnglists
                0x000003f4      0x171 ./Drivers/STM32L0xx_HAL_Driver/Src/stm32l0xx_hal_spi.o
 .debug_rnglists
                0x00000565      0x1db ./Drivers/STM32L0xx_HAL_Driver/Src/stm32l0xx_hal_uart.o
 .debug_rnglists
                0x00000740       0x19 ./FATFS/App/fatfs.o
 .debug_rnglists
                0x00000759       0x2b ./FATFS/Target/user_diskio.o
 .debug_rnglists
                0x00000784       0x31 ./Middlewares/Third_Party/FatFs/src/diskio.o
 .debug_rnglists
                0x000007b5      0x1ca ./Middlewares/Third_Party/FatFs/src/ff.o
 .debug_rnglists
                0x0000097f       0x2d ./Middlewares/Third_Party/FatFs/src/ff_gen_drv.o
 .debug_rnglists
                0x000009ac       0x1b ./Middlewares/Third_Party/FatFs/src/option/ccsbcs.o

.debug_macro    0x00000000    0x175d9
 .debug_macro   0x00000000      0x20b ./Core/Src/fatfs_sd_card.o
 .debug_macro   0x0000020b      0xaae ./Core/Src/fatfs_sd_card.o
 .debug_macro   0x00000cb9      0x12b ./Core/Src/fatfs_sd_card.o
 .debug_macro   0x00000de4       0x2e ./Core/Src/fatfs_sd_card.o
 .debug_macro   0x00000e12       0x28 ./Core/Src/fatfs_sd_card.o
 .debug_macro   0x00000e3a       0x22 ./Core/Src/fatfs_sd_card.o
 .debug_macro   0x00000e5c       0x8e ./Core/Src/fatfs_sd_card.o
 .debug_macro   0x00000eea       0x51 ./Core/Src/fatfs_sd_card.o
 .debug_macro   0x00000f3b      0x103 ./Core/Src/fatfs_sd_card.o
 .debug_macro   0x0000103e       0x6a ./Core/Src/fatfs_sd_card.o
 .debug_macro   0x000010a8      0x1df ./Core/Src/fatfs_sd_card.o
 .debug_macro   0x00001287       0x1c ./Core/Src/fatfs_sd_card.o
 .debug_macro   0x000012a3       0x22 ./Core/Src/fatfs_sd_card.o
 .debug_macro   0x000012c5       0xaf ./Core/Src/fatfs_sd_card.o
 .debug_macro   0x00001374      0x4da ./Core/Src/fatfs_sd_card.o
 .debug_macro   0x0000184e      0x11f ./Core/Src/fatfs_sd_card.o
 .debug_macro   0x0000196d     0xa33b ./Core/Src/fatfs_sd_card.o
 .debug_macro   0x0000bca8       0x66 ./Core/Src/fatfs_sd_card.o
 .debug_macro   0x0000bd0e     0x35ac ./Core/Src/fatfs_sd_card.o
 .debug_macro   0x0000f2ba      0x190 ./Core/Src/fatfs_sd_card.o
 .debug_macro   0x0000f44a       0x5c ./Core/Src/fatfs_sd_card.o
 .debug_macro   0x0000f4a6      0x8ea ./Core/Src/fatfs_sd_card.o
 .debug_macro   0x0000fd90      0xb52 ./Core/Src/fatfs_sd_card.o
 .debug_macro   0x000108e2      0x197 ./Core/Src/fatfs_sd_card.o
 .debug_macro   0x00010a79      0x13f ./Core/Src/fatfs_sd_card.o
 .debug_macro   0x00010bb8      0x1ca ./Core/Src/fatfs_sd_card.o
 .debug_macro   0x00010d82       0x82 ./Core/Src/fatfs_sd_card.o
 .debug_macro   0x00010e04      0x28e ./Core/Src/fatfs_sd_card.o
 .debug_macro   0x00011092      0x1e9 ./Core/Src/fatfs_sd_card.o
 .debug_macro   0x0001127b      0x4e1 ./Core/Src/fatfs_sd_card.o
 .debug_macro   0x0001175c       0x6b ./Core/Src/fatfs_sd_card.o
 .debug_macro   0x000117c7      0x13d ./Core/Src/fatfs_sd_card.o
 .debug_macro   0x00011904      0x4ac ./Core/Src/fatfs_sd_card.o
 .debug_macro   0x00011db0      0x22c ./Core/Src/fatfs_sd_card.o
 .debug_macro   0x00011fdc       0x5b ./Core/Src/fatfs_sd_card.o
 .debug_macro   0x00012037       0xa5 ./Core/Src/fatfs_sd_card.o
 .debug_macro   0x000120dc      0x186 ./Core/Src/fatfs_sd_card.o
 .debug_macro   0x00012262       0x16 ./Core/Src/fatfs_sd_card.o
 .debug_macro   0x00012278      0x22c ./Core/Src/fatfs_sd_card.o
 .debug_macro   0x000124a4      0x5cf ./Core/Src/fatfs_sd_card.o
 .debug_macro   0x00012a73       0x44 ./Core/Src/fatfs_sd_card.o
 .debug_macro   0x00012ab7      0x170 ./Core/Src/fatfs_sd_card.o
 .debug_macro   0x00012c27       0x16 ./Core/Src/fatfs_sd_card.o
 .debug_macro   0x00012c3d       0x7c ./Core/Src/fatfs_sd_card.o
 .debug_macro   0x00012cb9       0x9a ./Core/Src/fatfs_sd_card.o
 .debug_macro   0x00012d53      0x36e ./Core/Src/main.o
 .debug_macro   0x000130c1       0xeb ./Core/Src/main.o
 .debug_macro   0x000131ac       0x24 ./Core/Src/main.o
 .debug_macro   0x000131d0       0x61 ./Core/Src/main.o
 .debug_macro   0x00013231       0x43 ./Core/Src/main.o
 .debug_macro   0x00013274       0x34 ./Core/Src/main.o
 .debug_macro   0x000132a8       0x16 ./Core/Src/main.o
 .debug_macro   0x000132be       0x3c ./Core/Src/main.o
 .debug_macro   0x000132fa      0x370 ./Core/Src/main.o
 .debug_macro   0x0001366a       0x16 ./Core/Src/main.o
 .debug_macro   0x00013680       0x4a ./Core/Src/main.o
 .debug_macro   0x000136ca       0x34 ./Core/Src/main.o
 .debug_macro   0x000136fe       0x10 ./Core/Src/main.o
 .debug_macro   0x0001370e       0x58 ./Core/Src/main.o
 .debug_macro   0x00013766       0x8e ./Core/Src/main.o
 .debug_macro   0x000137f4       0x1c ./Core/Src/main.o
 .debug_macro   0x00013810      0x185 ./Core/Src/main.o
 .debug_macro   0x00013995       0x16 ./Core/Src/main.o
 .debug_macro   0x000139ab       0x29 ./Core/Src/main.o
 .debug_macro   0x000139d4       0x12 ./Core/Src/main.o
 .debug_macro   0x000139e6       0xe2 ./Core/Src/main.o
 .debug_macro   0x00013ac8       0x8e ./Core/Src/main.o
 .debug_macro   0x00013b56       0x22 ./Core/Src/main.o
 .debug_macro   0x00013b78       0x1c ./Core/Src/main.o
 .debug_macro   0x00013b94       0x10 ./Core/Src/main.o
 .debug_macro   0x00013ba4       0x1c ./Core/Src/main.o
 .debug_macro   0x00013bc0       0x16 ./Core/Src/main.o
 .debug_macro   0x00013bd6      0x146 ./Core/Src/main.o
 .debug_macro   0x00013d1c       0x16 ./Core/Src/main.o
 .debug_macro   0x00013d32       0x20 ./Core/Src/main.o
 .debug_macro   0x00013d52      0x1e2 ./Core/Src/stm32l0xx_hal_msp.o
 .debug_macro   0x00013f34      0x1ec ./Core/Src/stm32l0xx_it.o
 .debug_macro   0x00014120      0x274 ./Core/Src/syscalls.o
 .debug_macro   0x00014394       0x5b ./Core/Src/syscalls.o
 .debug_macro   0x000143ef       0x94 ./Core/Src/syscalls.o
 .debug_macro   0x00014483       0x57 ./Core/Src/syscalls.o
 .debug_macro   0x000144da       0x10 ./Core/Src/syscalls.o
 .debug_macro   0x000144ea       0x10 ./Core/Src/syscalls.o
 .debug_macro   0x000144fa       0x10 ./Core/Src/syscalls.o
 .debug_macro   0x0001450a       0x10 ./Core/Src/syscalls.o
 .debug_macro   0x0001451a       0x1c ./Core/Src/syscalls.o
 .debug_macro   0x00014536       0x52 ./Core/Src/syscalls.o
 .debug_macro   0x00014588       0x22 ./Core/Src/syscalls.o
 .debug_macro   0x000145aa       0x10 ./Core/Src/syscalls.o
 .debug_macro   0x000145ba       0x52 ./Core/Src/syscalls.o
 .debug_macro   0x0001460c       0xcf ./Core/Src/syscalls.o
 .debug_macro   0x000146db       0x1c ./Core/Src/syscalls.o
 .debug_macro   0x000146f7       0x3d ./Core/Src/syscalls.o
 .debug_macro   0x00014734       0x35 ./Core/Src/syscalls.o
 .debug_macro   0x00014769      0x12c ./Core/Src/syscalls.o
 .debug_macro   0x00014895       0x10 ./Core/Src/syscalls.o
 .debug_macro   0x000148a5      0x242 ./Core/Src/syscalls.o
 .debug_macro   0x00014ae7       0x10 ./Core/Src/syscalls.o
 .debug_macro   0x00014af7      0x18a ./Core/Src/syscalls.o
 .debug_macro   0x00014c81       0x16 ./Core/Src/syscalls.o
 .debug_macro   0x00014c97       0xce ./Core/Src/syscalls.o
 .debug_macro   0x00014d65      0x112 ./Core/Src/sysmem.o
 .debug_macro   0x00014e77      0x23c ./Core/Src/sysmem.o
 .debug_macro   0x000150b3      0x1d8 ./Core/Src/system_stm32l0xx.o
 .debug_macro   0x0001528b      0x1fc ./Drivers/STM32L0xx_HAL_Driver/Src/stm32l0xx_hal.o
 .debug_macro   0x00015487      0x1d8 ./Drivers/STM32L0xx_HAL_Driver/Src/stm32l0xx_hal_cortex.o
 .debug_macro   0x0001565f      0x1df ./Drivers/STM32L0xx_HAL_Driver/Src/stm32l0xx_hal_gpio.o
 .debug_macro   0x0001583e      0x20e ./Drivers/STM32L0xx_HAL_Driver/Src/stm32l0xx_hal_rcc.o
 .debug_macro   0x00015a4c      0x1e7 ./Drivers/STM32L0xx_HAL_Driver/Src/stm32l0xx_hal_spi.o
 .debug_macro   0x00015c33      0x203 ./Drivers/STM32L0xx_HAL_Driver/Src/stm32l0xx_hal_uart.o
 .debug_macro   0x00015e36      0x307 ./FATFS/App/fatfs.o
 .debug_macro   0x0001613d       0xe5 ./FATFS/App/fatfs.o
 .debug_macro   0x00016222      0x32d ./FATFS/Target/user_diskio.o
 .debug_macro   0x0001654f       0x10 ./FATFS/Target/user_diskio.o
 .debug_macro   0x0001655f       0x56 ./FATFS/Target/user_diskio.o
 .debug_macro   0x000165b5      0x2f4 ./Middlewares/Third_Party/FatFs/src/diskio.o