Archive member included to satisfy reference by file (symbol)

C:/ST/STM32CubeIDE_1.18.1/STM32CubeIDE/plugins/com.st.stm32cube.ide.mcu.externaltools.gnu-tools-for-stm32.13.3.rel1.win32_1.0.0.202411081344/tools/bin/../lib/gcc/arm-none-eabi/13.3.1/../../../../arm-none-eabi/lib/thumb/v6-m/nofp\libc_nano.a(libc_a-exit.o)
                              C:/ST/STM32CubeIDE_1.18.1/STM32CubeIDE/plugins/com.st.stm32cube.ide.mcu.externaltools.gnu-tools-for-stm32.13.3.rel1.win32_1.0.0.202411081344/tools/bin/../lib/gcc/arm-none-eabi/13.3.1/../../../../arm-none-eabi/lib/thumb/v6-m/nofp/crt0.o (exit)
C:/ST/STM32CubeIDE_1.18.1/STM32CubeIDE/plugins/com.st.stm32cube.ide.mcu.externaltools.gnu-tools-for-stm32.13.3.rel1.win32_1.0.0.202411081344/tools/bin/../lib/gcc/arm-none-eabi/13.3.1/../../../../arm-none-eabi/lib/thumb/v6-m/nofp\libc_nano.a(libc_a-findfp.o)
                              C:/ST/STM32CubeIDE_1.18.1/STM32CubeIDE/plugins/com.st.stm32cube.ide.mcu.externaltools.gnu-tools-for-stm32.13.3.rel1.win32_1.0.0.202411081344/tools/bin/../lib/gcc/arm-none-eabi/13.3.1/../../../../arm-none-eabi/lib/thumb/v6-m/nofp\libc_nano.a(libc_a-exit.o) (__stdio_exit_handler)
C:/ST/STM32CubeIDE_1.18.1/STM32CubeIDE/plugins/com.st.stm32cube.ide.mcu.externaltools.gnu-tools-for-stm32.13.3.rel1.win32_1.0.0.202411081344/tools/bin/../lib/gcc/arm-none-eabi/13.3.1/../../../../arm-none-eabi/lib/thumb/v6-m/nofp\libc_nano.a(libc_a-fwalk.o)
                              C:/ST/STM32CubeIDE_1.18.1/STM32CubeIDE/plugins/com.st.stm32cube.ide.mcu.externaltools.gnu-tools-for-stm32.13.3.rel1.win32_1.0.0.202411081344/tools/bin/../lib/gcc/arm-none-eabi/13.3.1/../../../../arm-none-eabi/lib/thumb/v6-m/nofp\libc_nano.a(libc_a-findfp.o) (_fwalk_sglue)
C:/ST/STM32CubeIDE_1.18.1/STM32CubeIDE/plugins/com.st.stm32cube.ide.mcu.externaltools.gnu-tools-for-stm32.13.3.rel1.win32_1.0.0.202411081344/tools/bin/../lib/gcc/arm-none-eabi/13.3.1/../../../../arm-none-eabi/lib/thumb/v6-m/nofp\libc_nano.a(libc_a-stdio.o)
                              C:/ST/STM32CubeIDE_1.18.1/STM32CubeIDE/plugins/com.st.stm32cube.ide.mcu.externaltools.gnu-tools-for-stm32.13.3.rel1.win32_1.0.0.202411081344/tools/bin/../lib/gcc/arm-none-eabi/13.3.1/../../../../arm-none-eabi/lib/thumb/v6-m/nofp\libc_nano.a(libc_a-findfp.o) (__sread)
C:/ST/STM32CubeIDE_1.18.1/STM32CubeIDE/plugins/com.st.stm32cube.ide.mcu.externaltools.gnu-tools-for-stm32.13.3.rel1.win32_1.0.0.202411081344/tools/bin/../lib/gcc/arm-none-eabi/13.3.1/../../../../arm-none-eabi/lib/thumb/v6-m/nofp\libc_nano.a(libc_a-memset.o)
                              C:/ST/STM32CubeIDE_1.18.1/STM32CubeIDE/plugins/com.st.stm32cube.ide.mcu.externaltools.gnu-tools-for-stm32.13.3.rel1.win32_1.0.0.202411081344/tools/bin/../lib/gcc/arm-none-eabi/13.3.1/../../../../arm-none-eabi/lib/thumb/v6-m/nofp/crt0.o (memset)
C:/ST/STM32CubeIDE_1.18.1/STM32CubeIDE/plugins/com.st.stm32cube.ide.mcu.externaltools.gnu-tools-for-stm32.13.3.rel1.win32_1.0.0.202411081344/tools/bin/../lib/gcc/arm-none-eabi/13.3.1/../../../../arm-none-eabi/lib/thumb/v6-m/nofp\libc_nano.a(libc_a-closer.o)
                              C:/ST/STM32CubeIDE_1.18.1/STM32CubeIDE/plugins/com.st.stm32cube.ide.mcu.externaltools.gnu-tools-for-stm32.13.3.rel1.win32_1.0.0.202411081344/tools/bin/../lib/gcc/arm-none-eabi/13.3.1/../../../../arm-none-eabi/lib/thumb/v6-m/nofp\libc_nano.a(libc_a-stdio.o) (_close_r)
C:/ST/STM32CubeIDE_1.18.1/STM32CubeIDE/plugins/com.st.stm32cube.ide.mcu.externaltools.gnu-tools-for-stm32.13.3.rel1.win32_1.0.0.202411081344/tools/bin/../lib/gcc/arm-none-eabi/13.3.1/../../../../arm-none-eabi/lib/thumb/v6-m/nofp\libc_nano.a(libc_a-reent.o)
                              C:/ST/STM32CubeIDE_1.18.1/STM32CubeIDE/plugins/com.st.stm32cube.ide.mcu.externaltools.gnu-tools-for-stm32.13.3.rel1.win32_1.0.0.202411081344/tools/bin/../lib/gcc/arm-none-eabi/13.3.1/../../../../arm-none-eabi/lib/thumb/v6-m/nofp\libc_nano.a(libc_a-closer.o) (errno)
C:/ST/STM32CubeIDE_1.18.1/STM32CubeIDE/plugins/com.st.stm32cube.ide.mcu.externaltools.gnu-tools-for-stm32.13.3.rel1.win32_1.0.0.202411081344/tools/bin/../lib/gcc/arm-none-eabi/13.3.1/../../../../arm-none-eabi/lib/thumb/v6-m/nofp\libc_nano.a(libc_a-impure.o)
                              C:/ST/STM32CubeIDE_1.18.1/STM32CubeIDE/plugins/com.st.stm32cube.ide.mcu.externaltools.gnu-tools-for-stm32.13.3.rel1.win32_1.0.0.202411081344/tools/bin/../lib/gcc/arm-none-eabi/13.3.1/../../../../arm-none-eabi/lib/thumb/v6-m/nofp\libc_nano.a(libc_a-reent.o) (_impure_ptr)
C:/ST/STM32CubeIDE_1.18.1/STM32CubeIDE/plugins/com.st.stm32cube.ide.mcu.externaltools.gnu-tools-for-stm32.13.3.rel1.win32_1.0.0.202411081344/tools/bin/../lib/gcc/arm-none-eabi/13.3.1/../../../../arm-none-eabi/lib/thumb/v6-m/nofp\libc_nano.a(libc_a-lseekr.o)
[...]
Memory Configuration

Name             Origin             Length             Attributes
FLASH            0x08000000         0x00030000         xr
RAM              0x20000000         0x00005000         xrw
*default*        0x00000000         0xffffffff

Linker script and memory map

LOAD C:/ST/STM32CubeIDE_1.18.1/STM32CubeIDE/plugins/com.st.stm32cube.ide.mcu.externaltools.gnu-tools-for-stm32.13.3.rel1.win32_1.0.0.202411081344/tools/bin/../lib/gcc/arm-none-eabi/13.3.1/thumb/v6-m/nofp/crti.o
LOAD C:/ST/STM32CubeIDE_1.18.1/STM32CubeIDE/plugins/com.st.stm32cube.ide.mcu.externaltools.gnu-tools-for-stm32.13.3.rel1.win32_1.0.0.202411081344/tools/bin/../lib/gcc/arm-none-eabi/13.3.1/thumb/v6-m/nofp/crtbegin.o
LOAD C:/ST/STM32CubeIDE_1.18.1/STM32CubeIDE/plugins/com.st.stm32cube.ide.mcu.externaltools.gnu-tools-for-stm32.13.3.rel1.win32_1.0.0.202411081344/tools/bin/../lib/gcc/arm-none-eabi/13.3.1/../../../../arm-none-eabi/lib/thumb/v6-m/nofp/crt0.o
LOAD ./Application/App/app_subghz_phy.o
LOAD ./Application/App/subghz_phy_app.o
LOAD ./Application/Core/dma.o
LOAD ./Application/Core/main.o
LOAD ./Application/Core/rtc.o
LOAD ./Application/Core/rtc_if.o
LOAD ./Application/Core/stm32_lpm_if.o
LOAD ./Application/Core/stm32l0xx_hal_msp.o
LOAD ./Application/Core/stm32l0xx_it.o
LOAD ./Application/Core/sys_app.o
LOAD ./Application/Core/sys_debug.o
LOAD ./Application/Core/usart.o
LOAD ./Application/Core/usart_if.o
LOAD ./Application/SW4STM32/startup_stm32l072xx.o
LOAD ./Application/SW4STM32/syscalls.o
LOAD ./Application/Target/b_l072z_lrwan1_bus.o
LOAD ./Drivers/BSP/B-L072Z-LRWAN1/b-l072z-lrwan1.o
LOAD ./Drivers/BSP/CMWX1ZZABZ_0xx/cmwx1zzabz_0xx.o
LOAD ./Drivers/CMSIS/system_stm32l0xx.o
LOAD ./Drivers/STM32L0xx_HAL_Driver/stm32l0xx_hal.o
LOAD ./Drivers/STM32L0xx_HAL_Driver/stm32l0xx_hal_adc.o
LOAD ./Drivers/STM32L0xx_HAL_Driver/stm32l0xx_hal_adc_ex.o
LOAD ./Drivers/STM32L0xx_HAL_Driver/stm32l0xx_hal_cortex.o
LOAD ./Drivers/STM32L0xx_HAL_Driver/stm32l0xx_hal_dma.o
LOAD ./Drivers/STM32L0xx_HAL_Driver/stm32l0xx_hal_exti.o
LOAD ./Drivers/STM32L0xx_HAL_Driver/stm32l0xx_hal_gpio.o
LOAD ./Drivers/STM32L0xx_HAL_Driver/stm32l0xx_hal_i2c.o
LOAD ./Drivers/STM32L0xx_HAL_Driver/stm32l0xx_hal_pwr.o
LOAD ./Drivers/STM32L0xx_HAL_Driver/stm32l0xx_hal_pwr_ex.o
LOAD ./Drivers/STM32L0xx_HAL_Driver/stm32l0xx_hal_rcc.o
LOAD ./Drivers/STM32L0xx_HAL_Driver/stm32l0xx_hal_rcc_ex.o
LOAD ./Drivers/STM32L0xx_HAL_Driver/stm32l0xx_hal_rtc.o
LOAD ./Drivers/STM32L0xx_HAL_Driver/stm32l0xx_hal_rtc_ex.o
LOAD ./Drivers/STM32L0xx_HAL_Driver/stm32l0xx_hal_spi.o
LOAD ./Drivers/STM32L0xx_HAL_Driver/stm32l0xx_hal_tim.o
LOAD ./Drivers/STM32L0xx_HAL_Driver/stm32l0xx_hal_tim_ex.o
LOAD ./Drivers/STM32L0xx_HAL_Driver/stm32l0xx_hal_uart.o
LOAD ./Drivers/STM32L0xx_HAL_Driver/stm32l0xx_hal_uart_ex.o
LOAD ./Middlewares/SubGHz_Phy/sx1276.o
LOAD ./Utilities/stm32_adv_trace.o
LOAD ./Utilities/stm32_lpm.o
LOAD ./Utilities/stm32_mem.o
LOAD ./Utilities/stm32_seq.o
LOAD ./Utilities/stm32_systime.o
LOAD ./Utilities/stm32_timer.o
LOAD ./Utilities/stm32_tiny_vsnprintf.o
START GROUP
LOAD C:/ST/STM32CubeIDE_1.18.1/STM32CubeIDE/plugins/com.st.stm32cube.ide.mcu.externaltools.gnu-tools-for-stm32.13.3.rel1.win32_1.0.0.202411081344/tools/bin/../lib/gcc/arm-none-eabi/13.3.1/../../../../arm-none-eabi/lib/thumb/v6-m/nofp\libc_nano.a
LOAD C:/ST/STM32CubeIDE_1.18.1/STM32CubeIDE/plugins/com.st.stm32cube.ide.mcu.externaltools.gnu-tools-for-stm32.13.3.rel1.win32_1.0.0.202411081344/tools/bin/../lib/gcc/arm-none-eabi/13.3.1/../../../../arm-none-eabi/lib/thumb/v6-m/nofp\libm.a
END GROUP
START GROUP
LOAD C:/ST/STM32CubeIDE_1.18.1/STM32CubeIDE/plugins/com.st.stm32cube.ide.mcu.externaltools.gnu-tools-for-stm32.13.3.rel1.win32_1.0.0.202411081344/tools/bin/../lib/gcc/arm-none-eabi/13.3.1/thumb/v6-m/nofp\libgcc.a
LOAD C:/ST/STM32CubeIDE_1.18.1/STM32CubeIDE/plugins/com.st.stm32cube.ide.mcu.externaltools.gnu-tools-for-stm32.13.3.rel1.win32_1.0.0.202411081344/tools/bin/../lib/gcc/arm-none-eabi/13.3.1/../../../../arm-none-eabi/lib/thumb/v6-m/nofp\libc_nano.a
END GROUP
START GROUP
LOAD C:/ST/STM32CubeIDE_1.18.1/STM32CubeIDE/plugins/com.st.stm32cube.ide.mcu.externaltools.gnu-tools-for-stm32.13.3.rel1.win32_1.0.0.202411081344/tools/bin/../lib/gcc/arm-none-eabi/13.3.1/thumb/v6-m/nofp\libgcc.a
LOAD C:/ST/STM32CubeIDE_1.18.1/STM32CubeIDE/plugins/com.st.stm32cube.ide.mcu.externaltools.gnu-tools-for-stm32.13.3.rel1.win32_1.0.0.202411081344/tools/bin/../lib/gcc/arm-none-eabi/13.3.1/../../../../arm-none-eabi/lib/thumb/v6-m/nofp\libc_nano.a
LOAD C:/ST/STM32CubeIDE_1.18.1/STM32CubeIDE/plugins/com.st.stm32cube.ide.mcu.externaltools.gnu-tools-for-stm32.13.3.rel1.win32_1.0.0.202411081344/tools/bin/../lib/gcc/arm-none-eabi/13.3.1/../../../../arm-none-eabi/lib/thumb/v6-m/nofp\libnosys.a
END GROUP
START GROUP
LOAD C:/ST/STM32CubeIDE_1.18.1/STM32CubeIDE/plugins/com.st.stm32cube.ide.mcu.externaltools.gnu-tools-for-stm32.13.3.rel1.win32_1.0.0.202411081344/tools/bin/../lib/gcc/arm-none-eabi/13.3.1/thumb/v6-m/nofp\libgcc.a
LOAD C:/ST/STM32CubeIDE_1.18.1/STM32CubeIDE/plugins/com.st.stm32cube.ide.mcu.externaltools.gnu-tools-for-stm32.13.3.rel1.win32_1.0.0.202411081344/tools/bin/../lib/gcc/arm-none-eabi/13.3.1/../../../../arm-none-eabi/lib/thumb/v6-m/nofp\libc_nano.a
LOAD C:/ST/STM32CubeIDE_1.18.1/STM32CubeIDE/plugins/com.st.stm32cube.ide.mcu.externaltools.gnu-tools-for-stm32.13.3.rel1.win32_1.0.0.202411081344/tools/bin/../lib/gcc/arm-none-eabi/13.3.1/../../../../arm-none-eabi/lib/thumb/v6-m/nofp\libnosys.a
END GROUP
LOAD C:/ST/STM32CubeIDE_1.18.1/STM32CubeIDE/plugins/com.st.stm32cube.ide.mcu.externaltools.gnu-tools-for-stm32.13.3.rel1.win32_1.0.0.202411081344/tools/bin/../lib/gcc/arm-none-eabi/13.3.1/thumb/v6-m/nofp/crtend.o
LOAD C:/ST/STM32CubeIDE_1.18.1/STM32CubeIDE/plugins/com.st.stm32cube.ide.mcu.externaltools.gnu-tools-for-stm32.13.3.rel1.win32_1.0.0.202411081344/tools/bin/../lib/gcc/arm-none-eabi/13.3.1/thumb/v6-m/nofp/crtn.o
                0x20005000                        _estack = 0x20005000
                0x00000200                        _Min_Heap_Size = 0x200
                0x00000400                        _Min_Stack_Size = 0x400

.isr_vector     0x08000000       0xc0
                0x08000000                        . = ALIGN (0x4)
 *(.isr_vector)
 .isr_vector    0x08000000       0xc0 ./Application/SW4STM32/startup_stm32l072xx.o
                0x08000000                g_pfnVectors
                0x080000c0                        . = ALIGN (0x4)

.text           0x080000c0     0x61d8
                0x080000c0                        . = ALIGN (0x4)
 *(.text)
 .text          0x080000c0       0x48 C:/ST/STM32CubeIDE_1.18.1/STM32CubeIDE/plugins/com.st.stm32cube.ide.mcu.externaltools.gnu-tools-for-stm32.13.3.rel1.win32_1.0.0.202411081344/tools/bin/../lib/gcc/arm-none-eabi/13.3.1/thumb/v6-m/nofp/crtbegin.o
 .text          0x08000108        0xe C:/ST/STM32CubeIDE_1.18.1/STM32CubeIDE/plugins/com.st.stm32cube.ide.mcu.externaltools.gnu-tools-for-stm32.13.3.rel1.win32_1.0.0.202411081344/tools/bin/../lib/gcc/arm-none-eabi/13.3.1/../../../../arm-none-eabi/lib/thumb/v6-m/nofp\libc_nano.a(libc_a-strlen.o)
                0x08000108                strlen
 *fill*         0x08000116        0x2 
 .text          0x08000118       0x14 C:/ST/STM32CubeIDE_1.18.1/STM32CubeIDE/plugins/com.st.stm32cube.ide.mcu.externaltools.gnu-tools-for-stm32.13.3.rel1.win32_1.0.0.202411081344/tools/bin/../lib/gcc/arm-none-eabi/13.3.1/thumb/v6-m/nofp\libgcc.a(_thumb1_case_uqi.o)
                0x08000118                __gnu_thumb1_case_uqi
 .text          0x0800012c      0x114 C:/ST/STM32CubeIDE_1.18.1/STM32CubeIDE/plugins/com.st.stm32cube.ide.mcu.externaltools.gnu-tools-for-stm32.13.3.rel1.win32_1.0.0.202411081344/tools/bin/../lib/gcc/arm-none-eabi/13.3.1/thumb/v6-m/nofp\libgcc.a(_udivsi3.o)
                0x0800012c                __aeabi_uidiv
                0x0800012c                __udivsi3
                0x08000238                __aeabi_uidivmod
 .text          0x08000240      0x1d4 C:/ST/STM32CubeIDE_1.18.1/STM32CubeIDE/plugins/com.st.stm32cube.ide.mcu.externaltools.gnu-tools-for-stm32.13.3.rel1.win32_1.0.0.202411081344/tools/bin/../lib/gcc/arm-none-eabi/13.3.1/thumb/v6-m/nofp\libgcc.a(_divsi3.o)
                0x08000240                __divsi3
                0x08000240                __aeabi_idiv
                0x0800040c                __aeabi_idivmod
 .text          0x08000414        0x4 C:/ST/STM32CubeIDE_1.18.1/STM32CubeIDE/plugins/com.st.stm32cube.ide.mcu.externaltools.gnu-tools-for-stm32.13.3.rel1.win32_1.0.0.202411081344/tools/bin/../lib/gcc/arm-none-eabi/13.3.1/thumb/v6-m/nofp\libgcc.a(_dvmd_tls.o)
                0x08000414                __aeabi_idiv0
                0x08000414                __aeabi_ldiv0
 .text          0x08000418       0x40 C:/ST/STM32CubeIDE_1.18.1/STM32CubeIDE/plugins/com.st.stm32cube.ide.mcu.externaltools.gnu-tools-for-stm32.13.3.rel1.win32_1.0.0.202411081344/tools/bin/../lib/gcc/arm-none-eabi/13.3.1/thumb/v6-m/nofp\libgcc.a(_aeabi_uldivmod.o)
                0x08000418                __aeabi_uldivmod
 .text          0x08000458       0x5c C:/ST/STM32CubeIDE_1.18.1/STM32CubeIDE/plugins/com.st.stm32cube.ide.mcu.externaltools.gnu-tools-for-stm32.13.3.rel1.win32_1.0.0.202411081344/tools/bin/../lib/gcc/arm-none-eabi/13.3.1/thumb/v6-m/nofp\libgcc.a(_muldi3.o)
                0x08000458                __muldi3
                0x08000458                __aeabi_lmul
 .text          0x080004b4      0x198 C:/ST/STM32CubeIDE_1.18.1/STM32CubeIDE/plugins/com.st.stm32cube.ide.mcu.externaltools.gnu-tools-for-stm32.13.3.rel1.win32_1.0.0.202411081344/tools/bin/../lib/gcc/arm-none-eabi/13.3.1/thumb/v6-m/nofp\libgcc.a(_udivmoddi4.o)
                0x080004b4                __udivmoddi4
 .text          0x0800064c       0x18 C:/ST/STM32CubeIDE_1.18.1/STM32CubeIDE/plugins/com.st.stm32cube.ide.mcu.externaltools.gnu-tools-for-stm32.13.3.rel1.win32_1.0.0.202411081344/tools/bin/../lib/gcc/arm-none-eabi/13.3.1/thumb/v6-m/nofp\libgcc.a(_clzdi2.o)
                0x0800064c                __clzdi2
 .text          0x08000664       0x3c C:/ST/STM32CubeIDE_1.18.1/STM32CubeIDE/plugins/com.st.stm32cube.ide.mcu.externaltools.gnu-tools-for-stm32.13.3.rel1.win32_1.0.0.202411081344/tools/bin/../lib/gcc/arm-none-eabi/13.3.1/thumb/v6-m/nofp\libgcc.a(_clzsi2.o)
                0x08000664                __clzsi2
 *(.text*)
 .text.MX_SubGHz_Phy_Init
                0x080006a0        0xc ./Application/App/app_subghz_phy.o
                0x080006a0                MX_SubGHz_Phy_Init
 .text.MX_SubGHz_Phy_Process
                0x080006ac        0xc ./Application/App/app_subghz_phy.o
                0x080006ac                MX_SubGHz_Phy_Process
 .text.Slave_Process
                0x080006b8      0x108 ./Application/App/subghz_phy_app.o
 .text.OnledEvent
                0x080007c0       0x14 ./Application/App/subghz_phy_app.o
 .text.OnRxError
                0x080007d4       0x18 ./Application/App/subghz_phy_app.o
 .text.OnRxTimeout
                0x080007ec       0x18 ./Application/App/subghz_phy_app.o
 .text.OnTxTimeout
                0x08000804       0x18 ./Application/App/subghz_phy_app.o
 .text.OnRxDone
                0x0800081c       0x48 ./Application/App/subghz_phy_app.o
 .text.OnTxDone
                0x08000864       0x18 ./Application/App/subghz_phy_app.o
 .text.SubghzApp_Init
                0x0800087c      0x1e4 ./Application/App/subghz_phy_app.o
                0x0800087c                SubghzApp_Init
 .text.MX_DMA_Init
                0x08000a60       0x2c ./Application/Core/dma.o
                0x08000a60                MX_DMA_Init
 .text.SystemClock_Config
                0x08000a8c       0x94 ./Application/Core/main.o
                0x08000a8c                SystemClock_Config
 .text.startup.main
                0x08000b20       0x14 ./Application/Core/main.o
                0x08000b20                main
 .text.Error_Handler
                0x08000b34        0x4 ./Application/Core/main.o
                0x08000b34                Error_Handler
 .text.MX_RTC_Init
                0x08000b38       0xc0 ./Application/Core/rtc.o
                0x08000b38                MX_RTC_Init
 .text.HAL_RTC_MspInit
                0x08000bf8       0x58 ./Application/Core/rtc.o
                0x08000bf8                HAL_RTC_MspInit
 .text.RTC_IF_GetTimerContext
                0x08000c50        0xc ./Application/Core/rtc_if.o
                0x08000c50                RTC_IF_GetTimerContext
 .text.RTC_IF_GetMinimumTimeout
                0x08000c5c        0x4 ./Application/Core/rtc_if.o
                0x08000c5c                RTC_IF_GetMinimumTimeout
 .text.RTC_IF_Convert_ms2Tick
                0x08000c60       0x10 ./Application/Core/rtc_if.o
                0x08000c60                RTC_IF_Convert_ms2Tick
 .text.RTC_IF_Convert_Tick2ms
                0x08000c70       0x14 ./Application/Core/rtc_if.o
                0x08000c70                RTC_IF_Convert_Tick2ms
 .text.RTC_IF_StopTimer
                0x08000c84       0x24 ./Application/Core/rtc_if.o
                0x08000c84                RTC_IF_StopTimer
 .text.RTC_GetCalendarValue
                0x08000ca8       0xb4 ./Application/Core/rtc_if.o
 .text.RTC_IF_SetTimerContext
                0x08000d5c       0x1c ./Application/Core/rtc_if.o
                0x08000d5c                RTC_IF_SetTimerContext
 .text.RTC_IF_GetTimerElapsedTime
                0x08000d78       0x18 ./Application/Core/rtc_if.o
                0x08000d78                RTC_IF_GetTimerElapsedTime
 .text.RTC_IF_StartTimer
                0x08000d90      0x138 ./Application/Core/rtc_if.o
                0x08000d90                RTC_IF_StartTimer
 .text.RTC_IF_GetTime
                0x08000ec8       0x28 ./Application/Core/rtc_if.o
                0x08000ec8                RTC_IF_GetTime
 .text.RTC_IF_BkUp_Write_Seconds
                0x08000ef0       0x14 ./Application/Core/rtc_if.o
                0x08000ef0                RTC_IF_BkUp_Write_Seconds
 .text.RTC_IF_BkUp_Write_SubSeconds
                0x08000f04       0x14 ./Application/Core/rtc_if.o
                0x08000f04                RTC_IF_BkUp_Write_SubSeconds
 .text.RTC_IF_BkUp_Read_Seconds
                0x08000f18       0x10 ./Application/Core/rtc_if.o
                0x08000f18                RTC_IF_BkUp_Read_Seconds
 .text.RTC_IF_BkUp_Read_SubSeconds
                0x08000f28       0x10 ./Application/Core/rtc_if.o
                0x08000f28                RTC_IF_BkUp_Read_SubSeconds
 .text.RTC_IF_Init
                0x08000f38       0x50 ./Application/Core/rtc_if.o
                0x08000f38                RTC_IF_Init
 .text.RTC_IF_GetTimerValue
                0x08000f88       0x1c ./Application/Core/rtc_if.o
                0x08000f88                RTC_IF_GetTimerValue
 .text.RTC_IF_DelayMs
                0x08000fa4       0x26 ./Application/Core/rtc_if.o
                0x08000fa4                RTC_IF_DelayMs
 .text.HAL_RTC_AlarmAEventCallback
                0x08000fca        0x8 ./Application/Core/rtc_if.o
                0x08000fca                HAL_RTC_AlarmAEventCallback
 .text.PWR_EnterOffMode
                0x08000fd2        0x2 ./Application/Core/stm32_lpm_if.o
                0x08000fd2                PWR_EnterOffMode
 .text.PWR_EnterStopMode
                0x08000fd4       0x28 ./Application/Core/stm32_lpm_if.o
                0x08000fd4                PWR_EnterStopMode
 .text.PWR_ExitStopMode
                0x08000ffc       0x50 ./Application/Core/stm32_lpm_if.o
                0x08000ffc                PWR_ExitStopMode
 .text.PWR_EnterSleepMode
                0x0800104c        0xc ./Application/Core/stm32_lpm_if.o
                0x0800104c                PWR_EnterSleepMode
 .text.PWR_ExitSleepMode
                0x08001058        0x2 ./Application/Core/stm32_lpm_if.o
                0x08001058                PWR_ExitSleepMode
 .text.PWR_ExitOffMode
                0x0800105a        0x2 ./Application/Core/stm32_lpm_if.o
                0x0800105a                PWR_ExitOffMode
 .text.HAL_MspInit
                0x0800105c       0x30 ./Application/Core/stm32l0xx_hal_msp.o
                0x0800105c                HAL_MspInit
 .text.NMI_Handler
                0x0800108c        0x2 ./Application/Core/stm32l0xx_it.o
                0x0800108c                NMI_Handler
 .text.HardFault_Handler
                0x0800108e        0x2 ./Application/Core/stm32l0xx_it.o
                0x0800108e                HardFault_Handler
 .text.SVC_Handler
                0x08001090        0x2 ./Application/Core/stm32l0xx_it.o
                0x08001090                SVC_Handler
 .text.PendSV_Handler
                0x08001092        0x2 ./Application/Core/stm32l0xx_it.o
                0x08001092                PendSV_Handler
 .text.SysTick_Handler
                0x08001094        0x8 ./Application/Core/stm32l0xx_it.o
                0x08001094                SysTick_Handler
 .text.EXTI0_1_IRQHandler
                0x0800109c       0x18 ./Application/Core/stm32l0xx_it.o
                0x0800109c                EXTI0_1_IRQHandler
 .text.EXTI2_3_IRQHandler
                0x080010b4        0x2 ./Application/Core/stm32l0xx_it.o
                0x080010b4                EXTI2_3_IRQHandler
 *fill*         0x080010b6        0x2 
 .text.EXTI4_15_IRQHandler
                0x080010b8       0x18 ./Application/Core/stm32l0xx_it.o
                0x080010b8                EXTI4_15_IRQHandler
 .text.DMA1_Channel4_5_6_7_IRQHandler
                0x080010d0       0x10 ./Application/Core/stm32l0xx_it.o
                0x080010d0                DMA1_Channel4_5_6_7_IRQHandler
 .text.USART2_IRQHandler
                0x080010e0       0x10 ./Application/Core/stm32l0xx_it.o
                0x080010e0                USART2_IRQHandler
 .text.RTC_IRQHandler
                0x080010f0       0x10 ./Application/Core/stm32l0xx_it.o
                0x080010f0                RTC_IRQHandler
 .text.tiny_snprintf_like.constprop.0
                0x08001100       0x1c ./Application/Core/sys_app.o
 .text.TimestampNow
                0x0800111c       0x30 ./Application/Core/sys_app.o
 .text.SystemApp_Init
                0x0800114c       0xe8 ./Application/Core/sys_app.o
                0x0800114c                SystemApp_Init
 .text.UTIL_SEQ_Idle
                0x08001234        0x8 ./Application/Core/sys_app.o
                0x08001234                UTIL_SEQ_Idle
 .text.UTIL_ADV_TRACE_PreSendHook
                0x0800123c        0xc ./Application/Core/sys_app.o
                0x0800123c                UTIL_ADV_TRACE_PreSendHook
 .text.UTIL_ADV_TRACE_PostSendHook
                0x08001248        0xc ./Application/Core/sys_app.o
                0x08001248                UTIL_ADV_TRACE_PostSendHook
 .text.HAL_InitTick
                0x08001254        0x4 ./Application/Core/sys_app.o
                0x08001254                HAL_InitTick
 .text.HAL_GetTick
                0x08001258        0x8 ./Application/Core/sys_app.o
                0x08001258                HAL_GetTick
 .text.HAL_Delay
                0x08001260        0xc ./Application/Core/sys_app.o
                0x08001260                HAL_Delay
 .text.DBG_ConfigForLpm
                0x0800126c       0x2c ./Application/Core/sys_debug.o
                0x0800126c                DBG_ConfigForLpm
 .text.DBG_Disable
                0x08001298       0x44 ./Application/Core/sys_debug.o
                0x08001298                DBG_Disable
 .text.DBG_ProbesInit
                0x080012dc        0x2 ./Application/Core/sys_debug.o
                0x080012dc                DBG_ProbesInit
 *fill*         0x080012de        0x2 
 .text.MX_USART2_UART_Init
                0x080012e0       0x34 ./Application/Core/usart.o
                0x080012e0                MX_USART2_UART_Init
 .text.HAL_UART_MspInit
                0x08001314      0x108 ./Application/Core/usart.o
                0x08001314                HAL_UART_MspInit
 .text.HAL_UART_MspDeInit
                0x0800141c       0x3c ./Application/Core/usart.o
                0x0800141c                HAL_UART_MspDeInit
 .text.vcom_Init
                0x08001458       0x18 ./Application/Core/usart_if.o
                0x08001458                vcom_Init
 .text.vcom_DeInit
                0x08001470       0x34 ./Application/Core/usart_if.o
                0x08001470                vcom_DeInit
 .text.vcom_Trace_DMA
                0x080014a4       0x18 ./Application/Core/usart_if.o
                0x080014a4                vcom_Trace_DMA
 .text.vcom_ReceiveInit
                0x080014bc       0x50 ./Application/Core/usart_if.o
                0x080014bc                vcom_ReceiveInit
 .text.HAL_UART_TxCpltCallback
                0x0800150c       0x10 ./Application/Core/usart_if.o
                0x0800150c                HAL_UART_TxCpltCallback
 .text.HAL_UART_RxCpltCallback
                0x0800151c       0x30 ./Application/Core/usart_if.o
                0x0800151c                HAL_UART_RxCpltCallback
 .text.Reset_Handler
                0x0800154c       0x50 ./Application/SW4STM32/startup_stm32l072xx.o
                0x0800154c                Reset_Handler
 .text.Default_Handler
                0x0800159c        0x2 ./Application/SW4STM32/startup_stm32l072xx.o
                0x0800159c                TSC_IRQHandler
                0x0800159c                ADC1_COMP_IRQHandler
                0x0800159c                PVD_IRQHandler
                0x0800159c                I2C1_IRQHandler
                0x0800159c                RCC_CRS_IRQHandler
                0x0800159c                SPI1_IRQHandler
                0x0800159c                TIM6_DAC_IRQHandler
                0x0800159c                I2C2_IRQHandler
                0x0800159c                TIM3_IRQHandler
                0x0800159c                DMA1_Channel1_IRQHandler
                0x0800159c                USART4_5_IRQHandler
                0x0800159c                Default_Handler
                0x0800159c                TIM22_IRQHandler
                0x0800159c                TIM7_IRQHandler
                0x0800159c                USB_IRQHandler
                0x0800159c                I2C3_IRQHandler
                0x0800159c                SPI2_IRQHandler
                0x0800159c                TIM21_IRQHandler
                0x0800159c                WWDG_IRQHandler
                0x0800159c                TIM2_IRQHandler
                0x0800159c                DMA1_Channel2_3_IRQHandler
                0x0800159c                FLASH_IRQHandler
                0x0800159c                USART1_IRQHandler
                0x0800159c                RNG_LPUART1_IRQHandler
                0x0800159c                LPTIM1_IRQHandler
 *fill*         0x0800159e        0x2 
 .text.BSP_SPI1_SendRecv
                0x080015a0       0x2c ./Application/Target/b_l072z_lrwan1_bus.o
                0x080015a0                BSP_SPI1_SendRecv
 .text.MX_SPI1_Init
                0x080015cc       0x60 ./Application/Target/b_l072z_lrwan1_bus.o
                0x080015cc                MX_SPI1_Init
 .text.BSP_SPI1_Init
                0x0800162c       0x80 ./Application/Target/b_l072z_lrwan1_bus.o
                0x0800162c                BSP_SPI1_Init
 .text.BSP_LED_Init
                0x080016ac       0x84 ./Drivers/BSP/B-L072Z-LRWAN1/b-l072z-lrwan1.o
                0x080016ac                BSP_LED_Init
 .text.BSP_LED_Toggle
                0x08001730       0x1c ./Drivers/BSP/B-L072Z-LRWAN1/b-l072z-lrwan1.o
                0x08001730                BSP_LED_Toggle
 .text.CMWX1ZZABZ0XX_RADIO_GetWakeUpTime
                0x0800174c        0x4 ./Drivers/BSP/CMWX1ZZABZ_0xx/cmwx1zzabz_0xx.o
                0x0800174c                CMWX1ZZABZ0XX_RADIO_GetWakeUpTime
 .text.CMWX1ZZABZ0XX_RADIO_SetXO
                0x08001750       0x2c ./Drivers/BSP/CMWX1ZZABZ_0xx/cmwx1zzabz_0xx.o
                0x08001750                CMWX1ZZABZ0XX_RADIO_SetXO
 .text.CMWX1ZZABZ0XX_RADIO_IoInit
                0x0800177c      0x1b4 ./Drivers/BSP/CMWX1ZZABZ_0xx/cmwx1zzabz_0xx.o
                0x0800177c                CMWX1ZZABZ0XX_RADIO_IoInit
 .text.CMWX1ZZABZ0XX_RADIO_IoDeInit
                0x08001930       0xb0 ./Drivers/BSP/CMWX1ZZABZ_0xx/cmwx1zzabz_0xx.o
                0x08001930                CMWX1ZZABZ0XX_RADIO_IoDeInit
 .text.CMWX1ZZABZ0XX_RADIO_IoIrqInit
                0x080019e0       0x5c ./Drivers/BSP/CMWX1ZZABZ_0xx/cmwx1zzabz_0xx.o
                0x080019e0                CMWX1ZZABZ0XX_RADIO_IoIrqInit
 .text.CMWX1ZZABZ0XX_RADIO_GetPaSelect
                0x08001a3c        0x4 ./Drivers/BSP/CMWX1ZZABZ_0xx/cmwx1zzabz_0xx.o
                0x08001a3c                CMWX1ZZABZ0XX_RADIO_GetPaSelect
 .text.CMWX1ZZABZ0XX_RADIO_SetAntSw
                0x08001a40       0x4c ./Drivers/BSP/CMWX1ZZABZ_0xx/cmwx1zzabz_0xx.o
                0x08001a40                CMWX1ZZABZ0XX_RADIO_SetAntSw
 .text.CMWX1ZZABZ0XX_RADIO_CheckRfFrequency
                0x08001a8c        0x4 ./Drivers/BSP/CMWX1ZZABZ_0xx/cmwx1zzabz_0xx.o
                0x08001a8c                CMWX1ZZABZ0XX_RADIO_CheckRfFrequency
 .text.CMWX1ZZABZ0XX_RADIO_Reset
                0x08001a90       0x4c ./Drivers/BSP/CMWX1ZZABZ_0xx/cmwx1zzabz_0xx.o
                0x08001a90                CMWX1ZZABZ0XX_RADIO_Reset
 .text.CMWX1ZZABZ0XX_RADIO_Bus_Init
                0x08001adc        0x8 ./Drivers/BSP/CMWX1ZZABZ_0xx/cmwx1zzabz_0xx.o
                0x08001adc                CMWX1ZZABZ0XX_RADIO_Bus_Init
 .text.CMWX1ZZABZ0XX_RADIO_SendRecv
                0x08001ae4       0x1c ./Drivers/BSP/CMWX1ZZABZ_0xx/cmwx1zzabz_0xx.o
                0x08001ae4                CMWX1ZZABZ0XX_RADIO_SendRecv
 .text.CMWX1ZZABZ0XX_RADIO_ChipSelect
                0x08001b00       0x1a ./Drivers/BSP/CMWX1ZZABZ_0xx/cmwx1zzabz_0xx.o
                0x08001b00                CMWX1ZZABZ0XX_RADIO_ChipSelect
 *fill*         0x08001b1a        0x2 
 .text.CMWX1ZZABZ0XX_RADIO_GetDio1PinState
                0x08001b1c       0x10 ./Drivers/BSP/CMWX1ZZABZ_0xx/cmwx1zzabz_0xx.o
                0x08001b1c                CMWX1ZZABZ0XX_RADIO_GetDio1PinState
 .text.SystemInit
                0x08001b2c       0x5c ./Drivers/CMSIS/system_stm32l0xx.o
                0x08001b2c                SystemInit
 .text.HAL_Init
                0x08001b88       0x28 ./Drivers/STM32L0xx_HAL_Driver/stm32l0xx_hal.o
                0x08001b88                HAL_Init
 .text.HAL_IncTick
                0x08001bb0       0x18 ./Drivers/STM32L0xx_HAL_Driver/stm32l0xx_hal.o
                0x08001bb0                HAL_IncTick
 .text.HAL_DBGMCU_DisableDBGSleepMode
                0x08001bc8       0x10 ./Drivers/STM32L0xx_HAL_Driver/stm32l0xx_hal.o
                0x08001bc8                HAL_DBGMCU_DisableDBGSleepMode
 .text.HAL_DBGMCU_DisableDBGStopMode
                0x08001bd8       0x10 ./Drivers/STM32L0xx_HAL_Driver/stm32l0xx_hal.o
                0x08001bd8                HAL_DBGMCU_DisableDBGStopMode
 .text.HAL_DBGMCU_DisableDBGStandbyMode
                0x08001be8       0x10 ./Drivers/STM32L0xx_HAL_Driver/stm32l0xx_hal.o
                0x08001be8                HAL_DBGMCU_DisableDBGStandbyMode
 .text.HAL_NVIC_SetPriority
                0x08001bf8       0x54 ./Drivers/STM32L0xx_HAL_Driver/stm32l0xx_hal_cortex.o
                0x08001bf8                HAL_NVIC_SetPriority
 .text.HAL_NVIC_EnableIRQ
                0x08001c4c       0x18 ./Drivers/STM32L0xx_HAL_Driver/stm32l0xx_hal_cortex.o
                0x08001c4c                HAL_NVIC_EnableIRQ
 .text.HAL_NVIC_DisableIRQ
                0x08001c64       0x20 ./Drivers/STM32L0xx_HAL_Driver/stm32l0xx_hal_cortex.o
                0x08001c64                HAL_NVIC_DisableIRQ
 .text.HAL_DMA_Init
                0x08001c84       0x88 ./Drivers/STM32L0xx_HAL_Driver/stm32l0xx_hal_dma.o
                0x08001c84                HAL_DMA_Init
 .text.HAL_DMA_DeInit
                0x08001d0c       0x60 ./Drivers/STM32L0xx_HAL_Driver/stm32l0xx_hal_dma.o
                0x08001d0c                HAL_DMA_DeInit
 .text.HAL_DMA_Start_IT
                0x08001d6c       0x7c ./Drivers/STM32L0xx_HAL_Driver/stm32l0xx_hal_dma.o
                0x08001d6c                HAL_DMA_Start_IT
 .text.HAL_DMA_Abort
                0x08001de8       0x40 ./Drivers/STM32L0xx_HAL_Driver/stm32l0xx_hal_dma.o
                0x08001de8                HAL_DMA_Abort
 .text.HAL_DMA_Abort_IT
                0x08001e28       0x46 ./Drivers/STM32L0xx_HAL_Driver/stm32l0xx_hal_dma.o
                0x08001e28                HAL_DMA_Abort_IT
 .text.HAL_DMA_IRQHandler
                0x08001e6e       0x96 ./Drivers/STM32L0xx_HAL_Driver/stm32l0xx_hal_dma.o
                0x08001e6e                HAL_DMA_IRQHandler
 .text.HAL_EXTI_RegisterCallback
                0x08001f04        0xe ./Drivers/STM32L0xx_HAL_Driver/stm32l0xx_hal_exti.o
                0x08001f04                HAL_EXTI_RegisterCallback
 .text.HAL_EXTI_GetHandle
                0x08001f12        0xe ./Drivers/STM32L0xx_HAL_Driver/stm32l0xx_hal_exti.o
                0x08001f12                HAL_EXTI_GetHandle
 .text.HAL_EXTI_IRQHandler
                0x08001f20       0x24 ./Drivers/STM32L0xx_HAL_Driver/stm32l0xx_hal_exti.o
                0x08001f20                HAL_EXTI_IRQHandler
 .text.HAL_GPIO_Init
                0x08001f44      0x178 ./Drivers/STM32L0xx_HAL_Driver/stm32l0xx_hal_gpio.o
                0x08001f44                HAL_GPIO_Init
 .text.HAL_GPIO_DeInit
                0x080020bc       0xf8 ./Drivers/STM32L0xx_HAL_Driver/stm32l0xx_hal_gpio.o
                0x080020bc                HAL_GPIO_DeInit
 .text.HAL_GPIO_ReadPin
                0x080021b4        0xc ./Drivers/STM32L0xx_HAL_Driver/stm32l0xx_hal_gpio.o
                0x080021b4                HAL_GPIO_ReadPin
 .text.HAL_GPIO_WritePin
                0x080021c0        0xc ./Drivers/STM32L0xx_HAL_Driver/stm32l0xx_hal_gpio.o
                0x080021c0                HAL_GPIO_WritePin
 .text.HAL_GPIO_TogglePin
                0x080021cc       0x10 ./Drivers/STM32L0xx_HAL_Driver/stm32l0xx_hal_gpio.o
                0x080021cc                HAL_GPIO_TogglePin
 .text.HAL_PWR_DisablePVD
                0x080021dc       0x10 ./Drivers/STM32L0xx_HAL_Driver/stm32l0xx_hal_pwr.o
                0x080021dc                HAL_PWR_DisablePVD
 .text.HAL_PWR_EnterSLEEPMode
                0x080021ec       0x70 ./Drivers/STM32L0xx_HAL_Driver/stm32l0xx_hal_pwr.o
                0x080021ec                HAL_PWR_EnterSLEEPMode
 .text.HAL_PWR_EnterSTOPMode
                0x0800225c       0x78 ./Drivers/STM32L0xx_HAL_Driver/stm32l0xx_hal_pwr.o
                0x0800225c                HAL_PWR_EnterSTOPMode
 .text.HAL_PWREx_EnableFastWakeUp
                0x080022d4       0x14 ./Drivers/STM32L0xx_HAL_Driver/stm32l0xx_hal_pwr_ex.o
                0x080022d4                HAL_PWREx_EnableFastWakeUp
 .text.HAL_PWREx_EnableUltraLowPower
                0x080022e8       0x14 ./Drivers/STM32L0xx_HAL_Driver/stm32l0xx_hal_pwr_ex.o
                0x080022e8                HAL_PWREx_EnableUltraLowPower
 .text.HAL_RCC_GetSysClockFreq
                0x080022fc       0x94 ./Drivers/STM32L0xx_HAL_Driver/stm32l0xx_hal_rcc.o
                0x080022fc                HAL_RCC_GetSysClockFreq
 .text.HAL_RCC_OscConfig
                0x08002390      0x514 ./Drivers/STM32L0xx_HAL_Driver/stm32l0xx_hal_rcc.o
                0x08002390                HAL_RCC_OscConfig
 .text.HAL_RCC_ClockConfig
                0x080028a4      0x19c ./Drivers/STM32L0xx_HAL_Driver/stm32l0xx_hal_rcc.o
                0x080028a4                HAL_RCC_ClockConfig
 .text.HAL_RCC_GetPCLK1Freq
                0x08002a40       0x20 ./Drivers/STM32L0xx_HAL_Driver/stm32l0xx_hal_rcc.o
                0x08002a40                HAL_RCC_GetPCLK1Freq
 .text.HAL_RCC_GetPCLK2Freq
                0x08002a60       0x20 ./Drivers/STM32L0xx_HAL_Driver/stm32l0xx_hal_rcc.o
                0x08002a60                HAL_RCC_GetPCLK2Freq
 .text.HAL_RCCEx_PeriphCLKConfig
                0x08002a80      0x1b8 ./Drivers/STM32L0xx_HAL_Driver/stm32l0xx_hal_rcc_ex.o
                0x08002a80                HAL_RCCEx_PeriphCLKConfig
 .text.HAL_RTC_DeactivateAlarm
                0x08002c38       0xbc ./Drivers/STM32L0xx_HAL_Driver/stm32l0xx_hal_rtc.o
                0x08002c38                HAL_RTC_DeactivateAlarm
 .text.HAL_RTC_AlarmIRQHandler
                0x08002cf4       0x60 ./Drivers/STM32L0xx_HAL_Driver/stm32l0xx_hal_rtc.o
                0x08002cf4                HAL_RTC_AlarmIRQHandler
 .text.HAL_RTC_WaitForSynchro
                0x08002d54       0x34 ./Drivers/STM32L0xx_HAL_Driver/stm32l0xx_hal_rtc.o
                0x08002d54                HAL_RTC_WaitForSynchro
 .text.RTC_EnterInitMode
                0x08002d88       0x38 ./Drivers/STM32L0xx_HAL_Driver/stm32l0xx_hal_rtc.o
                0x08002d88                RTC_EnterInitMode
 .text.HAL_RTC_Init
                0x08002dc0       0xb8 ./Drivers/STM32L0xx_HAL_Driver/stm32l0xx_hal_rtc.o
                0x08002dc0                HAL_RTC_Init
 .text.RTC_ByteToBcd2
                0x08002e78       0x16 ./Drivers/STM32L0xx_HAL_Driver/stm32l0xx_hal_rtc.o
                0x08002e78                RTC_ByteToBcd2
 *fill*         0x08002e8e        0x2 
 .text.HAL_RTC_SetTime
                0x08002e90      0x10c ./Drivers/STM32L0xx_HAL_Driver/stm32l0xx_hal_rtc.o
                0x08002e90                HAL_RTC_SetTime
 .text.HAL_RTC_SetDate
                0x08002f9c       0xdc ./Drivers/STM32L0xx_HAL_Driver/stm32l0xx_hal_rtc.o
                0x08002f9c                HAL_RTC_SetDate
 .text.HAL_RTC_SetAlarm_IT
                0x08003078      0x1a0 ./Drivers/STM32L0xx_HAL_Driver/stm32l0xx_hal_rtc.o
                0x08003078                HAL_RTC_SetAlarm_IT
 .text.RTC_Bcd2ToByte
                0x08003218       0x12 ./Drivers/STM32L0xx_HAL_Driver/stm32l0xx_hal_rtc.o
                0x08003218                RTC_Bcd2ToByte
 *fill*         0x0800322a        0x2 
 .text.HAL_RTC_GetTime
                0x0800322c       0x54 ./Drivers/STM32L0xx_HAL_Driver/stm32l0xx_hal_rtc.o
                0x0800322c                HAL_RTC_GetTime
 .text.HAL_RTC_GetDate
                0x08003280       0x44 ./Drivers/STM32L0xx_HAL_Driver/stm32l0xx_hal_rtc.o
                0x08003280                HAL_RTC_GetDate
 .text.HAL_RTCEx_BKUPWrite
                0x080032c4        0xc ./Drivers/STM32L0xx_HAL_Driver/stm32l0xx_hal_rtc_ex.o
                0x080032c4                HAL_RTCEx_BKUPWrite
 .text.HAL_RTCEx_BKUPRead
                0x080032d0        0xc ./Drivers/STM32L0xx_HAL_Driver/stm32l0xx_hal_rtc_ex.o
                0x080032d0                HAL_RTCEx_BKUPRead
 .text.HAL_RTCEx_EnableBypassShadow
                0x080032dc       0x34 ./Drivers/STM32L0xx_HAL_Driver/stm32l0xx_hal_rtc_ex.o
                0x080032dc                HAL_RTCEx_EnableBypassShadow
 .text.HAL_RTCEx_AlarmBEventCallback
                0x08003310        0x2 ./Drivers/STM32L0xx_HAL_Driver/stm32l0xx_hal_rtc_ex.o
                0x08003310                HAL_RTCEx_AlarmBEventCallback
 *fill*         0x08003312        0x2 
 .text.SPI_WaitFlagStateUntilTimeout
                0x08003314       0xc4 ./Drivers/STM32L0xx_HAL_Driver/stm32l0xx_hal_spi.o
 .text.SPI_EndRxTxTransaction
                0x080033d8       0x68 ./Drivers/STM32L0xx_HAL_Driver/stm32l0xx_hal_spi.o
 .text.HAL_SPI_MspInit
                0x08003440        0x2 ./Drivers/STM32L0xx_HAL_Driver/stm32l0xx_hal_spi.o
                0x08003440                HAL_SPI_MspInit
 *fill*         0x08003442        0x2 
 .text.HAL_SPI_Init
                0x08003444       0xd0 ./Drivers/STM32L0xx_HAL_Driver/stm32l0xx_hal_spi.o
                0x08003444                HAL_SPI_Init
 .text.HAL_SPI_TransmitReceive
                0x08003514      0x288 ./Drivers/STM32L0xx_HAL_Driver/stm32l0xx_hal_spi.o
                0x08003514                HAL_SPI_TransmitReceive
 .text.HAL_SPI_GetState
                0x0800379c        0x8 ./Drivers/STM32L0xx_HAL_Driver/stm32l0xx_hal_spi.o
                0x0800379c                HAL_SPI_GetState
 .text.UART_EndRxTransfer
                0x080037a4       0x34 ./Drivers/STM32L0xx_HAL_Driver/stm32l0xx_hal_uart.o
 .text.HAL_UART_Transmit_DMA
                0x080037d8       0xa4 ./Drivers/STM32L0xx_HAL_Driver/stm32l0xx_hal_uart.o
                0x080037d8                HAL_UART_Transmit_DMA
 .text.UART_DMATransmitCplt
                0x0800387c       0x34 ./Drivers/STM32L0xx_HAL_Driver/stm32l0xx_hal_uart.o
 .text.HAL_UART_TxHalfCpltCallback
                0x080038b0        0x2 ./Drivers/STM32L0xx_HAL_Driver/stm32l0xx_hal_uart.o
                0x080038b0                HAL_UART_TxHalfCpltCallback
 .text.UART_DMATxHalfCplt
                0x080038b2        0xa ./Drivers/STM32L0xx_HAL_Driver/stm32l0xx_hal_uart.o
 .text.HAL_UART_ErrorCallback
                0x080038bc        0x2 ./Drivers/STM32L0xx_HAL_Driver/stm32l0xx_hal_uart.o
                0x080038bc                HAL_UART_ErrorCallback
 .text.UART_DMAError
                0x080038be       0x52 ./Drivers/STM32L0xx_HAL_Driver/stm32l0xx_hal_uart.o
 .text.UART_DMAAbortOnError
                0x08003910       0x16 ./Drivers/STM32L0xx_HAL_Driver/stm32l0xx_hal_uart.o
 .text.HAL_UARTEx_RxEventCallback
                0x08003926        0x2 ./Drivers/STM32L0xx_HAL_Driver/stm32l0xx_hal_uart.o
                0x08003926                HAL_UARTEx_RxEventCallback
 .text.HAL_UART_IRQHandler
                0x08003928      0x230 ./Drivers/STM32L0xx_HAL_Driver/stm32l0xx_hal_uart.o
                0x08003928                HAL_UART_IRQHandler
 .text.UART_RxISR_8BIT
                0x08003b58       0x84 ./Drivers/STM32L0xx_HAL_Driver/stm32l0xx_hal_uart.o
 .text.UART_RxISR_16BIT
                0x08003bdc       0x80 ./Drivers/STM32L0xx_HAL_Driver/stm32l0xx_hal_uart.o
 .text.UART_SetConfig
                0x08003c5c      0x20c ./Drivers/STM32L0xx_HAL_Driver/stm32l0xx_hal_uart.o
                0x08003c5c                UART_SetConfig
 .text.UART_AdvFeatureConfig
                0x08003e68       0xd0 ./Drivers/STM32L0xx_HAL_Driver/stm32l0xx_hal_uart.o
                0x08003e68                UART_AdvFeatureConfig
 .text.UART_WaitOnFlagUntilTimeout
                0x08003f38       0x8c ./Drivers/STM32L0xx_HAL_Driver/stm32l0xx_hal_uart.o
                0x08003f38                UART_WaitOnFlagUntilTimeout
 .text.UART_CheckIdleState
                0x08003fc4       0x64 ./Drivers/STM32L0xx_HAL_Driver/stm32l0xx_hal_uart.o
                0x08003fc4                UART_CheckIdleState
 .text.HAL_UART_Init
                0x08004028       0x64 ./Drivers/STM32L0xx_HAL_Driver/stm32l0xx_hal_uart.o
                0x08004028                HAL_UART_Init
 .text.UART_Start_Receive_IT
                0x0800408c       0x94 ./Drivers/STM32L0xx_HAL_Driver/stm32l0xx_hal_uart.o
                0x0800408c                UART_Start_Receive_IT
 .text.HAL_UART_Receive_IT
                0x08004120       0x64 ./Drivers/STM32L0xx_HAL_Driver/stm32l0xx_hal_uart.o
                0x08004120                HAL_UART_Receive_IT
 .text.HAL_UARTEx_WakeupCallback
                0x08004184        0x2 ./Drivers/STM32L0xx_HAL_Driver/stm32l0xx_hal_uart_ex.o
                0x08004184                HAL_UARTEx_WakeupCallback
 *fill*         0x08004186        0x2 
 .text.HAL_UARTEx_StopModeWakeUpSourceConfig
                0x08004188       0x8c ./Drivers/STM32L0xx_HAL_Driver/stm32l0xx_hal_uart_ex.o
                0x08004188                HAL_UARTEx_StopModeWakeUpSourceConfig
 .text.HAL_UARTEx_EnableStopMode
                0x08004214       0x20 ./Drivers/STM32L0xx_HAL_Driver/stm32l0xx_hal_uart_ex.o
                0x08004214                HAL_UARTEx_EnableStopMode
 .text.SX1276GetStatus
                0x08004234        0xc ./Middlewares/SubGHz_Phy/sx1276.o
                0x08004234                SX1276GetStatus
 .text.GetFskBandwidthRegValue
                0x08004240       0x2c ./Middlewares/SubGHz_Phy/sx1276.o
 .text.SX1276GetTimeOnAir
                0x0800426c       0xec ./Middlewares/SubGHz_Phy/sx1276.o
                0x0800426c                SX1276GetTimeOnAir
 .text.SX1276GetWakeupTime
                0x08004358        0xa ./Middlewares/SubGHz_Phy/sx1276.o
                0x08004358                SX1276GetWakeupTime
 .text.SX1276WriteBuffer
                0x08004362       0x30 ./Middlewares/SubGHz_Phy/sx1276.o
                0x08004362                SX1276WriteBuffer
 .text.SX1276Write
                0x08004392       0x12 ./Middlewares/SubGHz_Phy/sx1276.o
                0x08004392                SX1276Write
 .text.SX1276SetChannel
                0x080043a4       0x54 ./Middlewares/SubGHz_Phy/sx1276.o
                0x080043a4                SX1276SetChannel
 .text.SX1276ReadBuffer
                0x080043f8       0x30 ./Middlewares/SubGHz_Phy/sx1276.o
                0x080043f8                SX1276ReadBuffer
 .text.SX1276Read
                0x08004428       0x12 ./Middlewares/SubGHz_Phy/sx1276.o
                0x08004428                SX1276Read
 *fill*         0x0800443a        0x2 
 .text.SX1276OnDio2Irq
                0x0800443c       0xc0 ./Middlewares/SubGHz_Phy/sx1276.o
 .text.SX1276OnDio4Irq
                0x080044fc       0x1c ./Middlewares/SubGHz_Phy/sx1276.o
 .text.SX1276OnDio3Irq
                0x08004518       0x54 ./Middlewares/SubGHz_Phy/sx1276.o
 .text.SX1276SetOpMode.part.0
                0x0800456c       0x56 ./Middlewares/SubGHz_Phy/sx1276.o
 *fill*         0x080045c2        0x2 
 .text.SX1276SetStby
                0x080045c4       0x38 ./Middlewares/SubGHz_Phy/sx1276.o
                0x080045c4                SX1276SetStby
 .text.SX1276SetRx
                0x080045fc      0x214 ./Middlewares/SubGHz_Phy/sx1276.o
                0x080045fc                SX1276SetRx
 .text.SX1276StartCad
                0x08004810       0x34 ./Middlewares/SubGHz_Phy/sx1276.o
                0x08004810                SX1276StartCad
 .text.SX1276ReadRssi
                0x08004844       0x44 ./Middlewares/SubGHz_Phy/sx1276.o
                0x08004844                SX1276ReadRssi
 .text.SX1276SetOpMode.constprop.0
                0x08004888       0x20 ./Middlewares/SubGHz_Phy/sx1276.o
 .text.SX1276SetModem
                0x080048a8       0x6c ./Middlewares/SubGHz_Phy/sx1276.o
                0x080048a8                SX1276SetModem
 .text.SX1276SetMaxPayloadLength
                0x08004914       0x30 ./Middlewares/SubGHz_Phy/sx1276.o
                0x08004914                SX1276SetMaxPayloadLength
 .text.SX1276SetPublicNetwork
                0x08004944       0x24 ./Middlewares/SubGHz_Phy/sx1276.o
                0x08004944                SX1276SetPublicNetwork
 .text.SX1276SetRxConfig
                0x08004968      0x2d8 ./Middlewares/SubGHz_Phy/sx1276.o
                0x08004968                SX1276SetRxConfig
 .text.SX1276SetSleep
                0x08004c40       0x3c ./Middlewares/SubGHz_Phy/sx1276.o
                0x08004c40                SX1276SetSleep
 .text.SX1276IsChannelFree
                0x08004c7c       0x66 ./Middlewares/SubGHz_Phy/sx1276.o
                0x08004c7c                SX1276IsChannelFree
 .text.SX1276Random
                0x08004ce2       0x3c ./Middlewares/SubGHz_Phy/sx1276.o
                0x08004ce2                SX1276Random
 *fill*         0x08004d1e        0x2 
 .text.SX1276SetTxConfig
                0x08004d20      0x330 ./Middlewares/SubGHz_Phy/sx1276.o
                0x08004d20                SX1276SetTxConfig
 .text.SX1276SetTxContinuousWave
                0x08005050       0x80 ./Middlewares/SubGHz_Phy/sx1276.o
                0x08005050                SX1276SetTxContinuousWave
 .text.RxChainCalibration
                0x080050d0       0x98 ./Middlewares/SubGHz_Phy/sx1276.o
 .text.SX1276Init
                0x08005168       0x9c ./Middlewares/SubGHz_Phy/sx1276.o
                0x08005168                SX1276Init
 .text.SX1276OnTimeoutIrq
                0x08005204       0xb8 ./Middlewares/SubGHz_Phy/sx1276.o
 .text.SX1276OnDio0Irq
                0x080052bc      0x250 ./Middlewares/SubGHz_Phy/sx1276.o
 .text.SX1276Send
                0x0800550c      0x194 ./Middlewares/SubGHz_Phy/sx1276.o
                0x0800550c                SX1276Send
 .text.SX1276OnDio1Irq
                0x080056a0       0xf8 ./Middlewares/SubGHz_Phy/sx1276.o
 .text.TRACE_AllocateBufer
                0x08005798       0x68 ./Utilities/stm32_adv_trace.o
 .text.TRACE_Lock
                0x08005800       0x18 ./Utilities/stm32_adv_trace.o
 .text.TRACE_UnLock
                0x08005818       0x18 ./Utilities/stm32_adv_trace.o
 .text.UTIL_ADV_TRACE_Init
                0x08005830       0x34 ./Utilities/stm32_adv_trace.o
                0x08005830                UTIL_ADV_TRACE_Init
 .text.UTIL_ADV_TRACE_RegisterTimeStampFunction
                0x08005864        0xc ./Utilities/stm32_adv_trace.o
                0x08005864                UTIL_ADV_TRACE_RegisterTimeStampFunction
 .text.UTIL_ADV_TRACE_SetVerboseLevel
                0x08005870        0xc ./Utilities/stm32_adv_trace.o
                0x08005870                UTIL_ADV_TRACE_SetVerboseLevel
 .text.TRACE_Send
                0x0800587c       0x84 ./Utilities/stm32_adv_trace.o
 .text.UTIL_ADV_TRACE_COND_FSend
                0x08005900       0xc8 ./Utilities/stm32_adv_trace.o
                0x08005900                UTIL_ADV_TRACE_COND_FSend
 .text.TRACE_TxCpltCallback
                0x080059c8       0x94 ./Utilities/stm32_adv_trace.o
 .text.UTIL_LPM_Init
                0x08005a5c       0x10 ./Utilities/stm32_lpm.o
                0x08005a5c                UTIL_LPM_Init
 .text.UTIL_LPM_SetStopMode
                0x08005a6c       0x2c ./Utilities/stm32_lpm.o
                0x08005a6c                UTIL_LPM_SetStopMode
 .text.UTIL_LPM_SetOffMode
                0x08005a98       0x2c ./Utilities/stm32_lpm.o
                0x08005a98                UTIL_LPM_SetOffMode
 .text.UTIL_LPM_GetMode
                0x08005ac4       0x24 ./Utilities/stm32_lpm.o
                0x08005ac4                UTIL_LPM_GetMode
 .text.UTIL_LPM_EnterLowPower
                0x08005ae8       0x40 ./Utilities/stm32_lpm.o
                0x08005ae8                UTIL_LPM_EnterLowPower
 .text.UTIL_MEM_cpy_8
                0x08005b28       0x12 ./Utilities/stm32_mem.o
                0x08005b28                UTIL_MEM_cpy_8
 *fill*         0x08005b3a        0x2 
 .text.UTIL_MEM_set_8
                0x08005b3c       0x18 ./Utilities/stm32_mem.o
                0x08005b3c                UTIL_MEM_set_8
 .text.UTIL_SEQ_SetTask
                0x08005b54       0x24 ./Utilities/stm32_seq.o
                0x08005b54                UTIL_SEQ_SetTask
 .text.UTIL_SEQ_PreIdle
                0x08005b78        0x2 ./Utilities/stm32_seq.o
                0x08005b78                UTIL_SEQ_PreIdle
 .text.UTIL_SEQ_PostIdle
                0x08005b7a        0x2 ./Utilities/stm32_seq.o
                0x08005b7a                UTIL_SEQ_PostIdle
 .text.SEQ_BitPosition
                0x08005b7c       0x40 ./Utilities/stm32_seq.o
                0x08005b7c                SEQ_BitPosition
 .text.UTIL_SEQ_Run
                0x08005bbc       0xcc ./Utilities/stm32_seq.o
                0x08005bbc                UTIL_SEQ_Run
 .text.UTIL_SEQ_RegTask
                0x08005c88       0x20 ./Utilities/stm32_seq.o
                0x08005c88                UTIL_SEQ_RegTask
 .text.SysTimeGet
                0x08005ca8       0x50 ./Utilities/stm32_systime.o
                0x08005ca8                SysTimeGet
 .text.UTIL_TIMER_Init
                0x08005cf8       0x18 ./Utilities/stm32_timer.o
                0x08005cf8                UTIL_TIMER_Init
 .text.UTIL_TIMER_Create
                0x08005d10       0x38 ./Utilities/stm32_timer.o
                0x08005d10                UTIL_TIMER_Create
 .text.UTIL_TIMER_GetCurrentTime
                0x08005d48       0x14 ./Utilities/stm32_timer.o
                0x08005d48                UTIL_TIMER_GetCurrentTime
 .text.UTIL_TIMER_GetElapsedTime
                0x08005d5c       0x20 ./Utilities/stm32_timer.o
                0x08005d5c                UTIL_TIMER_GetElapsedTime
 .text.TimerExists
                0x08005d7c       0x1c ./Utilities/stm32_timer.o
                0x08005d7c                TimerExists
 .text.TimerSetTimeout
                0x08005d98       0x34 ./Utilities/stm32_timer.o
                0x08005d98                TimerSetTimeout
 .text.UTIL_TIMER_Stop
                0x08005dcc       0x60 ./Utilities/stm32_timer.o
                0x08005dcc                UTIL_TIMER_Stop
 .text.TimerInsertTimer
                0x08005e2c       0x2c ./Utilities/stm32_timer.o
                0x08005e2c                TimerInsertTimer
 .text.TimerInsertNewHeadTimer
                0x08005e58       0x1c ./Utilities/stm32_timer.o
                0x08005e58                TimerInsertNewHeadTimer
 .text.UTIL_TIMER_Start
                0x08005e74       0x7c ./Utilities/stm32_timer.o
                0x08005e74                UTIL_TIMER_Start
 .text.UTIL_TIMER_SetPeriod
                0x08005ef0       0x38 ./Utilities/stm32_timer.o
                0x08005ef0                UTIL_TIMER_SetPeriod
 .text.UTIL_TIMER_IRQ_Handler
                0x08005f28       0x84 ./Utilities/stm32_timer.o
                0x08005f28                UTIL_TIMER_IRQ_Handler
 .text.tiny_vsnprintf_like
                0x08005fac      0x268 ./Utilities/stm32_tiny_vsnprintf.o
                0x08005fac                tiny_vsnprintf_like
 .text.memset   0x08006214       0x10 C:/ST/STM32CubeIDE_1.18.1/STM32CubeIDE/plugins/com.st.stm32cube.ide.mcu.externaltools.gnu-tools-for-stm32.13.3.rel1.win32_1.0.0.202411081344/tools/bin/../lib/gcc/arm-none-eabi/13.3.1/../../../../arm-none-eabi/lib/thumb/v6-m/nofp\libc_nano.a(libc_a-memset.o)
                0x08006214                memset
 .text.__libc_init_array
                0x08006224       0x48 C:/ST/STM32CubeIDE_1.18.1/STM32CubeIDE/plugins/com.st.stm32cube.ide.mcu.externaltools.gnu-tools-for-stm32.13.3.rel1.win32_1.0.0.202411081344/tools/bin/../lib/gcc/arm-none-eabi/13.3.1/../../../../arm-none-eabi/lib/thumb/v6-m/nofp\libc_nano.a(libc_a-init.o)
                0x08006224                __libc_init_array
 .text.memcpy   0x0800626c       0x12 C:/ST/STM32CubeIDE_1.18.1/STM32CubeIDE/plugins/com.st.stm32cube.ide.mcu.externaltools.gnu-tools-for-stm32.13.3.rel1.win32_1.0.0.202411081344/tools/bin/../lib/gcc/arm-none-eabi/13.3.1/../../../../arm-none-eabi/lib/thumb/v6-m/nofp\libc_nano.a(libc_a-memcpy-stub.o)
                0x0800626c                memcpy
 *(.glue_7)
 .glue_7        0x0800627e        0x0 linker stubs
 *(.glue_7t)
 .glue_7t       0x0800627e        0x0 linker stubs
 *(.eh_frame)
 *fill*         0x0800627e        0x2 
 .eh_frame      0x08006280        0x0 C:/ST/STM32CubeIDE_1.18.1/STM32CubeIDE/plugins/com.st.stm32cube.ide.mcu.externaltools.gnu-tools-for-stm32.13.3.rel1.win32_1.0.0.202411081344/tools/bin/../lib/gcc/arm-none-eabi/13.3.1/thumb/v6-m/nofp/crtbegin.o
 *(.init)
 .init          0x08006280        0x4 C:/ST/STM32CubeIDE_1.18.1/STM32CubeIDE/plugins/com.st.stm32cube.ide.mcu.externaltools.gnu-tools-for-stm32.13.3.rel1.win32_1.0.0.202411081344/tools/bin/../lib/gcc/arm-none-eabi/13.3.1/thumb/v6-m/nofp/crti.o
                0x08006280                _init
 .init          0x08006284        0x8 C:/ST/STM32CubeIDE_1.18.1/STM32CubeIDE/plugins/com.st.stm32cube.ide.mcu.externaltools.gnu-tools-for-stm32.13.3.rel1.win32_1.0.0.202411081344/tools/bin/../lib/gcc/arm-none-eabi/13.3.1/thumb/v6-m/nofp/crtn.o
 *(.fini)
 .fini          0x0800628c        0x4 C:/ST/STM32CubeIDE_1.18.1/STM32CubeIDE/plugins/com.st.stm32cube.ide.mcu.externaltools.gnu-tools-for-stm32.13.3.rel1.win32_1.0.0.202411081344/tools/bin/../lib/gcc/arm-none-eabi/13.3.1/thumb/v6-m/nofp/crti.o
                0x0800628c                _fini
 .fini          0x08006290        0x8 C:/ST/STM32CubeIDE_1.18.1/STM32CubeIDE/plugins/com.st.stm32cube.ide.mcu.externaltools.gnu-tools-for-stm32.13.3.rel1.win32_1.0.0.202411081344/tools/bin/../lib/gcc/arm-none-eabi/13.3.1/thumb/v6-m/nofp/crtn.o
                0x08006298                        . = ALIGN (0x4)
                0x08006298                        _etext = .

.vfp11_veneer   0x08006298        0x0
 .vfp11_veneer  0x08006298        0x0 linker stubs

.v4_bx          0x08006298        0x0
 .v4_bx         0x08006298        0x0 linker stubs

.iplt           0x08006298        0x0
 .iplt          0x08006298        0x0 C:/ST/STM32CubeIDE_1.18.1/STM32CubeIDE/plugins/com.st.stm32cube.ide.mcu.externaltools.gnu-tools-for-stm32.13.3.rel1.win32_1.0.0.202411081344/tools/bin/../lib/gcc/arm-none-eabi/13.3.1/thumb/v6-m/nofp/crtbegin.o

.rodata         0x08006298      0x4e4
                0x08006298                        . = ALIGN (0x4)
 *(.rodata)
 .rodata        0x08006298       0x58 ./Application/Core/rtc_if.o
                0x080062b0                UTIL_SYSTIMDriver
                0x080062c4                UTIL_TimerDriver
 .rodata        0x080062f0       0x18 ./Application/Core/stm32_lpm_if.o
                0x080062f0                UTIL_PowerDriver
 .rodata        0x08006308       0x10 ./Application/Core/usart_if.o
                0x08006308                UTIL_TraceDriver
 .rodata        0x08006318       0x20 ./Application/Target/b_l072z_lrwan1_bus.o
 .rodata        0x08006338        0xc ./Drivers/BSP/B-L072Z-LRWAN1/b-l072z-lrwan1.o
                0x08006338                LED_PIN
                0x08006340                BUTTON_IRQn
                0x08006342                BUTTON_PIN
 .rodata        0x08006344       0x24 ./Drivers/BSP/CMWX1ZZABZ_0xx/cmwx1zzabz_0xx.o
 .rodata        0x08006368       0x21 ./Drivers/CMSIS/system_stm32l0xx.o
                0x08006368                PLLMulTable
                0x08006371                AHBPrescTable
                0x08006381                APBPrescTable
 *fill*         0x08006389        0x3 
 .rodata        0x0800638c      0x158 ./Middlewares/SubGHz_Phy/sx1276.o
                0x08006398                RadioRegsInit
                0x080063c8                FskBandwidths
                0x08006478                Radio
 .rodata        0x080064e4       0x10 ./Utilities/stm32_seq.o
 *(.rodata*)
 .rodata.str1.1
                0x080064f4      0x285 ./Application/App/subghz_phy_app.o
                                0x24c (size before relaxing)
 .rodata.str1.1
                0x08006779        0x9 ./Application/Core/sys_app.o
 .rodata.cst1   0x08006779        0x1 ./Middlewares/SubGHz_Phy/sx1276.o
 .rodata.str1.1
                0x0800677a       0x51 ./Utilities/stm32_tiny_vsnprintf.o
                0x080067cc                        . = ALIGN (0x4)
 *fill*         0x0800677a        0x2 

.ARM.extab
 *(.ARM.extab* .gnu.linkonce.armextab.*)

.ARM            0x0800677c        0x8
                0x0800677c                        __exidx_start = .
 *(.ARM.exidx*)
 .ARM.exidx     0x0800677c        0x8 C:/ST/STM32CubeIDE_1.18.1/STM32CubeIDE/plugins/com.st.stm32cube.ide.mcu.externaltools.gnu-tools-for-stm32.13.3.rel1.win32_1.0.0.202411081344/tools/bin/../lib/gcc/arm-none-eabi/13.3.1/thumb/v6-m/nofp\libgcc.a(_udivmoddi4.o)
                0x08006784                        __exidx_end = .

.rel.dyn        0x08006784        0x0
 .rel.iplt      0x08006784        0x0 C:/ST/STM32CubeIDE_1.18.1/STM32CubeIDE/plugins/com.st.stm32cube.ide.mcu.externaltools.gnu-tools-for-stm32.13.3.rel1.win32_1.0.0.202411081344/tools/bin/../lib/gcc/arm-none-eabi/13.3.1/thumb/v6-m/nofp/crtbegin.o

.preinit_array  0x08006784        0x0
                0x08006784                        PROVIDE (__preinit_array_start = .)
 *(.preinit_array*)
                0x08006784                        PROVIDE (__preinit_array_end = .)

.init_array     0x08006784        0x4
                0x08006784                        PROVIDE (__init_array_start = .)
 *(SORT_BY_NAME(.init_array.*))
 *(.init_array*)
 .init_array    0x08006784        0x4 C:/ST/STM32CubeIDE_1.18.1/STM32CubeIDE/plugins/com.st.stm32cube.ide.mcu.externaltools.gnu-tools-for-stm32.13.3.rel1.win32_1.0.0.202411081344/tools/bin/../lib/gcc/arm-none-eabi/13.3.1/thumb/v6-m/nofp/crtbegin.o
                0x08006788                        PROVIDE (__init_array_end = .)

.fini_array     0x08006788        0x4
                [!provide]                        PROVIDE (__fini_array_start = .)
 *(SORT_BY_NAME(.fini_array.*))
 *(.fini_array*)
 .fini_array    0x08006788        0x4 C:/ST/STM32CubeIDE_1.18.1/STM32CubeIDE/plugins/com.st.stm32cube.ide.mcu.externaltools.gnu-tools-for-stm32.13.3.rel1.win32_1.0.0.202411081344/tools/bin/../lib/gcc/arm-none-eabi/13.3.1/thumb/v6-m/nofp/crtbegin.o
                [!provide]                        PROVIDE (__fini_array_end = .)
                0x0800678c                        _sidata = LOADADDR (.data)

.data           0x20000000       0x40 load address 0x0800678c
                0x20000000                        . = ALIGN (0x4)
                0x20000000                        _sdata = .
 *(.data)
 .data          0x20000000       0x14 ./Drivers/BSP/B-L072Z-LRWAN1/b-l072z-lrwan1.o
                0x20000000                LED_PORT
                0x20000010                BUTTON_PORT
 .data          0x20000014        0x4 ./Drivers/CMSIS/system_stm32l0xx.o
                0x20000014                SystemCoreClock
 .data          0x20000018        0x8 ./Drivers/STM32L0xx_HAL_Driver/stm32l0xx_hal.o
                0x20000018                uwTickFreq
                0x2000001c                uwTickPrio
 .data          0x20000020       0x18 ./Middlewares/SubGHz_Phy/sx1276.o
                0x20000020                DioIrq
 .data          0x20000038        0x8 ./Utilities/stm32_seq.o
 *(.data*)
                0x20000040                        . = ALIGN (0x4)
                0x20000040                        _edata = .

.igot.plt       0x20000040        0x0 load address 0x080067cc
 .igot.plt      0x20000040        0x0 C:/ST/STM32CubeIDE_1.18.1/STM32CubeIDE/plugins/com.st.stm32cube.ide.mcu.externaltools.gnu-tools-for-stm32.13.3.rel1.win32_1.0.0.202411081344/tools/bin/../lib/gcc/arm-none-eabi/13.3.1/thumb/v6-m/nofp/crtbegin.o
                0x20000040                        . = ALIGN (0x4)

.bss            0x20000040      0x9a0 load address 0x080067cc
                0x20000040                        _sbss = .
                0x20000040                        __bss_start__ = _sbss
 *(.bss)
 .bss           0x20000040       0x1c C:/ST/STM32CubeIDE_1.18.1/STM32CubeIDE/plugins/com.st.stm32cube.ide.mcu.externaltools.gnu-tools-for-stm32.13.3.rel1.win32_1.0.0.202411081344/tools/bin/../lib/gcc/arm-none-eabi/13.3.1/thumb/v6-m/nofp/crtbegin.o
 .bss           0x2000005c      0x24a ./Application/App/subghz_phy_app.o
 *fill*         0x200002a6        0x2 
 .bss           0x200002a8       0x24 ./Application/Core/rtc.o
                0x200002a8                hrtc
 .bss           0x200002cc       0x45 ./Application/Core/rtc_if.o
 *fill*         0x20000311        0x3 
 .bss           0x20000314       0xcc ./Application/Core/usart.o
                0x20000314                hdma_usart2_tx
                0x2000035c                huart2
 .bss           0x200003e0        0x9 ./Application/Core/usart_if.o
                0x200003e8                charRx
 *fill*         0x200003e9        0x3 
 .bss           0x200003ec       0x58 ./Application/Target/b_l072z_lrwan1_bus.o
                0x200003ec                hspi1
 .bss           0x20000444       0x20 ./Drivers/BSP/CMWX1ZZABZ_0xx/cmwx1zzabz_0xx.o
                0x20000444                hRADIO_DIO_exti
 .bss           0x20000464        0x4 ./Drivers/STM32L0xx_HAL_Driver/stm32l0xx_hal.o
                0x20000464                uwTick
 .bss           0x20000468      0x1b4 ./Middlewares/SubGHz_Phy/sx1276.o
                0x20000468                SX1276
                0x200004d0                RxTimeoutSyncWord
                0x200004ec                RxTimeoutTimer
                0x20000504                TxTimeoutTimer
 .bss           0x2000061c      0x318 ./Utilities/stm32_adv_trace.o
 .bss           0x20000934        0x8 ./Utilities/stm32_lpm.o
 .bss           0x2000093c       0xa0 ./Utilities/stm32_seq.o
 .bss           0x200009dc        0x4 ./Utilities/stm32_timer.o
 *(.bss*)
 *(COMMON)
                0x200009e0                        . = ALIGN (0x4)
                0x200009e0                        _ebss = .
                0x200009e0                        __bss_end__ = _ebss

._user_heap_stack
                0x200009e0      0x600 load address 0x080067cc
                0x200009e0                        . = ALIGN (0x8)
                0x200009e0                        PROVIDE (end = .)
                [!provide]                        PROVIDE (_end = .)
                0x20000be0                        . = (. + _Min_Heap_Size)
 *fill*         0x200009e0      0x200 
                0x20000fe0                        . = (. + _Min_Stack_Size)
 *fill*         0x20000be0      0x400 
                0x20000fe0                        . = ALIGN (0x8)

/DISCARD/
 libc.a(*)
 libm.a(*)
 libgcc.a(*)

.ARM.attributes
                0x00000000       0x28
 *(.ARM.attributes)
 .ARM.attributes
                0x00000000       0x1e C:/ST/STM32CubeIDE_1.18.1/STM32CubeIDE/plugins/com.st.stm32cube.ide.mcu.externaltools.gnu-tools-for-stm32.13.3.rel1.win32_1.0.0.202411081344/tools/bin/../lib/gcc/arm-none-eabi/13.3.1/thumb/v6-m/nofp/crti.o
 .ARM.attributes
                0x0000001e       0x2c C:/ST/STM32CubeIDE_1.18.1/STM32CubeIDE/plugins/com.st.stm32cube.ide.mcu.externaltools.gnu-tools-for-stm32.13.3.rel1.win32_1.0.0.202411081344/tools/bin/../lib/gcc/arm-none-eabi/13.3.1/thumb/v6-m/nofp/crtbegin.o
 .ARM.attributes
                0x0000004a       0x2c ./Application/App/app_subghz_phy.o
 .ARM.attributes
                0x00000076       0x2c ./Application/App/subghz_phy_app.o
 .ARM.attributes
                0x000000a2       0x2c ./Application/Core/dma.o
 .ARM.attributes
                0x000000ce       0x2c ./Application/Core/main.o
 .ARM.attributes
                0x000000fa       0x2c ./Application/Core/rtc.o
 .ARM.attributes
                0x00000126       0x2c ./Application/Core/rtc_if.o
 .ARM.attributes
                0x00000152       0x2c ./Application/Core/stm32_lpm_if.o
 .ARM.attributes
                0x0000017e       0x2c ./Application/Core/stm32l0xx_hal_msp.o
 .ARM.attributes
                0x000001aa       0x2c ./Application/Core/stm32l0xx_it.o
 .ARM.attributes
                0x000001d6       0x2c ./Application/Core/sys_app.o
 .ARM.attributes
                0x00000202       0x2c ./Application/Core/sys_debug.o
 .ARM.attributes
                0x0000022e       0x2c ./Application/Core/usart.o
 .ARM.attributes
                0x0000025a       0x2c ./Application/Core/usart_if.o
 .ARM.attributes
                0x00000286       0x22 ./Application/SW4STM32/startup_stm32l072xx.o
 .ARM.attributes
                0x000002a8       0x2c ./Application/Target/b_l072z_lrwan1_bus.o
 .ARM.attributes
                0x000002d4       0x2c ./Drivers/BSP/B-L072Z-LRWAN1/b-l072z-lrwan1.o
 .ARM.attributes
                0x00000300       0x2c ./Drivers/BSP/CMWX1ZZABZ_0xx/cmwx1zzabz_0xx.o
 .ARM.attributes
                0x0000032c       0x2c ./Drivers/CMSIS/system_stm32l0xx.o
 .ARM.attributes
                0x00000358       0x2c ./Drivers/STM32L0xx_HAL_Driver/stm32l0xx_hal.o
 .ARM.attributes
                0x00000384       0x2c ./Drivers/STM32L0xx_HAL_Driver/stm32l0xx_hal_cortex.o
 .ARM.attributes
                0x000003b0       0x2c ./Drivers/STM32L0xx_HAL_Driver/stm32l0xx_hal_dma.o
 .ARM.attributes
                0x000003dc       0x2c ./Drivers/STM32L0xx_HAL_Driver/stm32l0xx_hal_exti.o
 .ARM.attributes
                0x00000408       0x2c ./Drivers/STM32L0xx_HAL_Driver/stm32l0xx_hal_gpio.o
 .ARM.attributes
                0x00000434       0x2c ./Drivers/STM32L0xx_HAL_Driver/stm32l0xx_hal_pwr.o
 .ARM.attributes
                0x00000460       0x2c ./Drivers/STM32L0xx_HAL_Driver/stm32l0xx_hal_pwr_ex.o
 .ARM.attributes
                0x0000048c       0x2c ./Drivers/STM32L0xx_HAL_Driver/stm32l0xx_hal_rcc.o
 .ARM.attributes
                0x000004b8       0x2c ./Drivers/STM32L0xx_HAL_Driver/stm32l0xx_hal_rcc_ex.o
 .ARM.attributes
                0x000004e4       0x2c ./Drivers/STM32L0xx_HAL_Driver/stm32l0xx_hal_rtc.o
 .ARM.attributes
                0x00000510       0x2c ./Drivers/STM32L0xx_HAL_Driver/stm32l0xx_hal_rtc_ex.o
 .ARM.attributes
                0x0000053c       0x2c ./Drivers/STM32L0xx_HAL_Driver/stm32l0xx_hal_spi.o
 .ARM.attributes
                0x00000568       0x2c ./Drivers/STM32L0xx_HAL_Driver/stm32l0xx_hal_uart.o
 .ARM.attributes
                0x00000594       0x2c ./Drivers/STM32L0xx_HAL_Driver/stm32l0xx_hal_uart_ex.o
 .ARM.attributes
                0x000005c0       0x2c ./Middlewares/SubGHz_Phy/sx1276.o
 .ARM.attributes
                0x000005ec       0x2c ./Utilities/stm32_adv_trace.o
 .ARM.attributes
                0x00000618       0x2c ./Utilities/stm32_lpm.o
 .ARM.attributes
                0x00000644       0x2c ./Utilities/stm32_mem.o
 .ARM.attributes
                0x00000670       0x2c ./Utilities/stm32_seq.o
 .ARM.attributes
                0x0000069c       0x2c ./Utilities/stm32_systime.o
 .ARM.attributes
                0x000006c8       0x2c ./Utilities/stm32_timer.o
 .ARM.attributes
                0x000006f4       0x2c ./Utilities/stm32_tiny_vsnprintf.o
 .ARM.attributes
                0x00000720       0x2c C:/ST/STM32CubeIDE_1.18.1/STM32CubeIDE/plugins/com.st.stm32cube.ide.mcu.externaltools.gnu-tools-for-stm32.13.3.rel1.win32_1.0.0.202411081344/tools/bin/../lib/gcc/arm-none-eabi/13.3.1/../../../../arm-none-eabi/lib/thumb/v6-m/nofp\libc_nano.a(libc_a-memset.o)
 .ARM.attributes
                0x0000074c       0x2c C:/ST/STM32CubeIDE_1.18.1/STM32CubeIDE/plugins/com.st.stm32cube.ide.mcu.externaltools.gnu-tools-for-stm32.13.3.rel1.win32_1.0.0.202411081344/tools/bin/../lib/gcc/arm-none-eabi/13.3.1/../../../../arm-none-eabi/lib/thumb/v6-m/nofp\libc_nano.a(libc_a-init.o)
 .ARM.attributes
                0x00000778       0x2c C:/ST/STM32CubeIDE_1.18.1/STM32CubeIDE/plugins/com.st.stm32cube.ide.mcu.externaltools.gnu-tools-for-stm32.13.3.rel1.win32_1.0.0.202411081344/tools/bin/../lib/gcc/arm-none-eabi/13.3.1/../../../../arm-none-eabi/lib/thumb/v6-m/nofp\libc_nano.a(libc_a-memcpy-stub.o)
 .ARM.attributes
                0x000007a4       0x1c C:/ST/STM32CubeIDE_1.18.1/STM32CubeIDE/plugins/com.st.stm32cube.ide.mcu.externaltools.gnu-tools-for-stm32.13.3.rel1.win32_1.0.0.202411081344/tools/bin/../lib/gcc/arm-none-eabi/13.3.1/../../../../arm-none-eabi/lib/thumb/v6-m/nofp\libc_nano.a(libc_a-strlen.o)
 .ARM.attributes
                0x000007c0       0x1e C:/ST/STM32CubeIDE_1.18.1/STM32CubeIDE/plugins/com.st.stm32cube.ide.mcu.externaltools.gnu-tools-for-stm32.13.3.rel1.win32_1.0.0.202411081344/tools/bin/../lib/gcc/arm-none-eabi/13.3.1/thumb/v6-m/nofp\libgcc.a(_thumb1_case_uqi.o)
 .ARM.attributes
                0x000007de       0x1e C:/ST/STM32CubeIDE_1.18.1/STM32CubeIDE/plugins/com.st.stm32cube.ide.mcu.externaltools.gnu-tools-for-stm32.13.3.rel1.win32_1.0.0.202411081344/tools/bin/../lib/gcc/arm-none-eabi/13.3.1/thumb/v6-m/nofp\libgcc.a(_udivsi3.o)
 .ARM.attributes
                0x000007fc       0x1e C:/ST/STM32CubeIDE_1.18.1/STM32CubeIDE/plugins/com.st.stm32cube.ide.mcu.externaltools.gnu-tools-for-stm32.13.3.rel1.win32_1.0.0.202411081344/tools/bin/../lib/gcc/arm-none-eabi/13.3.1/thumb/v6-m/nofp\libgcc.a(_divsi3.o)
 .ARM.attributes
                0x0000081a       0x1e C:/ST/STM32CubeIDE_1.18.1/STM32CubeIDE/plugins/com.st.stm32cube.ide.mcu.externaltools.gnu-tools-for-stm32.13.3.rel1.win32_1.0.0.202411081344/tools/bin/../lib/gcc/arm-none-eabi/13.3.1/thumb/v6-m/nofp\libgcc.a(_dvmd_tls.o)
 .ARM.attributes
                0x00000838       0x1e C:/ST/STM32CubeIDE_1.18.1/STM32CubeIDE/plugins/com.st.stm32cube.ide.mcu.externaltools.gnu-tools-for-stm32.13.3.rel1.win32_1.0.0.202411081344/tools/bin/../lib/gcc/arm-none-eabi/13.3.1/thumb/v6-m/nofp\libgcc.a(_aeabi_uldivmod.o)
 .ARM.attributes
                0x00000856       0x2c C:/ST/STM32CubeIDE_1.18.1/STM32CubeIDE/plugins/com.st.stm32cube.ide.mcu.externaltools.gnu-tools-for-stm32.13.3.rel1.win32_1.0.0.202411081344/tools/bin/../lib/gcc/arm-none-eabi/13.3.1/thumb/v6-m/nofp\libgcc.a(_muldi3.o)
 .ARM.attributes
                0x00000882       0x2c C:/ST/STM32CubeIDE_1.18.1/STM32CubeIDE/plugins/com.st.stm32cube.ide.mcu.externaltools.gnu-tools-for-stm32.13.3.rel1.win32_1.0.0.202411081344/tools/bin/../lib/gcc/arm-none-eabi/13.3.1/thumb/v6-m/nofp\libgcc.a(_udivmoddi4.o)
 .ARM.attributes
                0x000008ae       0x1e C:/ST/STM32CubeIDE_1.18.1/STM32CubeIDE/plugins/com.st.stm32cube.ide.mcu.externaltools.gnu-tools-for-stm32.13.3.rel1.win32_1.0.0.202411081344/tools/bin/../lib/gcc/arm-none-eabi/13.3.1/thumb/v6-m/nofp\libgcc.a(_clzdi2.o)
 .ARM.attributes
                0x000008cc       0x1e C:/ST/STM32CubeIDE_1.18.1/STM32CubeIDE/plugins/com.st.stm32cube.ide.mcu.externaltools.gnu-tools-for-stm32.13.3.rel1.win32_1.0.0.202411081344/tools/bin/../lib/gcc/arm-none-eabi/13.3.1/thumb/v6-m/nofp\libgcc.a(_clzsi2.o)
 .ARM.attributes
                0x000008ea       0x1e C:/ST/STM32CubeIDE_1.18.1/STM32CubeIDE/plugins/com.st.stm32cube.ide.mcu.externaltools.gnu-tools-for-stm32.13.3.rel1.win32_1.0.0.202411081344/tools/bin/../lib/gcc/arm-none-eabi/13.3.1/thumb/v6-m/nofp/crtn.o
OUTPUT(cmwx1zzabz_0xx.elf elf32-littlearm)
LOAD linker stubs
LOAD C:/ST/STM32CubeIDE_1.18.1/STM32CubeIDE/plugins/com.st.stm32cube.ide.mcu.externaltools.gnu-tools-for-stm32.13.3.rel1.win32_1.0.0.202411081344/tools/bin/../lib/gcc/arm-none-eabi/13.3.1/../../../../arm-none-eabi/lib/thumb/v6-m/nofp\libc.a
LOAD C:/ST/STM32CubeIDE_1.18.1/STM32CubeIDE/plugins/com.st.stm32cube.ide.mcu.externaltools.gnu-tools-for-stm32.13.3.rel1.win32_1.0.0.202411081344/tools/bin/../lib/gcc/arm-none-eabi/13.3.1/../../../../arm-none-eabi/lib/thumb/v6-m/nofp\libm.a
LOAD C:/ST/STM32CubeIDE_1.18.1/STM32CubeIDE/plugins/com.st.stm32cube.ide.mcu.externaltools.gnu-tools-for-stm32.13.3.rel1.win32_1.0.0.202411081344/tools/bin/../lib/gcc/arm-none-eabi/13.3.1/thumb/v6-m/nofp\libgcc.a

.debug_info     0x00000000    0x1c4c7
 .debug_info    0x00000000      0x10f ./Application/App/app_subghz_phy.o
 .debug_info    0x0000010f     0x10f1 ./Application/App/subghz_phy_app.o
 .debug_info    0x00001200      0x317 ./Application/Core/dma.o
 .debug_info    0x00001517      0x543 ./Application/Core/main.o
 .debug_info    0x00001a5a      0xaa7 ./Application/Core/rtc.o
 .debug_info    0x00002501     0x1185 ./Application/Core/rtc_if.o
 .debug_info    0x00003686      0x467 ./Application/Core/stm32_lpm_if.o
 .debug_info    0x00003aed      0x29a ./Application/Core/stm32l0xx_hal_msp.o
 .debug_info    0x00003d87      0xa43 ./Application/Core/stm32l0xx_it.o
 .debug_info    0x000047ca      0x9f8 ./Application/Core/sys_app.o
 .debug_info    0x000051c2      0x3fa ./Application/Core/sys_debug.o
 .debug_info    0x000055bc      0xce8 ./Application/Core/usart.o
 .debug_info    0x000062a4      0xd61 ./Application/Core/usart_if.o
 .debug_info    0x00007005      0xd68 ./Application/Target/b_l072z_lrwan1_bus.o
 .debug_info    0x00007d6d      0xa63 ./Drivers/BSP/B-L072Z-LRWAN1/b-l072z-lrwan1.o
 .debug_info    0x000087d0     0x15d5 ./Drivers/BSP/CMWX1ZZABZ_0xx/cmwx1zzabz_0xx.o
 .debug_info    0x00009da5      0x3ca ./Drivers/CMSIS/system_stm32l0xx.o
 .debug_info    0x0000a16f      0x989 ./Drivers/STM32L0xx_HAL_Driver/stm32l0xx_hal.o
 .debug_info    0x0000aaf8      0x9e9 ./Drivers/STM32L0xx_HAL_Driver/stm32l0xx_hal_cortex.o
 .debug_info    0x0000b4e1      0x847 ./Drivers/STM32L0xx_HAL_Driver/stm32l0xx_hal_dma.o
 .debug_info    0x0000bd28      0x578 ./Drivers/STM32L0xx_HAL_Driver/stm32l0xx_hal_exti.o
 .debug_info    0x0000c2a0      0x663 ./Drivers/STM32L0xx_HAL_Driver/stm32l0xx_hal_gpio.o
 .debug_info    0x0000c903      0x64e ./Drivers/STM32L0xx_HAL_Driver/stm32l0xx_hal_pwr.o
 .debug_info    0x0000cf51      0x1aa ./Drivers/STM32L0xx_HAL_Driver/stm32l0xx_hal_pwr_ex.o
 .debug_info    0x0000d0fb      0xcfc ./Drivers/STM32L0xx_HAL_Driver/stm32l0xx_hal_rcc.o
 .debug_info    0x0000ddf7      0x8f4 ./Drivers/STM32L0xx_HAL_Driver/stm32l0xx_hal_rcc_ex.o
 .debug_info    0x0000e6eb      0xe24 ./Drivers/STM32L0xx_HAL_Driver/stm32l0xx_hal_rtc.o
 .debug_info    0x0000f50f     0x10b4 ./Drivers/STM32L0xx_HAL_Driver/stm32l0xx_hal_rtc_ex.o
 .debug_info    0x000105c3     0x1f95 ./Drivers/STM32L0xx_HAL_Driver/stm32l0xx_hal_spi.o
 .debug_info    0x00012558     0x1f1f ./Drivers/STM32L0xx_HAL_Driver/stm32l0xx_hal_uart.o
 .debug_info    0x00014477      0xbfa ./Drivers/STM32L0xx_HAL_Driver/stm32l0xx_hal_uart_ex.o
 .debug_info    0x00015071     0x3a4b ./Middlewares/SubGHz_Phy/sx1276.o
 .debug_info    0x00018abc      0xfa7 ./Utilities/stm32_adv_trace.o
 .debug_info    0x00019a63      0x3f1 ./Utilities/stm32_lpm.o
 .debug_info    0x00019e54      0x1ec ./Utilities/stm32_mem.o
 .debug_info    0x0001a040      0xac4 ./Utilities/stm32_seq.o
 .debug_info    0x0001ab04      0x9b7 ./Utilities/stm32_systime.o
 .debug_info    0x0001b4bb      0xc26 ./Utilities/stm32_timer.o
 .debug_info    0x0001c0e1      0x3e6 ./Utilities/stm32_tiny_vsnprintf.o

.debug_abbrev   0x00000000     0x60f1
 .debug_abbrev  0x00000000       0xba ./Application/App/app_subghz_phy.o
 .debug_abbrev  0x000000ba      0x1fd ./Application/App/subghz_phy_app.o
 .debug_abbrev  0x000002b7      0x119 ./Application/Core/dma.o
 .debug_abbrev  0x000003d0      0x20f ./Application/Core/main.o
 .debug_abbrev  0x000005df      0x1bd ./Application/Core/rtc.o
 .debug_abbrev  0x0000079c      0x400 ./Application/Core/rtc_if.o
 .debug_abbrev  0x00000b9c      0x29d ./Application/Core/stm32_lpm_if.o
 .debug_abbrev  0x00000e39       0xe6 ./Application/Core/stm32l0xx_hal_msp.o
 .debug_abbrev  0x00000f1f      0x1f7 ./Application/Core/stm32l0xx_it.o
 .debug_abbrev  0x00001116      0x364 ./Application/Core/sys_app.o
 .debug_abbrev  0x0000147a      0x1b9 ./Application/Core/sys_debug.o
 .debug_abbrev  0x00001633      0x244 ./Application/Core/usart.o
 .debug_abbrev  0x00001877      0x2a7 ./Application/Core/usart_if.o
 .debug_abbrev  0x00001b1e      0x2f4 ./Application/Target/b_l072z_lrwan1_bus.o
 .debug_abbrev  0x00001e12      0x299 ./Drivers/BSP/B-L072Z-LRWAN1/b-l072z-lrwan1.o
 .debug_abbrev  0x000020ab      0x41f ./Drivers/BSP/CMWX1ZZABZ_0xx/cmwx1zzabz_0xx.o
 .debug_abbrev  0x000024ca      0x136 ./Drivers/CMSIS/system_stm32l0xx.o
 .debug_abbrev  0x00002600      0x300 ./Drivers/STM32L0xx_HAL_Driver/stm32l0xx_hal.o
 .debug_abbrev  0x00002900      0x2ba ./Drivers/STM32L0xx_HAL_Driver/stm32l0xx_hal_cortex.o
 .debug_abbrev  0x00002bba      0x218 ./Drivers/STM32L0xx_HAL_Driver/stm32l0xx_hal_dma.o
 .debug_abbrev  0x00002dd2      0x1f4 ./Drivers/STM32L0xx_HAL_Driver/stm32l0xx_hal_exti.o
 .debug_abbrev  0x00002fc6      0x1f2 ./Drivers/STM32L0xx_HAL_Driver/stm32l0xx_hal_gpio.o
 .debug_abbrev  0x000031b8      0x181 ./Drivers/STM32L0xx_HAL_Driver/stm32l0xx_hal_pwr.o
 .debug_abbrev  0x00003339      0x11f ./Drivers/STM32L0xx_HAL_Driver/stm32l0xx_hal_pwr_ex.o
 .debug_abbrev  0x00003458      0x2ee ./Drivers/STM32L0xx_HAL_Driver/stm32l0xx_hal_rcc.o
 .debug_abbrev  0x00003746      0x250 ./Drivers/STM32L0xx_HAL_Driver/stm32l0xx_hal_rcc_ex.o
 .debug_abbrev  0x00003996      0x226 ./Drivers/STM32L0xx_HAL_Driver/stm32l0xx_hal_rtc.o
 .debug_abbrev  0x00003bbc      0x258 ./Drivers/STM32L0xx_HAL_Driver/stm32l0xx_hal_rtc_ex.o
 .debug_abbrev  0x00003e14      0x318 ./Drivers/STM32L0xx_HAL_Driver/stm32l0xx_hal_spi.o
 .debug_abbrev  0x0000412c      0x378 ./Drivers/STM32L0xx_HAL_Driver/stm32l0xx_hal_uart.o
 .debug_abbrev  0x000044a4      0x29b ./Drivers/STM32L0xx_HAL_Driver/stm32l0xx_hal_uart_ex.o
 .debug_abbrev  0x0000473f      0x51a ./Middlewares/SubGHz_Phy/sx1276.o
 .debug_abbrev  0x00004c59      0x47e ./Utilities/stm32_adv_trace.o
 .debug_abbrev  0x000050d7      0x23b ./Utilities/stm32_lpm.o
 .debug_abbrev  0x00005312       0xe9 ./Utilities/stm32_mem.o
 .debug_abbrev  0x000053fb      0x333 ./Utilities/stm32_seq.o
 .debug_abbrev  0x0000572e      0x3c4 ./Utilities/stm32_systime.o
 .debug_abbrev  0x00005af2      0x411 ./Utilities/stm32_timer.o
 .debug_abbrev  0x00005f03      0x1ee ./Utilities/stm32_tiny_vsnprintf.o

.debug_aranges  0x00000000     0x14b8
 .debug_aranges
                0x00000000       0x28 ./Application/App/app_subghz_phy.o
 .debug_aranges
                0x00000028       0x58 ./Application/App/subghz_phy_app.o
 .debug_aranges
                0x00000080       0x20 ./Application/Core/dma.o
 .debug_aranges
                0x000000a0       0x30 ./Application/Core/main.o
 .debug_aranges
                0x000000d0       0x30 ./Application/Core/rtc.o
 .debug_aranges
                0x00000100       0xa8 ./Application/Core/rtc_if.o
 .debug_aranges
                0x000001a8       0x48 ./Application/Core/stm32_lpm_if.o
 .debug_aranges
                0x000001f0       0x20 ./Application/Core/stm32l0xx_hal_msp.o
 .debug_aranges
                0x00000210       0x90 ./Application/Core/stm32l0xx_it.o
 .debug_aranges
                0x000002a0       0x60 ./Application/Core/sys_app.o
 .debug_aranges
                0x00000300       0x30 ./Application/Core/sys_debug.o
 .debug_aranges
                0x00000330       0x30 ./Application/Core/usart.o
 .debug_aranges
                0x00000360       0x58 ./Application/Core/usart_if.o
 .debug_aranges
                0x000003b8       0x50 ./Application/Target/b_l072z_lrwan1_bus.o
 .debug_aranges
                0x00000408       0x50 ./Drivers/BSP/B-L072Z-LRWAN1/b-l072z-lrwan1.o
 .debug_aranges
                0x00000458       0x90 ./Drivers/BSP/CMWX1ZZABZ_0xx/cmwx1zzabz_0xx.o
 .debug_aranges
                0x000004e8       0x28 ./Drivers/CMSIS/system_stm32l0xx.o
 .debug_aranges
                0x00000510      0x110 ./Drivers/STM32L0xx_HAL_Driver/stm32l0xx_hal.o
 .debug_aranges
                0x00000620       0x90 ./Drivers/STM32L0xx_HAL_Driver/stm32l0xx_hal_cortex.o
 .debug_aranges
                0x000006b0       0x78 ./Drivers/STM32L0xx_HAL_Driver/stm32l0xx_hal_dma.o
 .debug_aranges
                0x00000728       0x60 ./Drivers/STM32L0xx_HAL_Driver/stm32l0xx_hal_exti.o
 .debug_aranges
                0x00000788       0x58 ./Drivers/STM32L0xx_HAL_Driver/stm32l0xx_hal_gpio.o
 .debug_aranges
                0x000007e0       0xa0 ./Drivers/STM32L0xx_HAL_Driver/stm32l0xx_hal_pwr.o
 .debug_aranges
                0x00000880       0x50 ./Drivers/STM32L0xx_HAL_Driver/stm32l0xx_hal_pwr_ex.o
 .debug_aranges
                0x000008d0       0x80 ./Drivers/STM32L0xx_HAL_Driver/stm32l0xx_hal_rcc.o
 .debug_aranges
                0x00000950       0xb0 ./Drivers/STM32L0xx_HAL_Driver/stm32l0xx_hal_rcc_ex.o
 .debug_aranges
                0x00000a00       0xb8 ./Drivers/STM32L0xx_HAL_Driver/stm32l0xx_hal_rtc.o
 .debug_aranges
                0x00000ab8      0x130 ./Drivers/STM32L0xx_HAL_Driver/stm32l0xx_hal_rtc_ex.o
 .debug_aranges
                0x00000be8      0x1f0 ./Drivers/STM32L0xx_HAL_Driver/stm32l0xx_hal_spi.o
 .debug_aranges
                0x00000dd8      0x218 ./Drivers/STM32L0xx_HAL_Driver/stm32l0xx_hal_uart.o
 .debug_aranges
                0x00000ff0       0x70 ./Drivers/STM32L0xx_HAL_Driver/stm32l0xx_hal_uart_ex.o
 .debug_aranges
                0x00001060      0x120 ./Middlewares/SubGHz_Phy/sx1276.o
 .debug_aranges
                0x00001180       0xe0 ./Utilities/stm32_adv_trace.o
 .debug_aranges
                0x00001260       0x48 ./Utilities/stm32_lpm.o
 .debug_aranges
                0x000012a8       0x30 ./Utilities/stm32_mem.o
 .debug_aranges
                0x000012d8       0xa8 ./Utilities/stm32_seq.o
 .debug_aranges
                0x00001380       0x70 ./Utilities/stm32_systime.o
 .debug_aranges
                0x000013f0       0xa8 ./Utilities/stm32_timer.o
 .debug_aranges
                0x00001498       0x20 ./Utilities/stm32_tiny_vsnprintf.o

.debug_rnglists
                0x00000000     0x1418
 .debug_rnglists
                0x00000000       0x19 ./Application/App/app_subghz_phy.o
 .debug_rnglists
                0x00000019       0x3f ./Application/App/subghz_phy_app.o
 .debug_rnglists
                0x00000058       0x2b ./Application/Core/dma.o
 .debug_rnglists
                0x00000083       0x20 ./Application/Core/main.o
 .debug_rnglists
                0x000000a3       0x20 ./Application/Core/rtc.o
 .debug_rnglists
                0x000000c3       0xb4 ./Application/Core/rtc_if.o
 .debug_rnglists
                0x00000177       0x49 ./Application/Core/stm32_lpm_if.o
 .debug_rnglists
                0x000001c0       0x13 ./Application/Core/stm32l0xx_hal_msp.o
 .debug_rnglists
                0x000001d3       0x67 ./Application/Core/stm32l0xx_it.o
 .debug_rnglists
                0x0000023a       0x8d ./Application/Core/sys_app.o
 .debug_rnglists
                0x000002c7       0x31 ./Application/Core/sys_debug.o
 .debug_rnglists
                0x000002f8       0x2c ./Application/Core/usart.o
 .debug_rnglists
                0x00000324       0x3d ./Application/Core/usart_if.o
 .debug_rnglists
                0x00000361       0x50 ./Application/Target/b_l072z_lrwan1_bus.o
 .debug_rnglists
                0x000003b1       0x54 ./Drivers/BSP/B-L072Z-LRWAN1/b-l072z-lrwan1.o
 .debug_rnglists
                0x00000405      0x123 ./Drivers/BSP/CMWX1ZZABZ_0xx/cmwx1zzabz_0xx.o
 .debug_rnglists
                0x00000528       0x1a ./Drivers/CMSIS/system_stm32l0xx.o
 .debug_rnglists
                0x00000542       0xc7 ./Drivers/STM32L0xx_HAL_Driver/stm32l0xx_hal.o
 .debug_rnglists
                0x00000609       0x97 ./Drivers/STM32L0xx_HAL_Driver/stm32l0xx_hal_cortex.o
 .debug_rnglists
                0x000006a0       0x76 ./Drivers/STM32L0xx_HAL_Driver/stm32l0xx_hal_dma.o
 .debug_rnglists
                0x00000716       0x45 ./Drivers/STM32L0xx_HAL_Driver/stm32l0xx_hal_exti.o
 .debug_rnglists
                0x0000075b       0x3f ./Drivers/STM32L0xx_HAL_Driver/stm32l0xx_hal_gpio.o
 .debug_rnglists
                0x0000079a       0x73 ./Drivers/STM32L0xx_HAL_Driver/stm32l0xx_hal_pwr.o
 .debug_rnglists
                0x0000080d       0x37 ./Drivers/STM32L0xx_HAL_Driver/stm32l0xx_hal_pwr_ex.o
 .debug_rnglists
                0x00000844       0xac ./Drivers/STM32L0xx_HAL_Driver/stm32l0xx_hal_rcc.o
 .debug_rnglists
                0x000008f0       0x81 ./Drivers/STM32L0xx_HAL_Driver/stm32l0xx_hal_rcc_ex.o
 .debug_rnglists
                0x00000971       0x8d ./Drivers/STM32L0xx_HAL_Driver/stm32l0xx_hal_rtc.o
 .debug_rnglists
                0x000009fe       0xe9 ./Drivers/STM32L0xx_HAL_Driver/stm32l0xx_hal_rtc_ex.o
 .debug_rnglists
                0x00000ae7      0x206 ./Drivers/STM32L0xx_HAL_Driver/stm32l0xx_hal_spi.o
 .debug_rnglists
                0x00000ced      0x1aa ./Drivers/STM32L0xx_HAL_Driver/stm32l0xx_hal_uart.o
 .debug_rnglists
                0x00000e97       0x52 ./Drivers/STM32L0xx_HAL_Driver/stm32l0xx_hal_uart_ex.o
 .debug_rnglists
                0x00000ee9      0x1be ./Middlewares/SubGHz_Phy/sx1276.o
 .debug_rnglists
                0x000010a7       0xd8 ./Utilities/stm32_adv_trace.o
 .debug_rnglists
                0x0000117f       0x55 ./Utilities/stm32_lpm.o
 .debug_rnglists
                0x000011d4       0x1f ./Utilities/stm32_mem.o
 .debug_rnglists
                0x000011f3       0xc2 ./Utilities/stm32_seq.o
 .debug_rnglists
                0x000012b5       0x7d ./Utilities/stm32_systime.o
 .debug_rnglists
                0x00001332       0xb6 ./Utilities/stm32_timer.o
 .debug_rnglists
                0x000013e8       0x30 ./Utilities/stm32_tiny_vsnprintf.o

.debug_macro    0x00000000    0x1cb9f
 .debug_macro   0x00000000      0x1bc ./Application/App/app_subghz_phy.o
 .debug_macro   0x000001bc      0xaae ./Application/App/app_subghz_phy.o
 .debug_macro   0x00000c6a       0x58 ./Application/App/app_subghz_phy.o
 .debug_macro   0x00000cc2       0x22 ./Application/App/app_subghz_phy.o
 .debug_macro   0x00000ce4       0x8e ./Application/App/app_subghz_phy.o
 .debug_macro   0x00000d72       0x51 ./Application/App/app_subghz_phy.o
 .debug_macro   0x00000dc3      0x103 ./Application/App/app_subghz_phy.o
 .debug_macro   0x00000ec6       0x6a ./Application/App/app_subghz_phy.o
 .debug_macro   0x00000f30      0x1df ./Application/App/app_subghz_phy.o
 .debug_macro   0x0000110f       0x28 ./Application/App/app_subghz_phy.o
 .debug_macro   0x00001137       0xd1 ./Application/App/app_subghz_phy.o
 .debug_macro   0x00001208       0x10 ./Application/App/app_subghz_phy.o
 .debug_macro   0x00001218       0x58 ./Application/App/app_subghz_phy.o
 .debug_macro   0x00001270       0x61 ./Application/App/app_subghz_phy.o
 .debug_macro   0x000012d1       0x24 ./Application/App/app_subghz_phy.o
 .debug_macro   0x000012f5       0x43 ./Application/App/app_subghz_phy.o
 .debug_macro   0x00001338       0x34 ./Application/App/app_subghz_phy.o
 .debug_macro   0x0000136c      0x190 ./Application/App/app_subghz_phy.o
 .debug_macro   0x000014fc      0x370 ./Application/App/app_subghz_phy.o
 .debug_macro   0x0000186c       0x16 ./Application/App/app_subghz_phy.o
 .debug_macro   0x00001882       0x4a ./Application/App/app_subghz_phy.o
 .debug_macro   0x000018cc       0x34 ./Application/App/app_subghz_phy.o
 .debug_macro   0x00001900       0x10 ./Application/App/app_subghz_phy.o
 .debug_macro   0x00001910       0x58 ./Application/App/app_subghz_phy.o
 .debug_macro   0x00001968       0x8e ./Application/App/app_subghz_phy.o
 .debug_macro   0x000019f6       0x1c ./Application/App/app_subghz_phy.o
 .debug_macro   0x00001a12      0x185 ./Application/App/app_subghz_phy.o
 .debug_macro   0x00001b97       0x10 ./Application/App/app_subghz_phy.o
 .debug_macro   0x00001ba7       0x3c ./Application/App/app_subghz_phy.o
 .debug_macro   0x00001be3       0x20 ./Application/App/app_subghz_phy.o
 .debug_macro   0x00001c03       0xbd ./Application/App/app_subghz_phy.o
 .debug_macro   0x00001cc0       0x34 ./Application/App/app_subghz_phy.o
 .debug_macro   0x00001cf4       0x16 ./Application/App/app_subghz_phy.o
 .debug_macro   0x00001d0a      0x3fe ./Application/App/subghz_phy_app.o
 .debug_macro   0x00002108       0x22 ./Application/App/subghz_phy_app.o
 .debug_macro   0x0000212a       0x2e ./Application/App/subghz_phy_app.o
 .debug_macro   0x00002158       0x28 ./Application/App/subghz_phy_app.o
 .debug_macro   0x00002180       0x1c ./Application/App/subghz_phy_app.o
 .debug_macro   0x0000219c       0x22 ./Application/App/subghz_phy_app.o
 .debug_macro   0x000021be      0x4da ./Application/App/subghz_phy_app.o
 .debug_macro   0x00002698      0x11f ./Application/App/subghz_phy_app.o
 .debug_macro   0x000027b7     0xa0fd ./Application/App/subghz_phy_app.o
 .debug_macro   0x0000c8b4       0x3c ./Application/App/subghz_phy_app.o
 .debug_macro   0x0000c8f0      0x137 ./Application/App/subghz_phy_app.o
 .debug_macro   0x0000ca27     0x352b ./Application/App/subghz_phy_app.o
 .debug_macro   0x0000ff52       0x5b ./Application/App/subghz_phy_app.o
 .debug_macro   0x0000ffad      0x8eb ./Application/App/subghz_phy_app.o
 .debug_macro   0x00010898      0xb52 ./Application/App/subghz_phy_app.o
 .debug_macro   0x000113ea      0x13f ./Application/App/subghz_phy_app.o
 .debug_macro   0x00011529      0x1ca ./Application/App/subghz_phy_app.o
 .debug_macro   0x000116f3      0x28e ./Application/App/subghz_phy_app.o
 .debug_macro   0x00011981      0x197 ./Application/App/subghz_phy_app.o
 .debug_macro   0x00011b18      0x1e9 ./Application/App/subghz_phy_app.o
 .debug_macro   0x00011d01      0x13e ./Application/App/subghz_phy_app.o
 .debug_macro   0x00011e3f      0x4b5 ./Application/App/subghz_phy_app.o
 .debug_macro   0x000122f4      0x22c ./Application/App/subghz_phy_app.o
 .debug_macro   0x00012520       0x5b ./Application/App/subghz_phy_app.o
 .debug_macro   0x0001257b       0xa5 ./Application/App/subghz_phy_app.o
 .debug_macro   0x00012620      0x18d ./Application/App/subghz_phy_app.o
 .debug_macro   0x000127ad       0x16 ./Application/App/subghz_phy_app.o
 .debug_macro   0x000127c3      0x30c ./Application/App/subghz_phy_app.o
 .debug_macro   0x00012acf      0x418 ./Application/App/subghz_phy_app.o
 .debug_macro   0x00012ee7       0xdd ./Application/App/subghz_phy_app.o
 .debug_macro   0x00012fc4      0x22c ./Application/App/subghz_phy_app.o
 .debug_macro   0x000131f0      0x773 ./Application/App/subghz_phy_app.o
 .debug_macro   0x00013963       0xfc ./Application/App/subghz_phy_app.o
 .debug_macro   0x00013a5f      0x5ba ./Application/App/subghz_phy_app.o
 .debug_macro   0x00014019       0x44 ./Application/App/subghz_phy_app.o
 .debug_macro   0x0001405d      0x170 ./Application/App/subghz_phy_app.o
 .debug_macro   0x000141cd       0x82 ./Application/App/subghz_phy_app.o
 .debug_macro   0x0001424f       0x16 ./Application/App/subghz_phy_app.o
 .debug_macro   0x00014265       0x16 ./Application/App/subghz_phy_app.o
 .debug_macro   0x0001427b       0x29 ./Application/App/subghz_phy_app.o
 .debug_macro   0x000142a4       0xe0 ./Application/App/subghz_phy_app.o
 .debug_macro   0x00014384       0x58 ./Application/App/subghz_phy_app.o
 .debug_macro   0x000143dc       0x16 ./Application/App/subghz_phy_app.o
 .debug_macro   0x000143f2       0x40 ./Application/App/subghz_phy_app.o
 .debug_macro   0x00014432       0x1c ./Application/App/subghz_phy_app.o
 .debug_macro   0x0001444e       0x1c ./Application/App/subghz_phy_app.o
 .debug_macro   0x0001446a       0x16 ./Application/App/subghz_phy_app.o
 .debug_macro   0x00014480      0x146 ./Application/App/subghz_phy_app.o
 .debug_macro   0x000145c6      0x200 ./Application/Core/dma.o
 .debug_macro   0x000147c6      0x200 ./Application/Core/main.o
 .debug_macro   0x000149c6      0x200 ./Application/Core/rtc.o
 .debug_macro   0x00014bc6      0x488 ./Application/Core/rtc_if.o
 .debug_macro   0x0001504e       0x5b ./Application/Core/rtc_if.o
 .debug_macro   0x000150a9       0x94 ./Application/Core/rtc_if.o
 .debug_macro   0x0001513d       0x57 ./Application/Core/rtc_if.o
 .debug_macro   0x00015194      0x19b ./Application/Core/rtc_if.o
 .debug_macro   0x0001532f       0x55 ./Application/Core/rtc_if.o
 .debug_macro   0x00015384       0x16 ./Application/Core/rtc_if.o
 .debug_macro   0x0001539a       0x10 ./Application/Core/rtc_if.o
 .debug_macro   0x000153aa       0x10 ./Application/Core/rtc_if.o
 .debug_macro   0x000153ba       0x10 ./Application/Core/rtc_if.o
 .debug_macro   0x000153ca       0x1c ./Application/Core/rtc_if.o
 .debug_macro   0x000153e6       0x52 ./Application/Core/rtc_if.o
 .debug_macro   0x00015438       0x22 ./Application/Core/rtc_if.o
 .debug_macro   0x0001545a       0x10 ./Application/Core/rtc_if.o
 .debug_macro   0x0001546a       0x52 ./Application/Core/rtc_if.o
 .debug_macro   0x000154bc       0xcf ./Application/Core/rtc_if.o
 .debug_macro   0x0001558b       0x1c ./Application/Core/rtc_if.o
 .debug_macro   0x000155a7       0x3d ./Application/Core/rtc_if.o
 .debug_macro   0x000155e4       0x35 ./Application/Core/rtc_if.o
 .debug_macro   0x00015619       0xa6 ./Application/Core/rtc_if.o
 .debug_macro   0x000156bf      0x3fe ./Application/Core/rtc_if.o
 .debug_macro   0x00015abd      0x401 ./Application/Core/stm32_lpm_if.o
 .debug_macro   0x00015ebe       0x81 ./Application/Core/stm32_lpm_if.o
 .debug_macro   0x00015f3f       0x16 ./Application/Core/stm32_lpm_if.o
 .debug_macro   0x00015f55       0x22 ./Application/Core/stm32_lpm_if.o
 .debug_macro   0x00015f77      0x178 ./Application/Core/stm32_lpm_if.o
 .debug_macro   0x000160ef       0x10 ./Application/Core/stm32_lpm_if.o
 .debug_macro   0x000160ff       0x58 ./Application/Core/stm32_lpm_if.o
 .debug_macro   0x00016157      0x30f ./Application/Core/stm32l0xx_hal_msp.o
 .debug_macro   0x00016466      0x3e3 ./Application/Core/stm32l0xx_it.o
 .debug_macro   0x00016849       0x10 ./Application/Core/stm32l0xx_it.o
 .debug_macro   0x00016859      0x503 ./Application/Core/sys_app.o
 .debug_macro   0x00016d5c       0x16 ./Application/Core/sys_app.o
 .debug_macro   0x00016d72       0x9e ./Application/Core/sys_app.o
 .debug_macro   0x00016e10      0x112 ./Application/Core/sys_app.o
 .debug_macro   0x00016f22       0x10 ./Application/Core/sys_app.o
 .debug_macro   0x00016f32       0x16 ./Application/Core/sys_app.o
 .debug_macro   0x00016f48       0x4c ./Application/Core/sys_app.o
 .debug_macro   0x00016f94       0xc1 ./Application/Core/sys_app.o
 .debug_macro   0x00017055      0x309 ./Application/Core/sys_debug.o
 .debug_macro   0x0001735e      0x20a ./Application/Core/usart.o
 .debug_macro   0x00017568      0x325 ./Application/Core/usart_if.o
 .debug_macro   0x0001788d      0x1ff ./Application/Target/b_l072z_lrwan1_bus.o
 .debug_macro   0x00017a8c       0x64 ./Application/Target/b_l072z_lrwan1_bus.o
 .debug_macro   0x00017af0       0x82 ./Application/Target/b_l072z_lrwan1_bus.o
 .debug_macro   0x00017b72      0x2e0 ./Drivers/BSP/B-L072Z-LRWAN1/b-l072z-lrwan1.o
 .debug_macro   0x00017e52      0x3db ./Drivers/BSP/CMWX1ZZABZ_0xx/cmwx1zzabz_0xx.o
 .debug_macro   0x0001822d       0xdc ./Drivers/CMSIS/system_stm32l0xx.o
 .debug_macro   0x00018309      0x20b ./Drivers/STM32L0xx_HAL_Driver/stm32l0xx_hal.o
 .debug_macro   0x00018514      0x1e7 ./Drivers/STM32L0xx_HAL_Driver/stm32l0xx_hal_cortex.o
 .debug_macro   0x000186fb      0x1e7 ./Drivers/STM32L0xx_HAL_Driver/stm32l0xx_hal_dma.o
 .debug_macro   0x000188e2      0x1e7 ./Drivers/STM32L0xx_HAL_Driver/stm32l0xx_hal_exti.o
 .debug_macro   0x00018ac9      0x21f ./Drivers/STM32L0xx_HAL_Driver/stm32l0xx_hal_gpio.o
 .debug_macro   0x00018ce8      0x1ff ./Drivers/STM32L0xx_HAL_Driver/stm32l0xx_hal_pwr.o
 .debug_macro   0x00018ee7      0x1ed ./Drivers/STM32L0xx_HAL_Driver/stm32l0xx_hal_pwr_ex.o
 .debug_macro   0x000190d4      0x21d ./Drivers/STM32L0xx_HAL_Driver/stm32l0xx_hal_rcc.o
 .debug_macro   0x000192f1      0x1e7 ./Drivers/STM32L0xx_HAL_Driver/stm32l0xx_hal_rcc_ex.o
 .debug_macro   0x000194d8      0x1e8 ./Drivers/STM32L0xx_HAL_Driver/stm32l0xx_hal_rtc.o
 .debug_macro   0x000196c0      0x1ed ./Drivers/STM32L0xx_HAL_Driver/stm32l0xx_hal_rtc_ex.o
 .debug_macro   0x000198ad      0x1f6 ./Drivers/STM32L0xx_HAL_Driver/stm32l0xx_hal_spi.o
 .debug_macro   0x00019aa3      0x212 ./Drivers/STM32L0xx_HAL_Driver/stm32l0xx_hal_uart.o
 .debug_macro   0x00019cb5      0x1e7 ./Drivers/STM32L0xx_HAL_Driver/stm32l0xx_hal_uart_ex.o
 .debug_macro   0x00019e9c      0x450 ./Middlewares/SubGHz_Phy/sx1276.o
 .debug_macro   0x0001a2ec       0x3a ./Middlewares/SubGHz_Phy/sx1276.o
 .debug_macro   0x0001a326     0x14bd ./Middlewares/SubGHz_Phy/sx1276.o
 .debug_macro   0x0001b7e3      0x7a0 ./Middlewares/SubGHz_Phy/sx1276.o