C:/Users/salem/Downloads/slave_workspace/STM32CubeExpansion_LRWAN_V2.1.0/Projects/B-L072Z-LRWAN1/Applications/SubGHz_Phy/SubGHz_Phy_PingPong/Core/Src/main.c:108:6:SystemClock_Config	4
C:/Users/salem/Downloads/slave_workspace/STM32CubeExpansion_LRWAN_V2.1.0/Projects/B-L072Z-LRWAN1/Applications/SubGHz_Phy/SubGHz_Phy_PingPong/Core/Src/main.c:64:5:main	1
C:/Users/salem/Downloads/slave_workspace/STM32CubeExpansion_LRWAN_V2.1.0/Projects/B-L072Z-LRWAN1/Applications/SubGHz_Phy/SubGHz_Phy_PingPong/Core/Src/main.c:156:6:Error_Handler	1
