C:/Users/salem/Downloads/slave_workspace/STM32CubeExpansion_LRWAN_V2.1.0/Projects/B-L072Z-LRWAN1/Applications/SubGHz_Phy/SubGHz_Phy_PingPong/Core/Src/rtc.c:30:6:MX_RTC_Init	80	static
C:/Users/salem/Downloads/slave_workspace/STM32CubeExpansion_LRWAN_V2.1.0/Projects/B-L072Z-LRWAN1/Applications/SubGHz_Phy/SubGHz_Phy_PingPong/Core/Src/rtc.c:109:6:HAL_RTC_MspInit	64	static
C:/Users/salem/Downloads/slave_workspace/STM32CubeExpansion_LRWAN_V2.1.0/Projects/B-L072Z-LRWAN1/Applications/SubGHz_Phy/SubGHz_Phy_PingPong/Core/Src/rtc.c:142:6:HAL_RTC_MspDeInit	8	static
