11:08:54 **** Incremental Build of configuration Debug for project sd_card_store ****
make -j12 all 
arm-none-eabi-gcc "../Core/Src/main.c" -mcpu=cortex-m0plus -std=gnu11 -g3 -DDEBUG -DUSE_HAL_DRIVER -DSTM32L072xx -c -I../Core/Inc -I../Drivers/STM32L0xx_HAL_Driver/Inc -I../Drivers/STM32L0xx_HAL_Driver/Inc/Legacy -I../Drivers/CMSIS/Device/ST/STM32L0xx/Include -I../Drivers/CMSIS/Include -I../FATFS/Target -I../FATFS/App -I../Middlewares/Third_Party/FatFs/src -O0 -ffunction-sections -fdata-sections -Wall -fstack-usage -fcyclomatic-complexity -MMD -MP -MF"Core/Src/main.d" -MT"Core/Src/main.o" --specs=nano.specs -mfloat-abi=soft -mthumb -o "Core/Src/main.o"
arm-none-eabi-gcc -o "sd_card_store.elf" @"objects.list"   -mcpu=cortex-m0plus -T"C:\Users\salem\Downloads\master_workspace\sd_card_store\STM32L072CZTX_FLASH.ld" --specs=nosys.specs -Wl,-Map="sd_card_store.map" -Wl,--gc-sections -static --specs=nano.specs -mfloat-abi=soft -mthumb -Wl,--start-group -lc -lm -Wl,--end-group
Finished building target: sd_card_store.elf
 
arm-none-eabi-size  sd_card_store.elf 
arm-none-eabi-objdump -h -S sd_card_store.elf  > "sd_card_store.list"
   text	   data	    bss	    dec	    hex	filename
  40468	    128	   2712	  43308	   a92c	sd_card_store.elf
Finished building: default.size.stdout
 
Finished building: sd_card_store.list
 

11:08:55 Build Finished. 0 errors, 0 warnings. (took 862ms)

