2026-05-10 19:24:06,559 [INFO] Activator:176 - 


2026-05-10 19:24:06,575 [INFO] Activator:177 - !SESSION log4j initialized
2026-05-10 19:24:11,113 [INFO] LogOutputStream:77 - [STDOUT_REDIRECT] 
2026-05-10 19:24:19,001 [INFO] ApplicationProperties:184 - Using Application install path: C:\ST\STM32CubeIDE_1.18.1\STM32CubeIDE\plugins\com.st.stm32cube.common.mx_6.14.1.202504091515
2026-05-10 19:24:19,018 [INFO] DbMcusXml:78 - Set database path to: C:\ST\STM32CubeIDE_1.18.1\STM32CubeIDE\plugins\com.st.stm32cube.common.mx_6.14.1.202504091515\\db\/mcu/
2026-05-10 19:24:19,019 [INFO] ApiDb:274 - Set plugin database path to: C:\ST\STM32CubeIDE_1.18.1\STM32CubeIDE\plugins\com.st.stm32cube.common.mx_6.14.1.202504091515\\db\/plugins/boardmanager/
2026-05-10 19:24:19,019 [WARN] ApiDb:259 - Overriding images path with different value:  => C:\ST\STM32CubeIDE_1.18.1\STM32CubeIDE\plugins\com.st.stm32cube.common.mx_6.14.1.202504091515\\db\/plugins/mcufinder/images/
2026-05-10 19:24:19,026 [INFO] ApiDb:250 - Set database path to: C:\Users\salem\.stmcufinder\plugins\mcufinder//mcu/
2026-05-10 19:24:19,027 [INFO] DbMcusAds:125 - Set database path to: C:\Users\salem\.stmcufinder\plugins\mcufinder//mcu/
2026-05-10 19:24:19,029 [INFO] CrossReferenceDbSqlite:203 - Set database path to: C:\Users\salem\.stmcufinder\plugins\mcufinder//mcu/cs/
2026-05-10 19:24:19,137 [INFO] RulesReader:64 - Compatibility file has been processed (302 Rules)
2026-05-10 19:24:19,190 [INFO] DbMcusXml:78 - Set database path to: C:\ST\STM32CubeIDE_1.18.1\STM32CubeIDE\plugins\com.st.stm32cube.common.mx_6.14.1.202504091515\\db\/mcu/
2026-05-10 19:24:19,191 [INFO] ApiDb:274 - Set plugin database path to: C:\ST\STM32CubeIDE_1.18.1\STM32CubeIDE\plugins\com.st.stm32cube.common.mx_6.14.1.202504091515\\db\/plugins/boardmanager/
2026-05-10 19:24:19,191 [INFO] ApiDb:261 - Set plugin images path to: C:\ST\STM32CubeIDE_1.18.1\STM32CubeIDE\plugins\com.st.stm32cube.common.mx_6.14.1.202504091515\\db\/plugins/mcufinder/images/
2026-05-10 19:24:19,191 [WARN] DbFile:41 - Overriding database path with different value: C:\Users\salem\.stmcufinder\plugins\mcufinder/ => C:\Users\salem\.stmcufinder\plugins\mcufinder
2026-05-10 19:24:19,191 [INFO] ApiDb:250 - Set database path to: C:\Users\salem\.stmcufinder\plugins\mcufinder//mcu/
2026-05-10 19:24:19,191 [WARN] DbFile:41 - Overriding database path with different value: C:\Users\salem\.stmcufinder\plugins\mcufinder/ => C:\Users\salem\.stmcufinder\plugins\mcufinder
2026-05-10 19:24:19,191 [INFO] DbMcusAds:125 - Set database path to: C:\Users\salem\.stmcufinder\plugins\mcufinder//mcu/
2026-05-10 19:24:19,191 [WARN] DbFile:41 - Overriding database path with different value: C:\Users\salem\.stmcufinder\plugins\mcufinder/ => C:\Users\salem\.stmcufinder\plugins\mcufinder
2026-05-10 19:24:19,191 [WARN] DbFile:41 - Overriding database path with different value: C:\Users\salem\.stmcufinder\plugins\mcufinder/ => C:\Users\salem\.stmcufinder\plugins\mcufinder
2026-05-10 19:24:19,191 [INFO] CrossReferenceDbSqlite:203 - Set database path to: C:\Users\salem\.stmcufinder\plugins\mcufinder//mcu/cs/
2026-05-10 19:24:19,242 [INFO] MainPanel:272 - HeapMemory: 268435456
2026-05-10 19:24:19,299 [INFO] DbMcusXml:78 - Set database path to: C:\ST\STM32CubeIDE_1.18.1\STM32CubeIDE\plugins\com.st.stm32cube.common.mx_6.14.1.202504091515\\db\/mcu/
2026-05-10 19:24:19,299 [INFO] ApiDb:274 - Set plugin database path to: C:\ST\STM32CubeIDE_1.18.1\STM32CubeIDE\plugins\com.st.stm32cube.common.mx_6.14.1.202504091515\\db\/plugins/boardmanager/
2026-05-10 19:24:19,299 [INFO] ApiDb:261 - Set plugin images path to: C:\ST\STM32CubeIDE_1.18.1\STM32CubeIDE\plugins\com.st.stm32cube.common.mx_6.14.1.202504091515\\db\/plugins/mcufinder/images/
2026-05-10 19:24:19,299 [WARN] DbFile:41 - Overriding database path with different value: C:\Users\salem\.stmcufinder\plugins\mcufinder/ => C:\Users\salem\.stmcufinder\plugins\mcufinder
2026-05-10 19:24:19,299 [INFO] ApiDb:250 - Set database path to: C:\Users\salem\.stmcufinder\plugins\mcufinder//mcu/
2026-05-10 19:24:19,299 [WARN] DbFile:41 - Overriding database path with different value: C:\Users\salem\.stmcufinder\plugins\mcufinder/ => C:\Users\salem\.stmcufinder\plugins\mcufinder
2026-05-10 19:24:19,299 [INFO] DbMcusAds:125 - Set database path to: C:\Users\salem\.stmcufinder\plugins\mcufinder//mcu/
2026-05-10 19:24:19,299 [WARN] DbFile:41 - Overriding database path with different value: C:\Users\salem\.stmcufinder\plugins\mcufinder/ => C:\Users\salem\.stmcufinder\plugins\mcufinder
2026-05-10 19:24:19,300 [WARN] DbFile:41 - Overriding database path with different value: C:\Users\salem\.stmcufinder\plugins\mcufinder/ => C:\Users\salem\.stmcufinder\plugins\mcufinder
2026-05-10 19:24:19,300 [INFO] CrossReferenceDbSqlite:203 - Set database path to: C:\Users\salem\.stmcufinder\plugins\mcufinder//mcu/cs/
2026-05-10 19:24:19,313 [INFO] ApplicationProperties:184 - Using Application install path: C:\ST\STM32CubeIDE_1.18.1\STM32CubeIDE\plugins\com.st.stm32cube.common.mx_6.14.1.202504091515
2026-05-10 19:24:19,314 [INFO] PluginManage:196 - Search for loadable plugins [exclusion list=, ]
2026-05-10 19:24:19,315 [INFO] PluginManage:310 - Check plugin analytics
2026-05-10 19:24:24,489 [INFO] AnalyticsPlugin:253 - Accepted Software Licenses: STM32CubeMX.6.13.0
2026-05-10 19:24:24,489 [INFO] AnalyticsPlugin:255 - Accepted CMSIS Pack Licenses: 
2026-05-10 19:24:24,489 [INFO] AnalyticsPlugin:257 - Accepted Firmware Licenses: FW.F4.1.28.0,FW.C0.1.3.0,FW.C0.1.4.0
2026-05-10 19:24:24,492 [INFO] PluginManage:359 - Loaded plugin analytics (category:tool,tabindex:-1)
2026-05-10 19:24:24,493 [INFO] PluginManage:310 - Check plugin cadmodel
2026-05-10 19:24:24,495 [INFO] CADModel:105 - Init CAD model plugin
2026-05-10 19:24:24,495 [INFO] PluginManage:359 - Loaded plugin cadmodel (category:power,tabindex:5)
2026-05-10 19:24:24,495 [INFO] PluginManage:310 - Check plugin clock
2026-05-10 19:24:24,501 [INFO] PluginManage:359 - Loaded plugin clock (category:base,tabindex:2)
2026-05-10 19:24:24,501 [INFO] PluginManage:310 - Check plugin ddr
2026-05-10 19:24:24,504 [INFO] PluginManage:359 - Loaded plugin ddr (category:tool,tabindex:6)
2026-05-10 19:24:24,504 [INFO] PluginManage:310 - Check plugin filemanager
2026-05-10 19:24:24,612 [INFO] PluginManage:359 - Loaded plugin filemanager (category:base,tabindex:10)
2026-05-10 19:24:24,613 [INFO] PluginManage:310 - Check plugin ipmanager
2026-05-10 19:24:24,620 [INFO] PluginManage:359 - Loaded plugin ipmanager (category:base,tabindex:5)
2026-05-10 19:24:24,620 [INFO] PluginManage:310 - Check plugin lpbam
2026-05-10 19:24:24,626 [INFO] PluginManage:359 - Loaded plugin lpbam (category:base,tabindex:0)
2026-05-10 19:24:24,626 [INFO] PluginManage:310 - Check plugin memorymap
2026-05-10 19:24:24,633 [INFO] PluginManage:359 - Loaded plugin memorymap (category:base,tabindex:4)
2026-05-10 19:24:24,634 [INFO] PluginManage:310 - Check plugin pinoutandconfiguration
2026-05-10 19:24:24,638 [INFO] PluginManage:359 - Loaded plugin pinoutandconfiguration (category:base,tabindex:1)
2026-05-10 19:24:24,638 [INFO] PluginManage:310 - Check plugin pinoutconfig
2026-05-10 19:24:24,699 [WARN] SupportedApi:132 - Cannot load RTOS API schema: s4s-elt-must-match.1: The content of 'definitions' must match (annotation?, (simpleType | complexType)?, (unique | key | keyref)*)). A problem was found starting at: attribute.
2026-05-10 19:24:24,804 [INFO] PluginManage:359 - Loaded plugin pinoutconfig (category:base,tabindex:0)
2026-05-10 19:24:24,804 [INFO] PluginManage:310 - Check plugin power
2026-05-10 19:24:24,810 [INFO] PluginManage:359 - Loaded plugin power (category:power,tabindex:4)
2026-05-10 19:24:24,811 [INFO] PluginManage:310 - Check plugin projectmanager
2026-05-10 19:24:24,823 [INFO] PluginManage:359 - Loaded plugin projectmanager (category:projectmanager,tabindex:4)
2026-05-10 19:24:24,823 [INFO] PluginManage:310 - Check plugin rif
2026-05-10 19:24:24,828 [INFO] PluginManage:359 - Loaded plugin rif (category:base,tabindex:3)
2026-05-10 19:24:24,828 [INFO] PluginManage:310 - Check plugin thirdparty
2026-05-10 19:24:24,919 [WARN] IntegrityCheckThread:84 - waiting for thirdparty lock release [integrity check]
2026-05-10 19:24:24,919 [INFO] PluginManage:359 - Loaded plugin thirdparty (category:base,tabindex:-1)
2026-05-10 19:24:24,919 [INFO] IntegrityCheckThread:86 - entering critical section [integrity check]
2026-05-10 19:24:24,919 [INFO] PluginManage:310 - Check plugin tools
2026-05-10 19:24:24,919 [INFO] ThirdPartyUpdaterWithRetryManager:70 - Updater plugin not ready yet. [1/15]
2026-05-10 19:24:24,922 [INFO] PluginManage:359 - Loaded plugin tools (category:base,tabindex:7)
2026-05-10 19:24:24,922 [INFO] PluginManage:310 - Check plugin tutovideos
2026-05-10 19:24:25,027 [INFO] PluginManage:359 - Loaded plugin tutovideos (category:base,tabindex:-1)
2026-05-10 19:24:25,027 [INFO] PluginManage:310 - Check plugin updater
2026-05-10 19:24:25,041 [INFO] PluginManage:359 - Loaded plugin updater (category:base,tabindex:12)
2026-05-10 19:24:25,041 [INFO] PluginManage:310 - Check plugin userauth
2026-05-10 19:24:25,045 [INFO] UserAuth:118 - Init User Auth plugin
2026-05-10 19:24:25,048 [INFO] PluginManage:359 - Loaded plugin userauth (category:base,tabindex:14)
2026-05-10 19:24:25,048 [INFO] PluginManage:283 - PluginManage : Loaded plugins [18]
2026-05-10 19:24:25,219 [INFO] PinOutPanel:1589 - setPackage(No Configuration,No Configuration)
2026-05-10 19:24:25,293 [INFO] CADModel:165 - CPN selected for project level
2026-05-10 19:24:25,294 [INFO] CADModel:114 - Register for checkConnection events
2026-05-10 19:24:25,309 [INFO] IPUIPlugin:80 - create IPUIPlugin
2026-05-10 19:24:25,309 [INFO] PluginManager:220 - loadIPPluginJar : add adc
2026-05-10 19:24:25,312 [INFO] IPUIPlugin:80 - create IPUIPlugin
2026-05-10 19:24:25,312 [INFO] PluginManager:220 - loadIPPluginJar : add aes
2026-05-10 19:24:25,314 [INFO] IPUIPlugin:80 - create IPUIPlugin
2026-05-10 19:24:25,314 [INFO] PluginManager:220 - loadIPPluginJar : add can
2026-05-10 19:24:25,315 [INFO] IPUIPlugin:80 - create IPUIPlugin
2026-05-10 19:24:25,316 [INFO] PluginManager:220 - loadIPPluginJar : add comp
2026-05-10 19:24:25,317 [INFO] IPUIPlugin:80 - create IPUIPlugin
2026-05-10 19:24:25,318 [INFO] PluginManager:220 - loadIPPluginJar : add cryp
2026-05-10 19:24:25,320 [INFO] IPUIPlugin:80 - create IPUIPlugin
2026-05-10 19:24:25,320 [INFO] PluginManager:220 - loadIPPluginJar : add ddr_ctrl_phy
2026-05-10 19:24:25,322 [INFO] IPUIPlugin:80 - create IPUIPlugin
2026-05-10 19:24:25,322 [INFO] PluginManager:220 - loadIPPluginJar : add dfsdm
2026-05-10 19:24:25,327 [INFO] IPUIPlugin:80 - create IPUIPlugin
2026-05-10 19:24:25,327 [INFO] PluginManager:220 - loadIPPluginJar : add dma
2026-05-10 19:24:25,329 [INFO] IPUIPlugin:80 - create IPUIPlugin
2026-05-10 19:24:25,329 [INFO] PluginManager:220 - loadIPPluginJar : add dma3
2026-05-10 19:24:25,331 [INFO] IPUIPlugin:80 - create IPUIPlugin
2026-05-10 19:24:25,331 [INFO] PluginManager:220 - loadIPPluginJar : add extmemmanager
2026-05-10 19:24:25,333 [INFO] IPUIPlugin:80 - create IPUIPlugin
2026-05-10 19:24:25,333 [INFO] PluginManager:220 - loadIPPluginJar : add fatfs
2026-05-10 19:24:25,337 [INFO] IPUIPlugin:80 - create IPUIPlugin
2026-05-10 19:24:25,337 [INFO] PluginManager:220 - loadIPPluginJar : add fmc
2026-05-10 19:24:25,341 [INFO] IPUIPlugin:80 - create IPUIPlugin
2026-05-10 19:24:25,341 [INFO] PluginManager:220 - loadIPPluginJar : add freertos
2026-05-10 19:24:25,342 [INFO] IPUIPlugin:80 - create IPUIPlugin
2026-05-10 19:24:25,342 [INFO] PluginManager:220 - loadIPPluginJar : add genericplugin
2026-05-10 19:24:25,344 [INFO] IPUIPlugin:80 - create IPUIPlugin
2026-05-10 19:24:25,345 [INFO] PluginManager:220 - loadIPPluginJar : add gfxmmu
2026-05-10 19:24:25,349 [INFO] IPUIPlugin:80 - create IPUIPlugin
2026-05-10 19:24:25,349 [INFO] PluginManager:220 - loadIPPluginJar : add gic
2026-05-10 19:24:25,352 [INFO] IPUIPlugin:80 - create IPUIPlugin
2026-05-10 19:24:25,352 [INFO] PluginManager:220 - loadIPPluginJar : add gpio
2026-05-10 19:24:25,354 [INFO] IPUIPlugin:80 - create IPUIPlugin
2026-05-10 19:24:25,354 [INFO] PluginManager:220 - loadIPPluginJar : add gtzc
2026-05-10 19:24:25,357 [INFO] IPUIPlugin:80 - create IPUIPlugin
2026-05-10 19:24:25,357 [INFO] PluginManager:220 - loadIPPluginJar : add hash
2026-05-10 19:24:25,359 [INFO] IPUIPlugin:80 - create IPUIPlugin
2026-05-10 19:24:25,359 [INFO] PluginManager:220 - loadIPPluginJar : add i2c
2026-05-10 19:24:25,361 [INFO] IPUIPlugin:80 - create IPUIPlugin
2026-05-10 19:24:25,361 [INFO] PluginManager:220 - loadIPPluginJar : add i2s
2026-05-10 19:24:25,364 [INFO] IPUIPlugin:80 - create IPUIPlugin
2026-05-10 19:24:25,364 [INFO] PluginManager:220 - loadIPPluginJar : add i3c
2026-05-10 19:24:25,367 [INFO] IPUIPlugin:80 - create IPUIPlugin
2026-05-10 19:24:25,367 [INFO] PluginManager:220 - loadIPPluginJar : add ipddr
2026-05-10 19:24:25,372 [INFO] IPUIPlugin:80 - create IPUIPlugin
2026-05-10 19:24:25,373 [INFO] PluginManager:220 - loadIPPluginJar : add linkedlist
2026-05-10 19:24:25,375 [INFO] IPUIPlugin:80 - create IPUIPlugin
2026-05-10 19:24:25,375 [INFO] PluginManager:220 - loadIPPluginJar : add lorawan
2026-05-10 19:24:25,376 [INFO] IPUIPlugin:80 - create IPUIPlugin
2026-05-10 19:24:25,376 [INFO] PluginManager:220 - loadIPPluginJar : add ltdc
2026-05-10 19:24:25,380 [INFO] IPUIPlugin:80 - create IPUIPlugin
2026-05-10 19:24:25,380 [INFO] PluginManager:220 - loadIPPluginJar : add mdma
2026-05-10 19:24:25,382 [INFO] IPUIPlugin:80 - create IPUIPlugin
2026-05-10 19:24:25,382 [INFO] PluginManager:220 - loadIPPluginJar : add nvic
2026-05-10 19:24:25,387 [INFO] IPUIPlugin:80 - create IPUIPlugin
2026-05-10 19:24:25,387 [INFO] PluginManager:220 - loadIPPluginJar : add opamp
2026-05-10 19:24:25,390 [INFO] IPUIPlugin:80 - create IPUIPlugin
2026-05-10 19:24:25,390 [INFO] PluginManager:220 - loadIPPluginJar : add openamp
2026-05-10 19:24:25,392 [INFO] IPUIPlugin:80 - create IPUIPlugin
2026-05-10 19:24:25,392 [INFO] PluginManager:220 - loadIPPluginJar : add pdm2pcm
2026-05-10 19:24:25,397 [INFO] IPUIPlugin:80 - create IPUIPlugin
2026-05-10 19:24:25,401 [INFO] PluginManager:220 - loadIPPluginJar : add plateformsettings
2026-05-10 19:24:25,402 [INFO] IPUIPlugin:80 - create IPUIPlugin
2026-05-10 19:24:25,402 [INFO] PluginManager:220 - loadIPPluginJar : add quadspi
2026-05-10 19:24:25,403 [INFO] IPUIPlugin:80 - create IPUIPlugin
2026-05-10 19:24:25,404 [INFO] PluginManager:220 - loadIPPluginJar : add radio
2026-05-10 19:24:25,406 [INFO] IPUIPlugin:80 - create IPUIPlugin
2026-05-10 19:24:25,406 [INFO] PluginManager:220 - loadIPPluginJar : add resmgrutility
2026-05-10 19:24:25,408 [INFO] IPUIPlugin:80 - create IPUIPlugin
2026-05-10 19:24:25,408 [INFO] PluginManager:220 - loadIPPluginJar : add sai
2026-05-10 19:24:25,409 [INFO] IPUIPlugin:80 - create IPUIPlugin
2026-05-10 19:24:25,410 [INFO] PluginManager:220 - loadIPPluginJar : add spi
2026-05-10 19:24:25,414 [INFO] IPUIPlugin:80 - create IPUIPlugin
2026-05-10 19:24:25,414 [INFO] PluginManager:220 - loadIPPluginJar : add stm32_wpan
2026-05-10 19:24:25,415 [INFO] IPUIPlugin:80 - create IPUIPlugin
2026-05-10 19:24:25,415 [INFO] PluginManager:220 - loadIPPluginJar : add tim
2026-05-10 19:24:25,417 [INFO] IPUIPlugin:80 - create IPUIPlugin
2026-05-10 19:24:25,417 [INFO] PluginManager:220 - loadIPPluginJar : add touchsensing
2026-05-10 19:24:25,419 [INFO] IPUIPlugin:80 - create IPUIPlugin
2026-05-10 19:24:25,419 [INFO] PluginManager:220 - loadIPPluginJar : add tracer_emb
2026-05-10 19:24:25,421 [INFO] IPUIPlugin:80 - create IPUIPlugin
2026-05-10 19:24:25,421 [INFO] PluginManager:220 - loadIPPluginJar : add ts
2026-05-10 19:24:25,422 [INFO] IPUIPlugin:80 - create IPUIPlugin
2026-05-10 19:24:25,423 [INFO] PluginManager:220 - loadIPPluginJar : add tsc
2026-05-10 19:24:25,424 [INFO] IPUIPlugin:80 - create IPUIPlugin
2026-05-10 19:24:25,424 [INFO] PluginManager:220 - loadIPPluginJar : add ucpd
2026-05-10 19:24:25,425 [INFO] IPUIPlugin:80 - create IPUIPlugin
2026-05-10 19:24:25,425 [INFO] PluginManager:220 - loadIPPluginJar : add usart
2026-05-10 19:24:25,427 [INFO] IPUIPlugin:80 - create IPUIPlugin
2026-05-10 19:24:25,427 [INFO] PluginManager:220 - loadIPPluginJar : add usbx
2026-05-10 19:24:25,539 [FATAL] Updater:351 - Updater called before beeing initialized
2026-05-10 19:24:25,574 [INFO] RulesReader:64 - Compatibility file has been processed (302 Rules)
2026-05-10 19:24:25,580 [INFO] RulesReader:64 - Compatibility file has been processed (302 Rules)
2026-05-10 19:24:25,586 [INFO] CADModel:165 - CPN selected for project level
2026-05-10 19:24:25,587 [INFO] CADModel:114 - Register for checkConnection events
2026-05-10 19:24:25,587 [FATAL] Updater:351 - Updater called before beeing initialized
2026-05-10 19:24:25,587 [ERROR] CADModel:125 - Updater not yet initialized, retry later 
2026-05-10 19:24:25,691 [FATAL] Updater:351 - Updater called before beeing initialized
2026-05-10 19:24:25,693 [INFO] CADModel:165 - CPN selected for project level
2026-05-10 19:24:25,693 [INFO] CADModel:114 - Register for checkConnection events
2026-05-10 19:24:25,693 [FATAL] Updater:351 - Updater called before beeing initialized
2026-05-10 19:24:25,693 [ERROR] CADModel:125 - Updater not yet initialized, retry later 
2026-05-10 19:24:25,697 [FATAL] Updater:351 - Updater called before beeing initialized
2026-05-10 19:24:25,777 [FATAL] Updater:351 - Updater called before beeing initialized
2026-05-10 19:24:25,780 [INFO] DbMcusAds:53 - JSON generation date=Mon Apr 27 09:14:29 CET 2026 (1777277669577)
2026-05-10 19:24:25,780 [FATAL] Updater:351 - Updater called before beeing initialized
2026-05-10 19:24:25,803 [WARN] DetailPanel:346 - Failed to get advertising image, set to default
2026-05-10 19:24:25,998 [FATAL] Updater:351 - Updater called before beeing initialized
2026-05-10 19:24:26,000 [FATAL] Updater:351 - Updater called before beeing initialized
2026-05-10 19:24:26,000 [FATAL] Updater:351 - Updater called before beeing initialized
2026-05-10 19:24:26,000 [WARN] DetailPanel:346 - Failed to get advertising image, set to default
2026-05-10 19:24:26,001 [FATAL] Updater:351 - Updater called before beeing initialized
2026-05-10 19:24:26,031 [ERROR] Updater:1198 - MainUpdater not yet initialized. External WinMGr cannot be set.
2026-05-10 19:24:26,032 [INFO] Updater:1134 - Updater Version found : 6.14.1
2026-05-10 19:24:26,043 [INFO] ApplicationProperties:184 - Using Application install path: C:\ST\STM32CubeIDE_1.18.1\STM32CubeIDE\plugins\com.st.stm32cube.common.mx_6.14.1.202504091515
2026-05-10 19:24:26,687 [INFO] MainUpdater:2872 - connection check result : 10
2026-05-10 19:24:26,688 [INFO] MainUpdater:289 - Updater Check For Update Now.
2026-05-10 19:24:26,688 [INFO] MicroXplorer:498 - Change Database Version : DB.6.0.141
2026-05-10 19:24:26,704 [INFO] McuFinderGlobals:63 - Set McuFinder mode to 2 (CubeIDE integrated)
2026-05-10 19:24:26,704 [INFO] UserAuth:484 - Internet connection configuration mode: 1
2026-05-10 19:24:26,723 [INFO] JxBrowserEngine:152 - Initiate JxBrowser Engine with user profile folder
2026-05-10 19:24:26,855 [INFO] CheckServerUpdateThread:120 - End of CheckServer Thread
2026-05-10 19:24:27,185 [INFO] WebApp:169 - Instantiating new browser for Auth
2026-05-10 19:24:27,626 [INFO] WebApp:463 - Apply proxy settings
2026-05-10 19:24:27,627 [INFO] WebApp:548 - Chromium requires no authentication
2026-05-10 19:24:27,632 [INFO] WebApp:491 - Direct internet connection detected
2026-05-10 19:24:27,651 [INFO] WebApp:894 - Register for checkConnection events
2026-05-10 19:24:27,651 [INFO] WebApp:463 - Apply proxy settings
2026-05-10 19:24:27,651 [INFO] WebApp:548 - Chromium requires no authentication
2026-05-10 19:24:27,652 [INFO] WebApp:491 - Direct internet connection detected
2026-05-10 19:24:27,760 [INFO] WebApp:225 - Starting web application
2026-05-10 19:24:27,760 [INFO] WebApp:593 - Web application path used C:\ST\STM32CubeIDE_1.18.1\STM32CubeIDE\plugins\com.st.stm32cube.common.mx_6.14.1.202504091515\db\plugins\mcufinder\reactClient1\index.html
2026-05-10 19:24:27,850 [INFO] UserAuth:484 - Internet connection configuration mode: 1
2026-05-10 19:24:27,909 [ERROR] LogOutputStream:75 - [STDERR_REDIRECT] [Fatal Error] :1:1: Premature end of file.
2026-05-10 19:24:27,909 [ERROR] LogOutputStream:75 - [STDERR_REDIRECT] 
2026-05-10 19:24:28,089 [WARN] PackLoader:240 - Cannot read IP mode file for STMicroelectronics.X-CUBE-AZRTOS-H7.3.5.0
2026-05-10 19:24:28,097 [WARN] PackLoader:240 - Cannot read IP mode file for STMicroelectronics.FP-SNS-MOTENVWB1.1.4.0
2026-05-10 19:24:28,103 [WARN] PackLoader:240 - Cannot read IP mode file for STMicroelectronics.FP-ATR-ASTRA1.2.0.2
2026-05-10 19:24:28,107 [WARN] PackLoader:240 - Cannot read IP mode file for STMicroelectronics.FP-ATR-ASTRA1.2.0.1
2026-05-10 19:24:28,112 [WARN] PackLoader:240 - Cannot read IP mode file for STMicroelectronics.X-CUBE-SMBUS.2.1.0
2026-05-10 19:24:28,119 [WARN] PackLoader:240 - Cannot read IP mode file for STMicroelectronics.X-CUBE-WB05N.1.1.0
2026-05-10 19:24:28,123 [WARN] PackLoader:240 - Cannot read IP mode file for STMicroelectronics.X-CUBE-ST60.1.0.0
2026-05-10 19:24:28,138 [WARN] PackLoader:240 - Cannot read IP mode file for STMicroelectronics.X-CUBE-AZRTOS-F7.1.1.0
2026-05-10 19:24:28,145 [WARN] PackLoader:240 - Cannot read IP mode file for Cesanta.I-CUBE-Mongoose.7.19.0
2026-05-10 19:24:28,177 [WARN] PackLoader:240 - Cannot read IP mode file for STMicroelectronics.X-CUBE-MEMS1.11.0.0
2026-05-10 19:24:28,274 [INFO] WebApp:191 - Connection restablished
2026-05-10 19:24:28,284 [ERROR] Engine:466 - C:\Users\salem\.stm32cubemx\thirdparties\pdsc\STMicroelectronics.FP-SNS-MOTENV1.5.1.0.pdsc: PDSC version is not supported
2026-05-10 19:24:28,287 [ERROR] Engine:466 - C:\Users\salem\.stm32cubemx\thirdparties\pdsc\WES.I-CUBE-Cesium.1.4.0.pdsc: PDSC version is not supported
2026-05-10 19:24:28,291 [WARN] PackLoader:240 - Cannot read IP mode file for STMicroelectronics.FP-SNS-FLIGHT1.5.0.2
2026-05-10 19:24:28,305 [WARN] PackLoader:240 - Cannot read IP mode file for Infineon.AIROC-Wi-Fi-Bluetooth-STM32.1.7.0
2026-05-10 19:24:28,317 [WARN] PackLoader:240 - Cannot read IP mode file for Infineon.AIROC-Wi-Fi-Bluetooth-STM32.1.7.1
2026-05-10 19:24:28,329 [WARN] PackLoader:240 - Cannot read IP mode file for STMicroelectronics.X-CUBE-AZRTOS-H7.3.4.0
2026-05-10 19:24:28,335 [WARN] PackLoader:240 - Cannot read IP mode file for STMicroelectronics.X-CUBE-DISPLAY.3.0.0
2026-05-10 19:24:28,342 [WARN] PackLoader:240 - Cannot read IP mode file for STMicroelectronics.X-CUBE-GNSS1.7.1.1
2026-05-10 19:24:28,345 [ERROR] Engine:466 - C:\Users\salem\.stm32cubemx\thirdparties\pdsc\STMicroelectronics.FP-SNS-MOTENVWB1.1.5.0.pdsc: PDSC version is not supported
2026-05-10 19:24:28,349 [WARN] PackLoader:240 - Cannot read IP mode file for STMicroelectronics.X-CUBE-BLE1.7.0.0
2026-05-10 19:24:28,362 [WARN] PackLoader:240 - Cannot read IP mode file for STMicroelectronics.X-CUBE-NFC10.1.0.0
2026-05-10 19:24:28,375 [WARN] PackLoader:240 - Cannot read IP mode file for STMicroelectronics.X-CUBE-BLEMGR.4.0.0
2026-05-10 19:24:28,384 [WARN] PackLoader:240 - Cannot read IP mode file for STMicroelectronics.X-CUBE-ST60.1.1.0
2026-05-10 19:24:28,389 [WARN] PackLoader:240 - Cannot read IP mode file for emotas.I-CUBE-CANOPEN.1.3.0
2026-05-10 19:24:28,394 [WARN] PackLoader:240 - Cannot read IP mode file for STMicroelectronics.X-CUBE-GNSS1.7.1.0
2026-05-10 19:24:28,420 [WARN] PackLoader:240 - Cannot read IP mode file for STMicroelectronics.X-CUBE-AI.10.0.0
2026-05-10 19:24:28,424 [ERROR] Engine:466 - C:\Users\salem\.stm32cubemx\thirdparties\pdsc\STMicroelectronics.FP-SNS-STBOX1.2.1.0.pdsc: PDSC version is not supported
2026-05-10 19:24:28,430 [WARN] PackLoader:240 - Cannot read IP mode file for STMicroelectronics.FP-SNS-SMARTAG2.1.2.0
2026-05-10 19:24:28,434 [WARN] PackLoader:240 - Cannot read IP mode file for STMicroelectronics.FP-SNS-FLIGHT1.5.1.0
2026-05-10 19:24:28,465 [WARN] PackLoader:240 - Cannot read IP mode file for STMicroelectronics.X-CUBE-MEMS1.11.1.0
2026-05-10 19:24:28,530 [INFO] LogOutputStream:77 - [STDOUT_REDIRECT] 1 : Invalid condition id : UX_CORESTACK_Condition cause : null
2026-05-10 19:24:28,531 [INFO] LogOutputStream:77 - [STDOUT_REDIRECT] 1 : Invalid condition id : UX_CORESTACK_Condition cause : null
2026-05-10 19:24:28,531 [INFO] LogOutputStream:77 - [STDOUT_REDIRECT] 1 : Invalid condition id : UX_CORESTACK_Condition cause : null
2026-05-10 19:24:28,532 [INFO] LogOutputStream:77 - [STDOUT_REDIRECT] 1 : Invalid condition id : UX_CORESTACK_Condition cause : null
2026-05-10 19:24:28,533 [INFO] LogOutputStream:77 - [STDOUT_REDIRECT] 1 : Invalid condition id : UX_CORESTACK_Condition cause : null
2026-05-10 19:24:28,535 [WARN] PackLoader:240 - Cannot read IP mode file for STMicroelectronics.X-CUBE-AZRTOS-WL.2.0.0
2026-05-10 19:24:28,539 [WARN] PackLoader:240 - Cannot read IP mode file for STMicroelectronics.FP-SNS-MOTENV1.5.0.0
2026-05-10 19:24:28,549 [WARN] PackLoader:240 - Cannot read IP mode file for STMicroelectronics.X-CUBE-AZRTOS-H7RS.1.2.0
2026-05-10 19:24:28,553 [WARN] PackLoader:240 - Cannot read IP mode file for wolfSSL.I-CUBE-wolfMQTT.1.19.0
2026-05-10 19:24:28,558 [WARN] PackLoader:240 - Cannot read IP mode file for WES.I-CUBE-Cesium.1.3.0
2026-05-10 19:24:28,561 [WARN] PackLoader:240 - Cannot read IP mode file for STMicroelectronics.X-CUBE-BLE2.3.3.0
2026-05-10 19:24:28,576 [WARN] PackLoader:240 - Cannot read IP mode file for STMicroelectronics.X-CUBE-NFC9.1.0.0
2026-05-10 19:24:28,580 [WARN] PackLoader:240 - Cannot read IP mode file for wolfSSL.I-CUBE-wolfSSL.5.8.2
2026-05-10 19:24:28,583 [WARN] PackLoader:240 - Cannot read IP mode file for STMicroelectronics.X-CUBE-BLE1.7.1.0
2026-05-10 19:24:28,585 [WARN] PackLoader:240 - Cannot read IP mode file for wolfSSL.I-CUBE-wolfMQTT.1.19.2
2026-05-10 19:24:28,588 [ERROR] Engine:466 - C:\Users\salem\.stm32cubemx\thirdparties\pdsc\STMicroelectronics.X-CUBE-FREERTOS.1.4.0.pdsc: PDSC version is not supported
2026-05-10 19:24:28,592 [WARN] PackLoader:240 - Cannot read IP mode file for STMicroelectronics.X-CUBE-EEPRMA1.5.2.0
2026-05-10 19:24:28,595 [ERROR] Engine:466 - C:\Users\salem\.stm32cubemx\thirdparties\pdsc\STMicroelectronics.X-CUBE-ST67W61.1.1.0.pdsc: PDSC version is not supported
2026-05-10 19:24:28,597 [WARN] PackLoader:240 - Cannot read IP mode file for STMicroelectronics.X-CUBE-AI.10.1.0
2026-05-10 19:24:28,599 [ERROR] Engine:466 - C:\Users\salem\.stm32cubemx\thirdparties\pdsc\STMicroelectronics.FP-SNS-STAIOTCFT.1.1.0.pdsc: PDSC version is not supported
2026-05-10 19:24:28,625 [WARN] PackLoader:240 - Cannot read IP mode file for STMicroelectronics.X-CUBE-MEMS1.12.0.0
2026-05-10 19:24:28,677 [WARN] PackLoader:240 - Cannot read IP mode file for STMicroelectronics.X-CUBE-MEMS1.11.2.0
2026-05-10 19:24:28,754 [WARN] PackLoader:240 - Cannot read IP mode file for STMicroelectronics.X-CUBE-AZRTOS-G0.1.1.0
2026-05-10 19:24:28,768 [WARN] PackLoader:240 - Cannot read IP mode file for STMicroelectronics.X-CUBE-SAFEA1.1.2.2
2026-05-10 19:24:28,774 [WARN] PackLoader:240 - Cannot read IP mode file for STMicroelectronics.X-CUBE-NFC4.3.0.0
2026-05-10 19:24:28,783 [WARN] PackLoader:240 - Cannot read IP mode file for EmbeddedOffice.I-CUBE-FS-RTOS.1.0.1
2026-05-10 19:24:28,788 [WARN] PackLoader:240 - Cannot read IP mode file for STMicroelectronics.X-CUBE-WB05N.2.0.0
2026-05-10 19:24:28,794 [WARN] PackLoader:240 - Cannot read IP mode file for wolfSSL.I-CUBE-wolfTPM.3.8.0
2026-05-10 19:24:28,798 [WARN] PackLoader:240 - Cannot read IP mode file for STMicroelectronics.X-CUBE-TCPP.4.2.0
2026-05-10 19:24:28,803 [WARN] PackLoader:240 - Cannot read IP mode file for RealThread.X-CUBE-RT-Thread_Nano.4.1.1
2026-05-10 19:24:28,806 [WARN] PackLoader:240 - Cannot read IP mode file for STMicroelectronics.FP-ATR-SIGFOX1.3.2.0
2026-05-10 19:24:28,810 [WARN] ConditionMgr:438 - getConditionDescription Invalid condition id : Cortex-A Device cause : null
2026-05-10 19:24:28,817 [WARN] ConditionMgr:1044 - genDependencies : Invalid condition id : Cortex-A Device cause : null
2026-05-10 19:24:28,817 [WARN] ConditionMgr:1044 - genDependencies : Invalid condition id : Cortex-A Device cause : null
2026-05-10 19:24:28,817 [WARN] ConditionMgr:1044 - genDependencies : Invalid condition id : Cortex-A Device cause : null
2026-05-10 19:24:28,821 [WARN] PackLoader:240 - Cannot read IP mode file for STMicroelectronics.X-CUBE-EEPRMA1.5.1.0
2026-05-10 19:24:28,824 [ERROR] Engine:466 - C:\Users\salem\.stm32cubemx\thirdparties\pdsc\STMicroelectronics.X-CUBE-FREERTOS.1.5.0.pdsc: PDSC version is not supported
2026-05-10 19:24:28,826 [WARN] PackLoader:240 - Cannot read IP mode file for wolfSSL.I-CUBE-wolfSSL.5.7.4
2026-05-10 19:24:28,829 [WARN] PackLoader:240 - Cannot read IP mode file for wolfSSL.I-CUBE-wolfSSL.5.7.6
2026-05-10 19:24:28,834 [WARN] PackLoader:240 - Cannot read IP mode file for ITTIA_DB.I-CUBE-ITTIADB.8.9.0
2026-05-10 19:24:28,839 [WARN] PackLoader:240 - Cannot read IP mode file for STMicroelectronics.X-CUBE-NFC6.3.2.0
2026-05-10 19:24:28,846 [WARN] PackLoader:240 - Cannot read IP mode file for STMicroelectronics.X-CUBE-ST67W61.1.0.0
2026-05-10 19:24:28,848 [WARN] PackLoader:240 - Cannot read IP mode file for STMicroelectronics.X-CUBE-AI.10.2.0
2026-05-10 19:24:28,872 [WARN] PackLoader:240 - Cannot read IP mode file for STMicroelectronics.X-CUBE-MEMS1.12.1.0
2026-05-10 19:24:28,904 [ERROR] LogOutputStream:75 - [STDERR_REDIRECT] [Fatal Error] :1:1: Premature end of file.
2026-05-10 19:24:28,905 [ERROR] LogOutputStream:75 - [STDERR_REDIRECT] 
2026-05-10 19:24:28,932 [WARN] PackLoader:240 - Cannot read IP mode file for SEGGER.I-CUBE-embOS.1.3.1
2026-05-10 19:24:28,947 [WARN] PackLoader:240 - Cannot read IP mode file for STMicroelectronics.X-CUBE-ALGOBUILD.1.4.0
2026-05-10 19:24:28,969 [WARN] PackLoader:240 - Cannot read IP mode file for STMicroelectronics.X-CUBE-MEMS1.11.3.0
2026-05-10 19:24:29,032 [WARN] PackLoader:240 - Cannot read IP mode file for STMicroelectronics.X-CUBE-AI.9.1.0
2026-05-10 19:24:29,035 [WARN] PackLoader:240 - Cannot read IP mode file for STMicroelectronics.X-CUBE-PM33A1.1.0.0
2026-05-10 19:24:29,042 [WARN] PackLoader:240 - Cannot read IP mode file for STMicroelectronics.X-CUBE-AZRTOS-F4.1.1.0
2026-05-10 19:24:29,047 [WARN] PackLoader:240 - Cannot read IP mode file for Avnet-IotConnect.X-CUBE-IoTC-DA16k-PMOD.1.0.0
2026-05-10 19:24:29,050 [WARN] PackLoader:240 - Cannot read IP mode file for STMicroelectronics.X-CUBE-ISPU.2.1.0
2026-05-10 19:24:29,053 [ERROR] Engine:466 - C:\Users\salem\.stm32cubemx\thirdparties\pdsc\STMicroelectronics.X-CUBE-IPS.3.2.0.pdsc: PDSC version is not supported
2026-05-10 19:24:29,055 [WARN] PackLoader:240 - Cannot read IP mode file for STMicroelectronics.eDS-WB_DPC_TT-BIDIR.2.1.1
2026-05-10 19:24:29,060 [WARN] PackLoader:240 - Cannot read IP mode file for STMicroelectronics.X-CUBE-NFC12.1.0.0
2026-05-10 19:24:29,070 [WARN] PackLoader:240 - Cannot read IP mode file for STMicroelectronics.X-CUBE-AZRTOS-L5.2.0.0
2026-05-10 19:24:29,076 [WARN] PackLoader:240 - Cannot read IP mode file for STMicroelectronics.X-CUBE-NFC6.3.1.0
2026-05-10 19:24:29,083 [WARN] PackLoader:240 - Cannot read IP mode file for STMicroelectronics.X-CUBE-DPower.1.2.0
2026-05-10 19:24:29,087 [WARN] PackLoader:240 - Cannot read IP mode file for STMicroelectronics.eDS-WB_DPC_VIENNA.1.2.0
2026-05-10 19:24:29,091 [WARN] PackLoader:240 - Cannot read IP mode file for STMicroelectronics.eDS-WB_DPC_3PH2L-BIDIR.1.1.1
2026-05-10 19:24:29,094 [ERROR] Engine:466 - C:\Users\salem\.stm32cubemx\thirdparties\pdsc\STMicroelectronics.X-CUBE-ST67W61.1.3.0.pdsc: PDSC version is not supported
2026-05-10 19:24:29,097 [WARN] PackLoader:240 - Cannot read IP mode file for STMicroelectronics.X-CUBE-FREERTOS.1.3.1
2026-05-10 19:24:29,101 [WARN] PackLoader:240 - Cannot read IP mode file for STMicroelectronics.X-CUBE-FREERTOS.1.3.0
2026-05-10 19:24:29,104 [WARN] PackLoader:240 - Cannot read IP mode file for STMicroelectronics.X-CUBE-NFC7.1.0.1
2026-05-10 19:24:29,108 [WARN] PackLoader:240 - Cannot read IP mode file for STMicroelectronics.X-CUBE-TOUCHGFX.4.26.0
2026-05-10 19:24:29,109 [WARN] PackLoader:240 - Cannot read IP mode file for STMicroelectronics.X-CUBE-TOUCHGFX.4.26.1
2026-05-10 19:24:29,112 [WARN] PackLoader:240 - Cannot read IP mode file for STMicroelectronics.FP-SNS-STAIOTCFT.1.0.0
2026-05-10 19:24:29,115 [WARN] PackLoader:240 - Cannot read IP mode file for STMicroelectronics.X-CUBE-DPower.1.3.0
2026-05-10 19:24:29,123 [WARN] ConditionMgr:438 - getConditionDescription Invalid condition id : LAN8742 Phy interface Condition cause : null
2026-05-10 19:24:29,123 [WARN] PackLoader:240 - Cannot read IP mode file for STMicroelectronics.X-CUBE-AZRTOS-L4.2.0.0
2026-05-10 19:24:29,124 [WARN] ConditionMgr:1044 - genDependencies : Invalid condition id : LAN8742 Phy interface Condition cause : null
2026-05-10 19:24:29,124 [WARN] ConditionMgr:1044 - genDependencies : Invalid condition id : LAN8742 Phy interface Condition cause : null
2026-05-10 19:24:29,124 [WARN] ConditionMgr:1044 - genDependencies : Invalid condition id : LAN8742 Phy interface Condition cause : null
2026-05-10 19:24:29,129 [WARN] PackLoader:240 - Cannot read IP mode file for STMicroelectronics.X-CUBE-SFXS2LP1.4.0.0
2026-05-10 19:24:29,132 [WARN] PackLoader:240 - Cannot read IP mode file for STMicroelectronics.X-CUBE-WB05N.2.1.0
2026-05-10 19:24:29,135 [ERROR] Engine:466 - C:\Users\salem\.stm32cubemx\thirdparties\pdsc\STMicroelectronics.X-CUBE-ST67W61.1.2.0.pdsc: PDSC version is not supported
2026-05-10 19:24:29,143 [WARN] PackLoader:240 - Cannot read IP mode file for STMicroelectronics.X-CUBE-AZRTOS-H7.3.3.0
2026-05-10 19:24:29,148 [WARN] PackLoader:240 - Cannot read IP mode file for STMicroelectronics.X-CUBE-BLEMGR.4.1.0
2026-05-10 19:24:29,154 [WARN] PackLoader:240 - Cannot read IP mode file for STMicroelectronics.X-CUBE-IPS.3.0.0
2026-05-10 19:24:29,162 [WARN] ConditionMgr:438 - getConditionDescription Invalid condition id : UX DEVICE CLASS RTOS Condition cause : null
2026-05-10 19:24:29,162 [WARN] ConditionMgr:438 - getConditionDescription Invalid condition id : UX DEVICE CLASS RTOS Condition cause : null
2026-05-10 19:24:29,163 [WARN] PackLoader:240 - Cannot read IP mode file for STMicroelectronics.X-CUBE-AZRTOS-WB.2.0.0
2026-05-10 19:24:29,163 [WARN] ConditionMgr:1044 - genDependencies : Invalid condition id : UX DEVICE CLASS RTOS Condition cause : null
2026-05-10 19:24:29,163 [WARN] ConditionMgr:1044 - genDependencies : Invalid condition id : UX DEVICE CLASS RTOS Condition cause : null
2026-05-10 19:24:29,163 [WARN] ConditionMgr:1044 - genDependencies : Invalid condition id : UX DEVICE CLASS RTOS Condition cause : null
2026-05-10 19:24:29,163 [WARN] ConditionMgr:1044 - genDependencies : Invalid condition id : UX DEVICE CLASS RTOS Condition cause : null
2026-05-10 19:24:29,163 [WARN] ConditionMgr:1044 - genDependencies : Invalid condition id : UX DEVICE CLASS RTOS Condition cause : null
2026-05-10 19:24:29,166 [WARN] PackLoader:240 - Cannot read IP mode file for STMicroelectronics.X-CUBE-GNSS1.7.0.0
2026-05-10 19:24:29,169 [WARN] PackLoader:240 - Cannot read IP mode file for STMicroelectronics.X-CUBE-GNSS1.7.0.1
2026-05-10 19:24:29,172 [WARN] PackLoader:240 - Cannot read IP mode file for STMicroelectronics.X-CUBE-TOUCHGFX.4.25.0
2026-05-10 19:24:29,176 [WARN] PackLoader:240 - Cannot read IP mode file for STMicroelectronics.FP-SNS-STBOX1.2.0.0
2026-05-10 19:24:29,178 [WARN] ConditionMgr:438 - getConditionDescription Invalid condition id : Cortex-A Device cause : null
2026-05-10 19:24:29,185 [WARN] ConditionMgr:1044 - genDependencies : Invalid condition id : Cortex-A Device cause : null
2026-05-10 19:24:29,186 [WARN] ConditionMgr:1044 - genDependencies : Invalid condition id : Cortex-A Device cause : null
2026-05-10 19:24:29,186 [WARN] ConditionMgr:1044 - genDependencies : Invalid condition id : Cortex-A Device cause : null
2026-05-10 19:24:29,190 [WARN] PackLoader:240 - Cannot read IP mode file for STMicroelectronics.X-CUBE-STSE01.2.0.0
2026-05-10 19:24:29,195 [WARN] PackLoader:240 - Cannot read IP mode file for STMicroelectronics.X-CUBE-SUBG2.5.0.0
2026-05-10 19:24:29,212 [WARN] PackLoader:240 - Cannot read IP mode file for STMicroelectronics.X-CUBE-AZRTOS-H7RS.1.1.0
2026-05-10 19:24:29,216 [WARN] PackLoader:240 - Cannot read IP mode file for Cesanta.I-CUBE-Mongoose.7.13.0
2026-05-10 19:24:29,225 [WARN] PackLoader:240 - Cannot read IP mode file for STMicroelectronics.X-CUBE-AZRTOS-G4.2.0.0
2026-05-10 19:24:29,231 [WARN] PackLoader:240 - Cannot read IP mode file for wolfSSL.I-CUBE-wolfSSH.1.4.20
2026-05-10 19:24:29,235 [WARN] PackLoader:240 - Cannot read IP mode file for STMicroelectronics.X-CUBE-NFC7.2.0.0
2026-05-10 19:24:29,242 [WARN] PackLoader:240 - Cannot read IP mode file for STMicroelectronics.X-CUBE-IPS.3.1.0
2026-05-10 19:24:29,254 [WARN] PackLoader:240 - Cannot read IP mode file for STMicroelectronics.X-CUBE-ALS.1.0.2
2026-05-10 19:24:29,257 [WARN] PackLoader:240 - Cannot read IP mode file for STMicroelectronics.X-CUBE-TOUCHGFX.4.24.2
2026-05-10 19:24:29,260 [WARN] PackLoader:240 - Cannot read IP mode file for STMicroelectronics.X-CUBE-TOUCHGFX.4.24.1
2026-05-10 19:24:29,265 [WARN] PackLoader:240 - Cannot read IP mode file for STMicroelectronics.X-CUBE-STSE01.1.0.0
2026-05-10 19:24:29,268 [WARN] PackLoader:240 - Cannot read IP mode file for wolfSSL.I-CUBE-wolfTPM.3.4.0
2026-05-10 19:24:29,273 [WARN] PackLoader:240 - Cannot read IP mode file for portGmbH.I-Cube-SoM-uGOAL.1.1.0
2026-05-10 19:24:29,285 [WARN] PackLoader:240 - Cannot read IP mode file for STMicroelectronics.X-CUBE-AZRTOS-H7RS.1.0.0
2026-05-10 19:24:29,291 [WARN] PackLoader:240 - Cannot read IP mode file for STMicroelectronics.X-CUBE-TOF1.3.4.2
2026-05-10 19:24:29,301 [WARN] PackLoader:240 - Cannot read IP mode file for STMicroelectronics.X-CUBE-TOF1.3.4.3
2026-05-10 19:24:29,308 [WARN] PackLoader:240 - Cannot read IP mode file for wolfSSL.I-CUBE-wolfSSH.1.4.17
2026-05-10 19:24:29,308 [INFO] ThirdParty:978 - Integrity check success = true
2026-05-10 19:24:29,308 [INFO] IntegrityCheckThread:100 - exiting critical section [integrity check]
2026-05-10 19:24:29,309 [INFO] IntegrityCheckThread:103 - End integrity checks thread
2026-05-10 19:24:29,916 [ERROR] LogOutputStream:75 - [STDERR_REDIRECT] [Fatal Error] :1:1: Premature end of file.
2026-05-10 19:24:29,916 [ERROR] LogOutputStream:75 - [STDERR_REDIRECT] 
2026-05-10 19:24:30,903 [ERROR] LogOutputStream:75 - [STDERR_REDIRECT] [Fatal Error] :1:1: Premature end of file.
2026-05-10 19:24:30,904 [ERROR] LogOutputStream:75 - [STDERR_REDIRECT] 
2026-05-10 19:24:31,908 [ERROR] LogOutputStream:75 - [STDERR_REDIRECT] [Fatal Error] :1:1: Premature end of file.
2026-05-10 19:24:31,908 [ERROR] LogOutputStream:75 - [STDERR_REDIRECT] 
2026-05-10 19:24:32,906 [ERROR] LogOutputStream:75 - [STDERR_REDIRECT] [Fatal Error] :1:1: Premature end of file.
2026-05-10 19:24:32,906 [ERROR] LogOutputStream:75 - [STDERR_REDIRECT] 
2026-05-10 19:24:33,918 [ERROR] LogOutputStream:75 - [STDERR_REDIRECT] [Fatal Error] :1:1: Premature end of file.
2026-05-10 19:24:33,918 [ERROR] LogOutputStream:75 - [STDERR_REDIRECT] 
2026-05-10 19:24:34,912 [ERROR] LogOutputStream:75 - [STDERR_REDIRECT] [Fatal Error] :1:1: Premature end of file.
2026-05-10 19:24:34,912 [ERROR] LogOutputStream:75 - [STDERR_REDIRECT] 
2026-05-10 19:24:35,907 [ERROR] LogOutputStream:75 - [STDERR_REDIRECT] [Fatal Error] :1:1: Premature end of file.
2026-05-10 19:24:35,907 [ERROR] LogOutputStream:75 - [STDERR_REDIRECT] 
2026-05-10 19:24:36,905 [ERROR] LogOutputStream:75 - [STDERR_REDIRECT] [Fatal Error] :1:1: Premature end of file.
2026-05-10 19:24:36,906 [ERROR] LogOutputStream:75 - [STDERR_REDIRECT] 
2026-05-10 19:24:37,894 [ERROR] LogOutputStream:75 - [STDERR_REDIRECT] [Fatal Error] :1:1: Premature end of file.
2026-05-10 19:24:37,894 [ERROR] LogOutputStream:75 - [STDERR_REDIRECT] 
2026-05-10 19:24:38,909 [ERROR] LogOutputStream:75 - [STDERR_REDIRECT] [Fatal Error] :1:1: Premature end of file.
2026-05-10 19:24:38,910 [ERROR] LogOutputStream:75 - [STDERR_REDIRECT] 
2026-05-10 19:24:39,912 [ERROR] LogOutputStream:75 - [STDERR_REDIRECT] [Fatal Error] :1:1: Premature end of file.
2026-05-10 19:24:39,912 [ERROR] LogOutputStream:75 - [STDERR_REDIRECT] 
2026-05-10 19:24:40,905 [ERROR] LogOutputStream:75 - [STDERR_REDIRECT] [Fatal Error] :1:1: Premature end of file.
2026-05-10 19:24:40,905 [ERROR] LogOutputStream:75 - [STDERR_REDIRECT] 
2026-05-10 19:24:41,911 [ERROR] LogOutputStream:75 - [STDERR_REDIRECT] [Fatal Error] :1:1: Premature end of file.
2026-05-10 19:24:41,912 [ERROR] LogOutputStream:75 - [STDERR_REDIRECT] 
2026-05-10 19:24:42,918 [ERROR] LogOutputStream:75 - [STDERR_REDIRECT] [Fatal Error] :1:1: Premature end of file.
2026-05-10 19:24:42,919 [ERROR] LogOutputStream:75 - [STDERR_REDIRECT] 
2026-05-10 19:24:43,914 [ERROR] LogOutputStream:75 - [STDERR_REDIRECT] [Fatal Error] :1:1: Premature end of file.
2026-05-10 19:24:43,915 [ERROR] LogOutputStream:75 - [STDERR_REDIRECT] 
2026-05-10 19:24:44,911 [ERROR] LogOutputStream:75 - [STDERR_REDIRECT] [Fatal Error] :1:1: Premature end of file.
2026-05-10 19:24:44,911 [ERROR] LogOutputStream:75 - [STDERR_REDIRECT] 
2026-05-10 19:24:45,909 [ERROR] LogOutputStream:75 - [STDERR_REDIRECT] [Fatal Error] :1:1: Premature end of file.
2026-05-10 19:24:45,910 [ERROR] LogOutputStream:75 - [STDERR_REDIRECT] 
2026-05-10 19:24:46,913 [ERROR] LogOutputStream:75 - [STDERR_REDIRECT] [Fatal Error] :1:1: Premature end of file.
2026-05-10 19:24:46,913 [ERROR] LogOutputStream:75 - [STDERR_REDIRECT] 
2026-05-10 19:24:47,914 [ERROR] LogOutputStream:75 - [STDERR_REDIRECT] [Fatal Error] :1:1: Premature end of file.
2026-05-10 19:24:47,914 [ERROR] LogOutputStream:75 - [STDERR_REDIRECT] 
2026-05-10 19:24:48,895 [ERROR] LogOutputStream:75 - [STDERR_REDIRECT] [Fatal Error] :1:1: Premature end of file.
2026-05-10 19:24:48,895 [ERROR] LogOutputStream:75 - [STDERR_REDIRECT] 
2026-05-10 19:24:49,894 [ERROR] LogOutputStream:75 - [STDERR_REDIRECT] [Fatal Error] :1:1: Premature end of file.
2026-05-10 19:24:49,894 [ERROR] LogOutputStream:75 - [STDERR_REDIRECT] 
2026-05-10 19:24:50,905 [ERROR] LogOutputStream:75 - [STDERR_REDIRECT] [Fatal Error] :1:1: Premature end of file.
2026-05-10 19:24:50,905 [ERROR] LogOutputStream:75 - [STDERR_REDIRECT] 
2026-05-10 19:24:51,900 [ERROR] LogOutputStream:75 - [STDERR_REDIRECT] [Fatal Error] :1:1: Premature end of file.
2026-05-10 19:24:51,901 [ERROR] LogOutputStream:75 - [STDERR_REDIRECT] 
2026-05-10 19:24:52,917 [ERROR] LogOutputStream:75 - [STDERR_REDIRECT] [Fatal Error] :1:1: Premature end of file.
2026-05-10 19:24:52,917 [ERROR] LogOutputStream:75 - [STDERR_REDIRECT] 
2026-05-10 19:24:53,905 [ERROR] LogOutputStream:75 - [STDERR_REDIRECT] [Fatal Error] :1:1: Premature end of file.
2026-05-10 19:24:53,905 [ERROR] LogOutputStream:75 - [STDERR_REDIRECT] 
2026-05-10 19:24:54,903 [ERROR] LogOutputStream:75 - [STDERR_REDIRECT] [Fatal Error] :1:1: Premature end of file.
2026-05-10 19:24:54,903 [ERROR] LogOutputStream:75 - [STDERR_REDIRECT] 
2026-05-10 19:24:55,917 [ERROR] LogOutputStream:75 - [STDERR_REDIRECT] [Fatal Error] :1:1: Premature end of file.
2026-05-10 19:24:55,917 [ERROR] LogOutputStream:75 - [STDERR_REDIRECT] 
2026-05-10 19:24:56,918 [ERROR] LogOutputStream:75 - [STDERR_REDIRECT] [Fatal Error] :1:1: Premature end of file.
2026-05-10 19:24:56,918 [ERROR] LogOutputStream:75 - [STDERR_REDIRECT] 
2026-05-10 19:24:57,917 [ERROR] LogOutputStream:75 - [STDERR_REDIRECT] [Fatal Error] :1:1: Premature end of file.
2026-05-10 19:24:57,918 [ERROR] LogOutputStream:75 - [STDERR_REDIRECT] 
2026-05-10 19:24:58,913 [ERROR] LogOutputStream:75 - [STDERR_REDIRECT] [Fatal Error] :1:1: Premature end of file.
2026-05-10 19:24:58,913 [ERROR] LogOutputStream:75 - [STDERR_REDIRECT] 
2026-05-10 19:24:59,903 [ERROR] LogOutputStream:75 - [STDERR_REDIRECT] [Fatal Error] :1:1: Premature end of file.
2026-05-10 19:24:59,903 [ERROR] LogOutputStream:75 - [STDERR_REDIRECT] 
2026-05-10 19:25:00,940 [ERROR] LogOutputStream:75 - [STDERR_REDIRECT] [Fatal Error] :1:1: Premature end of file.
2026-05-10 19:25:00,941 [ERROR] LogOutputStream:75 - [STDERR_REDIRECT] 
2026-05-10 19:25:01,892 [ERROR] LogOutputStream:75 - [STDERR_REDIRECT] [Fatal Error] :1:1: Premature end of file.
2026-05-10 19:25:01,892 [ERROR] LogOutputStream:75 - [STDERR_REDIRECT] 
2026-05-10 19:25:02,904 [ERROR] LogOutputStream:75 - [STDERR_REDIRECT] [Fatal Error] :1:1: Premature end of file.
2026-05-10 19:25:02,905 [ERROR] LogOutputStream:75 - [STDERR_REDIRECT] 
2026-05-10 19:25:03,916 [ERROR] LogOutputStream:75 - [STDERR_REDIRECT] [Fatal Error] :1:1: Premature end of file.
2026-05-10 19:25:03,916 [ERROR] LogOutputStream:75 - [STDERR_REDIRECT] 
2026-05-10 19:25:04,904 [ERROR] LogOutputStream:75 - [STDERR_REDIRECT] [Fatal Error] :1:1: Premature end of file.
2026-05-10 19:25:04,905 [ERROR] LogOutputStream:75 - [STDERR_REDIRECT] 
2026-05-10 19:25:05,915 [ERROR] LogOutputStream:75 - [STDERR_REDIRECT] [Fatal Error] :1:1: Premature end of file.
2026-05-10 19:25:05,915 [ERROR] LogOutputStream:75 - [STDERR_REDIRECT] 
2026-05-10 19:25:06,898 [ERROR] LogOutputStream:75 - [STDERR_REDIRECT] [Fatal Error] :1:1: Premature end of file.
2026-05-10 19:25:06,898 [ERROR] LogOutputStream:75 - [STDERR_REDIRECT] 
2026-05-10 19:25:07,910 [ERROR] LogOutputStream:75 - [STDERR_REDIRECT] [Fatal Error] :1:1: Premature end of file.
2026-05-10 19:25:07,911 [ERROR] LogOutputStream:75 - [STDERR_REDIRECT] 
2026-05-10 19:25:08,893 [ERROR] LogOutputStream:75 - [STDERR_REDIRECT] [Fatal Error] :1:1: Premature end of file.
2026-05-10 19:25:08,893 [ERROR] LogOutputStream:75 - [STDERR_REDIRECT] 
2026-05-10 19:25:09,905 [ERROR] LogOutputStream:75 - [STDERR_REDIRECT] [Fatal Error] :1:1: Premature end of file.
2026-05-10 19:25:09,905 [ERROR] LogOutputStream:75 - [STDERR_REDIRECT] 
2026-05-10 19:25:10,908 [ERROR] LogOutputStream:75 - [STDERR_REDIRECT] [Fatal Error] :1:1: Premature end of file.
2026-05-10 19:25:10,908 [ERROR] LogOutputStream:75 - [STDERR_REDIRECT] 
2026-05-10 19:25:11,893 [ERROR] LogOutputStream:75 - [STDERR_REDIRECT] [Fatal Error] :1:1: Premature end of file.
2026-05-10 19:25:11,950 [ERROR] LogOutputStream:75 - [STDERR_REDIRECT] 
2026-05-10 19:25:12,891 [ERROR] LogOutputStream:75 - [STDERR_REDIRECT] [Fatal Error] :1:1: Premature end of file.
2026-05-10 19:25:12,891 [ERROR] LogOutputStream:75 - [STDERR_REDIRECT] 
2026-05-10 19:25:13,907 [ERROR] LogOutputStream:75 - [STDERR_REDIRECT] [Fatal Error] :1:1: Premature end of file.
2026-05-10 19:25:13,907 [ERROR] LogOutputStream:75 - [STDERR_REDIRECT] 
2026-05-10 19:25:14,912 [ERROR] LogOutputStream:75 - [STDERR_REDIRECT] [Fatal Error] :1:1: Premature end of file.
2026-05-10 19:25:14,913 [ERROR] LogOutputStream:75 - [STDERR_REDIRECT] 
2026-05-10 19:25:15,892 [ERROR] LogOutputStream:75 - [STDERR_REDIRECT] [Fatal Error] :1:1: Premature end of file.
2026-05-10 19:25:15,892 [ERROR] LogOutputStream:75 - [STDERR_REDIRECT] 
2026-05-10 19:25:16,904 [ERROR] LogOutputStream:75 - [STDERR_REDIRECT] [Fatal Error] :1:1: Premature end of file.
2026-05-10 19:25:16,905 [ERROR] LogOutputStream:75 - [STDERR_REDIRECT] 
2026-05-10 19:25:17,913 [ERROR] LogOutputStream:75 - [STDERR_REDIRECT] [Fatal Error] :1:1: Premature end of file.
2026-05-10 19:25:17,913 [ERROR] LogOutputStream:75 - [STDERR_REDIRECT] 
2026-05-10 19:25:18,903 [ERROR] LogOutputStream:75 - [STDERR_REDIRECT] [Fatal Error] :1:1: Premature end of file.
2026-05-10 19:25:18,904 [ERROR] LogOutputStream:75 - [STDERR_REDIRECT] 
2026-05-10 19:25:19,913 [ERROR] LogOutputStream:75 - [STDERR_REDIRECT] [Fatal Error] :1:1: Premature end of file.
2026-05-10 19:25:19,913 [ERROR] LogOutputStream:75 - [STDERR_REDIRECT] 
2026-05-10 19:25:20,892 [ERROR] LogOutputStream:75 - [STDERR_REDIRECT] [Fatal Error] :1:1: Premature end of file.
2026-05-10 19:25:20,892 [ERROR] LogOutputStream:75 - [STDERR_REDIRECT] 
2026-05-10 19:25:21,893 [ERROR] LogOutputStream:75 - [STDERR_REDIRECT] [Fatal Error] :1:1: Premature end of file.
2026-05-10 19:25:21,893 [ERROR] LogOutputStream:75 - [STDERR_REDIRECT] 
2026-05-10 19:25:22,899 [ERROR] LogOutputStream:75 - [STDERR_REDIRECT] [Fatal Error] :1:1: Premature end of file.
2026-05-10 19:25:22,899 [ERROR] LogOutputStream:75 - [STDERR_REDIRECT] 
2026-05-10 19:25:23,908 [ERROR] LogOutputStream:75 - [STDERR_REDIRECT] [Fatal Error] :1:1: Premature end of file.
2026-05-10 19:25:23,908 [ERROR] LogOutputStream:75 - [STDERR_REDIRECT] 
2026-05-10 19:25:24,913 [ERROR] LogOutputStream:75 - [STDERR_REDIRECT] [Fatal Error] :1:1: Premature end of file.
2026-05-10 19:25:24,913 [ERROR] LogOutputStream:75 - [STDERR_REDIRECT] 
2026-05-10 19:25:25,895 [ERROR] LogOutputStream:75 - [STDERR_REDIRECT] [Fatal Error] :1:1: Premature end of file.
2026-05-10 19:25:25,895 [ERROR] LogOutputStream:75 - [STDERR_REDIRECT] 
2026-05-10 19:25:26,905 [ERROR] LogOutputStream:75 - [STDERR_REDIRECT] [Fatal Error] :1:1: Premature end of file.
2026-05-10 19:25:26,906 [ERROR] LogOutputStream:75 - [STDERR_REDIRECT] 
2026-05-10 19:25:27,909 [ERROR] LogOutputStream:75 - [STDERR_REDIRECT] [Fatal Error] :1:1: Premature end of file.
2026-05-10 19:25:27,909 [ERROR] LogOutputStream:75 - [STDERR_REDIRECT] 
2026-05-10 19:25:28,895 [ERROR] LogOutputStream:75 - [STDERR_REDIRECT] [Fatal Error] :1:1: Premature end of file.
2026-05-10 19:25:28,895 [ERROR] LogOutputStream:75 - [STDERR_REDIRECT] 
2026-05-10 19:25:29,905 [ERROR] LogOutputStream:75 - [STDERR_REDIRECT] [Fatal Error] :1:1: Premature end of file.
2026-05-10 19:25:29,905 [ERROR] LogOutputStream:75 - [STDERR_REDIRECT] 
2026-05-10 19:25:30,902 [ERROR] LogOutputStream:75 - [STDERR_REDIRECT] [Fatal Error] :1:1: Premature end of file.
2026-05-10 19:25:30,902 [ERROR] LogOutputStream:75 - [STDERR_REDIRECT] 
2026-05-10 19:25:31,906 [ERROR] LogOutputStream:75 - [STDERR_REDIRECT] [Fatal Error] :1:1: Premature end of file.
2026-05-10 19:25:31,906 [ERROR] LogOutputStream:75 - [STDERR_REDIRECT] 
2026-05-10 19:25:32,917 [ERROR] LogOutputStream:75 - [STDERR_REDIRECT] [Fatal Error] :1:1: Premature end of file.
2026-05-10 19:25:32,917 [ERROR] LogOutputStream:75 - [STDERR_REDIRECT] 
2026-05-10 19:25:33,921 [ERROR] LogOutputStream:75 - [STDERR_REDIRECT] [Fatal Error] :1:1: Premature end of file.
2026-05-10 19:25:33,921 [ERROR] LogOutputStream:75 - [STDERR_REDIRECT] 
2026-05-10 19:25:34,912 [ERROR] LogOutputStream:75 - [STDERR_REDIRECT] [Fatal Error] :1:1: Premature end of file.
2026-05-10 19:25:34,912 [ERROR] LogOutputStream:75 - [STDERR_REDIRECT] 
2026-05-10 19:25:35,912 [ERROR] LogOutputStream:75 - [STDERR_REDIRECT] [Fatal Error] :1:1: Premature end of file.
2026-05-10 19:25:35,913 [ERROR] LogOutputStream:75 - [STDERR_REDIRECT] 
2026-05-10 19:25:36,922 [ERROR] LogOutputStream:75 - [STDERR_REDIRECT] [Fatal Error] :1:1: Premature end of file.
2026-05-10 19:25:36,922 [ERROR] LogOutputStream:75 - [STDERR_REDIRECT] 
2026-05-10 19:25:37,916 [ERROR] LogOutputStream:75 - [STDERR_REDIRECT] [Fatal Error] :1:1: Premature end of file.
2026-05-10 19:25:37,917 [ERROR] LogOutputStream:75 - [STDERR_REDIRECT] 
2026-05-10 19:25:38,892 [ERROR] LogOutputStream:75 - [STDERR_REDIRECT] [Fatal Error] :1:1: Premature end of file.
2026-05-10 19:25:38,892 [ERROR] LogOutputStream:75 - [STDERR_REDIRECT] 
2026-05-10 19:25:39,911 [ERROR] LogOutputStream:75 - [STDERR_REDIRECT] [Fatal Error] :1:1: Premature end of file.
2026-05-10 19:25:39,911 [ERROR] LogOutputStream:75 - [STDERR_REDIRECT] 
2026-05-10 19:25:40,909 [ERROR] LogOutputStream:75 - [STDERR_REDIRECT] [Fatal Error] :1:1: Premature end of file.
2026-05-10 19:25:40,909 [ERROR] LogOutputStream:75 - [STDERR_REDIRECT] 
2026-05-10 19:25:41,918 [ERROR] LogOutputStream:75 - [STDERR_REDIRECT] [Fatal Error] :1:1: Premature end of file.
2026-05-10 19:25:41,918 [ERROR] LogOutputStream:75 - [STDERR_REDIRECT] 
2026-05-10 19:25:42,909 [ERROR] LogOutputStream:75 - [STDERR_REDIRECT] [Fatal Error] :1:1: Premature end of file.
2026-05-10 19:25:42,909 [ERROR] LogOutputStream:75 - [STDERR_REDIRECT] 
2026-05-10 19:25:43,918 [ERROR] LogOutputStream:75 - [STDERR_REDIRECT] [Fatal Error] :1:1: Premature end of file.
2026-05-10 19:25:43,918 [ERROR] LogOutputStream:75 - [STDERR_REDIRECT] 
2026-05-10 19:25:44,913 [ERROR] LogOutputStream:75 - [STDERR_REDIRECT] [Fatal Error] :1:1: Premature end of file.
2026-05-10 19:25:44,913 [ERROR] LogOutputStream:75 - [STDERR_REDIRECT] 
2026-05-10 19:25:45,901 [ERROR] LogOutputStream:75 - [STDERR_REDIRECT] [Fatal Error] :1:1: Premature end of file.
2026-05-10 19:25:45,901 [ERROR] LogOutputStream:75 - [STDERR_REDIRECT] 
2026-05-10 19:25:46,895 [ERROR] LogOutputStream:75 - [STDERR_REDIRECT] [Fatal Error] :1:1: Premature end of file.
2026-05-10 19:25:46,895 [ERROR] LogOutputStream:75 - [STDERR_REDIRECT] 
2026-05-10 19:25:47,919 [ERROR] LogOutputStream:75 - [STDERR_REDIRECT] [Fatal Error] :1:1: Premature end of file.
2026-05-10 19:25:47,920 [ERROR] LogOutputStream:75 - [STDERR_REDIRECT] 
2026-05-10 19:25:48,902 [ERROR] LogOutputStream:75 - [STDERR_REDIRECT] [Fatal Error] :1:1: Premature end of file.
2026-05-10 19:25:48,902 [ERROR] LogOutputStream:75 - [STDERR_REDIRECT] 
2026-05-10 19:25:49,902 [ERROR] LogOutputStream:75 - [STDERR_REDIRECT] [Fatal Error] :1:1: Premature end of file.
2026-05-10 19:25:49,902 [ERROR] LogOutputStream:75 - [STDERR_REDIRECT] 
2026-05-10 19:25:50,899 [ERROR] LogOutputStream:75 - [STDERR_REDIRECT] [Fatal Error] :1:1: Premature end of file.
2026-05-10 19:25:50,899 [ERROR] LogOutputStream:75 - [STDERR_REDIRECT] 
2026-05-10 19:25:51,901 [ERROR] LogOutputStream:75 - [STDERR_REDIRECT] [Fatal Error] :1:1: Premature end of file.
2026-05-10 19:25:51,901 [ERROR] LogOutputStream:75 - [STDERR_REDIRECT] 
2026-05-10 19:25:52,918 [ERROR] LogOutputStream:75 - [STDERR_REDIRECT] [Fatal Error] :1:1: Premature end of file.
2026-05-10 19:25:52,918 [ERROR] LogOutputStream:75 - [STDERR_REDIRECT] 
2026-05-10 19:25:53,918 [ERROR] LogOutputStream:75 - [STDERR_REDIRECT] [Fatal Error] :1:1: Premature end of file.
2026-05-10 19:25:53,918 [ERROR] LogOutputStream:75 - [STDERR_REDIRECT] 
2026-05-10 19:25:54,908 [ERROR] LogOutputStream:75 - [STDERR_REDIRECT] [Fatal Error] :1:1: Premature end of file.
2026-05-10 19:25:54,909 [ERROR] LogOutputStream:75 - [STDERR_REDIRECT] 
2026-05-10 19:25:55,897 [ERROR] LogOutputStream:75 - [STDERR_REDIRECT] [Fatal Error] :1:1: Premature end of file.
2026-05-10 19:25:55,898 [ERROR] LogOutputStream:75 - [STDERR_REDIRECT] 
2026-05-10 19:25:56,917 [ERROR] LogOutputStream:75 - [STDERR_REDIRECT] [Fatal Error] :1:1: Premature end of file.
2026-05-10 19:25:56,917 [ERROR] LogOutputStream:75 - [STDERR_REDIRECT] 
2026-05-10 19:25:57,908 [ERROR] LogOutputStream:75 - [STDERR_REDIRECT] [Fatal Error] :1:1: Premature end of file.
2026-05-10 19:25:57,909 [ERROR] LogOutputStream:75 - [STDERR_REDIRECT] 
2026-05-10 19:25:58,905 [ERROR] LogOutputStream:75 - [STDERR_REDIRECT] [Fatal Error] :1:1: Premature end of file.
2026-05-10 19:25:58,905 [ERROR] LogOutputStream:75 - [STDERR_REDIRECT] 
2026-05-10 19:25:59,907 [ERROR] LogOutputStream:75 - [STDERR_REDIRECT] [Fatal Error] :1:1: Premature end of file.
2026-05-10 19:25:59,907 [ERROR] LogOutputStream:75 - [STDERR_REDIRECT] 
2026-05-10 19:26:00,914 [ERROR] LogOutputStream:75 - [STDERR_REDIRECT] [Fatal Error] :1:1: Premature end of file.
2026-05-10 19:26:00,915 [ERROR] LogOutputStream:75 - [STDERR_REDIRECT] 
2026-05-10 19:26:01,904 [ERROR] LogOutputStream:75 - [STDERR_REDIRECT] [Fatal Error] :1:1: Premature end of file.
2026-05-10 19:26:01,904 [ERROR] LogOutputStream:75 - [STDERR_REDIRECT] 
2026-05-10 19:26:02,895 [ERROR] LogOutputStream:75 - [STDERR_REDIRECT] [Fatal Error] :1:1: Premature end of file.
2026-05-10 19:26:02,895 [ERROR] LogOutputStream:75 - [STDERR_REDIRECT] 
2026-05-10 19:26:03,893 [ERROR] LogOutputStream:75 - [STDERR_REDIRECT] [Fatal Error] :1:1: Premature end of file.
2026-05-10 19:26:03,894 [ERROR] LogOutputStream:75 - [STDERR_REDIRECT] 
2026-05-10 19:26:04,893 [ERROR] LogOutputStream:75 - [STDERR_REDIRECT] [Fatal Error] :1:1: Premature end of file.
2026-05-10 19:26:04,893 [ERROR] LogOutputStream:75 - [STDERR_REDIRECT] 
2026-05-10 19:26:05,890 [ERROR] LogOutputStream:75 - [STDERR_REDIRECT] [Fatal Error] :1:1: Premature end of file.
2026-05-10 19:26:05,890 [ERROR] LogOutputStream:75 - [STDERR_REDIRECT] 
2026-05-10 19:26:06,894 [ERROR] LogOutputStream:75 - [STDERR_REDIRECT] [Fatal Error] :1:1: Premature end of file.
2026-05-10 19:26:06,895 [ERROR] LogOutputStream:75 - [STDERR_REDIRECT] 
2026-05-10 19:26:07,891 [ERROR] LogOutputStream:75 - [STDERR_REDIRECT] [Fatal Error] :1:1: Premature end of file.
2026-05-10 19:26:07,891 [ERROR] LogOutputStream:75 - [STDERR_REDIRECT] 
2026-05-10 19:26:08,894 [ERROR] LogOutputStream:75 - [STDERR_REDIRECT] [Fatal Error] :1:1: Premature end of file.
2026-05-10 19:26:08,894 [ERROR] LogOutputStream:75 - [STDERR_REDIRECT] 
2026-05-10 19:26:09,924 [ERROR] LogOutputStream:75 - [STDERR_REDIRECT] [Fatal Error] :1:1: Premature end of file.
2026-05-10 19:26:09,924 [ERROR] LogOutputStream:75 - [STDERR_REDIRECT] 
2026-05-10 19:26:10,911 [ERROR] LogOutputStream:75 - [STDERR_REDIRECT] [Fatal Error] :1:1: Premature end of file.
2026-05-10 19:26:10,911 [ERROR] LogOutputStream:75 - [STDERR_REDIRECT] 
2026-05-10 19:26:11,914 [ERROR] LogOutputStream:75 - [STDERR_REDIRECT] [Fatal Error] :1:1: Premature end of file.
2026-05-10 19:26:11,914 [ERROR] LogOutputStream:75 - [STDERR_REDIRECT] 
2026-05-10 19:26:12,911 [ERROR] LogOutputStream:75 - [STDERR_REDIRECT] [Fatal Error] :1:1: Premature end of file.
2026-05-10 19:26:12,911 [ERROR] LogOutputStream:75 - [STDERR_REDIRECT] 
2026-05-10 19:26:13,905 [ERROR] LogOutputStream:75 - [STDERR_REDIRECT] [Fatal Error] :1:1: Premature end of file.
2026-05-10 19:26:13,905 [ERROR] LogOutputStream:75 - [STDERR_REDIRECT] 
2026-05-10 19:26:14,915 [ERROR] LogOutputStream:75 - [STDERR_REDIRECT] [Fatal Error] :1:1: Premature end of file.
2026-05-10 19:26:14,916 [ERROR] LogOutputStream:75 - [STDERR_REDIRECT] 
2026-05-10 19:26:15,912 [ERROR] LogOutputStream:75 - [STDERR_REDIRECT] [Fatal Error] :1:1: Premature end of file.
2026-05-10 19:26:15,912 [ERROR] LogOutputStream:75 - [STDERR_REDIRECT] 
2026-05-10 19:26:16,904 [ERROR] LogOutputStream:75 - [STDERR_REDIRECT] [Fatal Error] :1:1: Premature end of file.
2026-05-10 19:26:16,904 [ERROR] LogOutputStream:75 - [STDERR_REDIRECT] 
2026-05-10 19:26:17,912 [ERROR] LogOutputStream:75 - [STDERR_REDIRECT] [Fatal Error] :1:1: Premature end of file.
2026-05-10 19:26:17,912 [ERROR] LogOutputStream:75 - [STDERR_REDIRECT] 
2026-05-10 19:26:18,912 [ERROR] LogOutputStream:75 - [STDERR_REDIRECT] [Fatal Error] :1:1: Premature end of file.
2026-05-10 19:26:18,913 [ERROR] LogOutputStream:75 - [STDERR_REDIRECT] 
2026-05-10 19:26:19,909 [ERROR] LogOutputStream:75 - [STDERR_REDIRECT] [Fatal Error] :1:1: Premature end of file.
2026-05-10 19:26:19,909 [ERROR] LogOutputStream:75 - [STDERR_REDIRECT] 
2026-05-10 19:26:20,912 [ERROR] LogOutputStream:75 - [STDERR_REDIRECT] [Fatal Error] :1:1: Premature end of file.
2026-05-10 19:26:20,913 [ERROR] LogOutputStream:75 - [STDERR_REDIRECT] 
2026-05-10 19:26:21,905 [ERROR] LogOutputStream:75 - [STDERR_REDIRECT] [Fatal Error] :1:1: Premature end of file.
2026-05-10 19:26:21,905 [ERROR] LogOutputStream:75 - [STDERR_REDIRECT] 
2026-05-10 19:26:22,914 [ERROR] LogOutputStream:75 - [STDERR_REDIRECT] [Fatal Error] :1:1: Premature end of file.
2026-05-10 19:26:22,914 [ERROR] LogOutputStream:75 - [STDERR_REDIRECT] 
2026-05-10 19:26:23,902 [ERROR] LogOutputStream:75 - [STDERR_REDIRECT] [Fatal Error] :1:1: Premature end of file.
2026-05-10 19:26:23,902 [ERROR] LogOutputStream:75 - [STDERR_REDIRECT] 
2026-05-10 19:26:24,929 [ERROR] LogOutputStream:75 - [STDERR_REDIRECT] [Fatal Error] :1:1: Premature end of file.
2026-05-10 19:26:24,929 [ERROR] LogOutputStream:75 - [STDERR_REDIRECT] 
2026-05-10 19:26:25,916 [ERROR] LogOutputStream:75 - [STDERR_REDIRECT] [Fatal Error] :1:1: Premature end of file.
2026-05-10 19:26:25,917 [ERROR] LogOutputStream:75 - [STDERR_REDIRECT] 
2026-05-10 19:26:26,912 [ERROR] LogOutputStream:75 - [STDERR_REDIRECT] [Fatal Error] :1:1: Premature end of file.
2026-05-10 19:26:26,912 [ERROR] LogOutputStream:75 - [STDERR_REDIRECT] 
2026-05-10 19:26:27,894 [ERROR] LogOutputStream:75 - [STDERR_REDIRECT] [Fatal Error] :1:1: Premature end of file.
2026-05-10 19:26:27,894 [ERROR] LogOutputStream:75 - [STDERR_REDIRECT] 
2026-05-10 19:26:28,895 [ERROR] LogOutputStream:75 - [STDERR_REDIRECT] [Fatal Error] :1:1: Premature end of file.
2026-05-10 19:26:28,896 [ERROR] LogOutputStream:75 - [STDERR_REDIRECT] 
2026-05-10 19:26:29,923 [ERROR] LogOutputStream:75 - [STDERR_REDIRECT] [Fatal Error] :1:1: Premature end of file.
2026-05-10 19:26:29,923 [ERROR] LogOutputStream:75 - [STDERR_REDIRECT] 
2026-05-10 19:26:30,926 [ERROR] LogOutputStream:75 - [STDERR_REDIRECT] [Fatal Error] :1:1: Premature end of file.
2026-05-10 19:26:30,927 [ERROR] LogOutputStream:75 - [STDERR_REDIRECT] 
2026-05-10 19:26:31,913 [ERROR] LogOutputStream:75 - [STDERR_REDIRECT] [Fatal Error] :1:1: Premature end of file.
2026-05-10 19:26:31,913 [ERROR] LogOutputStream:75 - [STDERR_REDIRECT] 
2026-05-10 19:26:32,923 [ERROR] LogOutputStream:75 - [STDERR_REDIRECT] [Fatal Error] :1:1: Premature end of file.
2026-05-10 19:26:32,923 [ERROR] LogOutputStream:75 - [STDERR_REDIRECT] 
2026-05-10 19:26:33,912 [ERROR] LogOutputStream:75 - [STDERR_REDIRECT] [Fatal Error] :1:1: Premature end of file.
2026-05-10 19:26:33,913 [ERROR] LogOutputStream:75 - [STDERR_REDIRECT] 
2026-05-10 19:26:34,910 [ERROR] LogOutputStream:75 - [STDERR_REDIRECT] [Fatal Error] :1:1: Premature end of file.
2026-05-10 19:26:34,911 [ERROR] LogOutputStream:75 - [STDERR_REDIRECT] 
2026-05-10 19:26:35,912 [ERROR] LogOutputStream:75 - [STDERR_REDIRECT] [Fatal Error] :1:1: Premature end of file.
2026-05-10 19:26:35,912 [ERROR] LogOutputStream:75 - [STDERR_REDIRECT] 
2026-05-10 19:26:36,915 [ERROR] LogOutputStream:75 - [STDERR_REDIRECT] [Fatal Error] :1:1: Premature end of file.
2026-05-10 19:26:36,916 [ERROR] LogOutputStream:75 - [STDERR_REDIRECT] 
2026-05-10 19:26:37,914 [ERROR] LogOutputStream:75 - [STDERR_REDIRECT] [Fatal Error] :1:1: Premature end of file.
2026-05-10 19:26:37,914 [ERROR] LogOutputStream:75 - [STDERR_REDIRECT] 
2026-05-10 19:26:38,924 [ERROR] LogOutputStream:75 - [STDERR_REDIRECT] [Fatal Error] :1:1: Premature end of file.
2026-05-10 19:26:38,924 [ERROR] LogOutputStream:75 - [STDERR_REDIRECT] 
2026-05-10 19:26:39,917 [ERROR] LogOutputStream:75 - [STDERR_REDIRECT] [Fatal Error] :1:1: Premature end of file.
2026-05-10 19:26:39,917 [ERROR] LogOutputStream:75 - [STDERR_REDIRECT] 
2026-05-10 19:26:40,917 [ERROR] LogOutputStream:75 - [STDERR_REDIRECT] [Fatal Error] :1:1: Premature end of file.
2026-05-10 19:26:40,917 [ERROR] LogOutputStream:75 - [STDERR_REDIRECT] 
2026-05-10 19:26:41,908 [ERROR] LogOutputStream:75 - [STDERR_REDIRECT] [Fatal Error] :1:1: Premature end of file.
2026-05-10 19:26:41,909 [ERROR] LogOutputStream:75 - [STDERR_REDIRECT] 
2026-05-10 19:26:42,917 [ERROR] LogOutputStream:75 - [STDERR_REDIRECT] [Fatal Error] :1:1: Premature end of file.
2026-05-10 19:26:42,918 [ERROR] LogOutputStream:75 - [STDERR_REDIRECT] 
2026-05-10 19:26:43,917 [ERROR] LogOutputStream:75 - [STDERR_REDIRECT] [Fatal Error] :1:1: Premature end of file.
2026-05-10 19:26:43,917 [ERROR] LogOutputStream:75 - [STDERR_REDIRECT] 
2026-05-10 19:26:44,913 [ERROR] LogOutputStream:75 - [STDERR_REDIRECT] [Fatal Error] :1:1: Premature end of file.
2026-05-10 19:26:44,913 [ERROR] LogOutputStream:75 - [STDERR_REDIRECT] 
2026-05-10 19:26:45,909 [ERROR] LogOutputStream:75 - [STDERR_REDIRECT] [Fatal Error] :1:1: Premature end of file.
2026-05-10 19:26:45,910 [ERROR] LogOutputStream:75 - [STDERR_REDIRECT] 
2026-05-10 19:26:46,910 [ERROR] LogOutputStream:75 - [STDERR_REDIRECT] [Fatal Error] :1:1: Premature end of file.
2026-05-10 19:26:46,910 [ERROR] LogOutputStream:75 - [STDERR_REDIRECT] 
2026-05-10 19:26:47,920 [ERROR] LogOutputStream:75 - [STDERR_REDIRECT] [Fatal Error] :1:1: Premature end of file.
2026-05-10 19:26:47,920 [ERROR] LogOutputStream:75 - [STDERR_REDIRECT] 
2026-05-10 19:26:48,908 [ERROR] LogOutputStream:75 - [STDERR_REDIRECT] [Fatal Error] :1:1: Premature end of file.
2026-05-10 19:26:48,909 [ERROR] LogOutputStream:75 - [STDERR_REDIRECT] 
2026-05-10 19:26:49,919 [ERROR] LogOutputStream:75 - [STDERR_REDIRECT] [Fatal Error] :1:1: Premature end of file.
2026-05-10 19:26:49,919 [ERROR] LogOutputStream:75 - [STDERR_REDIRECT] 
2026-05-10 19:26:50,932 [ERROR] LogOutputStream:75 - [STDERR_REDIRECT] [Fatal Error] :1:1: Premature end of file.
2026-05-10 19:26:50,932 [ERROR] LogOutputStream:75 - [STDERR_REDIRECT] 
2026-05-10 19:26:51,914 [ERROR] LogOutputStream:75 - [STDERR_REDIRECT] [Fatal Error] :1:1: Premature end of file.
2026-05-10 19:26:51,914 [ERROR] LogOutputStream:75 - [STDERR_REDIRECT] 
2026-05-10 19:26:52,916 [ERROR] LogOutputStream:75 - [STDERR_REDIRECT] [Fatal Error] :1:1: Premature end of file.
2026-05-10 19:26:52,917 [ERROR] LogOutputStream:75 - [STDERR_REDIRECT] 
2026-05-10 19:26:53,891 [ERROR] LogOutputStream:75 - [STDERR_REDIRECT] [Fatal Error] :1:1: Premature end of file.
2026-05-10 19:26:53,891 [ERROR] LogOutputStream:75 - [STDERR_REDIRECT] 
2026-05-10 19:26:54,911 [ERROR] LogOutputStream:75 - [STDERR_REDIRECT] [Fatal Error] :1:1: Premature end of file.
2026-05-10 19:26:54,912 [ERROR] LogOutputStream:75 - [STDERR_REDIRECT] 
2026-05-10 19:26:55,910 [ERROR] LogOutputStream:75 - [STDERR_REDIRECT] [Fatal Error] :1:1: Premature end of file.
2026-05-10 19:26:55,910 [ERROR] LogOutputStream:75 - [STDERR_REDIRECT] 
2026-05-10 19:26:56,915 [ERROR] LogOutputStream:75 - [STDERR_REDIRECT] [Fatal Error] :1:1: Premature end of file.
2026-05-10 19:26:56,915 [ERROR] LogOutputStream:75 - [STDERR_REDIRECT] 
2026-05-10 19:26:57,912 [ERROR] LogOutputStream:75 - [STDERR_REDIRECT] [Fatal Error] :1:1: Premature end of file.
2026-05-10 19:26:57,912 [ERROR] LogOutputStream:75 - [STDERR_REDIRECT] 
2026-05-10 19:26:58,927 [ERROR] LogOutputStream:75 - [STDERR_REDIRECT] [Fatal Error] :1:1: Premature end of file.
2026-05-10 19:26:58,928 [ERROR] LogOutputStream:75 - [STDERR_REDIRECT] 
2026-05-10 19:26:59,918 [ERROR] LogOutputStream:75 - [STDERR_REDIRECT] [Fatal Error] :1:1: Premature end of file.
2026-05-10 19:26:59,918 [ERROR] LogOutputStream:75 - [STDERR_REDIRECT] 
2026-05-10 19:27:00,919 [ERROR] LogOutputStream:75 - [STDERR_REDIRECT] [Fatal Error] :1:1: Premature end of file.
2026-05-10 19:27:00,920 [ERROR] LogOutputStream:75 - [STDERR_REDIRECT] 
2026-05-10 19:27:01,906 [ERROR] LogOutputStream:75 - [STDERR_REDIRECT] [Fatal Error] :1:1: Premature end of file.
2026-05-10 19:27:01,906 [ERROR] LogOutputStream:75 - [STDERR_REDIRECT] 
2026-05-10 19:27:02,894 [ERROR] LogOutputStream:75 - [STDERR_REDIRECT] [Fatal Error] :1:1: Premature end of file.
2026-05-10 19:27:02,894 [ERROR] LogOutputStream:75 - [STDERR_REDIRECT] 
2026-05-10 19:27:03,906 [ERROR] LogOutputStream:75 - [STDERR_REDIRECT] [Fatal Error] :1:1: Premature end of file.
2026-05-10 19:27:03,906 [ERROR] LogOutputStream:75 - [STDERR_REDIRECT] 
2026-05-10 19:27:04,908 [ERROR] LogOutputStream:75 - [STDERR_REDIRECT] [Fatal Error] :1:1: Premature end of file.
2026-05-10 19:27:04,908 [ERROR] LogOutputStream:75 - [STDERR_REDIRECT] 
2026-05-10 19:27:05,899 [ERROR] LogOutputStream:75 - [STDERR_REDIRECT] [Fatal Error] :1:1: Premature end of file.
2026-05-10 19:27:05,900 [ERROR] LogOutputStream:75 - [STDERR_REDIRECT] 
2026-05-10 19:27:06,906 [ERROR] LogOutputStream:75 - [STDERR_REDIRECT] [Fatal Error] :1:1: Premature end of file.
2026-05-10 19:27:06,907 [ERROR] LogOutputStream:75 - [STDERR_REDIRECT] 
2026-05-10 19:27:07,910 [ERROR] LogOutputStream:75 - [STDERR_REDIRECT] [Fatal Error] :1:1: Premature end of file.
2026-05-10 19:27:07,910 [ERROR] LogOutputStream:75 - [STDERR_REDIRECT] 
2026-05-10 19:27:08,909 [ERROR] LogOutputStream:75 - [STDERR_REDIRECT] [Fatal Error] :1:1: Premature end of file.
2026-05-10 19:27:08,909 [ERROR] LogOutputStream:75 - [STDERR_REDIRECT] 
2026-05-10 19:27:09,902 [ERROR] LogOutputStream:75 - [STDERR_REDIRECT] [Fatal Error] :1:1: Premature end of file.
2026-05-10 19:27:09,903 [ERROR] LogOutputStream:75 - [STDERR_REDIRECT] 
2026-05-10 19:27:10,896 [ERROR] LogOutputStream:75 - [STDERR_REDIRECT] [Fatal Error] :1:1: Premature end of file.
2026-05-10 19:27:10,896 [ERROR] LogOutputStream:75 - [STDERR_REDIRECT] 
2026-05-10 19:27:11,905 [ERROR] LogOutputStream:75 - [STDERR_REDIRECT] [Fatal Error] :1:1: Premature end of file.
2026-05-10 19:27:11,905 [ERROR] LogOutputStream:75 - [STDERR_REDIRECT] 
2026-05-10 19:27:12,912 [ERROR] LogOutputStream:75 - [STDERR_REDIRECT] [Fatal Error] :1:1: Premature end of file.
2026-05-10 19:27:12,913 [ERROR] LogOutputStream:75 - [STDERR_REDIRECT] 
2026-05-10 19:27:13,896 [ERROR] LogOutputStream:75 - [STDERR_REDIRECT] [Fatal Error] :1:1: Premature end of file.
2026-05-10 19:27:13,896 [ERROR] LogOutputStream:75 - [STDERR_REDIRECT] 
2026-05-10 19:27:14,917 [ERROR] LogOutputStream:75 - [STDERR_REDIRECT] [Fatal Error] :1:1: Premature end of file.
2026-05-10 19:27:14,917 [ERROR] LogOutputStream:75 - [STDERR_REDIRECT] 
2026-05-10 19:27:15,923 [ERROR] LogOutputStream:75 - [STDERR_REDIRECT] [Fatal Error] :1:1: Premature end of file.
2026-05-10 19:27:15,923 [ERROR] LogOutputStream:75 - [STDERR_REDIRECT] 
2026-05-10 19:27:16,933 [ERROR] LogOutputStream:75 - [STDERR_REDIRECT] [Fatal Error] :1:1: Premature end of file.
2026-05-10 19:27:16,934 [ERROR] LogOutputStream:75 - [STDERR_REDIRECT] 
2026-05-10 19:27:17,912 [ERROR] LogOutputStream:75 - [STDERR_REDIRECT] [Fatal Error] :1:1: Premature end of file.
2026-05-10 19:27:17,912 [ERROR] LogOutputStream:75 - [STDERR_REDIRECT] 
2026-05-10 19:27:18,917 [ERROR] LogOutputStream:75 - [STDERR_REDIRECT] [Fatal Error] :1:1: Premature end of file.
2026-05-10 19:27:18,917 [ERROR] LogOutputStream:75 - [STDERR_REDIRECT] 
2026-05-10 19:27:19,911 [ERROR] LogOutputStream:75 - [STDERR_REDIRECT] [Fatal Error] :1:1: Premature end of file.
2026-05-10 19:27:19,911 [ERROR] LogOutputStream:75 - [STDERR_REDIRECT] 
2026-05-10 19:27:20,910 [ERROR] LogOutputStream:75 - [STDERR_REDIRECT] [Fatal Error] :1:1: Premature end of file.
2026-05-10 19:27:20,910 [ERROR] LogOutputStream:75 - [STDERR_REDIRECT] 
2026-05-10 19:27:21,911 [ERROR] LogOutputStream:75 - [STDERR_REDIRECT] [Fatal Error] :1:1: Premature end of file.
2026-05-10 19:27:21,911 [ERROR] LogOutputStream:75 - [STDERR_REDIRECT] 
2026-05-10 19:27:22,911 [ERROR] LogOutputStream:75 - [STDERR_REDIRECT] [Fatal Error] :1:1: Premature end of file.
2026-05-10 19:27:22,911 [ERROR] LogOutputStream:75 - [STDERR_REDIRECT] 
2026-05-10 19:27:23,919 [ERROR] LogOutputStream:75 - [STDERR_REDIRECT] [Fatal Error] :1:1: Premature end of file.
2026-05-10 19:27:23,919 [ERROR] LogOutputStream:75 - [STDERR_REDIRECT] 
2026-05-10 19:27:24,917 [ERROR] LogOutputStream:75 - [STDERR_REDIRECT] [Fatal Error] :1:1: Premature end of file.
2026-05-10 19:27:24,917 [ERROR] LogOutputStream:75 - [STDERR_REDIRECT] 
2026-05-10 19:27:25,911 [ERROR] LogOutputStream:75 - [STDERR_REDIRECT] [Fatal Error] :1:1: Premature end of file.
2026-05-10 19:27:25,911 [ERROR] LogOutputStream:75 - [STDERR_REDIRECT] 
2026-05-10 19:27:26,914 [ERROR] LogOutputStream:75 - [STDERR_REDIRECT] [Fatal Error] :1:1: Premature end of file.
2026-05-10 19:27:26,914 [ERROR] LogOutputStream:75 - [STDERR_REDIRECT] 
2026-05-10 19:27:27,909 [ERROR] LogOutputStream:75 - [STDERR_REDIRECT] [Fatal Error] :1:1: Premature end of file.
2026-05-10 19:27:27,909 [ERROR] LogOutputStream:75 - [STDERR_REDIRECT] 
2026-05-10 19:27:28,911 [ERROR] LogOutputStream:75 - [STDERR_REDIRECT] [Fatal Error] :1:1: Premature end of file.
2026-05-10 19:27:28,911 [ERROR] LogOutputStream:75 - [STDERR_REDIRECT] 
2026-05-10 19:27:29,917 [ERROR] LogOutputStream:75 - [STDERR_REDIRECT] [Fatal Error] :1:1: Premature end of file.
2026-05-10 19:27:29,918 [ERROR] LogOutputStream:75 - [STDERR_REDIRECT] 
2026-05-10 19:27:30,911 [ERROR] LogOutputStream:75 - [STDERR_REDIRECT] [Fatal Error] :1:1: Premature end of file.
2026-05-10 19:27:30,912 [ERROR] LogOutputStream:75 - [STDERR_REDIRECT] 
2026-05-10 19:27:31,908 [ERROR] LogOutputStream:75 - [STDERR_REDIRECT] [Fatal Error] :1:1: Premature end of file.
2026-05-10 19:27:31,908 [ERROR] LogOutputStream:75 - [STDERR_REDIRECT] 
2026-05-10 19:27:32,921 [ERROR] LogOutputStream:75 - [STDERR_REDIRECT] [Fatal Error] :1:1: Premature end of file.
2026-05-10 19:27:32,921 [ERROR] LogOutputStream:75 - [STDERR_REDIRECT] 
2026-05-10 19:27:33,901 [ERROR] LogOutputStream:75 - [STDERR_REDIRECT] [Fatal Error] :1:1: Premature end of file.
2026-05-10 19:27:33,901 [ERROR] LogOutputStream:75 - [STDERR_REDIRECT] 
2026-05-10 19:27:34,912 [ERROR] LogOutputStream:75 - [STDERR_REDIRECT] [Fatal Error] :1:1: Premature end of file.
2026-05-10 19:27:34,913 [ERROR] LogOutputStream:75 - [STDERR_REDIRECT] 
2026-05-10 19:27:35,915 [ERROR] LogOutputStream:75 - [STDERR_REDIRECT] [Fatal Error] :1:1: Premature end of file.
2026-05-10 19:27:35,915 [ERROR] LogOutputStream:75 - [STDERR_REDIRECT] 
2026-05-10 19:27:36,915 [ERROR] LogOutputStream:75 - [STDERR_REDIRECT] [Fatal Error] :1:1: Premature end of file.
2026-05-10 19:27:36,915 [ERROR] LogOutputStream:75 - [STDERR_REDIRECT] 
2026-05-10 19:27:37,909 [ERROR] LogOutputStream:75 - [STDERR_REDIRECT] [Fatal Error] :1:1: Premature end of file.
2026-05-10 19:27:37,909 [ERROR] LogOutputStream:75 - [STDERR_REDIRECT] 
2026-05-10 19:27:38,920 [ERROR] LogOutputStream:75 - [STDERR_REDIRECT] [Fatal Error] :1:1: Premature end of file.
2026-05-10 19:27:38,920 [ERROR] LogOutputStream:75 - [STDERR_REDIRECT] 
2026-05-10 19:27:39,905 [ERROR] LogOutputStream:75 - [STDERR_REDIRECT] [Fatal Error] :1:1: Premature end of file.
2026-05-10 19:27:39,905 [ERROR] LogOutputStream:75 - [STDERR_REDIRECT] 
2026-05-10 19:27:40,910 [ERROR] LogOutputStream:75 - [STDERR_REDIRECT] [Fatal Error] :1:1: Premature end of file.
2026-05-10 19:27:40,910 [ERROR] LogOutputStream:75 - [STDERR_REDIRECT] 
2026-05-10 19:27:41,912 [ERROR] LogOutputStream:75 - [STDERR_REDIRECT] [Fatal Error] :1:1: Premature end of file.
2026-05-10 19:27:41,912 [ERROR] LogOutputStream:75 - [STDERR_REDIRECT] 
2026-05-10 19:27:42,909 [ERROR] LogOutputStream:75 - [STDERR_REDIRECT] [Fatal Error] :1:1: Premature end of file.
2026-05-10 19:27:42,909 [ERROR] LogOutputStream:75 - [STDERR_REDIRECT] 
2026-05-10 19:27:43,914 [ERROR] LogOutputStream:75 - [STDERR_REDIRECT] [Fatal Error] :1:1: Premature end of file.
2026-05-10 19:27:43,915 [ERROR] LogOutputStream:75 - [STDERR_REDIRECT] 
2026-05-10 19:27:44,916 [ERROR] LogOutputStream:75 - [STDERR_REDIRECT] [Fatal Error] :1:1: Premature end of file.
2026-05-10 19:27:44,916 [ERROR] LogOutputStream:75 - [STDERR_REDIRECT] 
2026-05-10 19:27:45,913 [ERROR] LogOutputStream:75 - [STDERR_REDIRECT] [Fatal Error] :1:1: Premature end of file.
2026-05-10 19:27:45,913 [ERROR] LogOutputStream:75 - [STDERR_REDIRECT] 
2026-05-10 19:27:46,931 [ERROR] LogOutputStream:75 - [STDERR_REDIRECT] [Fatal Error] :1:1: Premature end of file.
2026-05-10 19:27:46,931 [ERROR] LogOutputStream:75 - [STDERR_REDIRECT] 
2026-05-10 19:27:47,908 [ERROR] LogOutputStream:75 - [STDERR_REDIRECT] [Fatal Error] :1:1: Premature end of file.
2026-05-10 19:27:47,909 [ERROR] LogOutputStream:75 - [STDERR_REDIRECT] 
2026-05-10 19:27:48,913 [ERROR] LogOutputStream:75 - [STDERR_REDIRECT] [Fatal Error] :1:1: Premature end of file.
2026-05-10 19:27:48,913 [ERROR] LogOutputStream:75 - [STDERR_REDIRECT] 
2026-05-10 19:27:49,915 [ERROR] LogOutputStream:75 - [STDERR_REDIRECT] [Fatal Error] :1:1: Premature end of file.
2026-05-10 19:27:49,915 [ERROR] LogOutputStream:75 - [STDERR_REDIRECT] 
2026-05-10 19:27:50,907 [ERROR] LogOutputStream:75 - [STDERR_REDIRECT] [Fatal Error] :1:1: Premature end of file.
2026-05-10 19:27:50,907 [ERROR] LogOutputStream:75 - [STDERR_REDIRECT] 
2026-05-10 19:27:51,915 [ERROR] LogOutputStream:75 - [STDERR_REDIRECT] [Fatal Error] :1:1: Premature end of file.
2026-05-10 19:27:51,915 [ERROR] LogOutputStream:75 - [STDERR_REDIRECT] 
2026-05-10 19:27:52,896 [ERROR] LogOutputStream:75 - [STDERR_REDIRECT] [Fatal Error] :1:1: Premature end of file.
2026-05-10 19:27:52,897 [ERROR] LogOutputStream:75 - [STDERR_REDIRECT] 
2026-05-10 19:27:53,908 [ERROR] LogOutputStream:75 - [STDERR_REDIRECT] [Fatal Error] :1:1: Premature end of file.
2026-05-10 19:27:53,908 [ERROR] LogOutputStream:75 - [STDERR_REDIRECT] 
2026-05-10 19:27:54,926 [ERROR] LogOutputStream:75 - [STDERR_REDIRECT] [Fatal Error] :1:1: Premature end of file.
2026-05-10 19:27:54,926 [ERROR] LogOutputStream:75 - [STDERR_REDIRECT] 
2026-05-10 19:27:55,910 [ERROR] LogOutputStream:75 - [STDERR_REDIRECT] [Fatal Error] :1:1: Premature end of file.
2026-05-10 19:27:55,911 [ERROR] LogOutputStream:75 - [STDERR_REDIRECT] 
2026-05-10 19:27:56,901 [ERROR] LogOutputStream:75 - [STDERR_REDIRECT] [Fatal Error] :1:1: Premature end of file.
2026-05-10 19:27:56,901 [ERROR] LogOutputStream:75 - [STDERR_REDIRECT] 
2026-05-10 19:27:57,914 [ERROR] LogOutputStream:75 - [STDERR_REDIRECT] [Fatal Error] :1:1: Premature end of file.
2026-05-10 19:27:57,914 [ERROR] LogOutputStream:75 - [STDERR_REDIRECT] 
2026-05-10 19:27:58,908 [ERROR] LogOutputStream:75 - [STDERR_REDIRECT] [Fatal Error] :1:1: Premature end of file.
2026-05-10 19:27:58,908 [ERROR] LogOutputStream:75 - [STDERR_REDIRECT] 
2026-05-10 19:27:59,908 [ERROR] LogOutputStream:75 - [STDERR_REDIRECT] [Fatal Error] :1:1: Premature end of file.
2026-05-10 19:27:59,908 [ERROR] LogOutputStream:75 - [STDERR_REDIRECT] 
2026-05-10 19:28:00,940 [ERROR] LogOutputStream:75 - [STDERR_REDIRECT] [Fatal Error] :1:1: Premature end of file.
2026-05-10 19:28:00,941 [ERROR] LogOutputStream:75 - [STDERR_REDIRECT] 
2026-05-10 19:28:01,907 [ERROR] LogOutputStream:75 - [STDERR_REDIRECT] [Fatal Error] :1:1: Premature end of file.
2026-05-10 19:28:01,907 [ERROR] LogOutputStream:75 - [STDERR_REDIRECT] 
2026-05-10 19:28:02,902 [ERROR] LogOutputStream:75 - [STDERR_REDIRECT] [Fatal Error] :1:1: Premature end of file.
2026-05-10 19:28:02,903 [ERROR] LogOutputStream:75 - [STDERR_REDIRECT] 
2026-05-10 19:28:03,913 [ERROR] LogOutputStream:75 - [STDERR_REDIRECT] [Fatal Error] :1:1: Premature end of file.
2026-05-10 19:28:03,913 [ERROR] LogOutputStream:75 - [STDERR_REDIRECT] 
2026-05-10 19:28:04,908 [ERROR] LogOutputStream:75 - [STDERR_REDIRECT] [Fatal Error] :1:1: Premature end of file.
2026-05-10 19:28:04,908 [ERROR] LogOutputStream:75 - [STDERR_REDIRECT] 
2026-05-10 19:28:05,911 [ERROR] LogOutputStream:75 - [STDERR_REDIRECT] [Fatal Error] :1:1: Premature end of file.
2026-05-10 19:28:05,911 [ERROR] LogOutputStream:75 - [STDERR_REDIRECT] 
2026-05-10 19:28:06,918 [ERROR] LogOutputStream:75 - [STDERR_REDIRECT] [Fatal Error] :1:1: Premature end of file.
2026-05-10 19:28:06,918 [ERROR] LogOutputStream:75 - [STDERR_REDIRECT] 
2026-05-10 19:28:07,911 [ERROR] LogOutputStream:75 - [STDERR_REDIRECT] [Fatal Error] :1:1: Premature end of file.
2026-05-10 19:28:07,912 [ERROR] LogOutputStream:75 - [STDERR_REDIRECT] 
2026-05-10 19:28:08,917 [ERROR] LogOutputStream:75 - [STDERR_REDIRECT] [Fatal Error] :1:1: Premature end of file.
2026-05-10 19:28:08,917 [ERROR] LogOutputStream:75 - [STDERR_REDIRECT] 
2026-05-10 19:28:09,912 [ERROR] LogOutputStream:75 - [STDERR_REDIRECT] [Fatal Error] :1:1: Premature end of file.
2026-05-10 19:28:09,912 [ERROR] LogOutputStream:75 - [STDERR_REDIRECT] 
2026-05-10 19:28:10,925 [ERROR] LogOutputStream:75 - [STDERR_REDIRECT] [Fatal Error] :1:1: Premature end of file.
2026-05-10 19:28:10,925 [ERROR] LogOutputStream:75 - [STDERR_REDIRECT] 
2026-05-10 19:28:11,917 [ERROR] LogOutputStream:75 - [STDERR_REDIRECT] [Fatal Error] :1:1: Premature end of file.
2026-05-10 19:28:11,917 [ERROR] LogOutputStream:75 - [STDERR_REDIRECT] 
2026-05-10 19:28:12,911 [ERROR] LogOutputStream:75 - [STDERR_REDIRECT] [Fatal Error] :1:1: Premature end of file.
2026-05-10 19:28:12,911 [ERROR] LogOutputStream:75 - [STDERR_REDIRECT] 
2026-05-10 19:28:13,894 [ERROR] LogOutputStream:75 - [STDERR_REDIRECT] [Fatal Error] :1:1: Premature end of file.
2026-05-10 19:28:13,895 [ERROR] LogOutputStream:75 - [STDERR_REDIRECT] 
2026-05-10 19:28:14,919 [ERROR] LogOutputStream:75 - [STDERR_REDIRECT] [Fatal Error] :1:1: Premature end of file.
2026-05-10 19:28:14,919 [ERROR] LogOutputStream:75 - [STDERR_REDIRECT] 
2026-05-10 19:28:15,903 [ERROR] LogOutputStream:75 - [STDERR_REDIRECT] [Fatal Error] :1:1: Premature end of file.
2026-05-10 19:28:15,903 [ERROR] LogOutputStream:75 - [STDERR_REDIRECT] 
2026-05-10 19:28:16,911 [ERROR] LogOutputStream:75 - [STDERR_REDIRECT] [Fatal Error] :1:1: Premature end of file.
2026-05-10 19:28:16,911 [ERROR] LogOutputStream:75 - [STDERR_REDIRECT] 
2026-05-10 19:28:17,912 [ERROR] LogOutputStream:75 - [STDERR_REDIRECT] [Fatal Error] :1:1: Premature end of file.
2026-05-10 19:28:17,912 [ERROR] LogOutputStream:75 - [STDERR_REDIRECT] 
2026-05-10 19:28:18,919 [ERROR] LogOutputStream:75 - [STDERR_REDIRECT] [Fatal Error] :1:1: Premature end of file.
2026-05-10 19:28:18,919 [ERROR] LogOutputStream:75 - [STDERR_REDIRECT] 
2026-05-10 19:28:19,909 [ERROR] LogOutputStream:75 - [STDERR_REDIRECT] [Fatal Error] :1:1: Premature end of file.
2026-05-10 19:28:19,909 [ERROR] LogOutputStream:75 - [STDERR_REDIRECT] 
2026-05-10 19:28:20,911 [ERROR] LogOutputStream:75 - [STDERR_REDIRECT] [Fatal Error] :1:1: Premature end of file.
2026-05-10 19:28:20,911 [ERROR] LogOutputStream:75 - [STDERR_REDIRECT] 
2026-05-10 19:28:21,909 [ERROR] LogOutputStream:75 - [STDERR_REDIRECT] [Fatal Error] :1:1: Premature end of file.
2026-05-10 19:28:21,909 [ERROR] LogOutputStream:75 - [STDERR_REDIRECT] 
2026-05-10 19:28:22,892 [ERROR] LogOutputStream:75 - [STDERR_REDIRECT] [Fatal Error] :1:1: Premature end of file.
2026-05-10 19:28:22,893 [ERROR] LogOutputStream:75 - [STDERR_REDIRECT] 
2026-05-10 19:28:23,905 [ERROR] LogOutputStream:75 - [STDERR_REDIRECT] [Fatal Error] :1:1: Premature end of file.
2026-05-10 19:28:23,906 [ERROR] LogOutputStream:75 - [STDERR_REDIRECT] 
2026-05-10 19:28:24,908 [ERROR] LogOutputStream:75 - [STDERR_REDIRECT] [Fatal Error] :1:1: Premature end of file.
2026-05-10 19:28:24,908 [ERROR] LogOutputStream:75 - [STDERR_REDIRECT] 
2026-05-10 19:28:25,907 [ERROR] LogOutputStream:75 - [STDERR_REDIRECT] [Fatal Error] :1:1: Premature end of file.
2026-05-10 19:28:25,907 [ERROR] LogOutputStream:75 - [STDERR_REDIRECT] 
2026-05-10 19:28:26,916 [ERROR] LogOutputStream:75 - [STDERR_REDIRECT] [Fatal Error] :1:1: Premature end of file.
2026-05-10 19:28:26,916 [ERROR] LogOutputStream:75 - [STDERR_REDIRECT] 
2026-05-10 19:28:27,909 [ERROR] LogOutputStream:75 - [STDERR_REDIRECT] [Fatal Error] :1:1: Premature end of file.
2026-05-10 19:28:27,909 [ERROR] LogOutputStream:75 - [STDERR_REDIRECT] 
2026-05-10 19:28:28,910 [ERROR] LogOutputStream:75 - [STDERR_REDIRECT] [Fatal Error] :1:1: Premature end of file.
2026-05-10 19:28:28,910 [ERROR] LogOutputStream:75 - [STDERR_REDIRECT] 
2026-05-10 19:28:29,907 [ERROR] LogOutputStream:75 - [STDERR_REDIRECT] [Fatal Error] :1:1: Premature end of file.
2026-05-10 19:28:29,907 [ERROR] LogOutputStream:75 - [STDERR_REDIRECT] 
2026-05-10 19:28:30,910 [ERROR] LogOutputStream:75 - [STDERR_REDIRECT] [Fatal Error] :1:1: Premature end of file.
2026-05-10 19:28:30,910 [ERROR] LogOutputStream:75 - [STDERR_REDIRECT] 
2026-05-10 19:28:31,912 [ERROR] LogOutputStream:75 - [STDERR_REDIRECT] [Fatal Error] :1:1: Premature end of file.
2026-05-10 19:28:31,912 [ERROR] LogOutputStream:75 - [STDERR_REDIRECT] 
2026-05-10 19:28:32,905 [ERROR] LogOutputStream:75 - [STDERR_REDIRECT] [Fatal Error] :1:1: Premature end of file.
2026-05-10 19:28:32,905 [ERROR] LogOutputStream:75 - [STDERR_REDIRECT] 
2026-05-10 19:28:33,915 [ERROR] LogOutputStream:75 - [STDERR_REDIRECT] [Fatal Error] :1:1: Premature end of file.
2026-05-10 19:28:33,915 [ERROR] LogOutputStream:75 - [STDERR_REDIRECT] 
2026-05-10 19:28:34,904 [ERROR] LogOutputStream:75 - [STDERR_REDIRECT] [Fatal Error] :1:1: Premature end of file.
2026-05-10 19:28:34,904 [ERROR] LogOutputStream:75 - [STDERR_REDIRECT] 
2026-05-10 19:28:35,914 [ERROR] LogOutputStream:75 - [STDERR_REDIRECT] [Fatal Error] :1:1: Premature end of file.
2026-05-10 19:28:35,914 [ERROR] LogOutputStream:75 - [STDERR_REDIRECT] 
2026-05-10 19:28:36,921 [ERROR] LogOutputStream:75 - [STDERR_REDIRECT] [Fatal Error] :1:1: Premature end of file.
2026-05-10 19:28:36,921 [ERROR] LogOutputStream:75 - [STDERR_REDIRECT] 
2026-05-10 19:28:37,899 [ERROR] LogOutputStream:75 - [STDERR_REDIRECT] [Fatal Error] :1:1: Premature end of file.
2026-05-10 19:28:37,900 [ERROR] LogOutputStream:75 - [STDERR_REDIRECT] 
2026-05-10 19:28:38,914 [ERROR] LogOutputStream:75 - [STDERR_REDIRECT] [Fatal Error] :1:1: Premature end of file.
2026-05-10 19:28:38,915 [ERROR] LogOutputStream:75 - [STDERR_REDIRECT] 
2026-05-10 19:28:39,909 [ERROR] LogOutputStream:75 - [STDERR_REDIRECT] [Fatal Error] :1:1: Premature end of file.
2026-05-10 19:28:39,909 [ERROR] LogOutputStream:75 - [STDERR_REDIRECT] 
2026-05-10 19:28:40,913 [ERROR] LogOutputStream:75 - [STDERR_REDIRECT] [Fatal Error] :1:1: Premature end of file.
2026-05-10 19:28:40,914 [ERROR] LogOutputStream:75 - [STDERR_REDIRECT] 
2026-05-10 19:28:41,909 [ERROR] LogOutputStream:75 - [STDERR_REDIRECT] [Fatal Error] :1:1: Premature end of file.
2026-05-10 19:28:41,909 [ERROR] LogOutputStream:75 - [STDERR_REDIRECT] 
2026-05-10 19:28:42,910 [ERROR] LogOutputStream:75 - [STDERR_REDIRECT] [Fatal Error] :1:1: Premature end of file.
2026-05-10 19:28:42,910 [ERROR] LogOutputStream:75 - [STDERR_REDIRECT] 
2026-05-10 19:28:43,894 [ERROR] LogOutputStream:75 - [STDERR_REDIRECT] [Fatal Error] :1:1: Premature end of file.
2026-05-10 19:28:43,894 [ERROR] LogOutputStream:75 - [STDERR_REDIRECT] 
2026-05-10 19:28:44,921 [ERROR] LogOutputStream:75 - [STDERR_REDIRECT] [Fatal Error] :1:1: Premature end of file.
2026-05-10 19:28:44,921 [ERROR] LogOutputStream:75 - [STDERR_REDIRECT] 
2026-05-10 19:28:45,920 [ERROR] LogOutputStream:75 - [STDERR_REDIRECT] [Fatal Error] :1:1: Premature end of file.
2026-05-10 19:28:45,920 [ERROR] LogOutputStream:75 - [STDERR_REDIRECT] 
2026-05-10 19:28:46,910 [ERROR] LogOutputStream:75 - [STDERR_REDIRECT] [Fatal Error] :1:1: Premature end of file.
2026-05-10 19:28:46,910 [ERROR] LogOutputStream:75 - [STDERR_REDIRECT] 
2026-05-10 19:28:47,911 [ERROR] LogOutputStream:75 - [STDERR_REDIRECT] [Fatal Error] :1:1: Premature end of file.
2026-05-10 19:28:47,911 [ERROR] LogOutputStream:75 - [STDERR_REDIRECT] 
2026-05-10 19:28:48,908 [ERROR] LogOutputStream:75 - [STDERR_REDIRECT] [Fatal Error] :1:1: Premature end of file.
2026-05-10 19:28:48,908 [ERROR] LogOutputStream:75 - [STDERR_REDIRECT] 
2026-05-10 19:28:49,904 [ERROR] LogOutputStream:75 - [STDERR_REDIRECT] [Fatal Error] :1:1: Premature end of file.
2026-05-10 19:28:49,905 [ERROR] LogOutputStream:75 - [STDERR_REDIRECT] 
2026-05-10 19:28:50,903 [ERROR] LogOutputStream:75 - [STDERR_REDIRECT] [Fatal Error] :1:1: Premature end of file.
2026-05-10 19:28:50,904 [ERROR] LogOutputStream:75 - [STDERR_REDIRECT] 
2026-05-10 19:28:51,909 [ERROR] LogOutputStream:75 - [STDERR_REDIRECT] [Fatal Error] :1:1: Premature end of file.
2026-05-10 19:28:51,909 [ERROR] LogOutputStream:75 - [STDERR_REDIRECT] 
2026-05-10 19:28:52,914 [ERROR] LogOutputStream:75 - [STDERR_REDIRECT] [Fatal Error] :1:1: Premature end of file.
2026-05-10 19:28:52,914 [ERROR] LogOutputStream:75 - [STDERR_REDIRECT] 
2026-05-10 19:28:53,917 [ERROR] LogOutputStream:75 - [STDERR_REDIRECT] [Fatal Error] :1:1: Premature end of file.
2026-05-10 19:28:53,917 [ERROR] LogOutputStream:75 - [STDERR_REDIRECT] 
2026-05-10 19:28:54,901 [ERROR] LogOutputStream:75 - [STDERR_REDIRECT] [Fatal Error] :1:1: Premature end of file.
2026-05-10 19:28:54,901 [ERROR] LogOutputStream:75 - [STDERR_REDIRECT] 
2026-05-10 19:28:55,917 [ERROR] LogOutputStream:75 - [STDERR_REDIRECT] [Fatal Error] :1:1: Premature end of file.
2026-05-10 19:28:55,918 [ERROR] LogOutputStream:75 - [STDERR_REDIRECT] 
2026-05-10 19:28:56,904 [ERROR] LogOutputStream:75 - [STDERR_REDIRECT] [Fatal Error] :1:1: Premature end of file.
2026-05-10 19:28:56,905 [ERROR] LogOutputStream:75 - [STDERR_REDIRECT] 
2026-05-10 19:28:57,910 [ERROR] LogOutputStream:75 - [STDERR_REDIRECT] [Fatal Error] :1:1: Premature end of file.
2026-05-10 19:28:57,911 [ERROR] LogOutputStream:75 - [STDERR_REDIRECT] 
2026-05-10 19:28:58,917 [ERROR] LogOutputStream:75 - [STDERR_REDIRECT] [Fatal Error] :1:1: Premature end of file.
2026-05-10 19:28:58,917 [ERROR] LogOutputStream:75 - [STDERR_REDIRECT] 
2026-05-10 19:28:59,914 [ERROR] LogOutputStream:75 - [STDERR_REDIRECT] [Fatal Error] :1:1: Premature end of file.
2026-05-10 19:28:59,914 [ERROR] LogOutputStream:75 - [STDERR_REDIRECT] 
2026-05-10 19:29:00,899 [ERROR] LogOutputStream:75 - [STDERR_REDIRECT] [Fatal Error] :1:1: Premature end of file.
2026-05-10 19:29:00,900 [ERROR] LogOutputStream:75 - [STDERR_REDIRECT] 
2026-05-10 19:29:01,918 [ERROR] LogOutputStream:75 - [STDERR_REDIRECT] [Fatal Error] :1:1: Premature end of file.
2026-05-10 19:29:01,918 [ERROR] LogOutputStream:75 - [STDERR_REDIRECT] 
2026-05-10 19:29:02,910 [ERROR] LogOutputStream:75 - [STDERR_REDIRECT] [Fatal Error] :1:1: Premature end of file.
2026-05-10 19:29:02,910 [ERROR] LogOutputStream:75 - [STDERR_REDIRECT] 
2026-05-10 19:29:03,909 [ERROR] LogOutputStream:75 - [STDERR_REDIRECT] [Fatal Error] :1:1: Premature end of file.
2026-05-10 19:29:03,910 [ERROR] LogOutputStream:75 - [STDERR_REDIRECT] 
2026-05-10 19:29:04,909 [ERROR] LogOutputStream:75 - [STDERR_REDIRECT] [Fatal Error] :1:1: Premature end of file.
2026-05-10 19:29:04,909 [ERROR] LogOutputStream:75 - [STDERR_REDIRECT] 
2026-05-10 19:29:05,912 [ERROR] LogOutputStream:75 - [STDERR_REDIRECT] [Fatal Error] :1:1: Premature end of file.
2026-05-10 19:29:05,912 [ERROR] LogOutputStream:75 - [STDERR_REDIRECT] 
2026-05-10 19:29:06,924 [ERROR] LogOutputStream:75 - [STDERR_REDIRECT] [Fatal Error] :1:1: Premature end of file.
2026-05-10 19:29:06,925 [ERROR] LogOutputStream:75 - [STDERR_REDIRECT] 
2026-05-10 19:29:07,918 [ERROR] LogOutputStream:75 - [STDERR_REDIRECT] [Fatal Error] :1:1: Premature end of file.
2026-05-10 19:29:07,918 [ERROR] LogOutputStream:75 - [STDERR_REDIRECT] 
2026-05-10 19:29:08,914 [ERROR] LogOutputStream:75 - [STDERR_REDIRECT] [Fatal Error] :1:1: Premature end of file.
2026-05-10 19:29:08,914 [ERROR] LogOutputStream:75 - [STDERR_REDIRECT] 
2026-05-10 19:29:09,912 [ERROR] LogOutputStream:75 - [STDERR_REDIRECT] [Fatal Error] :1:1: Premature end of file.
2026-05-10 19:29:09,912 [ERROR] LogOutputStream:75 - [STDERR_REDIRECT] 
2026-05-10 19:29:10,921 [ERROR] LogOutputStream:75 - [STDERR_REDIRECT] [Fatal Error] :1:1: Premature end of file.
2026-05-10 19:29:10,922 [ERROR] LogOutputStream:75 - [STDERR_REDIRECT] 
2026-05-10 19:29:11,905 [ERROR] LogOutputStream:75 - [STDERR_REDIRECT] [Fatal Error] :1:1: Premature end of file.
2026-05-10 19:29:11,905 [ERROR] LogOutputStream:75 - [STDERR_REDIRECT] 
2026-05-10 19:29:12,893 [ERROR] LogOutputStream:75 - [STDERR_REDIRECT] [Fatal Error] :1:1: Premature end of file.
2026-05-10 19:29:12,893 [ERROR] LogOutputStream:75 - [STDERR_REDIRECT] 
2026-05-10 19:29:13,910 [ERROR] LogOutputStream:75 - [STDERR_REDIRECT] [Fatal Error] :1:1: Premature end of file.
2026-05-10 19:29:13,910 [ERROR] LogOutputStream:75 - [STDERR_REDIRECT] 
2026-05-10 19:29:14,908 [ERROR] LogOutputStream:75 - [STDERR_REDIRECT] [Fatal Error] :1:1: Premature end of file.
2026-05-10 19:29:14,908 [ERROR] LogOutputStream:75 - [STDERR_REDIRECT] 
2026-05-10 19:29:15,901 [ERROR] LogOutputStream:75 - [STDERR_REDIRECT] [Fatal Error] :1:1: Premature end of file.
2026-05-10 19:29:15,901 [ERROR] LogOutputStream:75 - [STDERR_REDIRECT] 
2026-05-10 19:29:16,915 [ERROR] LogOutputStream:75 - [STDERR_REDIRECT] [Fatal Error] :1:1: Premature end of file.
2026-05-10 19:29:16,915 [ERROR] LogOutputStream:75 - [STDERR_REDIRECT] 
2026-05-10 19:29:17,896 [ERROR] LogOutputStream:75 - [STDERR_REDIRECT] [Fatal Error] :1:1: Premature end of file.
2026-05-10 19:29:17,896 [ERROR] LogOutputStream:75 - [STDERR_REDIRECT] 
2026-05-10 19:29:18,894 [ERROR] LogOutputStream:75 - [STDERR_REDIRECT] [Fatal Error] :1:1: Premature end of file.
2026-05-10 19:29:18,894 [ERROR] LogOutputStream:75 - [STDERR_REDIRECT] 
2026-05-10 19:29:19,899 [ERROR] LogOutputStream:75 - [STDERR_REDIRECT] [Fatal Error] :1:1: Premature end of file.
2026-05-10 19:29:19,900 [ERROR] LogOutputStream:75 - [STDERR_REDIRECT] 
2026-05-10 19:29:20,896 [ERROR] LogOutputStream:75 - [STDERR_REDIRECT] [Fatal Error] :1:1: Premature end of file.
2026-05-10 19:29:20,897 [ERROR] LogOutputStream:75 - [STDERR_REDIRECT] 
2026-05-10 19:29:21,905 [ERROR] LogOutputStream:75 - [STDERR_REDIRECT] [Fatal Error] :1:1: Premature end of file.
2026-05-10 19:29:21,906 [ERROR] LogOutputStream:75 - [STDERR_REDIRECT] 
2026-05-10 19:29:22,893 [ERROR] LogOutputStream:75 - [STDERR_REDIRECT] [Fatal Error] :1:1: Premature end of file.
2026-05-10 19:29:22,895 [ERROR] LogOutputStream:75 - [STDERR_REDIRECT] 
2026-05-10 19:29:23,912 [ERROR] LogOutputStream:75 - [STDERR_REDIRECT] [Fatal Error] :1:1: Premature end of file.
2026-05-10 19:29:23,913 [ERROR] LogOutputStream:75 - [STDERR_REDIRECT] 
2026-05-10 19:29:24,923 [ERROR] LogOutputStream:75 - [STDERR_REDIRECT] [Fatal Error] :1:1: Premature end of file.
2026-05-10 19:29:24,923 [ERROR] LogOutputStream:75 - [STDERR_REDIRECT] 
2026-05-10 19:29:25,912 [ERROR] LogOutputStream:75 - [STDERR_REDIRECT] [Fatal Error] :1:1: Premature end of file.
2026-05-10 19:29:25,912 [ERROR] LogOutputStream:75 - [STDERR_REDIRECT] 
2026-05-10 19:29:26,921 [ERROR] LogOutputStream:75 - [STDERR_REDIRECT] [Fatal Error] :1:1: Premature end of file.
2026-05-10 19:29:26,922 [ERROR] LogOutputStream:75 - [STDERR_REDIRECT] 
2026-05-10 19:29:27,893 [ERROR] LogOutputStream:75 - [STDERR_REDIRECT] [Fatal Error] :1:1: Premature end of file.
2026-05-10 19:29:27,894 [ERROR] LogOutputStream:75 - [STDERR_REDIRECT] 
2026-05-10 19:29:28,902 [ERROR] LogOutputStream:75 - [STDERR_REDIRECT] [Fatal Error] :1:1: Premature end of file.
2026-05-10 19:29:28,902 [ERROR] LogOutputStream:75 - [STDERR_REDIRECT] 
2026-05-10 19:29:29,912 [ERROR] LogOutputStream:75 - [STDERR_REDIRECT] [Fatal Error] :1:1: Premature end of file.
2026-05-10 19:29:29,912 [ERROR] LogOutputStream:75 - [STDERR_REDIRECT] 
2026-05-10 19:29:30,914 [ERROR] LogOutputStream:75 - [STDERR_REDIRECT] [Fatal Error] :1:1: Premature end of file.
2026-05-10 19:29:30,914 [ERROR] LogOutputStream:75 - [STDERR_REDIRECT] 
2026-05-10 19:29:31,911 [ERROR] LogOutputStream:75 - [STDERR_REDIRECT] [Fatal Error] :1:1: Premature end of file.
2026-05-10 19:29:31,912 [ERROR] LogOutputStream:75 - [STDERR_REDIRECT] 
2026-05-10 19:29:32,892 [ERROR] LogOutputStream:75 - [STDERR_REDIRECT] [Fatal Error] :1:1: Premature end of file.
2026-05-10 19:29:32,892 [ERROR] LogOutputStream:75 - [STDERR_REDIRECT] 
2026-05-10 19:29:33,914 [ERROR] LogOutputStream:75 - [STDERR_REDIRECT] [Fatal Error] :1:1: Premature end of file.
2026-05-10 19:29:33,914 [ERROR] LogOutputStream:75 - [STDERR_REDIRECT] 
2026-05-10 19:29:34,911 [ERROR] LogOutputStream:75 - [STDERR_REDIRECT] [Fatal Error] :1:1: Premature end of file.
2026-05-10 19:29:34,911 [ERROR] LogOutputStream:75 - [STDERR_REDIRECT] 
2026-05-10 19:29:35,906 [ERROR] LogOutputStream:75 - [STDERR_REDIRECT] [Fatal Error] :1:1: Premature end of file.
2026-05-10 19:29:35,906 [ERROR] LogOutputStream:75 - [STDERR_REDIRECT] 
2026-05-10 19:29:36,899 [ERROR] LogOutputStream:75 - [STDERR_REDIRECT] [Fatal Error] :1:1: Premature end of file.
2026-05-10 19:29:36,899 [ERROR] LogOutputStream:75 - [STDERR_REDIRECT] 
2026-05-10 19:29:37,466 [ERROR] LogOutputStream:75 - [STDERR_REDIRECT] 
