2026-04-23 19:38:53,487 [INFO] Activator:176 - 


2026-04-23 19:38:53,487 [INFO] Activator:177 - !SESSION log4j initialized
2026-04-23 19:38:57,680 [INFO] LogOutputStream:77 - [STDOUT_REDIRECT] 
2026-04-23 19:39:05,150 [INFO] ApplicationProperties:184 - Using Application install path: C:\ST\STM32CubeIDE_1.18.1\STM32CubeIDE\plugins\com.st.stm32cube.common.mx_6.14.1.202504091515
2026-04-23 19:39:05,161 [INFO] DbMcusXml:78 - Set database path to: C:\ST\STM32CubeIDE_1.18.1\STM32CubeIDE\plugins\com.st.stm32cube.common.mx_6.14.1.202504091515\\db\/mcu/
2026-04-23 19:39:05,161 [INFO] ApiDb:274 - Set plugin database path to: C:\ST\STM32CubeIDE_1.18.1\STM32CubeIDE\plugins\com.st.stm32cube.common.mx_6.14.1.202504091515\\db\/plugins/boardmanager/
2026-04-23 19:39:05,163 [WARN] ApiDb:259 - Overriding images path with different value:  => C:\ST\STM32CubeIDE_1.18.1\STM32CubeIDE\plugins\com.st.stm32cube.common.mx_6.14.1.202504091515\\db\/plugins/mcufinder/images/
2026-04-23 19:39:05,167 [INFO] ApiDb:250 - Set database path to: C:\Users\salem\.stmcufinder\plugins\mcufinder//mcu/
2026-04-23 19:39:05,167 [INFO] DbMcusAds:125 - Set database path to: C:\Users\salem\.stmcufinder\plugins\mcufinder//mcu/
2026-04-23 19:39:05,169 [INFO] CrossReferenceDbSqlite:203 - Set database path to: C:\Users\salem\.stmcufinder\plugins\mcufinder//mcu/cs/
2026-04-23 19:39:05,247 [INFO] RulesReader:64 - Compatibility file has been processed (302 Rules)
2026-04-23 19:39:05,298 [INFO] DbMcusXml:78 - Set database path to: C:\ST\STM32CubeIDE_1.18.1\STM32CubeIDE\plugins\com.st.stm32cube.common.mx_6.14.1.202504091515\\db\/mcu/
2026-04-23 19:39:05,298 [INFO] ApiDb:274 - Set plugin database path to: C:\ST\STM32CubeIDE_1.18.1\STM32CubeIDE\plugins\com.st.stm32cube.common.mx_6.14.1.202504091515\\db\/plugins/boardmanager/
2026-04-23 19:39:05,298 [INFO] ApiDb:261 - Set plugin images path to: C:\ST\STM32CubeIDE_1.18.1\STM32CubeIDE\plugins\com.st.stm32cube.common.mx_6.14.1.202504091515\\db\/plugins/mcufinder/images/
2026-04-23 19:39:05,299 [WARN] DbFile:41 - Overriding database path with different value: C:\Users\salem\.stmcufinder\plugins\mcufinder/ => C:\Users\salem\.stmcufinder\plugins\mcufinder
2026-04-23 19:39:05,299 [INFO] ApiDb:250 - Set database path to: C:\Users\salem\.stmcufinder\plugins\mcufinder//mcu/
2026-04-23 19:39:05,299 [WARN] DbFile:41 - Overriding database path with different value: C:\Users\salem\.stmcufinder\plugins\mcufinder/ => C:\Users\salem\.stmcufinder\plugins\mcufinder
2026-04-23 19:39:05,299 [INFO] DbMcusAds:125 - Set database path to: C:\Users\salem\.stmcufinder\plugins\mcufinder//mcu/
2026-04-23 19:39:05,299 [WARN] DbFile:41 - Overriding database path with different value: C:\Users\salem\.stmcufinder\plugins\mcufinder/ => C:\Users\salem\.stmcufinder\plugins\mcufinder
2026-04-23 19:39:05,299 [WARN] DbFile:41 - Overriding database path with different value: C:\Users\salem\.stmcufinder\plugins\mcufinder/ => C:\Users\salem\.stmcufinder\plugins\mcufinder
2026-04-23 19:39:05,299 [INFO] CrossReferenceDbSqlite:203 - Set database path to: C:\Users\salem\.stmcufinder\plugins\mcufinder//mcu/cs/
2026-04-23 19:39:05,348 [INFO] MainPanel:272 - HeapMemory: 268435456
2026-04-23 19:39:05,400 [INFO] DbMcusXml:78 - Set database path to: C:\ST\STM32CubeIDE_1.18.1\STM32CubeIDE\plugins\com.st.stm32cube.common.mx_6.14.1.202504091515\\db\/mcu/
2026-04-23 19:39:05,400 [INFO] ApiDb:274 - Set plugin database path to: C:\ST\STM32CubeIDE_1.18.1\STM32CubeIDE\plugins\com.st.stm32cube.common.mx_6.14.1.202504091515\\db\/plugins/boardmanager/
2026-04-23 19:39:05,400 [INFO] ApiDb:261 - Set plugin images path to: C:\ST\STM32CubeIDE_1.18.1\STM32CubeIDE\plugins\com.st.stm32cube.common.mx_6.14.1.202504091515\\db\/plugins/mcufinder/images/
2026-04-23 19:39:05,401 [WARN] DbFile:41 - Overriding database path with different value: C:\Users\salem\.stmcufinder\plugins\mcufinder/ => C:\Users\salem\.stmcufinder\plugins\mcufinder
2026-04-23 19:39:05,401 [INFO] ApiDb:250 - Set database path to: C:\Users\salem\.stmcufinder\plugins\mcufinder//mcu/
2026-04-23 19:39:05,401 [WARN] DbFile:41 - Overriding database path with different value: C:\Users\salem\.stmcufinder\plugins\mcufinder/ => C:\Users\salem\.stmcufinder\plugins\mcufinder
2026-04-23 19:39:05,401 [INFO] DbMcusAds:125 - Set database path to: C:\Users\salem\.stmcufinder\plugins\mcufinder//mcu/
2026-04-23 19:39:05,401 [WARN] DbFile:41 - Overriding database path with different value: C:\Users\salem\.stmcufinder\plugins\mcufinder/ => C:\Users\salem\.stmcufinder\plugins\mcufinder
2026-04-23 19:39:05,401 [WARN] DbFile:41 - Overriding database path with different value: C:\Users\salem\.stmcufinder\plugins\mcufinder/ => C:\Users\salem\.stmcufinder\plugins\mcufinder
2026-04-23 19:39:05,401 [INFO] CrossReferenceDbSqlite:203 - Set database path to: C:\Users\salem\.stmcufinder\plugins\mcufinder//mcu/cs/
2026-04-23 19:39:05,414 [INFO] ApplicationProperties:184 - Using Application install path: C:\ST\STM32CubeIDE_1.18.1\STM32CubeIDE\plugins\com.st.stm32cube.common.mx_6.14.1.202504091515
2026-04-23 19:39:05,416 [INFO] PluginManage:196 - Search for loadable plugins [exclusion list=, ]
2026-04-23 19:39:05,416 [INFO] PluginManage:310 - Check plugin analytics
2026-04-23 19:39:10,668 [INFO] AnalyticsPlugin:253 - Accepted Software Licenses: STM32CubeMX.6.13.0
2026-04-23 19:39:10,668 [INFO] AnalyticsPlugin:255 - Accepted CMSIS Pack Licenses: 
2026-04-23 19:39:10,668 [INFO] AnalyticsPlugin:257 - Accepted Firmware Licenses: FW.F4.1.28.0,FW.C0.1.3.0,FW.C0.1.4.0
2026-04-23 19:39:10,670 [INFO] PluginManage:359 - Loaded plugin analytics (category:tool,tabindex:-1)
2026-04-23 19:39:10,671 [INFO] PluginManage:310 - Check plugin cadmodel
2026-04-23 19:39:10,674 [INFO] CADModel:105 - Init CAD model plugin
2026-04-23 19:39:10,674 [INFO] PluginManage:359 - Loaded plugin cadmodel (category:power,tabindex:5)
2026-04-23 19:39:10,675 [INFO] PluginManage:310 - Check plugin clock
2026-04-23 19:39:10,680 [INFO] PluginManage:359 - Loaded plugin clock (category:base,tabindex:2)
2026-04-23 19:39:10,680 [INFO] PluginManage:310 - Check plugin ddr
2026-04-23 19:39:10,681 [INFO] PluginManage:359 - Loaded plugin ddr (category:tool,tabindex:6)
2026-04-23 19:39:10,682 [INFO] PluginManage:310 - Check plugin filemanager
2026-04-23 19:39:10,787 [INFO] PluginManage:359 - Loaded plugin filemanager (category:base,tabindex:10)
2026-04-23 19:39:10,787 [INFO] PluginManage:310 - Check plugin ipmanager
2026-04-23 19:39:10,792 [INFO] PluginManage:359 - Loaded plugin ipmanager (category:base,tabindex:5)
2026-04-23 19:39:10,792 [INFO] PluginManage:310 - Check plugin lpbam
2026-04-23 19:39:10,798 [INFO] PluginManage:359 - Loaded plugin lpbam (category:base,tabindex:0)
2026-04-23 19:39:10,798 [INFO] PluginManage:310 - Check plugin memorymap
2026-04-23 19:39:10,805 [INFO] PluginManage:359 - Loaded plugin memorymap (category:base,tabindex:4)
2026-04-23 19:39:10,805 [INFO] PluginManage:310 - Check plugin pinoutandconfiguration
2026-04-23 19:39:10,810 [INFO] PluginManage:359 - Loaded plugin pinoutandconfiguration (category:base,tabindex:1)
2026-04-23 19:39:10,810 [INFO] PluginManage:310 - Check plugin pinoutconfig
2026-04-23 19:39:10,869 [WARN] SupportedApi:132 - Cannot load RTOS API schema: s4s-elt-must-match.1: The content of 'definitions' must match (annotation?, (simpleType | complexType)?, (unique | key | keyref)*)). A problem was found starting at: attribute.
2026-04-23 19:39:10,967 [INFO] PluginManage:359 - Loaded plugin pinoutconfig (category:base,tabindex:0)
2026-04-23 19:39:10,968 [INFO] PluginManage:310 - Check plugin power
2026-04-23 19:39:10,973 [INFO] PluginManage:359 - Loaded plugin power (category:power,tabindex:4)
2026-04-23 19:39:10,973 [INFO] PluginManage:310 - Check plugin projectmanager
2026-04-23 19:39:10,988 [INFO] PluginManage:359 - Loaded plugin projectmanager (category:projectmanager,tabindex:4)
2026-04-23 19:39:10,988 [INFO] PluginManage:310 - Check plugin rif
2026-04-23 19:39:10,994 [INFO] PluginManage:359 - Loaded plugin rif (category:base,tabindex:3)
2026-04-23 19:39:10,994 [INFO] PluginManage:310 - Check plugin thirdparty
2026-04-23 19:39:11,108 [INFO] PluginManage:359 - Loaded plugin thirdparty (category:base,tabindex:-1)
2026-04-23 19:39:11,108 [WARN] IntegrityCheckThread:84 - waiting for thirdparty lock release [integrity check]
2026-04-23 19:39:11,109 [INFO] IntegrityCheckThread:86 - entering critical section [integrity check]
2026-04-23 19:39:11,109 [INFO] PluginManage:310 - Check plugin tools
2026-04-23 19:39:11,109 [INFO] ThirdPartyUpdaterWithRetryManager:70 - Updater plugin not ready yet. [1/15]
2026-04-23 19:39:11,111 [INFO] PluginManage:359 - Loaded plugin tools (category:base,tabindex:7)
2026-04-23 19:39:11,111 [INFO] PluginManage:310 - Check plugin tutovideos
2026-04-23 19:39:11,226 [INFO] PluginManage:359 - Loaded plugin tutovideos (category:base,tabindex:-1)
2026-04-23 19:39:11,226 [INFO] PluginManage:310 - Check plugin updater
2026-04-23 19:39:11,240 [INFO] PluginManage:359 - Loaded plugin updater (category:base,tabindex:12)
2026-04-23 19:39:11,240 [INFO] PluginManage:310 - Check plugin userauth
2026-04-23 19:39:11,243 [INFO] UserAuth:118 - Init User Auth plugin
2026-04-23 19:39:11,243 [INFO] PluginManage:359 - Loaded plugin userauth (category:base,tabindex:14)
2026-04-23 19:39:11,243 [INFO] PluginManage:283 - PluginManage : Loaded plugins [18]
2026-04-23 19:39:11,422 [INFO] PinOutPanel:1589 - setPackage(No Configuration,No Configuration)
2026-04-23 19:39:11,484 [INFO] CADModel:165 - CPN selected for project level
2026-04-23 19:39:11,485 [INFO] CADModel:114 - Register for checkConnection events
2026-04-23 19:39:11,503 [INFO] IPUIPlugin:80 - create IPUIPlugin
2026-04-23 19:39:11,504 [INFO] PluginManager:220 - loadIPPluginJar : add adc
2026-04-23 19:39:11,506 [INFO] IPUIPlugin:80 - create IPUIPlugin
2026-04-23 19:39:11,506 [INFO] PluginManager:220 - loadIPPluginJar : add aes
2026-04-23 19:39:11,508 [INFO] IPUIPlugin:80 - create IPUIPlugin
2026-04-23 19:39:11,509 [INFO] PluginManager:220 - loadIPPluginJar : add can
2026-04-23 19:39:11,510 [INFO] IPUIPlugin:80 - create IPUIPlugin
2026-04-23 19:39:11,510 [INFO] PluginManager:220 - loadIPPluginJar : add comp
2026-04-23 19:39:11,512 [INFO] IPUIPlugin:80 - create IPUIPlugin
2026-04-23 19:39:11,512 [INFO] PluginManager:220 - loadIPPluginJar : add cryp
2026-04-23 19:39:11,515 [INFO] IPUIPlugin:80 - create IPUIPlugin
2026-04-23 19:39:11,515 [INFO] PluginManager:220 - loadIPPluginJar : add ddr_ctrl_phy
2026-04-23 19:39:11,517 [INFO] IPUIPlugin:80 - create IPUIPlugin
2026-04-23 19:39:11,517 [INFO] PluginManager:220 - loadIPPluginJar : add dfsdm
2026-04-23 19:39:11,522 [INFO] IPUIPlugin:80 - create IPUIPlugin
2026-04-23 19:39:11,523 [INFO] PluginManager:220 - loadIPPluginJar : add dma
2026-04-23 19:39:11,525 [INFO] IPUIPlugin:80 - create IPUIPlugin
2026-04-23 19:39:11,525 [INFO] PluginManager:220 - loadIPPluginJar : add dma3
2026-04-23 19:39:11,527 [INFO] IPUIPlugin:80 - create IPUIPlugin
2026-04-23 19:39:11,528 [INFO] PluginManager:220 - loadIPPluginJar : add extmemmanager
2026-04-23 19:39:11,529 [INFO] IPUIPlugin:80 - create IPUIPlugin
2026-04-23 19:39:11,529 [INFO] PluginManager:220 - loadIPPluginJar : add fatfs
2026-04-23 19:39:11,532 [INFO] IPUIPlugin:80 - create IPUIPlugin
2026-04-23 19:39:11,533 [INFO] PluginManager:220 - loadIPPluginJar : add fmc
2026-04-23 19:39:11,537 [INFO] IPUIPlugin:80 - create IPUIPlugin
2026-04-23 19:39:11,537 [INFO] PluginManager:220 - loadIPPluginJar : add freertos
2026-04-23 19:39:11,538 [INFO] IPUIPlugin:80 - create IPUIPlugin
2026-04-23 19:39:11,539 [INFO] PluginManager:220 - loadIPPluginJar : add genericplugin
2026-04-23 19:39:11,540 [INFO] IPUIPlugin:80 - create IPUIPlugin
2026-04-23 19:39:11,540 [INFO] PluginManager:220 - loadIPPluginJar : add gfxmmu
2026-04-23 19:39:11,544 [INFO] IPUIPlugin:80 - create IPUIPlugin
2026-04-23 19:39:11,544 [INFO] PluginManager:220 - loadIPPluginJar : add gic
2026-04-23 19:39:11,547 [INFO] IPUIPlugin:80 - create IPUIPlugin
2026-04-23 19:39:11,547 [INFO] PluginManager:220 - loadIPPluginJar : add gpio
2026-04-23 19:39:11,549 [INFO] IPUIPlugin:80 - create IPUIPlugin
2026-04-23 19:39:11,550 [INFO] PluginManager:220 - loadIPPluginJar : add gtzc
2026-04-23 19:39:11,552 [INFO] IPUIPlugin:80 - create IPUIPlugin
2026-04-23 19:39:11,552 [INFO] PluginManager:220 - loadIPPluginJar : add hash
2026-04-23 19:39:11,554 [INFO] IPUIPlugin:80 - create IPUIPlugin
2026-04-23 19:39:11,555 [INFO] PluginManager:220 - loadIPPluginJar : add i2c
2026-04-23 19:39:11,556 [INFO] IPUIPlugin:80 - create IPUIPlugin
2026-04-23 19:39:11,557 [INFO] PluginManager:220 - loadIPPluginJar : add i2s
2026-04-23 19:39:11,559 [INFO] IPUIPlugin:80 - create IPUIPlugin
2026-04-23 19:39:11,559 [INFO] PluginManager:220 - loadIPPluginJar : add i3c
2026-04-23 19:39:11,561 [INFO] IPUIPlugin:80 - create IPUIPlugin
2026-04-23 19:39:11,561 [INFO] PluginManager:220 - loadIPPluginJar : add ipddr
2026-04-23 19:39:11,566 [INFO] IPUIPlugin:80 - create IPUIPlugin
2026-04-23 19:39:11,567 [INFO] PluginManager:220 - loadIPPluginJar : add linkedlist
2026-04-23 19:39:11,569 [INFO] IPUIPlugin:80 - create IPUIPlugin
2026-04-23 19:39:11,569 [INFO] PluginManager:220 - loadIPPluginJar : add lorawan
2026-04-23 19:39:11,570 [INFO] IPUIPlugin:80 - create IPUIPlugin
2026-04-23 19:39:11,570 [INFO] PluginManager:220 - loadIPPluginJar : add ltdc
2026-04-23 19:39:11,574 [INFO] IPUIPlugin:80 - create IPUIPlugin
2026-04-23 19:39:11,574 [INFO] PluginManager:220 - loadIPPluginJar : add mdma
2026-04-23 19:39:11,577 [INFO] IPUIPlugin:80 - create IPUIPlugin
2026-04-23 19:39:11,577 [INFO] PluginManager:220 - loadIPPluginJar : add nvic
2026-04-23 19:39:11,579 [INFO] IPUIPlugin:80 - create IPUIPlugin
2026-04-23 19:39:11,579 [INFO] PluginManager:220 - loadIPPluginJar : add opamp
2026-04-23 19:39:11,582 [INFO] IPUIPlugin:80 - create IPUIPlugin
2026-04-23 19:39:11,582 [INFO] PluginManager:220 - loadIPPluginJar : add openamp
2026-04-23 19:39:11,585 [INFO] IPUIPlugin:80 - create IPUIPlugin
2026-04-23 19:39:11,585 [INFO] PluginManager:220 - loadIPPluginJar : add pdm2pcm
2026-04-23 19:39:11,591 [INFO] IPUIPlugin:80 - create IPUIPlugin
2026-04-23 19:39:11,593 [INFO] PluginManager:220 - loadIPPluginJar : add plateformsettings
2026-04-23 19:39:11,594 [INFO] IPUIPlugin:80 - create IPUIPlugin
2026-04-23 19:39:11,595 [INFO] PluginManager:220 - loadIPPluginJar : add quadspi
2026-04-23 19:39:11,596 [INFO] IPUIPlugin:80 - create IPUIPlugin
2026-04-23 19:39:11,597 [INFO] PluginManager:220 - loadIPPluginJar : add radio
2026-04-23 19:39:11,599 [INFO] IPUIPlugin:80 - create IPUIPlugin
2026-04-23 19:39:11,600 [INFO] PluginManager:220 - loadIPPluginJar : add resmgrutility
2026-04-23 19:39:11,603 [INFO] IPUIPlugin:80 - create IPUIPlugin
2026-04-23 19:39:11,603 [INFO] PluginManager:220 - loadIPPluginJar : add sai
2026-04-23 19:39:11,605 [INFO] IPUIPlugin:80 - create IPUIPlugin
2026-04-23 19:39:11,605 [INFO] PluginManager:220 - loadIPPluginJar : add spi
2026-04-23 19:39:11,609 [INFO] IPUIPlugin:80 - create IPUIPlugin
2026-04-23 19:39:11,609 [INFO] PluginManager:220 - loadIPPluginJar : add stm32_wpan
2026-04-23 19:39:11,610 [INFO] IPUIPlugin:80 - create IPUIPlugin
2026-04-23 19:39:11,610 [INFO] PluginManager:220 - loadIPPluginJar : add tim
2026-04-23 19:39:11,613 [INFO] IPUIPlugin:80 - create IPUIPlugin
2026-04-23 19:39:11,613 [INFO] PluginManager:220 - loadIPPluginJar : add touchsensing
2026-04-23 19:39:11,614 [INFO] IPUIPlugin:80 - create IPUIPlugin
2026-04-23 19:39:11,614 [INFO] PluginManager:220 - loadIPPluginJar : add tracer_emb
2026-04-23 19:39:11,615 [INFO] IPUIPlugin:80 - create IPUIPlugin
2026-04-23 19:39:11,616 [INFO] PluginManager:220 - loadIPPluginJar : add ts
2026-04-23 19:39:11,616 [INFO] IPUIPlugin:80 - create IPUIPlugin
2026-04-23 19:39:11,617 [INFO] PluginManager:220 - loadIPPluginJar : add tsc
2026-04-23 19:39:11,618 [INFO] IPUIPlugin:80 - create IPUIPlugin
2026-04-23 19:39:11,618 [INFO] PluginManager:220 - loadIPPluginJar : add ucpd
2026-04-23 19:39:11,620 [INFO] IPUIPlugin:80 - create IPUIPlugin
2026-04-23 19:39:11,620 [INFO] PluginManager:220 - loadIPPluginJar : add usart
2026-04-23 19:39:11,622 [INFO] IPUIPlugin:80 - create IPUIPlugin
2026-04-23 19:39:11,622 [INFO] PluginManager:220 - loadIPPluginJar : add usbx
2026-04-23 19:39:11,731 [FATAL] Updater:351 - Updater called before beeing initialized
2026-04-23 19:39:11,753 [INFO] RulesReader:64 - Compatibility file has been processed (302 Rules)
2026-04-23 19:39:11,761 [INFO] RulesReader:64 - Compatibility file has been processed (302 Rules)
2026-04-23 19:39:11,768 [INFO] CADModel:165 - CPN selected for project level
2026-04-23 19:39:11,768 [INFO] CADModel:114 - Register for checkConnection events
2026-04-23 19:39:11,768 [FATAL] Updater:351 - Updater called before beeing initialized
2026-04-23 19:39:11,768 [ERROR] CADModel:125 - Updater not yet initialized, retry later 
2026-04-23 19:39:11,870 [FATAL] Updater:351 - Updater called before beeing initialized
2026-04-23 19:39:11,871 [INFO] CADModel:165 - CPN selected for project level
2026-04-23 19:39:11,871 [INFO] CADModel:114 - Register for checkConnection events
2026-04-23 19:39:11,871 [FATAL] Updater:351 - Updater called before beeing initialized
2026-04-23 19:39:11,871 [ERROR] CADModel:125 - Updater not yet initialized, retry later 
2026-04-23 19:39:11,873 [FATAL] Updater:351 - Updater called before beeing initialized
2026-04-23 19:39:11,945 [FATAL] Updater:351 - Updater called before beeing initialized
2026-04-23 19:39:11,948 [INFO] DbMcusAds:53 - JSON generation date=Fri Apr 10 10:19:02 CET 2026 (1775812742310)
2026-04-23 19:39:11,948 [FATAL] Updater:351 - Updater called before beeing initialized
2026-04-23 19:39:11,969 [WARN] DetailPanel:346 - Failed to get advertising image, set to default
2026-04-23 19:39:12,125 [FATAL] Updater:351 - Updater called before beeing initialized
2026-04-23 19:39:12,127 [FATAL] Updater:351 - Updater called before beeing initialized
2026-04-23 19:39:12,127 [FATAL] Updater:351 - Updater called before beeing initialized
2026-04-23 19:39:12,127 [WARN] DetailPanel:346 - Failed to get advertising image, set to default
2026-04-23 19:39:12,128 [FATAL] Updater:351 - Updater called before beeing initialized
2026-04-23 19:39:12,165 [ERROR] Updater:1198 - MainUpdater not yet initialized. External WinMGr cannot be set.
2026-04-23 19:39:12,166 [INFO] Updater:1134 - Updater Version found : 6.14.1
2026-04-23 19:39:12,179 [INFO] ApplicationProperties:184 - Using Application install path: C:\ST\STM32CubeIDE_1.18.1\STM32CubeIDE\plugins\com.st.stm32cube.common.mx_6.14.1.202504091515
2026-04-23 19:39:12,818 [INFO] MainUpdater:2872 - connection check result : 10
2026-04-23 19:39:12,820 [INFO] MainUpdater:289 - Updater Check For Update Now.
2026-04-23 19:39:12,820 [INFO] MicroXplorer:498 - Change Database Version : DB.6.0.141
2026-04-23 19:39:12,908 [ERROR] CheckServerUpdateThread:123 - Unexpected exception CheckServer ThreadModule has been uninstalled. osgi.identity; type="osgi.bundle"; version:Version="6.14.1.202504091515"; osgi.identity="com.st.stm32cube.common.mx"; singleton:="true" [id=13]
